==== 2026-10-09 11:14:45 start baseline.nncl.cl_grid slot 1
[1] 1200
WARNING: All log messages before absl::InitializeLog() is called are written to STDERR
I0000 00:00:1791537292.368540   14644 port.cc:153] oneDNN custom operations are on. You may see slightly different numerical results due to floating-point round-off errors from different computation orders. To turn them off, set the environment variable `TF_ENABLE_ONEDNN_OPTS=0`.
WARNING: All log messages before absl::InitializeLog() is called are written to STDERR
I0000 00:00:1791537296.470582   14644 port.cc:153] oneDNN custom operations are on. You may see slightly different numerical results due to floating-point round-off errors from different computation orders. To turn them off, set the environment variable `TF_ENABLE_ONEDNN_OPTS=0`.
WARNING:tensorflow:From C:\Users\26196425\Work\MASTER~3\env\Lib\site-packages\keras\src\backend\common\global_state.py:82: The name tf.reset_default_graph is deprecated. Please use tf.compat.v1.reset_default_graph instead.

WARNING:tensorflow:TensorFlow GPU support is not available on native Windows for TensorFlow >= 2.11. Even if CUDA/cuDNN are installed, GPU will not be used. Please use WSL2 or the TensorFlow-DirectML plugin.
WARNING:tensorflow:5 out of the last 7 calls to <function TensorFlowTrainer.make_predict_function.<locals>.one_step_on_data_distributed at 0x00000237F3F4BC40> triggered tf.function retracing. Tracing is expensive and the excessive number of tracings could be due to (1) creating @tf.function repeatedly in a loop, (2) passing tensors with different shapes, (3) passing Python objects instead of tensors. For (1), please define your @tf.function outside of the loop. For (2), @tf.function has reduce_retracing=True option that can avoid unnecessary retracing. For (3), please refer to https://www.tensorflow.org/guide/function#controlling_retracing and https://www.tensorflow.org/api_docs/python/tf/function for  more details.
WARNING:tensorflow:6 out of the last 8 calls to <function TensorFlowTrainer.make_predict_function.<locals>.one_step_on_data_distributed at 0x00000237F3F4BC40> triggered tf.function retracing. Tracing is expensive and the excessive number of tracings could be due to (1) creating @tf.function repeatedly in a loop, (2) passing tensors with different shapes, (3) passing Python objects instead of tensors. For (1), please define your @tf.function outside of the loop. For (2), @tf.function has reduce_retracing=True option that can avoid unnecessary retracing. For (3), please refer to https://www.tensorflow.org/guide/function#controlling_retracing and https://www.tensorflow.org/api_docs/python/tf/function for  more details.
clgrid_20_sgd_nesterov_cl_start_s2026: 315 s, epochs used 0 500 500 101 407 157 150 168 6 50 5 48 91 0 0 0 0 4 10, loss 145956.8 (homogeneous 146289.3)
clgrid_20_adam_cl_paper_s2026: 260 s, epochs used 100 100 100 100 100 100 100 100 100 100 100 100 100 100 100 100 100 100 100, loss 144219.3 (homogeneous 146289.3)
clgrid_20-20-15_sgd_nesterov_cl_paper_s2026: 247 s, epochs used 100 100 100 100 100 100 100 100 100 100 100 100 100 100 100 100 100 100 100, loss 144473.1 (homogeneous 146289.3)
clgrid_20-20-15_adamw_cl_start_s2026: 146 s, epochs used 11 67 44 18 19 12 105 13 1 11 1 11 12 15 0 0 0 0 0, loss 145746.4 (homogeneous 146289.3)
clgrid_20-15-10_sgd_momentum_cl_start_s2026: 380 s, epochs used 0 500 27 11 500 500 500 500 7 0 6 2 7 1 0 0 0 31 10, loss 146079.3 (homogeneous 146289.3)
clgrid_20-15-10_nadam_cl_paper_s2026: 272 s, epochs used 100 100 100 100 100 100 100 100 100 100 100 100 100 100 100 100 100 100 100, loss 143748.3 (homogeneous 146289.3)
clgrid_20_adam_cl_paper_s2027: 247 s, epochs used 100 100 100 100 100 100 100 100 100 100 100 100 100 100 100 100 100 100 100, loss 144350.8 (homogeneous 146289.3)
clgrid_20-20-15_sgd_nesterov_cl_paper_s2027: 248 s, epochs used 100 100 100 100 100 100 100 100 100 100 100 100 100 100 100 100 100 100 100, loss 144990.4 (homogeneous 146289.3)
==== 2026-10-09 11:53:56 start baseline.nncl.cl_grid slot 1
[1] 1200
WARNING: All log messages before absl::InitializeLog() is called are written to STDERR
I0000 00:00:1791539643.383618   14140 port.cc:153] oneDNN custom operations are on. You may see slightly different numerical results due to floating-point round-off errors from different computation orders. To turn them off, set the environment variable `TF_ENABLE_ONEDNN_OPTS=0`.
WARNING: All log messages before absl::InitializeLog() is called are written to STDERR
I0000 00:00:1791539647.561006   14140 port.cc:153] oneDNN custom operations are on. You may see slightly different numerical results due to floating-point round-off errors from different computation orders. To turn them off, set the environment variable `TF_ENABLE_ONEDNN_OPTS=0`.
WARNING:tensorflow:From C:\Users\26196425\Work\MASTER~3\env\Lib\site-packages\keras\src\backend\common\global_state.py:82: The name tf.reset_default_graph is deprecated. Please use tf.compat.v1.reset_default_graph instead.

WARNING:tensorflow:TensorFlow GPU support is not available on native Windows for TensorFlow >= 2.11. Even if CUDA/cuDNN are installed, GPU will not be used. Please use WSL2 or the TensorFlow-DirectML plugin.
WARNING:tensorflow:5 out of the last 7 calls to <function TensorFlowTrainer.make_predict_function.<locals>.one_step_on_data_distributed at 0x000002970EE87920> triggered tf.function retracing. Tracing is expensive and the excessive number of tracings could be due to (1) creating @tf.function repeatedly in a loop, (2) passing tensors with different shapes, (3) passing Python objects instead of tensors. For (1), please define your @tf.function outside of the loop. For (2), @tf.function has reduce_retracing=True option that can avoid unnecessary retracing. For (3), please refer to https://www.tensorflow.org/guide/function#controlling_retracing and https://www.tensorflow.org/api_docs/python/tf/function for  more details.
WARNING:tensorflow:6 out of the last 8 calls to <function TensorFlowTrainer.make_predict_function.<locals>.one_step_on_data_distributed at 0x000002970EE87920> triggered tf.function retracing. Tracing is expensive and the excessive number of tracings could be due to (1) creating @tf.function repeatedly in a loop, (2) passing tensors with different shapes, (3) passing Python objects instead of tensors. For (1), please define your @tf.function outside of the loop. For (2), @tf.function has reduce_retracing=True option that can avoid unnecessary retracing. For (3), please refer to https://www.tensorflow.org/guide/function#controlling_retracing and https://www.tensorflow.org/api_docs/python/tf/function for  more details.
clgrid_20-20-15_adamw_cl_start_s2027: 148 s, epochs used 10 77 52 33 40 29 33 46 0 48 0 1 18 2 0 0 0 0 0, loss 145781.2 (homogeneous 146289.3)
clgrid_20-15-10_sgd_momentum_cl_paper_s2027: 243 s, epochs used 100 100 100 100 100 100 100 100 100 100 100 100 100 100 100 100 100 100 100, loss 145780.6 (homogeneous 146289.3)
clgrid_20-15-10_adam_cl_start_s2027: 163 s, epochs used 0 87 62 38 191 45 37 56 0 50 0 14 1 7 0 3 0 0 0, loss 145857.9 (homogeneous 146289.3)
clgrid_20_sgd_cl_start_s2028: 671 s, epochs used 0 500 500 500 500 500 500 500 62 500 29 500 451 59 0 0 0 0 36, loss 146038.8 (homogeneous 146289.3)
clgrid_20-20-15_rmsprop_cl_paper_s2028: 252 s, epochs used 100 100 100 100 100 100 100 100 100 100 100 100 100 100 100 100 100 100 100, loss 140116.8 (homogeneous 146289.3)
clgrid_20-15-10_sgd_cl_paper_s2028: 240 s, epochs used 100 100 100 100 100 100 100 100 100 100 100 100 100 100 100 100 100 100 100, loss 145997.3 (homogeneous 146289.3)
clgrid_20-15-10_rmsprop_cl_start_s2028: 173 s, epochs used 2 56 106 38 27 271 51 53 2 134 0 3 44 0 0 0 0 0 0, loss 145884.8 (homogeneous 146289.3)
clgrid_20-15-10_adamax_cl_start_s2028: 149 s, epochs used 10 82 87 64 37 30 46 47 5 34 0 10 42 13 0 0 0 0 79, loss 145844.2 (homogeneous 146289.3)
==== 2026-10-09 12:31:47 start baseline.nncl.cl_grid slot 1
[1] 1200
WARNING: All log messages before absl::InitializeLog() is called are written to STDERR
I0000 00:00:1791541914.333739   14908 port.cc:153] oneDNN custom operations are on. You may see slightly different numerical results due to floating-point round-off errors from different computation orders. To turn them off, set the environment variable `TF_ENABLE_ONEDNN_OPTS=0`.
WARNING: All log messages before absl::InitializeLog() is called are written to STDERR
I0000 00:00:1791541918.475867   14908 port.cc:153] oneDNN custom operations are on. You may see slightly different numerical results due to floating-point round-off errors from different computation orders. To turn them off, set the environment variable `TF_ENABLE_ONEDNN_OPTS=0`.
WARNING:tensorflow:From C:\Users\26196425\Work\MASTER~3\env\Lib\site-packages\keras\src\backend\common\global_state.py:82: The name tf.reset_default_graph is deprecated. Please use tf.compat.v1.reset_default_graph instead.

WARNING:tensorflow:TensorFlow GPU support is not available on native Windows for TensorFlow >= 2.11. Even if CUDA/cuDNN are installed, GPU will not be used. Please use WSL2 or the TensorFlow-DirectML plugin.
WARNING:tensorflow:5 out of the last 7 calls to <function TensorFlowTrainer.make_predict_function.<locals>.one_step_on_data_distributed at 0x000002237FECBB00> triggered tf.function retracing. Tracing is expensive and the excessive number of tracings could be due to (1) creating @tf.function repeatedly in a loop, (2) passing tensors with different shapes, (3) passing Python objects instead of tensors. For (1), please define your @tf.function outside of the loop. For (2), @tf.function has reduce_retracing=True option that can avoid unnecessary retracing. For (3), please refer to https://www.tensorflow.org/guide/function#controlling_retracing and https://www.tensorflow.org/api_docs/python/tf/function for  more details.
WARNING:tensorflow:6 out of the last 8 calls to <function TensorFlowTrainer.make_predict_function.<locals>.one_step_on_data_distributed at 0x000002237FECBB00> triggered tf.function retracing. Tracing is expensive and the excessive number of tracings could be due to (1) creating @tf.function repeatedly in a loop, (2) passing tensors with different shapes, (3) passing Python objects instead of tensors. For (1), please define your @tf.function outside of the loop. For (2), @tf.function has reduce_retracing=True option that can avoid unnecessary retracing. For (3), please refer to https://www.tensorflow.org/guide/function#controlling_retracing and https://www.tensorflow.org/api_docs/python/tf/function for  more details.
clgrid_20_adadelta_cl_paper_s2029: 237 s, epochs used 100 100 100 100 100 100 100 100 100 100 100 100 100 100 100 100 100 100 100, loss 145352.8 (homogeneous 146289.3)
clgrid_20_nadam_cl_start_s2029: 130 s, epochs used 0 135 66 17 28 42 25 14 1 3 0 7 32 0 0 0 0 0 0, loss 145938.9 (homogeneous 146289.3)
clgrid_20-20-15_sgd_nesterov_cl_start_s2029: 415 s, epochs used 0 500 500 22 500 104 500 500 8 50 6 231 61 32 0 0 0 0 0, loss 146004.0 (homogeneous 146289.3)
clgrid_20-15-10_sgd_nesterov_cl_paper_s2029: 243 s, epochs used 100 100 100 100 100 100 100 100 100 100 100 100 100 100 100 100 100 100 100, loss 145251.0 (homogeneous 146289.3)
clgrid_20-15-10_adamw_cl_start_s2029: 148 s, epochs used 0 114 85 66 50 21 55 36 0 14 4 30 16 2 0 2 0 0 0, loss 145895.2 (homogeneous 146289.3)
clgrid_20_sgd_nesterov_cl_paper_s2030: 240 s, epochs used 100 100 100 100 100 100 100 100 100 100 100 100 100 100 100 100 100 100 100, loss 144534.0 (homogeneous 146289.3)
clgrid_20_adamw_cl_paper_s2030: 246 s, epochs used 100 100 100 100 100 100 100 100 100 100 100 100 100 100 100 100 100 100 100, loss 144539.6 (homogeneous 146289.3)
clgrid_20-20-15_adadelta_cl_start_s2030: 255 s, epochs used 0 130 138 56 57 397 368 226 2 5 32 49 0 0 0 0 0 0 0, loss 145938.1 (homogeneous 146289.3)
==== 2026-10-09 13:07:21 start baseline.nncl.cl_grid slot 1
[1] 1200
WARNING: All log messages before absl::InitializeLog() is called are written to STDERR
I0000 00:00:1791544048.922041   16900 port.cc:153] oneDNN custom operations are on. You may see slightly different numerical results due to floating-point round-off errors from different computation orders. To turn them off, set the environment variable `TF_ENABLE_ONEDNN_OPTS=0`.
WARNING: All log messages before absl::InitializeLog() is called are written to STDERR
I0000 00:00:1791544052.770392   16900 port.cc:153] oneDNN custom operations are on. You may see slightly different numerical results due to floating-point round-off errors from different computation orders. To turn them off, set the environment variable `TF_ENABLE_ONEDNN_OPTS=0`.
WARNING:tensorflow:From C:\Users\26196425\Work\MASTER~3\env\Lib\site-packages\keras\src\backend\common\global_state.py:82: The name tf.reset_default_graph is deprecated. Please use tf.compat.v1.reset_default_graph instead.

WARNING:tensorflow:TensorFlow GPU support is not available on native Windows for TensorFlow >= 2.11. Even if CUDA/cuDNN are installed, GPU will not be used. Please use WSL2 or the TensorFlow-DirectML plugin.
WARNING:tensorflow:5 out of the last 7 calls to <function TensorFlowTrainer.make_predict_function.<locals>.one_step_on_data_distributed at 0x00000287A58B7740> triggered tf.function retracing. Tracing is expensive and the excessive number of tracings could be due to (1) creating @tf.function repeatedly in a loop, (2) passing tensors with different shapes, (3) passing Python objects instead of tensors. For (1), please define your @tf.function outside of the loop. For (2), @tf.function has reduce_retracing=True option that can avoid unnecessary retracing. For (3), please refer to https://www.tensorflow.org/guide/function#controlling_retracing and https://www.tensorflow.org/api_docs/python/tf/function for  more details.
WARNING:tensorflow:6 out of the last 8 calls to <function TensorFlowTrainer.make_predict_function.<locals>.one_step_on_data_distributed at 0x00000287A58B7740> triggered tf.function retracing. Tracing is expensive and the excessive number of tracings could be due to (1) creating @tf.function repeatedly in a loop, (2) passing tensors with different shapes, (3) passing Python objects instead of tensors. For (1), please define your @tf.function outside of the loop. For (2), @tf.function has reduce_retracing=True option that can avoid unnecessary retracing. For (3), please refer to https://www.tensorflow.org/guide/function#controlling_retracing and https://www.tensorflow.org/api_docs/python/tf/function for  more details.
clgrid_20-20-15_adamax_cl_start_s2030: 261 s, epochs used 0 134 101 66 39 209 300 72 1 33 9 253 213 6 0 7 0 0 0, loss 145907.4 (homogeneous 146289.3)
clgrid_20-15-10_rmsprop_cl_paper_s2030: 246 s, epochs used 100 100 100 100 100 100 100 100 100 100 100 100 100 100 100 100 100 100 100, loss 143575.2 (homogeneous 146289.3)
clgrid_20_sgd_cl_paper_s2031: 233 s, epochs used 100 100 100 100 100 100 100 100 100 100 100 100 100 100 100 100 100 100 100, loss 145730.6 (homogeneous 146289.3)
clgrid_20_rmsprop_cl_start_s2031: 129 s, epochs used 0 70 74 36 33 81 42 45 2 35 0 3 5 0 0 0 0 0 0, loss 145963.1 (homogeneous 146289.3)
clgrid_20_adamax_cl_paper_s2031: 247 s, epochs used 100 100 100 100 100 100 100 100 100 100 100 100 100 100 100 100 100 100 100, loss 144925.7 (homogeneous 146289.3)
clgrid_20-20-15_adagrad_cl_start_s2031: 309 s, epochs used 0 395 499 7 97 5 500 500 0 1 2 42 1 0 0 0 0 3 1, loss 145978.2 (homogeneous 146289.3)
clgrid_20-15-10_sgd_momentum_cl_start_s2031: 535 s, epochs used 0 340 500 56 500 60 500 500 7 48 0 456 500 500 0 0 0 13 18, loss 146064.4 (homogeneous 146289.3)
clgrid_20_sgd_nesterov_cl_paper_s2032: 242 s, epochs used 100 100 100 100 100 100 100 100 100 100 100 100 100 100 100 100 100 100 100, loss 144209.5 (homogeneous 146289.3)
==== 2026-10-09 13:47:33 start baseline.nncl.cl_grid slot 1
[1] 1200
WARNING: All log messages before absl::InitializeLog() is called are written to STDERR
I0000 00:00:1791546460.139528   13588 port.cc:153] oneDNN custom operations are on. You may see slightly different numerical results due to floating-point round-off errors from different computation orders. To turn them off, set the environment variable `TF_ENABLE_ONEDNN_OPTS=0`.
WARNING: All log messages before absl::InitializeLog() is called are written to STDERR
I0000 00:00:1791546464.061719   13588 port.cc:153] oneDNN custom operations are on. You may see slightly different numerical results due to floating-point round-off errors from different computation orders. To turn them off, set the environment variable `TF_ENABLE_ONEDNN_OPTS=0`.
WARNING:tensorflow:From C:\Users\26196425\Work\MASTER~3\env\Lib\site-packages\keras\src\backend\common\global_state.py:82: The name tf.reset_default_graph is deprecated. Please use tf.compat.v1.reset_default_graph instead.

WARNING:tensorflow:TensorFlow GPU support is not available on native Windows for TensorFlow >= 2.11. Even if CUDA/cuDNN are installed, GPU will not be used. Please use WSL2 or the TensorFlow-DirectML plugin.
WARNING:tensorflow:5 out of the last 7 calls to <function TensorFlowTrainer.make_predict_function.<locals>.one_step_on_data_distributed at 0x000002097C837CE0> triggered tf.function retracing. Tracing is expensive and the excessive number of tracings could be due to (1) creating @tf.function repeatedly in a loop, (2) passing tensors with different shapes, (3) passing Python objects instead of tensors. For (1), please define your @tf.function outside of the loop. For (2), @tf.function has reduce_retracing=True option that can avoid unnecessary retracing. For (3), please refer to https://www.tensorflow.org/guide/function#controlling_retracing and https://www.tensorflow.org/api_docs/python/tf/function for  more details.
WARNING:tensorflow:6 out of the last 8 calls to <function TensorFlowTrainer.make_predict_function.<locals>.one_step_on_data_distributed at 0x000002097C837CE0> triggered tf.function retracing. Tracing is expensive and the excessive number of tracings could be due to (1) creating @tf.function repeatedly in a loop, (2) passing tensors with different shapes, (3) passing Python objects instead of tensors. For (1), please define your @tf.function outside of the loop. For (2), @tf.function has reduce_retracing=True option that can avoid unnecessary retracing. For (3), please refer to https://www.tensorflow.org/guide/function#controlling_retracing and https://www.tensorflow.org/api_docs/python/tf/function for  more details.
clgrid_20_adamw_cl_paper_s2032: 242 s, epochs used 100 100 100 100 100 100 100 100 100 100 100 100 100 100 100 100 100 100 100, loss 144658.1 (homogeneous 146289.3)
clgrid_20-20-15_adadelta_cl_paper_s2032: 264 s, epochs used 100 100 100 100 100 100 100 100 100 100 100 100 100 100 100 100 100 100 100, loss 143284.4 (homogeneous 146289.3)
clgrid_20-20-15_nadam_cl_start_s2032: 142 s, epochs used 0 70 53 21 31 43 57 52 1 6 0 1 1 0 0 0 0 0 0, loss 145943.2 (homogeneous 146289.3)
clgrid_20-15-10_adagrad_cl_paper_s2032: 252 s, epochs used 100 100 100 100 100 100 100 100 100 100 100 100 100 100 100 100 100 100 100, loss 143515.9 (homogeneous 146289.3)
clgrid_20-15-10_adamw_cl_start_s2032: 164 s, epochs used 2 105 71 51 40 42 33 50 0 17 1 2 30 0 0 3 0 0 0, loss 145881.0 (homogeneous 146289.3)
clgrid_20_adagrad_cl_paper_s2033: 247 s, epochs used 100 100 100 100 100 100 100 100 100 100 100 100 100 100 100 100 100 100 100, loss 144407.2 (homogeneous 146289.3)
clgrid_20_adamw_cl_start_s2033: 131 s, epochs used 0 37 78 43 32 24 26 10 0 14 0 44 14 7 0 0 0 0 0, loss 145990.9 (homogeneous 146289.3)
clgrid_20-20-15_sgd_nesterov_cl_start_s2033: 340 s, epochs used 0 278 0 350 224 500 500 225 0 0 17 0 28 0 7 12 0 4 14, loss 146074.4 (homogeneous 146289.3)
==== 2026-10-09 14:21:23 start baseline.nncl.cl_grid slot 1
[1] 1200
WARNING: All log messages before absl::InitializeLog() is called are written to STDERR
I0000 00:00:1791548490.140472   18868 port.cc:153] oneDNN custom operations are on. You may see slightly different numerical results due to floating-point round-off errors from different computation orders. To turn them off, set the environment variable `TF_ENABLE_ONEDNN_OPTS=0`.
WARNING: All log messages before absl::InitializeLog() is called are written to STDERR
I0000 00:00:1791548494.156086   18868 port.cc:153] oneDNN custom operations are on. You may see slightly different numerical results due to floating-point round-off errors from different computation orders. To turn them off, set the environment variable `TF_ENABLE_ONEDNN_OPTS=0`.
WARNING:tensorflow:From C:\Users\26196425\Work\MASTER~3\env\Lib\site-packages\keras\src\backend\common\global_state.py:82: The name tf.reset_default_graph is deprecated. Please use tf.compat.v1.reset_default_graph instead.

WARNING:tensorflow:TensorFlow GPU support is not available on native Windows for TensorFlow >= 2.11. Even if CUDA/cuDNN are installed, GPU will not be used. Please use WSL2 or the TensorFlow-DirectML plugin.
WARNING:tensorflow:5 out of the last 7 calls to <function TensorFlowTrainer.make_predict_function.<locals>.one_step_on_data_distributed at 0x000001E8019E5580> triggered tf.function retracing. Tracing is expensive and the excessive number of tracings could be due to (1) creating @tf.function repeatedly in a loop, (2) passing tensors with different shapes, (3) passing Python objects instead of tensors. For (1), please define your @tf.function outside of the loop. For (2), @tf.function has reduce_retracing=True option that can avoid unnecessary retracing. For (3), please refer to https://www.tensorflow.org/guide/function#controlling_retracing and https://www.tensorflow.org/api_docs/python/tf/function for  more details.
WARNING:tensorflow:6 out of the last 8 calls to <function TensorFlowTrainer.make_predict_function.<locals>.one_step_on_data_distributed at 0x000001E8019E5580> triggered tf.function retracing. Tracing is expensive and the excessive number of tracings could be due to (1) creating @tf.function repeatedly in a loop, (2) passing tensors with different shapes, (3) passing Python objects instead of tensors. For (1), please define your @tf.function outside of the loop. For (2), @tf.function has reduce_retracing=True option that can avoid unnecessary retracing. For (3), please refer to https://www.tensorflow.org/guide/function#controlling_retracing and https://www.tensorflow.org/api_docs/python/tf/function for  more details.
clgrid_20-15-10_sgd_cl_paper_s2033: 233 s, epochs used 100 100 100 100 100 100 100 100 100 100 100 100 100 100 100 100 100 100 100, loss 146069.2 (homogeneous 146289.3)
clgrid_20-15-10_rmsprop_cl_start_s2033: 182 s, epochs used 0 137 75 49 38 70 56 207 3 2 0 2 195 0 0 0 0 0 0, loss 145893.5 (homogeneous 146289.3)
clgrid_20-15-10_nadam_cl_paper_s2033: 263 s, epochs used 100 100 100 100 100 100 100 100 100 100 100 100 100 100 100 100 100 100 100, loss 143818.4 (homogeneous 146289.3)
clgrid_20_rmsprop_cl_start_s2034: 143 s, epochs used 0 124 100 22 21 189 54 38 2 1 0 5 5 0 0 0 0 0 0, loss 145952.8 (homogeneous 146289.3)
clgrid_20_adamax_cl_start_s2034: 210 s, epochs used 0 209 134 30 29 26 63 73 0 25 0 8 12 0 0 0 0 0 0, loss 145949.6 (homogeneous 146289.3)
clgrid_20-20-15_adagrad_cl_start_s2034: 272 s, epochs used 0 124 500 58 62 45 500 221 12 17 2 102 41 1 0 16 0 0 6, loss 145993.0 (homogeneous 146289.3)
clgrid_20-15-10_sgd_cl_paper_s2034: 237 s, epochs used 100 100 100 100 100 100 100 100 100 100 100 100 100 100 100 100 100 100 100, loss 146169.6 (homogeneous 146289.3)
clgrid_20-15-10_rmsprop_cl_start_s2034: 177 s, epochs used 0 124 90 48 37 295 78 102 4 3 36 0 5 0 0 23 0 0 0, loss 145906.9 (homogeneous 146289.3)
==== 2026-10-09 14:53:36 start baseline.nncl.cl_grid slot 1
[1] 1200
WARNING: All log messages before absl::InitializeLog() is called are written to STDERR
I0000 00:00:1791550423.647628   19772 port.cc:153] oneDNN custom operations are on. You may see slightly different numerical results due to floating-point round-off errors from different computation orders. To turn them off, set the environment variable `TF_ENABLE_ONEDNN_OPTS=0`.
WARNING: All log messages before absl::InitializeLog() is called are written to STDERR
I0000 00:00:1791550427.756049   19772 port.cc:153] oneDNN custom operations are on. You may see slightly different numerical results due to floating-point round-off errors from different computation orders. To turn them off, set the environment variable `TF_ENABLE_ONEDNN_OPTS=0`.
WARNING:tensorflow:From C:\Users\26196425\Work\MASTER~3\env\Lib\site-packages\keras\src\backend\common\global_state.py:82: The name tf.reset_default_graph is deprecated. Please use tf.compat.v1.reset_default_graph instead.

WARNING:tensorflow:TensorFlow GPU support is not available on native Windows for TensorFlow >= 2.11. Even if CUDA/cuDNN are installed, GPU will not be used. Please use WSL2 or the TensorFlow-DirectML plugin.
WARNING:tensorflow:5 out of the last 7 calls to <function TensorFlowTrainer.make_predict_function.<locals>.one_step_on_data_distributed at 0x000002AE5492BF60> triggered tf.function retracing. Tracing is expensive and the excessive number of tracings could be due to (1) creating @tf.function repeatedly in a loop, (2) passing tensors with different shapes, (3) passing Python objects instead of tensors. For (1), please define your @tf.function outside of the loop. For (2), @tf.function has reduce_retracing=True option that can avoid unnecessary retracing. For (3), please refer to https://www.tensorflow.org/guide/function#controlling_retracing and https://www.tensorflow.org/api_docs/python/tf/function for  more details.
WARNING:tensorflow:6 out of the last 8 calls to <function TensorFlowTrainer.make_predict_function.<locals>.one_step_on_data_distributed at 0x000002AE5492BF60> triggered tf.function retracing. Tracing is expensive and the excessive number of tracings could be due to (1) creating @tf.function repeatedly in a loop, (2) passing tensors with different shapes, (3) passing Python objects instead of tensors. For (1), please define your @tf.function outside of the loop. For (2), @tf.function has reduce_retracing=True option that can avoid unnecessary retracing. For (3), please refer to https://www.tensorflow.org/guide/function#controlling_retracing and https://www.tensorflow.org/api_docs/python/tf/function for  more details.
clgrid_20_sgd_momentum_cl_paper_s2035: 237 s, epochs used 100 100 100 100 100 100 100 100 100 100 100 100 100 100 100 100 100 100 100, loss 144580.4 (homogeneous 146289.3)
clgrid_20_adam_cl_start_s2035: 140 s, epochs used 0 35 60 31 35 37 30 25 1 22 1 20 4 0 0 0 0 0 0, loss 145987.2 (homogeneous 146289.3)
clgrid_20_nadam_cl_start_s2035: 117 s, epochs used 0 39 64 32 37 37 29 26 1 29 0 29 1 0 0 0 0 0 0, loss 145981.7 (homogeneous 146289.3)
clgrid_20-20-15_adadelta_cl_paper_s2035: 251 s, epochs used 100 100 100 100 100 100 100 100 100 100 100 100 100 100 100 100 100 100 100, loss 148822.0 (homogeneous 146289.3)
clgrid_20-20-15_adamax_cl_start_s2035: 182 s, epochs used 0 30 77 12 125 70 244 73 1 68 1 1 5 0 0 0 0 0 0, loss 146032.8 (homogeneous 146289.3)
clgrid_20-15-10_adagrad_cl_start_s2035: 365 s, epochs used 0 456 500 9 453 500 500 42 3 17 2 0 17 3 1 0 0 0 2, loss 146012.0 (homogeneous 146289.3)
clgrid_20_sgd_momentum_cl_start_s2036: 392 s, epochs used 0 27 20 13 245 455 500 500 0 500 2 500 54 3 0 0 0 0 0, loss 146098.0 (homogeneous 146289.3)
clgrid_20-20-15_sgd_cl_start_s2036: 625 s, epochs used 0 500 500 500 500 500 500 500 0 144 0 500 500 16 0 0 0 81 0, loss 146086.2 (homogeneous 146289.3)
==== 2026-10-09 15:35:42 start baseline.nncl.cl_grid slot 1
[1] 1200
WARNING: All log messages before absl::InitializeLog() is called are written to STDERR
I0000 00:00:1791552949.174918   12564 port.cc:153] oneDNN custom operations are on. You may see slightly different numerical results due to floating-point round-off errors from different computation orders. To turn them off, set the environment variable `TF_ENABLE_ONEDNN_OPTS=0`.
WARNING: All log messages before absl::InitializeLog() is called are written to STDERR
I0000 00:00:1791552953.456365   12564 port.cc:153] oneDNN custom operations are on. You may see slightly different numerical results due to floating-point round-off errors from different computation orders. To turn them off, set the environment variable `TF_ENABLE_ONEDNN_OPTS=0`.
WARNING:tensorflow:From C:\Users\26196425\Work\MASTER~3\env\Lib\site-packages\keras\src\backend\common\global_state.py:82: The name tf.reset_default_graph is deprecated. Please use tf.compat.v1.reset_default_graph instead.

WARNING:tensorflow:TensorFlow GPU support is not available on native Windows for TensorFlow >= 2.11. Even if CUDA/cuDNN are installed, GPU will not be used. Please use WSL2 or the TensorFlow-DirectML plugin.
WARNING:tensorflow:5 out of the last 7 calls to <function TensorFlowTrainer.make_predict_function.<locals>.one_step_on_data_distributed at 0x0000021A583013A0> triggered tf.function retracing. Tracing is expensive and the excessive number of tracings could be due to (1) creating @tf.function repeatedly in a loop, (2) passing tensors with different shapes, (3) passing Python objects instead of tensors. For (1), please define your @tf.function outside of the loop. For (2), @tf.function has reduce_retracing=True option that can avoid unnecessary retracing. For (3), please refer to https://www.tensorflow.org/guide/function#controlling_retracing and https://www.tensorflow.org/api_docs/python/tf/function for  more details.
WARNING:tensorflow:6 out of the last 8 calls to <function TensorFlowTrainer.make_predict_function.<locals>.one_step_on_data_distributed at 0x0000021A583013A0> triggered tf.function retracing. Tracing is expensive and the excessive number of tracings could be due to (1) creating @tf.function repeatedly in a loop, (2) passing tensors with different shapes, (3) passing Python objects instead of tensors. For (1), please define your @tf.function outside of the loop. For (2), @tf.function has reduce_retracing=True option that can avoid unnecessary retracing. For (3), please refer to https://www.tensorflow.org/guide/function#controlling_retracing and https://www.tensorflow.org/api_docs/python/tf/function for  more details.
clgrid_20-15-10_adadelta_cl_start_s2036: 201 s, epochs used 0 32 140 60 35 119 192 180 4 167 2 51 1 0 0 0 0 0 0, loss 145987.6 (homogeneous 146289.3)
clgrid_20-15-10_adamax_cl_paper_s2036: 255 s, epochs used 100 100 100 100 100 100 100 100 100 100 100 100 100 100 100 100 100 100 100, loss 144804.9 (homogeneous 146289.3)
clgrid_20_adadelta_cl_start_s2037: 141 s, epochs used 0 48 118 31 28 75 92 109 3 127 0 2 1 0 0 0 0 0 0, loss 145999.8 (homogeneous 146289.3)
clgrid_20_adam_cl_start_s2037: 118 s, epochs used 0 93 67 40 30 36 23 16 1 30 0 7 16 0 0 0 0 0 0, loss 145946.2 (homogeneous 146289.3)
clgrid_20-20-15_sgd_momentum_cl_paper_s2037: 246 s, epochs used 100 100 100 100 100 100 100 100 100 100 100 100 100 100 100 100 100 100 100, loss 144384.4 (homogeneous 146289.3)
clgrid_20-20-15_adam_cl_start_s2037: 148 s, epochs used 0 52 54 35 28 33 76 20 1 39 1 13 35 18 0 0 0 0 0, loss 145958.6 (homogeneous 146289.3)
clgrid_20-15-10_sgd_cl_paper_s2037: 235 s, epochs used 100 100 100 100 100 100 100 100 100 100 100 100 100 100 100 100 100 100 100, loss 146197.7 (homogeneous 146289.3)
clgrid_20-15-10_rmsprop_cl_start_s2037: 143 s, epochs used 0 64 65 31 26 70 67 81 3 1 0 128 4 0 0 25 0 0 0, loss 145947.6 (homogeneous 146289.3)
==== 2026-10-09 16:04:27 start baseline.nncl.cl_grid slot 1
[1] 1200
WARNING: All log messages before absl::InitializeLog() is called are written to STDERR
I0000 00:00:1791554674.417332    3864 port.cc:153] oneDNN custom operations are on. You may see slightly different numerical results due to floating-point round-off errors from different computation orders. To turn them off, set the environment variable `TF_ENABLE_ONEDNN_OPTS=0`.
WARNING: All log messages before absl::InitializeLog() is called are written to STDERR
I0000 00:00:1791554678.858980    3864 port.cc:153] oneDNN custom operations are on. You may see slightly different numerical results due to floating-point round-off errors from different computation orders. To turn them off, set the environment variable `TF_ENABLE_ONEDNN_OPTS=0`.
WARNING:tensorflow:From C:\Users\26196425\Work\MASTER~3\env\Lib\site-packages\keras\src\backend\common\global_state.py:82: The name tf.reset_default_graph is deprecated. Please use tf.compat.v1.reset_default_graph instead.

WARNING:tensorflow:TensorFlow GPU support is not available on native Windows for TensorFlow >= 2.11. Even if CUDA/cuDNN are installed, GPU will not be used. Please use WSL2 or the TensorFlow-DirectML plugin.
WARNING:tensorflow:5 out of the last 7 calls to <function TensorFlowTrainer.make_predict_function.<locals>.one_step_on_data_distributed at 0x00000291B4F27920> triggered tf.function retracing. Tracing is expensive and the excessive number of tracings could be due to (1) creating @tf.function repeatedly in a loop, (2) passing tensors with different shapes, (3) passing Python objects instead of tensors. For (1), please define your @tf.function outside of the loop. For (2), @tf.function has reduce_retracing=True option that can avoid unnecessary retracing. For (3), please refer to https://www.tensorflow.org/guide/function#controlling_retracing and https://www.tensorflow.org/api_docs/python/tf/function for  more details.
WARNING:tensorflow:6 out of the last 8 calls to <function TensorFlowTrainer.make_predict_function.<locals>.one_step_on_data_distributed at 0x00000291B4F27920> triggered tf.function retracing. Tracing is expensive and the excessive number of tracings could be due to (1) creating @tf.function repeatedly in a loop, (2) passing tensors with different shapes, (3) passing Python objects instead of tensors. For (1), please define your @tf.function outside of the loop. For (2), @tf.function has reduce_retracing=True option that can avoid unnecessary retracing. For (3), please refer to https://www.tensorflow.org/guide/function#controlling_retracing and https://www.tensorflow.org/api_docs/python/tf/function for  more details.
clgrid_20_sgd_cl_start_s2038: 561 s, epochs used 0 500 500 200 500 500 500 500 0 500 0 500 235 29 0 0 0 0 0, loss 146026.6 (homogeneous 146289.3)
clgrid_20-20-15_adagrad_cl_paper_s2038: 243 s, epochs used 100 100 100 100 100 100 100 100 100 100 100 100 100 100 100 100 100 100 100, loss 144177.6 (homogeneous 146289.3)
clgrid_20-20-15_adamax_cl_paper_s2038: 249 s, epochs used 100 100 100 100 100 100 100 100 100 100 100 100 100 100 100 100 100 100 100, loss 144664.9 (homogeneous 146289.3)
clgrid_20-15-10_adadelta_cl_start_s2038: 266 s, epochs used 0 35 116 75 401 209 348 266 4 15 0 29 1 0 0 0 0 0 0, loss 145983.6 (homogeneous 146289.3)
clgrid_20_sgd_cl_paper_s2039: 233 s, epochs used 100 100 100 100 100 100 100 100 100 100 100 100 100 100 100 100 100 100 100, loss 145613.3 (homogeneous 146289.3)
clgrid_20_rmsprop_cl_start_s2039: 173 s, epochs used 0 54 56 22 494 51 28 66 2 53 0 31 15 0 0 0 0 0 0, loss 145934.5 (homogeneous 146289.3)
clgrid_20_nadam_cl_start_s2039: 152 s, epochs used 0 72 71 35 32 81 47 74 1 23 0 17 3 100 0 0 0 0 0, loss 145948.3 (homogeneous 146289.3)
clgrid_20-20-15_adagrad_cl_start_s2039: 451 s, epochs used 0 223 315 38 150 500 500 500 0 500 2 2 500 1 0 0 0 0 0, loss 145998.1 (homogeneous 146289.3)
==== 2026-10-09 16:46:39 start baseline.nncl.cl_grid slot 1
[1] 1200
WARNING: All log messages before absl::InitializeLog() is called are written to STDERR
I0000 00:00:1791557218.923359   10884 port.cc:153] oneDNN custom operations are on. You may see slightly different numerical results due to floating-point round-off errors from different computation orders. To turn them off, set the environment variable `TF_ENABLE_ONEDNN_OPTS=0`.
WARNING: All log messages before absl::InitializeLog() is called are written to STDERR
I0000 00:00:1791557253.236823   10884 port.cc:153] oneDNN custom operations are on. You may see slightly different numerical results due to floating-point round-off errors from different computation orders. To turn them off, set the environment variable `TF_ENABLE_ONEDNN_OPTS=0`.
WARNING:tensorflow:From C:\Users\26196425\Work\MASTER~3\env\Lib\site-packages\keras\src\backend\common\global_state.py:82: The name tf.reset_default_graph is deprecated. Please use tf.compat.v1.reset_default_graph instead.

WARNING:tensorflow:TensorFlow GPU support is not available on native Windows for TensorFlow >= 2.11. Even if CUDA/cuDNN are installed, GPU will not be used. Please use WSL2 or the TensorFlow-DirectML plugin.
WARNING:tensorflow:5 out of the last 7 calls to <function TensorFlowTrainer.make_predict_function.<locals>.one_step_on_data_distributed at 0x0000029559DFD3A0> triggered tf.function retracing. Tracing is expensive and the excessive number of tracings could be due to (1) creating @tf.function repeatedly in a loop, (2) passing tensors with different shapes, (3) passing Python objects instead of tensors. For (1), please define your @tf.function outside of the loop. For (2), @tf.function has reduce_retracing=True option that can avoid unnecessary retracing. For (3), please refer to https://www.tensorflow.org/guide/function#controlling_retracing and https://www.tensorflow.org/api_docs/python/tf/function for  more details.
WARNING:tensorflow:6 out of the last 8 calls to <function TensorFlowTrainer.make_predict_function.<locals>.one_step_on_data_distributed at 0x0000029559DFD3A0> triggered tf.function retracing. Tracing is expensive and the excessive number of tracings could be due to (1) creating @tf.function repeatedly in a loop, (2) passing tensors with different shapes, (3) passing Python objects instead of tensors. For (1), please define your @tf.function outside of the loop. For (2), @tf.function has reduce_retracing=True option that can avoid unnecessary retracing. For (3), please refer to https://www.tensorflow.org/guide/function#controlling_retracing and https://www.tensorflow.org/api_docs/python/tf/function for  more details.
clgrid_20-15-10_adadelta_cl_start_s2039: 168 s, epochs used 5 33 105 57 56 330 7 129 7 12 0 1 2 0 0 0 0 0 0, loss 145918.1 (homogeneous 146289.3)
clgrid_20-15-10_nadam_cl_paper_s2039: 262 s, epochs used 100 100 100 100 100 100 100 100 100 100 100 100 100 100 100 100 100 100 100, loss 143824.0 (homogeneous 146289.3)
clgrid_20_adam_cl_paper_s2040: 244 s, epochs used 100 100 100 100 100 100 100 100 100 100 100 100 100 100 100 100 100 100 100, loss 144617.1 (homogeneous 146289.3)
clgrid_20-20-15_sgd_momentum_cl_paper_s2040: 243 s, epochs used 100 100 100 100 100 100 100 100 100 100 100 100 100 100 100 100 100 100 100, loss 145247.4 (homogeneous 146289.3)
clgrid_20-20-15_adam_cl_start_s2040: 161 s, epochs used 0 71 44 40 134 27 111 50 1 4 0 2 12 1 0 0 0 0 72, loss 145891.4 (homogeneous 146289.3)
clgrid_20-15-10_sgd_momentum_cl_paper_s2040: 247 s, epochs used 100 100 100 100 100 100 100 100 100 100 100 100 100 100 100 100 100 100 100, loss 145379.7 (homogeneous 146289.3)
clgrid_20-15-10_adam_cl_start_s2040: 162 s, epochs used 0 76 67 55 186 33 76 43 1 25 0 10 12 0 0 0 0 0 0, loss 145858.7 (homogeneous 146289.3)
clgrid_20_sgd_cl_paper_s2041: 234 s, epochs used 100 100 100 100 100 100 100 100 100 100 100 100 100 100 100 100 100 100 100, loss 145631.0 (homogeneous 146289.3)
==== 2026-10-09 17:20:31 start baseline.nncl.cl_grid slot 1
[1] 1200
WARNING: All log messages before absl::InitializeLog() is called are written to STDERR
I0000 00:00:1791559238.807240    6980 port.cc:153] oneDNN custom operations are on. You may see slightly different numerical results due to floating-point round-off errors from different computation orders. To turn them off, set the environment variable `TF_ENABLE_ONEDNN_OPTS=0`.
WARNING: All log messages before absl::InitializeLog() is called are written to STDERR
I0000 00:00:1791559242.710769    6980 port.cc:153] oneDNN custom operations are on. You may see slightly different numerical results due to floating-point round-off errors from different computation orders. To turn them off, set the environment variable `TF_ENABLE_ONEDNN_OPTS=0`.
WARNING:tensorflow:From C:\Users\26196425\Work\MASTER~3\env\Lib\site-packages\keras\src\backend\common\global_state.py:82: The name tf.reset_default_graph is deprecated. Please use tf.compat.v1.reset_default_graph instead.

WARNING:tensorflow:TensorFlow GPU support is not available on native Windows for TensorFlow >= 2.11. Even if CUDA/cuDNN are installed, GPU will not be used. Please use WSL2 or the TensorFlow-DirectML plugin.
WARNING:tensorflow:5 out of the last 7 calls to <function TensorFlowTrainer.make_predict_function.<locals>.one_step_on_data_distributed at 0x0000013E99EF7B00> triggered tf.function retracing. Tracing is expensive and the excessive number of tracings could be due to (1) creating @tf.function repeatedly in a loop, (2) passing tensors with different shapes, (3) passing Python objects instead of tensors. For (1), please define your @tf.function outside of the loop. For (2), @tf.function has reduce_retracing=True option that can avoid unnecessary retracing. For (3), please refer to https://www.tensorflow.org/guide/function#controlling_retracing and https://www.tensorflow.org/api_docs/python/tf/function for  more details.
WARNING:tensorflow:6 out of the last 8 calls to <function TensorFlowTrainer.make_predict_function.<locals>.one_step_on_data_distributed at 0x0000013E99EF7B00> triggered tf.function retracing. Tracing is expensive and the excessive number of tracings could be due to (1) creating @tf.function repeatedly in a loop, (2) passing tensors with different shapes, (3) passing Python objects instead of tensors. For (1), please define your @tf.function outside of the loop. For (2), @tf.function has reduce_retracing=True option that can avoid unnecessary retracing. For (3), please refer to https://www.tensorflow.org/guide/function#controlling_retracing and https://www.tensorflow.org/api_docs/python/tf/function for  more details.
clgrid_20_adam_cl_paper_s2041: 239 s, epochs used 100 100 100 100 100 100 100 100 100 100 100 100 100 100 100 100 100 100 100, loss 144444.3 (homogeneous 146289.3)
clgrid_20-20-15_sgd_nesterov_cl_start_s2041: 291 s, epochs used 3 88 22 500 190 19 500 500 0 19 6 14 47 4 0 0 0 0 2, loss 146031.1 (homogeneous 146289.3)
clgrid_20-20-15_nadam_cl_paper_s2041: 267 s, epochs used 100 100 100 100 100 100 100 100 100 100 100 100 100 100 100 100 100 100 100, loss 142090.8 (homogeneous 146289.3)
clgrid_20-15-10_rmsprop_cl_start_s2041: 205 s, epochs used 3 66 57 13 393 220 54 127 1 1 0 169 4 0 0 0 0 0 0, loss 145842.6 (homogeneous 146289.3)
clgrid_20-15-10_nadam_cl_start_s2041: 163 s, epochs used 2 83 61 17 159 17 43 22 1 9 1 53 5 4 0 0 0 0 0, loss 145895.4 (homogeneous 146289.3)
clgrid_20_adadelta_cl_start_s2042: 158 s, epochs used 0 182 140 71 31 73 118 83 4 3 0 1 1 0 0 0 0 0 0, loss 145981.3 (homogeneous 146289.3)
clgrid_20_adamax_cl_paper_s2042: 241 s, epochs used 100 100 100 100 100 100 100 100 100 100 100 100 100 100 100 100 100 100 100, loss 144899.8 (homogeneous 146289.3)
clgrid_20-20-15_rmsprop_cl_paper_s2042: 249 s, epochs used 100 100 100 100 100 100 100 100 100 100 100 100 100 100 100 100 100 100 100, loss 142348.2 (homogeneous 146289.3)
==== 2026-10-09 17:54:45 start baseline.nncl.cl_grid slot 1
[1] 1200
WARNING: All log messages before absl::InitializeLog() is called are written to STDERR
I0000 00:00:1791561292.741948   13216 port.cc:153] oneDNN custom operations are on. You may see slightly different numerical results due to floating-point round-off errors from different computation orders. To turn them off, set the environment variable `TF_ENABLE_ONEDNN_OPTS=0`.
WARNING: All log messages before absl::InitializeLog() is called are written to STDERR
I0000 00:00:1791561296.961835   13216 port.cc:153] oneDNN custom operations are on. You may see slightly different numerical results due to floating-point round-off errors from different computation orders. To turn them off, set the environment variable `TF_ENABLE_ONEDNN_OPTS=0`.
WARNING:tensorflow:From C:\Users\26196425\Work\MASTER~3\env\Lib\site-packages\keras\src\backend\common\global_state.py:82: The name tf.reset_default_graph is deprecated. Please use tf.compat.v1.reset_default_graph instead.

WARNING:tensorflow:TensorFlow GPU support is not available on native Windows for TensorFlow >= 2.11. Even if CUDA/cuDNN are installed, GPU will not be used. Please use WSL2 or the TensorFlow-DirectML plugin.
WARNING:tensorflow:5 out of the last 7 calls to <function TensorFlowTrainer.make_predict_function.<locals>.one_step_on_data_distributed at 0x0000025CB3A6C4A0> triggered tf.function retracing. Tracing is expensive and the excessive number of tracings could be due to (1) creating @tf.function repeatedly in a loop, (2) passing tensors with different shapes, (3) passing Python objects instead of tensors. For (1), please define your @tf.function outside of the loop. For (2), @tf.function has reduce_retracing=True option that can avoid unnecessary retracing. For (3), please refer to https://www.tensorflow.org/guide/function#controlling_retracing and https://www.tensorflow.org/api_docs/python/tf/function for  more details.
WARNING:tensorflow:6 out of the last 8 calls to <function TensorFlowTrainer.make_predict_function.<locals>.one_step_on_data_distributed at 0x0000025CB3A6C4A0> triggered tf.function retracing. Tracing is expensive and the excessive number of tracings could be due to (1) creating @tf.function repeatedly in a loop, (2) passing tensors with different shapes, (3) passing Python objects instead of tensors. For (1), please define your @tf.function outside of the loop. For (2), @tf.function has reduce_retracing=True option that can avoid unnecessary retracing. For (3), please refer to https://www.tensorflow.org/guide/function#controlling_retracing and https://www.tensorflow.org/api_docs/python/tf/function for  more details.
clgrid_20-15-10_sgd_momentum_cl_start_s2042: 316 s, epochs used 0 21 500 10 498 13 500 26 0 20 0 24 500 59 0 0 0 0 14, loss 146114.8 (homogeneous 146289.3)
clgrid_20-15-10_adamax_cl_start_s2042: 151 s, epochs used 6 190 97 9 60 72 80 36 1 12 0 2 31 3 0 0 0 0 0, loss 145794.3 (homogeneous 146289.3)
clgrid_20_sgd_nesterov_cl_start_s2043: 239 s, epochs used 0 43 500 25 124 52 413 261 2 35 6 0 29 0 0 0 0 6 12, loss 146055.6 (homogeneous 146289.3)
clgrid_20_adamax_cl_start_s2043: 152 s, epochs used 0 272 106 62 36 44 39 18 1 8 1 8 6 20 0 0 0 0 0, loss 145897.8 (homogeneous 146289.3)
clgrid_20-20-15_adagrad_cl_paper_s2043: 247 s, epochs used 100 100 100 100 100 100 100 100 100 100 100 100 100 100 100 100 100 100 100, loss 143197.3 (homogeneous 146289.3)
clgrid_20-20-15_adamax_cl_paper_s2043: 252 s, epochs used 100 100 100 100 100 100 100 100 100 100 100 100 100 100 100 100 100 100 100, loss 144357.3 (homogeneous 146289.3)
clgrid_20-15-10_rmsprop_cl_paper_s2043: 249 s, epochs used 100 100 100 100 100 100 100 100 100 100 100 100 100 100 100 100 100 100 100, loss 143030.2 (homogeneous 146289.3)
clgrid_20-15-10_nadam_cl_start_s2043: 149 s, epochs used 11 94 69 20 38 49 41 61 1 13 1 27 55 0 0 0 0 0 16, loss 145833.3 (homogeneous 146289.3)
==== 2026-10-09 18:27:44 start baseline.nncl.cl_grid slot 1
[1] 1200
WARNING: All log messages before absl::InitializeLog() is called are written to STDERR
I0000 00:00:1791563271.582278    8828 port.cc:153] oneDNN custom operations are on. You may see slightly different numerical results due to floating-point round-off errors from different computation orders. To turn them off, set the environment variable `TF_ENABLE_ONEDNN_OPTS=0`.
WARNING: All log messages before absl::InitializeLog() is called are written to STDERR
I0000 00:00:1791563275.547542    8828 port.cc:153] oneDNN custom operations are on. You may see slightly different numerical results due to floating-point round-off errors from different computation orders. To turn them off, set the environment variable `TF_ENABLE_ONEDNN_OPTS=0`.
WARNING:tensorflow:From C:\Users\26196425\Work\MASTER~3\env\Lib\site-packages\keras\src\backend\common\global_state.py:82: The name tf.reset_default_graph is deprecated. Please use tf.compat.v1.reset_default_graph instead.

WARNING:tensorflow:TensorFlow GPU support is not available on native Windows for TensorFlow >= 2.11. Even if CUDA/cuDNN are installed, GPU will not be used. Please use WSL2 or the TensorFlow-DirectML plugin.
WARNING:tensorflow:5 out of the last 7 calls to <function TensorFlowTrainer.make_predict_function.<locals>.one_step_on_data_distributed at 0x000001F9B6554400> triggered tf.function retracing. Tracing is expensive and the excessive number of tracings could be due to (1) creating @tf.function repeatedly in a loop, (2) passing tensors with different shapes, (3) passing Python objects instead of tensors. For (1), please define your @tf.function outside of the loop. For (2), @tf.function has reduce_retracing=True option that can avoid unnecessary retracing. For (3), please refer to https://www.tensorflow.org/guide/function#controlling_retracing and https://www.tensorflow.org/api_docs/python/tf/function for  more details.
WARNING:tensorflow:6 out of the last 8 calls to <function TensorFlowTrainer.make_predict_function.<locals>.one_step_on_data_distributed at 0x000001F9B6554400> triggered tf.function retracing. Tracing is expensive and the excessive number of tracings could be due to (1) creating @tf.function repeatedly in a loop, (2) passing tensors with different shapes, (3) passing Python objects instead of tensors. For (1), please define your @tf.function outside of the loop. For (2), @tf.function has reduce_retracing=True option that can avoid unnecessary retracing. For (3), please refer to https://www.tensorflow.org/guide/function#controlling_retracing and https://www.tensorflow.org/api_docs/python/tf/function for  more details.
clgrid_20_adadelta_cl_paper_s2044: 241 s, epochs used 100 100 100 100 100 100 100 100 100 100 100 100 100 100 100 100 100 100 100, loss 144580.2 (homogeneous 146289.3)
clgrid_20_adamax_cl_start_s2044: 161 s, epochs used 0 141 138 22 30 45 40 45 1 164 0 2 23 4 0 0 0 0 0, loss 145960.5 (homogeneous 146289.3)
clgrid_20-20-15_sgd_nesterov_cl_start_s2044: 362 s, epochs used 0 500 33 34 173 22 500 203 0 500 0 51 500 3 0 0 0 0 0, loss 146009.3 (homogeneous 146289.3)
clgrid_20-15-10_sgd_momentum_cl_paper_s2044: 247 s, epochs used 100 100 100 100 100 100 100 100 100 100 100 100 100 100 100 100 100 100 100, loss 145097.6 (homogeneous 146289.3)
clgrid_20-15-10_adam_cl_start_s2044: 173 s, epochs used 0 96 65 47 181 43 90 38 4 44 4 22 2 5 0 3 0 0 0, loss 145869.8 (homogeneous 146289.3)
clgrid_20_sgd_cl_paper_s2045: 239 s, epochs used 100 100 100 100 100 100 100 100 100 100 100 100 100 100 100 100 100 100 100, loss 145747.1 (homogeneous 146289.3)
clgrid_20_rmsprop_cl_start_s2045: 224 s, epochs used 0 118 70 18 492 85 332 104 2 2 0 22 5 0 0 0 0 0 0, loss 145936.5 (homogeneous 146289.3)
clgrid_20-20-15_sgd_cl_start_s2045: 375 s, epochs used 0 500 90 177 500 9 222 500 18 0 38 500 37 0 0 0 0 33 0, loss 146162.1 (homogeneous 146289.3)
==== 2026-10-09 19:04:59 start baseline.nncl.cl_grid slot 1
[1] 1200
WARNING: All log messages before absl::InitializeLog() is called are written to STDERR
I0000 00:00:1791565519.538073    8520 port.cc:153] oneDNN custom operations are on. You may see slightly different numerical results due to floating-point round-off errors from different computation orders. To turn them off, set the environment variable `TF_ENABLE_ONEDNN_OPTS=0`.
WARNING: All log messages before absl::InitializeLog() is called are written to STDERR
I0000 00:00:1791565553.105067    8520 port.cc:153] oneDNN custom operations are on. You may see slightly different numerical results due to floating-point round-off errors from different computation orders. To turn them off, set the environment variable `TF_ENABLE_ONEDNN_OPTS=0`.
WARNING:tensorflow:From C:\Users\26196425\Work\MASTER~3\env\Lib\site-packages\keras\src\backend\common\global_state.py:82: The name tf.reset_default_graph is deprecated. Please use tf.compat.v1.reset_default_graph instead.

WARNING:tensorflow:TensorFlow GPU support is not available on native Windows for TensorFlow >= 2.11. Even if CUDA/cuDNN are installed, GPU will not be used. Please use WSL2 or the TensorFlow-DirectML plugin.
WARNING:tensorflow:5 out of the last 7 calls to <function TensorFlowTrainer.make_predict_function.<locals>.one_step_on_data_distributed at 0x000002A2C37E1580> triggered tf.function retracing. Tracing is expensive and the excessive number of tracings could be due to (1) creating @tf.function repeatedly in a loop, (2) passing tensors with different shapes, (3) passing Python objects instead of tensors. For (1), please define your @tf.function outside of the loop. For (2), @tf.function has reduce_retracing=True option that can avoid unnecessary retracing. For (3), please refer to https://www.tensorflow.org/guide/function#controlling_retracing and https://www.tensorflow.org/api_docs/python/tf/function for  more details.
WARNING:tensorflow:6 out of the last 8 calls to <function TensorFlowTrainer.make_predict_function.<locals>.one_step_on_data_distributed at 0x000002A2C37E1580> triggered tf.function retracing. Tracing is expensive and the excessive number of tracings could be due to (1) creating @tf.function repeatedly in a loop, (2) passing tensors with different shapes, (3) passing Python objects instead of tensors. For (1), please define your @tf.function outside of the loop. For (2), @tf.function has reduce_retracing=True option that can avoid unnecessary retracing. For (3), please refer to https://www.tensorflow.org/guide/function#controlling_retracing and https://www.tensorflow.org/api_docs/python/tf/function for  more details.
clgrid_20-15-10_sgd_cl_start_s2045: 365 s, epochs used 0 500 230 121 500 7 500 500 14 67 0 105 27 44 0 0 0 94 0, loss 146181.1 (homogeneous 146289.3)
