==== 2026-10-09 11:25:35 start baseline.nncl.cl_grid slot 2
[1] 1200
WARNING: All log messages before absl::InitializeLog() is called are written to STDERR
I0000 00:00:1791537942.583443   10840 port.cc:153] oneDNN custom operations are on. You may see slightly different numerical results due to floating-point round-off errors from different computation orders. To turn them off, set the environment variable `TF_ENABLE_ONEDNN_OPTS=0`.
WARNING: All log messages before absl::InitializeLog() is called are written to STDERR
I0000 00:00:1791537946.829534   10840 port.cc:153] oneDNN custom operations are on. You may see slightly different numerical results due to floating-point round-off errors from different computation orders. To turn them off, set the environment variable `TF_ENABLE_ONEDNN_OPTS=0`.
WARNING:tensorflow:From C:\Users\26196425\Work\MASTER~3\env\Lib\site-packages\keras\src\backend\common\global_state.py:82: The name tf.reset_default_graph is deprecated. Please use tf.compat.v1.reset_default_graph instead.

WARNING:tensorflow:TensorFlow GPU support is not available on native Windows for TensorFlow >= 2.11. Even if CUDA/cuDNN are installed, GPU will not be used. Please use WSL2 or the TensorFlow-DirectML plugin.
WARNING:tensorflow:5 out of the last 7 calls to <function TensorFlowTrainer.make_predict_function.<locals>.one_step_on_data_distributed at 0x000001F60D943880> triggered tf.function retracing. Tracing is expensive and the excessive number of tracings could be due to (1) creating @tf.function repeatedly in a loop, (2) passing tensors with different shapes, (3) passing Python objects instead of tensors. For (1), please define your @tf.function outside of the loop. For (2), @tf.function has reduce_retracing=True option that can avoid unnecessary retracing. For (3), please refer to https://www.tensorflow.org/guide/function#controlling_retracing and https://www.tensorflow.org/api_docs/python/tf/function for  more details.
WARNING:tensorflow:6 out of the last 8 calls to <function TensorFlowTrainer.make_predict_function.<locals>.one_step_on_data_distributed at 0x000001F60D943880> triggered tf.function retracing. Tracing is expensive and the excessive number of tracings could be due to (1) creating @tf.function repeatedly in a loop, (2) passing tensors with different shapes, (3) passing Python objects instead of tensors. For (1), please define your @tf.function outside of the loop. For (2), @tf.function has reduce_retracing=True option that can avoid unnecessary retracing. For (3), please refer to https://www.tensorflow.org/guide/function#controlling_retracing and https://www.tensorflow.org/api_docs/python/tf/function for  more details.
clgrid_20-20-15_adagrad_cl_paper_s2026: 242 s, epochs used 100 100 100 100 100 100 100 100 100 100 100 100 100 100 100 100 100 100 100, loss 141500.2 (homogeneous 146289.3)
clgrid_20-20-15_adamax_cl_paper_s2026: 258 s, epochs used 100 100 100 100 100 100 100 100 100 100 100 100 100 100 100 100 100 100 100, loss 144311.2 (homogeneous 146289.3)
clgrid_20-15-10_adadelta_cl_start_s2026: 200 s, epochs used 3 37 33 53 348 82 85 115 1 2 0 238 0 0 0 0 0 0 0, loss 145958.2 (homogeneous 146289.3)
clgrid_20-15-10_adamax_cl_paper_s2026: 256 s, epochs used 100 100 100 100 100 100 100 100 100 100 100 100 100 100 100 100 100 100 100, loss 144846.0 (homogeneous 146289.3)
clgrid_20_adadelta_cl_start_s2027: 179 s, epochs used 0 112 122 44 41 39 110 120 4 259 0 1 0 0 0 0 0 0 0, loss 145991.0 (homogeneous 146289.3)
clgrid_20_adamax_cl_paper_s2027: 246 s, epochs used 100 100 100 100 100 100 100 100 100 100 100 100 100 100 100 100 100 100 100, loss 144701.4 (homogeneous 146289.3)
clgrid_20-20-15_rmsprop_cl_paper_s2027: 250 s, epochs used 100 100 100 100 100 100 100 100 100 100 100 100 100 100 100 100 100 100 100, loss 142222.2 (homogeneous 146289.3)
clgrid_20-15-10_sgd_cl_paper_s2027: 243 s, epochs used 100 100 100 100 100 100 100 100 100 100 100 100 100 100 100 100 100 100 100, loss 146167.8 (homogeneous 146289.3)
==== 2026-10-09 12:00:54 start baseline.nncl.cl_grid slot 2
[1] 1200
WARNING: All log messages before absl::InitializeLog() is called are written to STDERR
I0000 00:00:1791540061.432385   14276 port.cc:153] oneDNN custom operations are on. You may see slightly different numerical results due to floating-point round-off errors from different computation orders. To turn them off, set the environment variable `TF_ENABLE_ONEDNN_OPTS=0`.
WARNING: All log messages before absl::InitializeLog() is called are written to STDERR
I0000 00:00:1791540065.560364   14276 port.cc:153] oneDNN custom operations are on. You may see slightly different numerical results due to floating-point round-off errors from different computation orders. To turn them off, set the environment variable `TF_ENABLE_ONEDNN_OPTS=0`.
WARNING:tensorflow:From C:\Users\26196425\Work\MASTER~3\env\Lib\site-packages\keras\src\backend\common\global_state.py:82: The name tf.reset_default_graph is deprecated. Please use tf.compat.v1.reset_default_graph instead.

WARNING:tensorflow:TensorFlow GPU support is not available on native Windows for TensorFlow >= 2.11. Even if CUDA/cuDNN are installed, GPU will not be used. Please use WSL2 or the TensorFlow-DirectML plugin.
WARNING:tensorflow:5 out of the last 7 calls to <function TensorFlowTrainer.make_predict_function.<locals>.one_step_on_data_distributed at 0x000001FD2ABEF740> triggered tf.function retracing. Tracing is expensive and the excessive number of tracings could be due to (1) creating @tf.function repeatedly in a loop, (2) passing tensors with different shapes, (3) passing Python objects instead of tensors. For (1), please define your @tf.function outside of the loop. For (2), @tf.function has reduce_retracing=True option that can avoid unnecessary retracing. For (3), please refer to https://www.tensorflow.org/guide/function#controlling_retracing and https://www.tensorflow.org/api_docs/python/tf/function for  more details.
WARNING:tensorflow:6 out of the last 8 calls to <function TensorFlowTrainer.make_predict_function.<locals>.one_step_on_data_distributed at 0x000001FD2ABEF740> triggered tf.function retracing. Tracing is expensive and the excessive number of tracings could be due to (1) creating @tf.function repeatedly in a loop, (2) passing tensors with different shapes, (3) passing Python objects instead of tensors. For (1), please define your @tf.function outside of the loop. For (2), @tf.function has reduce_retracing=True option that can avoid unnecessary retracing. For (3), please refer to https://www.tensorflow.org/guide/function#controlling_retracing and https://www.tensorflow.org/api_docs/python/tf/function for  more details.
clgrid_20-15-10_adam_cl_paper_s2027: 251 s, epochs used 100 100 100 100 100 100 100 100 100 100 100 100 100 100 100 100 100 100 100, loss 143963.7 (homogeneous 146289.3)
clgrid_20_sgd_momentum_cl_start_s2028: 400 s, epochs used 0 283 500 125 65 500 257 500 0 500 0 76 33 13 0 0 0 0 8, loss 145981.3 (homogeneous 146289.3)
clgrid_20-20-15_sgd_cl_start_s2028: 658 s, epochs used 0 500 500 500 500 445 500 500 38 304 0 500 500 274 0 0 0 0 0, loss 146149.9 (homogeneous 146289.3)
clgrid_20-15-10_adadelta_cl_start_s2028: 240 s, epochs used 6 76 194 68 31 443 163 99 4 107 0 13 102 1 0 0 0 0 0, loss 145865.9 (homogeneous 146289.3)
clgrid_20-15-10_adamax_cl_paper_s2028: 256 s, epochs used 100 100 100 100 100 100 100 100 100 100 100 100 100 100 100 100 100 100 100, loss 144768.9 (homogeneous 146289.3)
clgrid_20_rmsprop_cl_paper_s2029: 243 s, epochs used 100 100 100 100 100 100 100 100 100 100 100 100 100 100 100 100 100 100 100, loss 144454.9 (homogeneous 146289.3)
clgrid_20-20-15_sgd_momentum_cl_start_s2029: 425 s, epochs used 0 500 500 22 500 105 500 500 9 47 7 229 58 33 0 0 0 0 0, loss 146004.6 (homogeneous 146289.3)
clgrid_20-15-10_sgd_momentum_cl_paper_s2029: 243 s, epochs used 100 100 100 100 100 100 100 100 100 100 100 100 100 100 100 100 100 100 100, loss 145271.0 (homogeneous 146289.3)
==== 2026-10-09 12:49:58 start baseline.nncl.cl_grid slot 2
[1] 1200
WARNING: All log messages before absl::InitializeLog() is called are written to STDERR
I0000 00:00:1791543005.360657    1880 port.cc:153] oneDNN custom operations are on. You may see slightly different numerical results due to floating-point round-off errors from different computation orders. To turn them off, set the environment variable `TF_ENABLE_ONEDNN_OPTS=0`.
WARNING: All log messages before absl::InitializeLog() is called are written to STDERR
I0000 00:00:1791543009.576981    1880 port.cc:153] oneDNN custom operations are on. You may see slightly different numerical results due to floating-point round-off errors from different computation orders. To turn them off, set the environment variable `TF_ENABLE_ONEDNN_OPTS=0`.
WARNING:tensorflow:From C:\Users\26196425\Work\MASTER~3\env\Lib\site-packages\keras\src\backend\common\global_state.py:82: The name tf.reset_default_graph is deprecated. Please use tf.compat.v1.reset_default_graph instead.

WARNING:tensorflow:TensorFlow GPU support is not available on native Windows for TensorFlow >= 2.11. Even if CUDA/cuDNN are installed, GPU will not be used. Please use WSL2 or the TensorFlow-DirectML plugin.
WARNING:tensorflow:5 out of the last 7 calls to <function TensorFlowTrainer.make_predict_function.<locals>.one_step_on_data_distributed at 0x000001DB896EF740> triggered tf.function retracing. Tracing is expensive and the excessive number of tracings could be due to (1) creating @tf.function repeatedly in a loop, (2) passing tensors with different shapes, (3) passing Python objects instead of tensors. For (1), please define your @tf.function outside of the loop. For (2), @tf.function has reduce_retracing=True option that can avoid unnecessary retracing. For (3), please refer to https://www.tensorflow.org/guide/function#controlling_retracing and https://www.tensorflow.org/api_docs/python/tf/function for  more details.
WARNING:tensorflow:6 out of the last 8 calls to <function TensorFlowTrainer.make_predict_function.<locals>.one_step_on_data_distributed at 0x000001DB896EF740> triggered tf.function retracing. Tracing is expensive and the excessive number of tracings could be due to (1) creating @tf.function repeatedly in a loop, (2) passing tensors with different shapes, (3) passing Python objects instead of tensors. For (1), please define your @tf.function outside of the loop. For (2), @tf.function has reduce_retracing=True option that can avoid unnecessary retracing. For (3), please refer to https://www.tensorflow.org/guide/function#controlling_retracing and https://www.tensorflow.org/api_docs/python/tf/function for  more details.
clgrid_20-15-10_adam_cl_start_s2029: 143 s, epochs used 0 114 85 66 50 21 55 36 0 14 4 30 16 2 0 2 0 0 0, loss 145895.2 (homogeneous 146289.3)
clgrid_20_sgd_momentum_cl_start_s2030: 321 s, epochs used 0 177 196 98 103 143 500 500 9 500 10 0 24 0 10 4 0 0 9, loss 145987.5 (homogeneous 146289.3)
clgrid_20_adamw_cl_start_s2030: 118 s, epochs used 0 37 74 25 23 21 47 21 2 19 0 21 1 7 0 0 0 0 0, loss 145987.9 (homogeneous 146289.3)
clgrid_20-20-15_sgd_nesterov_cl_paper_s2030: 244 s, epochs used 100 100 100 100 100 100 100 100 100 100 100 100 100 100 100 100 100 100 100, loss 145367.3 (homogeneous 146289.3)
clgrid_20-20-15_adamw_cl_paper_s2030: 257 s, epochs used 100 100 100 100 100 100 100 100 100 100 100 100 100 100 100 100 100 100 100, loss 143587.6 (homogeneous 146289.3)
clgrid_20-15-10_sgd_nesterov_cl_start_s2030: 481 s, epochs used 0 394 500 500 500 500 500 500 0 4 0 0 139 0 0 0 0 0 0, loss 146007.2 (homogeneous 146289.3)
clgrid_20_sgd_nesterov_cl_start_s2031: 386 s, epochs used 0 324 500 19 32 18 500 333 2 500 0 44 500 4 0 0 0 8 9, loss 146021.7 (homogeneous 146289.3)
clgrid_20-20-15_sgd_momentum_cl_paper_s2031: 247 s, epochs used 100 100 100 100 100 100 100 100 100 100 100 100 100 100 100 100 100 100 100, loss 145057.5 (homogeneous 146289.3)
==== 2026-10-09 13:30:23 start baseline.nncl.cl_grid slot 2
[1] 1200
WARNING: All log messages before absl::InitializeLog() is called are written to STDERR
I0000 00:00:1791545429.991482   12008 port.cc:153] oneDNN custom operations are on. You may see slightly different numerical results due to floating-point round-off errors from different computation orders. To turn them off, set the environment variable `TF_ENABLE_ONEDNN_OPTS=0`.
WARNING: All log messages before absl::InitializeLog() is called are written to STDERR
I0000 00:00:1791545434.033363   12008 port.cc:153] oneDNN custom operations are on. You may see slightly different numerical results due to floating-point round-off errors from different computation orders. To turn them off, set the environment variable `TF_ENABLE_ONEDNN_OPTS=0`.
WARNING:tensorflow:From C:\Users\26196425\Work\MASTER~3\env\Lib\site-packages\keras\src\backend\common\global_state.py:82: The name tf.reset_default_graph is deprecated. Please use tf.compat.v1.reset_default_graph instead.

WARNING:tensorflow:TensorFlow GPU support is not available on native Windows for TensorFlow >= 2.11. Even if CUDA/cuDNN are installed, GPU will not be used. Please use WSL2 or the TensorFlow-DirectML plugin.
WARNING:tensorflow:5 out of the last 7 calls to <function TensorFlowTrainer.make_predict_function.<locals>.one_step_on_data_distributed at 0x000001988BBEF740> triggered tf.function retracing. Tracing is expensive and the excessive number of tracings could be due to (1) creating @tf.function repeatedly in a loop, (2) passing tensors with different shapes, (3) passing Python objects instead of tensors. For (1), please define your @tf.function outside of the loop. For (2), @tf.function has reduce_retracing=True option that can avoid unnecessary retracing. For (3), please refer to https://www.tensorflow.org/guide/function#controlling_retracing and https://www.tensorflow.org/api_docs/python/tf/function for  more details.
WARNING:tensorflow:6 out of the last 8 calls to <function TensorFlowTrainer.make_predict_function.<locals>.one_step_on_data_distributed at 0x000001988BBEF740> triggered tf.function retracing. Tracing is expensive and the excessive number of tracings could be due to (1) creating @tf.function repeatedly in a loop, (2) passing tensors with different shapes, (3) passing Python objects instead of tensors. For (1), please define your @tf.function outside of the loop. For (2), @tf.function has reduce_retracing=True option that can avoid unnecessary retracing. For (3), please refer to https://www.tensorflow.org/guide/function#controlling_retracing and https://www.tensorflow.org/api_docs/python/tf/function for  more details.
clgrid_20-20-15_adam_cl_start_s2031: 150 s, epochs used 0 82 54 37 21 88 45 26 1 45 0 6 63 0 0 0 0 0 0, loss 145912.0 (homogeneous 146289.3)
clgrid_20-15-10_sgd_momentum_cl_paper_s2031: 251 s, epochs used 100 100 100 100 100 100 100 100 100 100 100 100 100 100 100 100 100 100 100, loss 145155.6 (homogeneous 146289.3)
clgrid_20-15-10_adam_cl_start_s2031: 119 s, epochs used 0 31 61 15 41 11 40 25 1 8 0 34 7 6 0 0 0 0 60, loss 146027.3 (homogeneous 146289.3)
clgrid_20-15-10_nadam_cl_paper_s2031: 268 s, epochs used 100 100 100 100 100 100 100 100 100 100 100 100 100 100 100 100 100 100 100, loss 143530.5 (homogeneous 146289.3)
clgrid_20_rmsprop_cl_paper_s2032: 238 s, epochs used 100 100 100 100 100 100 100 100 100 100 100 100 100 100 100 100 100 100 100, loss 144532.2 (homogeneous 146289.3)
clgrid_20-20-15_sgd_cl_start_s2032: 618 s, epochs used 0 500 500 500 500 500 500 500 11 312 22 165 500 13 0 2 0 0 46, loss 146119.6 (homogeneous 146289.3)
clgrid_20-15-10_adadelta_cl_start_s2032: 230 s, epochs used 3 132 150 88 37 225 192 161 2 124 0 1 2 0 0 53 0 0 0, loss 145949.6 (homogeneous 146289.3)
clgrid_20-15-10_nadam_cl_start_s2032: 154 s, epochs used 2 99 59 52 39 42 33 26 0 43 1 1 27 0 0 0 0 0 28, loss 145887.3 (homogeneous 146289.3)
==== 2026-10-09 14:08:23 start baseline.nncl.cl_grid slot 2
[1] 1200
WARNING: All log messages before absl::InitializeLog() is called are written to STDERR
I0000 00:00:1791547710.905349   15900 port.cc:153] oneDNN custom operations are on. You may see slightly different numerical results due to floating-point round-off errors from different computation orders. To turn them off, set the environment variable `TF_ENABLE_ONEDNN_OPTS=0`.
WARNING: All log messages before absl::InitializeLog() is called are written to STDERR
I0000 00:00:1791547715.160539   15900 port.cc:153] oneDNN custom operations are on. You may see slightly different numerical results due to floating-point round-off errors from different computation orders. To turn them off, set the environment variable `TF_ENABLE_ONEDNN_OPTS=0`.
WARNING:tensorflow:From C:\Users\26196425\Work\MASTER~3\env\Lib\site-packages\keras\src\backend\common\global_state.py:82: The name tf.reset_default_graph is deprecated. Please use tf.compat.v1.reset_default_graph instead.

WARNING:tensorflow:TensorFlow GPU support is not available on native Windows for TensorFlow >= 2.11. Even if CUDA/cuDNN are installed, GPU will not be used. Please use WSL2 or the TensorFlow-DirectML plugin.
WARNING:tensorflow:5 out of the last 7 calls to <function TensorFlowTrainer.make_predict_function.<locals>.one_step_on_data_distributed at 0x000002393C4EBB00> triggered tf.function retracing. Tracing is expensive and the excessive number of tracings could be due to (1) creating @tf.function repeatedly in a loop, (2) passing tensors with different shapes, (3) passing Python objects instead of tensors. For (1), please define your @tf.function outside of the loop. For (2), @tf.function has reduce_retracing=True option that can avoid unnecessary retracing. For (3), please refer to https://www.tensorflow.org/guide/function#controlling_retracing and https://www.tensorflow.org/api_docs/python/tf/function for  more details.
WARNING:tensorflow:6 out of the last 8 calls to <function TensorFlowTrainer.make_predict_function.<locals>.one_step_on_data_distributed at 0x000002393C4EBB00> triggered tf.function retracing. Tracing is expensive and the excessive number of tracings could be due to (1) creating @tf.function repeatedly in a loop, (2) passing tensors with different shapes, (3) passing Python objects instead of tensors. For (1), please define your @tf.function outside of the loop. For (2), @tf.function has reduce_retracing=True option that can avoid unnecessary retracing. For (3), please refer to https://www.tensorflow.org/guide/function#controlling_retracing and https://www.tensorflow.org/api_docs/python/tf/function for  more details.
clgrid_20_adadelta_cl_start_s2033: 138 s, epochs used 0 33 177 59 34 62 28 50 2 138 0 2 1 0 0 0 0 0 0, loss 146009.9 (homogeneous 146289.3)
clgrid_20_adamw_cl_paper_s2033: 253 s, epochs used 100 100 100 100 100 100 100 100 100 100 100 100 100 100 100 100 100 100 100, loss 144617.9 (homogeneous 146289.3)
clgrid_20-20-15_adagrad_cl_start_s2033: 410 s, epochs used 0 108 394 128 500 500 256 76 2 343 2 36 500 0 1 1 0 0 2, loss 145981.5 (homogeneous 146289.3)
clgrid_20-15-10_sgd_nesterov_cl_paper_s2033: 249 s, epochs used 100 100 100 100 100 100 100 100 100 100 100 100 100 100 100 100 100 100 100, loss 145336.7 (homogeneous 146289.3)
clgrid_20-15-10_adamw_cl_paper_s2033: 262 s, epochs used 100 100 100 100 100 100 100 100 100 100 100 100 100 100 100 100 100 100 100, loss 143944.0 (homogeneous 146289.3)
clgrid_20_adadelta_cl_paper_s2034: 251 s, epochs used 100 100 100 100 100 100 100 100 100 100 100 100 100 100 100 100 100 100 100, loss 144455.3 (homogeneous 146289.3)
clgrid_20_nadam_cl_paper_s2034: 257 s, epochs used 100 100 100 100 100 100 100 100 100 100 100 100 100 100 100 100 100 100 100, loss 144404.4 (homogeneous 146289.3)
clgrid_20-20-15_rmsprop_cl_start_s2034: 140 s, epochs used 0 40 100 20 17 19 130 34 2 1 0 44 5 0 0 0 0 0 0, loss 145957.0 (homogeneous 146289.3)
==== 2026-10-09 14:44:46 start baseline.nncl.cl_grid slot 2
[1] 1200
WARNING: All log messages before absl::InitializeLog() is called are written to STDERR
I0000 00:00:1791549894.146995    6672 port.cc:153] oneDNN custom operations are on. You may see slightly different numerical results due to floating-point round-off errors from different computation orders. To turn them off, set the environment variable `TF_ENABLE_ONEDNN_OPTS=0`.
WARNING: All log messages before absl::InitializeLog() is called are written to STDERR
I0000 00:00:1791549898.583718    6672 port.cc:153] oneDNN custom operations are on. You may see slightly different numerical results due to floating-point round-off errors from different computation orders. To turn them off, set the environment variable `TF_ENABLE_ONEDNN_OPTS=0`.
WARNING:tensorflow:From C:\Users\26196425\Work\MASTER~3\env\Lib\site-packages\keras\src\backend\common\global_state.py:82: The name tf.reset_default_graph is deprecated. Please use tf.compat.v1.reset_default_graph instead.

WARNING:tensorflow:TensorFlow GPU support is not available on native Windows for TensorFlow >= 2.11. Even if CUDA/cuDNN are installed, GPU will not be used. Please use WSL2 or the TensorFlow-DirectML plugin.
WARNING:tensorflow:5 out of the last 7 calls to <function TensorFlowTrainer.make_predict_function.<locals>.one_step_on_data_distributed at 0x000002132B2B7740> triggered tf.function retracing. Tracing is expensive and the excessive number of tracings could be due to (1) creating @tf.function repeatedly in a loop, (2) passing tensors with different shapes, (3) passing Python objects instead of tensors. For (1), please define your @tf.function outside of the loop. For (2), @tf.function has reduce_retracing=True option that can avoid unnecessary retracing. For (3), please refer to https://www.tensorflow.org/guide/function#controlling_retracing and https://www.tensorflow.org/api_docs/python/tf/function for  more details.
WARNING:tensorflow:6 out of the last 8 calls to <function TensorFlowTrainer.make_predict_function.<locals>.one_step_on_data_distributed at 0x000002132B2B7740> triggered tf.function retracing. Tracing is expensive and the excessive number of tracings could be due to (1) creating @tf.function repeatedly in a loop, (2) passing tensors with different shapes, (3) passing Python objects instead of tensors. For (1), please define your @tf.function outside of the loop. For (2), @tf.function has reduce_retracing=True option that can avoid unnecessary retracing. For (3), please refer to https://www.tensorflow.org/guide/function#controlling_retracing and https://www.tensorflow.org/api_docs/python/tf/function for  more details.
clgrid_20-20-15_adamax_cl_start_s2034: 132 s, epochs used 0 51 85 21 27 21 79 24 1 14 0 17 19 0 0 0 0 0 0, loss 145983.2 (homogeneous 146289.3)
clgrid_20-15-10_adagrad_cl_paper_s2034: 244 s, epochs used 100 100 100 100 100 100 100 100 100 100 100 100 100 100 100 100 100 100 100, loss 144296.0 (homogeneous 146289.3)
clgrid_20-15-10_adamax_cl_start_s2034: 138 s, epochs used 0 176 0 68 54 1 68 51 1 1 1 27 22 2 0 5 0 0 0, loss 145987.8 (homogeneous 146289.3)
clgrid_20_adagrad_cl_paper_s2035: 240 s, epochs used 100 100 100 100 100 100 100 100 100 100 100 100 100 100 100 100 100 100 100, loss 144210.6 (homogeneous 146289.3)
clgrid_20_adamw_cl_start_s2035: 140 s, epochs used 0 35 60 31 35 37 30 25 1 22 1 20 4 0 0 0 0 0 0, loss 145987.2 (homogeneous 146289.3)
clgrid_20-20-15_sgd_momentum_cl_paper_s2035: 246 s, epochs used 100 100 100 100 100 100 100 100 100 100 100 100 100 100 100 100 100 100 100, loss 145218.0 (homogeneous 146289.3)
clgrid_20-20-15_adam_cl_start_s2035: 149 s, epochs used 0 23 56 34 76 51 56 52 1 36 1 25 55 22 0 0 0 0 0, loss 145998.1 (homogeneous 146289.3)
clgrid_20-15-10_sgd_momentum_cl_paper_s2035: 245 s, epochs used 100 100 100 100 100 100 100 100 100 100 100 100 100 100 100 100 100 100 100, loss 145286.5 (homogeneous 146289.3)
==== 2026-10-09 15:14:16 start baseline.nncl.cl_grid slot 2
[1] 1200
WARNING: All log messages before absl::InitializeLog() is called are written to STDERR
I0000 00:00:1791551662.868452    6536 port.cc:153] oneDNN custom operations are on. You may see slightly different numerical results due to floating-point round-off errors from different computation orders. To turn them off, set the environment variable `TF_ENABLE_ONEDNN_OPTS=0`.
WARNING: All log messages before absl::InitializeLog() is called are written to STDERR
I0000 00:00:1791551666.927249    6536 port.cc:153] oneDNN custom operations are on. You may see slightly different numerical results due to floating-point round-off errors from different computation orders. To turn them off, set the environment variable `TF_ENABLE_ONEDNN_OPTS=0`.
WARNING:tensorflow:From C:\Users\26196425\Work\MASTER~3\env\Lib\site-packages\keras\src\backend\common\global_state.py:82: The name tf.reset_default_graph is deprecated. Please use tf.compat.v1.reset_default_graph instead.

WARNING:tensorflow:TensorFlow GPU support is not available on native Windows for TensorFlow >= 2.11. Even if CUDA/cuDNN are installed, GPU will not be used. Please use WSL2 or the TensorFlow-DirectML plugin.
WARNING:tensorflow:5 out of the last 7 calls to <function TensorFlowTrainer.make_predict_function.<locals>.one_step_on_data_distributed at 0x000001E792CD7740> triggered tf.function retracing. Tracing is expensive and the excessive number of tracings could be due to (1) creating @tf.function repeatedly in a loop, (2) passing tensors with different shapes, (3) passing Python objects instead of tensors. For (1), please define your @tf.function outside of the loop. For (2), @tf.function has reduce_retracing=True option that can avoid unnecessary retracing. For (3), please refer to https://www.tensorflow.org/guide/function#controlling_retracing and https://www.tensorflow.org/api_docs/python/tf/function for  more details.
WARNING:tensorflow:6 out of the last 8 calls to <function TensorFlowTrainer.make_predict_function.<locals>.one_step_on_data_distributed at 0x000001E792CD7740> triggered tf.function retracing. Tracing is expensive and the excessive number of tracings could be due to (1) creating @tf.function repeatedly in a loop, (2) passing tensors with different shapes, (3) passing Python objects instead of tensors. For (1), please define your @tf.function outside of the loop. For (2), @tf.function has reduce_retracing=True option that can avoid unnecessary retracing. For (3), please refer to https://www.tensorflow.org/guide/function#controlling_retracing and https://www.tensorflow.org/api_docs/python/tf/function for  more details.
clgrid_20-15-10_adam_cl_start_s2035: 142 s, epochs used 0 29 66 13 43 52 145 41 3 6 0 4 5 5 0 0 0 0 0, loss 146020.9 (homogeneous 146289.3)
clgrid_20_sgd_cl_start_s2036: 628 s, epochs used 0 500 500 500 500 500 500 500 0 500 8 500 500 4 0 0 0 0 0, loss 146051.8 (homogeneous 146289.3)
clgrid_20-20-15_rmsprop_cl_paper_s2036: 246 s, epochs used 100 100 100 100 100 100 100 100 100 100 100 100 100 100 100 100 100 100 100, loss 142285.2 (homogeneous 146289.3)
clgrid_20-15-10_sgd_cl_start_s2036: 734 s, epochs used 0 500 500 500 500 500 500 500 0 500 154 500 500 45 0 0 0 0 493, loss 146121.9 (homogeneous 146289.3)
clgrid_20_rmsprop_cl_start_s2037: 123 s, epochs used 0 56 106 23 30 61 42 44 3 39 0 6 15 0 0 0 0 0 0, loss 145972.0 (homogeneous 146289.3)
clgrid_20_adamw_cl_paper_s2037: 244 s, epochs used 100 100 100 100 100 100 100 100 100 100 100 100 100 100 100 100 100 100 100, loss 144335.3 (homogeneous 146289.3)
clgrid_20-20-15_adadelta_cl_start_s2037: 230 s, epochs used 0 67 160 65 32 90 283 209 1 240 0 1 49 0 0 0 0 0 0, loss 145996.0 (homogeneous 146289.3)
clgrid_20-20-15_nadam_cl_paper_s2037: 266 s, epochs used 100 100 100 100 100 100 100 100 100 100 100 100 100 100 100 100 100 100 100, loss 140153.5 (homogeneous 146289.3)
==== 2026-10-09 16:01:18 start baseline.nncl.cl_grid slot 2
[1] 1200
WARNING: All log messages before absl::InitializeLog() is called are written to STDERR
I0000 00:00:1791554485.705984   17856 port.cc:153] oneDNN custom operations are on. You may see slightly different numerical results due to floating-point round-off errors from different computation orders. To turn them off, set the environment variable `TF_ENABLE_ONEDNN_OPTS=0`.
WARNING: All log messages before absl::InitializeLog() is called are written to STDERR
I0000 00:00:1791554489.995779   17856 port.cc:153] oneDNN custom operations are on. You may see slightly different numerical results due to floating-point round-off errors from different computation orders. To turn them off, set the environment variable `TF_ENABLE_ONEDNN_OPTS=0`.
WARNING:tensorflow:From C:\Users\26196425\Work\MASTER~3\env\Lib\site-packages\keras\src\backend\common\global_state.py:82: The name tf.reset_default_graph is deprecated. Please use tf.compat.v1.reset_default_graph instead.

WARNING:tensorflow:TensorFlow GPU support is not available on native Windows for TensorFlow >= 2.11. Even if CUDA/cuDNN are installed, GPU will not be used. Please use WSL2 or the TensorFlow-DirectML plugin.
WARNING:tensorflow:5 out of the last 7 calls to <function TensorFlowTrainer.make_predict_function.<locals>.one_step_on_data_distributed at 0x000001F236DEF880> triggered tf.function retracing. Tracing is expensive and the excessive number of tracings could be due to (1) creating @tf.function repeatedly in a loop, (2) passing tensors with different shapes, (3) passing Python objects instead of tensors. For (1), please define your @tf.function outside of the loop. For (2), @tf.function has reduce_retracing=True option that can avoid unnecessary retracing. For (3), please refer to https://www.tensorflow.org/guide/function#controlling_retracing and https://www.tensorflow.org/api_docs/python/tf/function for  more details.
WARNING:tensorflow:6 out of the last 8 calls to <function TensorFlowTrainer.make_predict_function.<locals>.one_step_on_data_distributed at 0x000001F236DEF880> triggered tf.function retracing. Tracing is expensive and the excessive number of tracings could be due to (1) creating @tf.function repeatedly in a loop, (2) passing tensors with different shapes, (3) passing Python objects instead of tensors. For (1), please define your @tf.function outside of the loop. For (2), @tf.function has reduce_retracing=True option that can avoid unnecessary retracing. For (3), please refer to https://www.tensorflow.org/guide/function#controlling_retracing and https://www.tensorflow.org/api_docs/python/tf/function for  more details.
clgrid_20-15-10_adam_cl_paper_s2037: 256 s, epochs used 100 100 100 100 100 100 100 100 100 100 100 100 100 100 100 100 100 100 100, loss 143605.4 (homogeneous 146289.3)
clgrid_20_sgd_nesterov_cl_start_s2038: 230 s, epochs used 0 57 34 22 60 189 500 500 0 45 0 51 22 8 0 0 0 0 0, loss 146028.2 (homogeneous 146289.3)
clgrid_20_adamw_cl_start_s2038: 108 s, epochs used 0 32 58 14 26 11 60 10 1 7 0 7 2 8 0 0 0 0 0, loss 146003.7 (homogeneous 146289.3)
clgrid_20-20-15_sgd_momentum_cl_start_s2038: 426 s, epochs used 0 206 500 75 500 317 500 500 10 210 16 53 172 14 0 0 1 0 11, loss 146009.0 (homogeneous 146289.3)
clgrid_20-15-10_sgd_cl_paper_s2038: 237 s, epochs used 100 100 100 100 100 100 100 100 100 100 100 100 100 100 100 100 100 100 100, loss 145843.9 (homogeneous 146289.3)
clgrid_20-15-10_rmsprop_cl_start_s2038: 240 s, epochs used 0 30 82 16 239 225 456 254 2 3 0 35 17 0 0 0 0 0 0, loss 145971.0 (homogeneous 146289.3)
clgrid_20_sgd_momentum_cl_paper_s2039: 239 s, epochs used 100 100 100 100 100 100 100 100 100 100 100 100 100 100 100 100 100 100 100, loss 144899.2 (homogeneous 146289.3)
clgrid_20_adam_cl_start_s2039: 162 s, epochs used 0 69 69 33 30 44 51 83 0 26 0 10 5 22 0 0 0 0 0, loss 145952.5 (homogeneous 146289.3)
==== 2026-10-09 16:36:37 start baseline.nncl.cl_grid slot 2
[1] 1200
WARNING: All log messages before absl::InitializeLog() is called are written to STDERR
I0000 00:00:1791556604.350589    3968 port.cc:153] oneDNN custom operations are on. You may see slightly different numerical results due to floating-point round-off errors from different computation orders. To turn them off, set the environment variable `TF_ENABLE_ONEDNN_OPTS=0`.
WARNING: All log messages before absl::InitializeLog() is called are written to STDERR
I0000 00:00:1791556608.611829    3968 port.cc:153] oneDNN custom operations are on. You may see slightly different numerical results due to floating-point round-off errors from different computation orders. To turn them off, set the environment variable `TF_ENABLE_ONEDNN_OPTS=0`.
WARNING:tensorflow:From C:\Users\26196425\Work\MASTER~3\env\Lib\site-packages\keras\src\backend\common\global_state.py:82: The name tf.reset_default_graph is deprecated. Please use tf.compat.v1.reset_default_graph instead.

WARNING:tensorflow:TensorFlow GPU support is not available on native Windows for TensorFlow >= 2.11. Even if CUDA/cuDNN are installed, GPU will not be used. Please use WSL2 or the TensorFlow-DirectML plugin.
WARNING:tensorflow:5 out of the last 7 calls to <function TensorFlowTrainer.make_predict_function.<locals>.one_step_on_data_distributed at 0x0000025FD0CC8360> triggered tf.function retracing. Tracing is expensive and the excessive number of tracings could be due to (1) creating @tf.function repeatedly in a loop, (2) passing tensors with different shapes, (3) passing Python objects instead of tensors. For (1), please define your @tf.function outside of the loop. For (2), @tf.function has reduce_retracing=True option that can avoid unnecessary retracing. For (3), please refer to https://www.tensorflow.org/guide/function#controlling_retracing and https://www.tensorflow.org/api_docs/python/tf/function for  more details.
WARNING:tensorflow:6 out of the last 8 calls to <function TensorFlowTrainer.make_predict_function.<locals>.one_step_on_data_distributed at 0x0000025FD0CC8360> triggered tf.function retracing. Tracing is expensive and the excessive number of tracings could be due to (1) creating @tf.function repeatedly in a loop, (2) passing tensors with different shapes, (3) passing Python objects instead of tensors. For (1), please define your @tf.function outside of the loop. For (2), @tf.function has reduce_retracing=True option that can avoid unnecessary retracing. For (3), please refer to https://www.tensorflow.org/guide/function#controlling_retracing and https://www.tensorflow.org/api_docs/python/tf/function for  more details.
clgrid_20-20-15_sgd_momentum_cl_start_s2039: 485 s, epochs used 3 500 500 105 435 499 500 500 3 17 10 11 500 9 0 0 0 0 0, loss 145975.6 (homogeneous 146289.3)
clgrid_20-15-10_sgd_momentum_cl_paper_s2039: 244 s, epochs used 100 100 100 100 100 100 100 100 100 100 100 100 100 100 100 100 100 100 100, loss 145652.7 (homogeneous 146289.3)
clgrid_20-15-10_adam_cl_start_s2039: 156 s, epochs used 8 77 68 46 51 74 53 43 1 50 0 3 13 12 3 0 0 0 0, loss 145811.9 (homogeneous 146289.3)
clgrid_20_sgd_momentum_cl_start_s2040: 227 s, epochs used 0 500 20 48 23 201 500 23 6 24 4 18 44 8 0 0 0 0 11, loss 146059.2 (homogeneous 146289.3)
clgrid_20_adamw_cl_paper_s2040: 248 s, epochs used 100 100 100 100 100 100 100 100 100 100 100 100 100 100 100 100 100 100 100, loss 144617.5 (homogeneous 146289.3)
clgrid_20-20-15_sgd_nesterov_cl_start_s2040: 385 s, epochs used 0 500 23 39 500 500 500 54 2 22 0 18 500 26 0 0 0 0 21, loss 146074.6 (homogeneous 146289.3)
clgrid_20-15-10_sgd_nesterov_cl_paper_s2040: 247 s, epochs used 100 100 100 100 100 100 100 100 100 100 100 100 100 100 100 100 100 100 100, loss 145365.6 (homogeneous 146289.3)
clgrid_20-15-10_adamw_cl_paper_s2040: 262 s, epochs used 100 100 100 100 100 100 100 100 100 100 100 100 100 100 100 100 100 100 100, loss 143753.6 (homogeneous 146289.3)
==== 2026-10-09 17:17:53 start baseline.nncl.cl_grid slot 2
[1] 1200
WARNING: All log messages before absl::InitializeLog() is called are written to STDERR
I0000 00:00:1791559093.550672   16992 port.cc:153] oneDNN custom operations are on. You may see slightly different numerical results due to floating-point round-off errors from different computation orders. To turn them off, set the environment variable `TF_ENABLE_ONEDNN_OPTS=0`.
WARNING: All log messages before absl::InitializeLog() is called are written to STDERR
I0000 00:00:1791559127.812579   16992 port.cc:153] oneDNN custom operations are on. You may see slightly different numerical results due to floating-point round-off errors from different computation orders. To turn them off, set the environment variable `TF_ENABLE_ONEDNN_OPTS=0`.
WARNING:tensorflow:From C:\Users\26196425\Work\MASTER~3\env\Lib\site-packages\keras\src\backend\common\global_state.py:82: The name tf.reset_default_graph is deprecated. Please use tf.compat.v1.reset_default_graph instead.

WARNING:tensorflow:TensorFlow GPU support is not available on native Windows for TensorFlow >= 2.11. Even if CUDA/cuDNN are installed, GPU will not be used. Please use WSL2 or the TensorFlow-DirectML plugin.
WARNING:tensorflow:5 out of the last 7 calls to <function TensorFlowTrainer.make_predict_function.<locals>.one_step_on_data_distributed at 0x0000025CCDE3BE20> triggered tf.function retracing. Tracing is expensive and the excessive number of tracings could be due to (1) creating @tf.function repeatedly in a loop, (2) passing tensors with different shapes, (3) passing Python objects instead of tensors. For (1), please define your @tf.function outside of the loop. For (2), @tf.function has reduce_retracing=True option that can avoid unnecessary retracing. For (3), please refer to https://www.tensorflow.org/guide/function#controlling_retracing and https://www.tensorflow.org/api_docs/python/tf/function for  more details.
WARNING:tensorflow:6 out of the last 8 calls to <function TensorFlowTrainer.make_predict_function.<locals>.one_step_on_data_distributed at 0x0000025CCDE3BE20> triggered tf.function retracing. Tracing is expensive and the excessive number of tracings could be due to (1) creating @tf.function repeatedly in a loop, (2) passing tensors with different shapes, (3) passing Python objects instead of tensors. For (1), please define your @tf.function outside of the loop. For (2), @tf.function has reduce_retracing=True option that can avoid unnecessary retracing. For (3), please refer to https://www.tensorflow.org/guide/function#controlling_retracing and https://www.tensorflow.org/api_docs/python/tf/function for  more details.
clgrid_20_sgd_nesterov_cl_start_s2041: 334 s, epochs used 4 500 500 123 21 23 500 500 3 20 8 20 215 0 0 0 0 0 0, loss 145843.6 (homogeneous 146289.3)
clgrid_20-20-15_sgd_nesterov_cl_paper_s2041: 246 s, epochs used 100 100 100 100 100 100 100 100 100 100 100 100 100 100 100 100 100 100 100, loss 144855.8 (homogeneous 146289.3)
clgrid_20-20-15_adamw_cl_paper_s2041: 257 s, epochs used 100 100 100 100 100 100 100 100 100 100 100 100 100 100 100 100 100 100 100, loss 142577.4 (homogeneous 146289.3)
clgrid_20-15-10_adadelta_cl_paper_s2041: 254 s, epochs used 100 100 100 100 100 100 100 100 100 100 100 100 100 100 100 100 100 100 100, loss 149612.6 (homogeneous 146289.3)
clgrid_20-15-10_nadam_cl_paper_s2041: 269 s, epochs used 100 100 100 100 100 100 100 100 100 100 100 100 100 100 100 100 100 100 100, loss 143917.3 (homogeneous 146289.3)
clgrid_20_adam_cl_start_s2042: 177 s, epochs used 0 186 82 6 28 37 44 23 0 4 0 1 5 29 0 0 0 0 0, loss 145949.6 (homogeneous 146289.3)
clgrid_20-20-15_sgd_momentum_cl_paper_s2042: 246 s, epochs used 100 100 100 100 100 100 100 100 100 100 100 100 100 100 100 100 100 100 100, loss 145291.1 (homogeneous 146289.3)
clgrid_20-20-15_adamw_cl_start_s2042: 149 s, epochs used 0 77 68 59 41 48 43 42 1 5 0 1 10 0 0 4 0 0 0, loss 145932.3 (homogeneous 146289.3)
==== 2026-10-09 17:55:01 start baseline.nncl.cl_grid slot 2
[1] 1200
WARNING: All log messages before absl::InitializeLog() is called are written to STDERR
I0000 00:00:1791561308.041017    8720 port.cc:153] oneDNN custom operations are on. You may see slightly different numerical results due to floating-point round-off errors from different computation orders. To turn them off, set the environment variable `TF_ENABLE_ONEDNN_OPTS=0`.
WARNING: All log messages before absl::InitializeLog() is called are written to STDERR
I0000 00:00:1791561312.145225    8720 port.cc:153] oneDNN custom operations are on. You may see slightly different numerical results due to floating-point round-off errors from different computation orders. To turn them off, set the environment variable `TF_ENABLE_ONEDNN_OPTS=0`.
WARNING:tensorflow:From C:\Users\26196425\Work\MASTER~3\env\Lib\site-packages\keras\src\backend\common\global_state.py:82: The name tf.reset_default_graph is deprecated. Please use tf.compat.v1.reset_default_graph instead.

WARNING:tensorflow:TensorFlow GPU support is not available on native Windows for TensorFlow >= 2.11. Even if CUDA/cuDNN are installed, GPU will not be used. Please use WSL2 or the TensorFlow-DirectML plugin.
WARNING:tensorflow:5 out of the last 7 calls to <function TensorFlowTrainer.make_predict_function.<locals>.one_step_on_data_distributed at 0x0000014CB589C4A0> triggered tf.function retracing. Tracing is expensive and the excessive number of tracings could be due to (1) creating @tf.function repeatedly in a loop, (2) passing tensors with different shapes, (3) passing Python objects instead of tensors. For (1), please define your @tf.function outside of the loop. For (2), @tf.function has reduce_retracing=True option that can avoid unnecessary retracing. For (3), please refer to https://www.tensorflow.org/guide/function#controlling_retracing and https://www.tensorflow.org/api_docs/python/tf/function for  more details.
WARNING:tensorflow:6 out of the last 8 calls to <function TensorFlowTrainer.make_predict_function.<locals>.one_step_on_data_distributed at 0x0000014CB589C4A0> triggered tf.function retracing. Tracing is expensive and the excessive number of tracings could be due to (1) creating @tf.function repeatedly in a loop, (2) passing tensors with different shapes, (3) passing Python objects instead of tensors. For (1), please define your @tf.function outside of the loop. For (2), @tf.function has reduce_retracing=True option that can avoid unnecessary retracing. For (3), please refer to https://www.tensorflow.org/guide/function#controlling_retracing and https://www.tensorflow.org/api_docs/python/tf/function for  more details.
clgrid_20-15-10_sgd_nesterov_cl_paper_s2042: 242 s, epochs used 100 100 100 100 100 100 100 100 100 100 100 100 100 100 100 100 100 100 100, loss 145422.0 (homogeneous 146289.3)
clgrid_20-15-10_adamw_cl_paper_s2042: 255 s, epochs used 100 100 100 100 100 100 100 100 100 100 100 100 100 100 100 100 100 100 100, loss 143969.7 (homogeneous 146289.3)
clgrid_20_adadelta_cl_paper_s2043: 241 s, epochs used 100 100 100 100 100 100 100 100 100 100 100 100 100 100 100 100 100 100 100, loss 145395.4 (homogeneous 146289.3)
clgrid_20_nadam_cl_start_s2043: 129 s, epochs used 0 170 71 48 29 31 26 20 1 35 0 21 3 0 0 0 0 0 0, loss 145885.3 (homogeneous 146289.3)
clgrid_20-20-15_adadelta_cl_paper_s2043: 255 s, epochs used 100 100 100 100 100 100 100 100 100 100 100 100 100 100 100 100 100 100 100, loss 122069.7 (homogeneous 146289.3)
clgrid_20-20-15_adamax_cl_start_s2043: 166 s, epochs used 7 68 99 29 232 48 47 53 1 15 0 8 5 0 0 0 0 0 0, loss 145894.9 (homogeneous 146289.3)
clgrid_20-15-10_adadelta_cl_paper_s2043: 255 s, epochs used 100 100 100 100 100 100 100 100 100 100 100 100 100 100 100 100 100 100 100, loss 276602.9 (homogeneous 146289.3)
clgrid_20-15-10_adamax_cl_start_s2043: 166 s, epochs used 7 141 109 21 60 71 137 51 1 11 1 43 2 0 4 0 0 0 0, loss 145888.8 (homogeneous 146289.3)
==== 2026-10-09 18:27:34 start baseline.nncl.cl_grid slot 2
[1] 1200
WARNING: All log messages before absl::InitializeLog() is called are written to STDERR
I0000 00:00:1791563261.166479   11292 port.cc:153] oneDNN custom operations are on. You may see slightly different numerical results due to floating-point round-off errors from different computation orders. To turn them off, set the environment variable `TF_ENABLE_ONEDNN_OPTS=0`.
WARNING: All log messages before absl::InitializeLog() is called are written to STDERR
I0000 00:00:1791563264.867680   11292 port.cc:153] oneDNN custom operations are on. You may see slightly different numerical results due to floating-point round-off errors from different computation orders. To turn them off, set the environment variable `TF_ENABLE_ONEDNN_OPTS=0`.
WARNING:tensorflow:From C:\Users\26196425\Work\MASTER~3\env\Lib\site-packages\keras\src\backend\common\global_state.py:82: The name tf.reset_default_graph is deprecated. Please use tf.compat.v1.reset_default_graph instead.

WARNING:tensorflow:TensorFlow GPU support is not available on native Windows for TensorFlow >= 2.11. Even if CUDA/cuDNN are installed, GPU will not be used. Please use WSL2 or the TensorFlow-DirectML plugin.
WARNING:tensorflow:5 out of the last 7 calls to <function TensorFlowTrainer.make_predict_function.<locals>.one_step_on_data_distributed at 0x0000020BF9D3BEC0> triggered tf.function retracing. Tracing is expensive and the excessive number of tracings could be due to (1) creating @tf.function repeatedly in a loop, (2) passing tensors with different shapes, (3) passing Python objects instead of tensors. For (1), please define your @tf.function outside of the loop. For (2), @tf.function has reduce_retracing=True option that can avoid unnecessary retracing. For (3), please refer to https://www.tensorflow.org/guide/function#controlling_retracing and https://www.tensorflow.org/api_docs/python/tf/function for  more details.
WARNING:tensorflow:6 out of the last 8 calls to <function TensorFlowTrainer.make_predict_function.<locals>.one_step_on_data_distributed at 0x0000020BF9D3BEC0> triggered tf.function retracing. Tracing is expensive and the excessive number of tracings could be due to (1) creating @tf.function repeatedly in a loop, (2) passing tensors with different shapes, (3) passing Python objects instead of tensors. For (1), please define your @tf.function outside of the loop. For (2), @tf.function has reduce_retracing=True option that can avoid unnecessary retracing. For (3), please refer to https://www.tensorflow.org/guide/function#controlling_retracing and https://www.tensorflow.org/api_docs/python/tf/function for  more details.
clgrid_20_adagrad_cl_start_s2044: 400 s, epochs used 0 305 372 8 441 143 500 125 10 500 2 23 500 0 0 8 0 0 0, loss 145975.1 (homogeneous 146289.3)
clgrid_20-20-15_sgd_nesterov_cl_paper_s2044: 248 s, epochs used 100 100 100 100 100 100 100 100 100 100 100 100 100 100 100 100 100 100 100, loss 145172.3 (homogeneous 146289.3)
clgrid_20-20-15_adamw_cl_paper_s2044: 256 s, epochs used 100 100 100 100 100 100 100 100 100 100 100 100 100 100 100 100 100 100 100, loss 143305.3 (homogeneous 146289.3)
clgrid_20-15-10_adadelta_cl_paper_s2044: 257 s, epochs used 100 100 100 100 100 100 100 100 100 100 100 100 100 100 100 100 100 100 100, loss 144149.2 (homogeneous 146289.3)
clgrid_20-15-10_adamax_cl_start_s2044: 224 s, epochs used 0 165 0 79 338 68 287 79 1 79 6 32 2 7 3 3 0 0 0, loss 145922.0 (homogeneous 146289.3)
clgrid_20_adagrad_cl_start_s2045: 472 s, epochs used 0 500 253 34 23 500 500 500 1 500 1 500 198 0 0 0 0 0 0, loss 145965.0 (homogeneous 146289.3)
clgrid_20-20-15_adadelta_cl_paper_s2045: 254 s, epochs used 100 100 100 100 100 100 100 100 100 100 100 100 100 100 100 100 100 100 100, loss 143975.5 (homogeneous 146289.3)
clgrid_20-15-10_sgd_momentum_cl_start_s2045: 173 s, epochs used 0 66 27 14 163 5 500 34 6 16 0 18 8 12 0 0 0 18 0, loss 146177.5 (homogeneous 146289.3)
==== 2026-10-09 19:09:31 start baseline.nncl.cl_grid slot 2
[1] 1200
WARNING: All log messages before absl::InitializeLog() is called are written to STDERR
I0000 00:00:1791565778.450296    9468 port.cc:153] oneDNN custom operations are on. You may see slightly different numerical results due to floating-point round-off errors from different computation orders. To turn them off, set the environment variable `TF_ENABLE_ONEDNN_OPTS=0`.
WARNING: All log messages before absl::InitializeLog() is called are written to STDERR
I0000 00:00:1791565782.532932    9468 port.cc:153] oneDNN custom operations are on. You may see slightly different numerical results due to floating-point round-off errors from different computation orders. To turn them off, set the environment variable `TF_ENABLE_ONEDNN_OPTS=0`.
WARNING:tensorflow:From C:\Users\26196425\Work\MASTER~3\env\Lib\site-packages\keras\src\backend\common\global_state.py:82: The name tf.reset_default_graph is deprecated. Please use tf.compat.v1.reset_default_graph instead.

WARNING:tensorflow:TensorFlow GPU support is not available on native Windows for TensorFlow >= 2.11. Even if CUDA/cuDNN are installed, GPU will not be used. Please use WSL2 or the TensorFlow-DirectML plugin.
WARNING:tensorflow:5 out of the last 7 calls to <function TensorFlowTrainer.make_predict_function.<locals>.one_step_on_data_distributed at 0x000002573CEF3880> triggered tf.function retracing. Tracing is expensive and the excessive number of tracings could be due to (1) creating @tf.function repeatedly in a loop, (2) passing tensors with different shapes, (3) passing Python objects instead of tensors. For (1), please define your @tf.function outside of the loop. For (2), @tf.function has reduce_retracing=True option that can avoid unnecessary retracing. For (3), please refer to https://www.tensorflow.org/guide/function#controlling_retracing and https://www.tensorflow.org/api_docs/python/tf/function for  more details.
WARNING:tensorflow:6 out of the last 8 calls to <function TensorFlowTrainer.make_predict_function.<locals>.one_step_on_data_distributed at 0x000002573CEF3880> triggered tf.function retracing. Tracing is expensive and the excessive number of tracings could be due to (1) creating @tf.function repeatedly in a loop, (2) passing tensors with different shapes, (3) passing Python objects instead of tensors. For (1), please define your @tf.function outside of the loop. For (2), @tf.function has reduce_retracing=True option that can avoid unnecessary retracing. For (3), please refer to https://www.tensorflow.org/guide/function#controlling_retracing and https://www.tensorflow.org/api_docs/python/tf/function for  more details.
clgrid_20-15-10_adam_cl_paper_s2045: 251 s, epochs used 100 100 100 100 100 100 100 100 100 100 100 100 100 100 100 100 100 100 100, loss 143790.5 (homogeneous 146289.3)
