==== 2026-10-09 11:26:57 start baseline.nncl.grid.analysis slot 8
runs of the grids
   grid cl_grid 
   1200       0 
nagging predictors 
               120 
       AY  dev_0  dev_1  dev_2  dev_3  dev_4  dev_5  dev_6  dev_7  dev_8  dev_9
    <int>  <num>  <num>  <num>  <num>  <num>  <num>  <num>  <num>  <num>  <num>
 1:     1  793.2 2008.1 2613.2 3002.8 3179.6 3304.4 3382.1 3440.7 3459.8 3494.9
 2:     2  744.9 1963.4 2611.9 2967.5 3165.7 3286.6 3372.7 3429.8 3453.4 3478.8
 3:     3  801.4 2311.5 2968.9 3387.2 3643.9 3779.6 3847.9 3910.8 3940.9 3958.3
 4:     4  820.8 2023.2 2693.5 3066.7 3306.9 3484.7 3561.3 3631.7 3679.2 3722.5
 5:     5  833.6 2028.9 2693.1 3056.6 3294.3 3417.5 3486.3 3540.6 3583.6 3606.8
 6:     6  872.1 2145.6 2882.1 3258.6 3517.9 3658.8 3746.8 3797.2 3859.5 3887.6
 7:     7  898.2 2231.9 2938.2 3314.5 3568.5 3749.4 3859.2 3910.4 3934.7 3954.7
 8:     8  886.1 2203.7 2897.7 3304.1 3537.9 3736.0 3810.7 3856.9 3886.2 3897.6
 9:     9  891.7 2201.9 2923.5 3417.3 3669.3 3829.1 3897.5 3973.9 4012.4 4038.7
10:    10  897.8 2269.8 3077.0 3491.4 3787.0 3939.9 4035.8 4084.5 4146.8 4176.1
11:    11  940.4 2371.5 3158.3 3579.4 3881.4 4021.3 4120.2 4189.3 4235.0 4247.0
12:    12  952.7 2417.4 3252.8 3680.4 3955.6 4106.2 4178.9 4235.5 4271.0     NA
13:    13  999.6 2482.9 3294.7 3728.5 4003.9 4148.3 4244.7 4314.4     NA     NA
14:    14  921.2 2500.2 3255.5 3715.9 3995.2 4202.6 4300.2     NA     NA     NA
15:    15  978.4 2518.7 3419.1 3878.5 4133.8 4282.9     NA     NA     NA     NA
16:    16  989.1 2484.3 3323.4 3816.9 4071.6     NA     NA     NA     NA     NA
17:    17 1038.1 2654.1 3497.9 3945.0     NA     NA     NA     NA     NA     NA
18:    18 1072.4 2665.6 3534.7     NA     NA     NA     NA     NA     NA     NA
19:    19 1103.0 2746.1     NA     NA     NA     NA     NA     NA     NA     NA
20:    20 1055.8     NA     NA     NA     NA     NA     NA     NA     NA     NA
       AY  dev_0  dev_1  dev_2  dev_3  dev_4  dev_5  dev_6  dev_7  dev_8  dev_9
    <int>  <num>  <num>  <num>  <num>  <num>  <num>  <num>  <num>  <num>  <num>
    dev_10 dev_11 dev_12 dev_13 dev_14 dev_15 dev_16 dev_17 dev_18 dev_19
     <num>  <num>  <num>  <num>  <num>  <num>  <num>  <num>  <num>  <num>
 1: 3511.2 3521.5 3530.7 3535.4 3536.7 3538.1 3542.7 3543.0 3543.0 3543.1
 2: 3495.0 3509.6 3518.2 3522.9 3527.9 3528.6 3530.2 3541.7 3541.7     NA
 3: 3974.2 3984.6 3986.7 3989.9 3991.1 3991.3 3993.5 3993.6     NA     NA
 4: 3750.1 3755.4 3770.8 3772.0 3775.0 3781.6 3783.0     NA     NA     NA
 5: 3632.6 3643.6 3650.7 3656.9 3659.5 3659.9     NA     NA     NA     NA
 6: 3908.1 3914.3 3925.0 3935.6 3938.5     NA     NA     NA     NA     NA
 7: 3969.7 3978.1 3984.5 3990.4     NA     NA     NA     NA     NA     NA
 8: 3919.4 3927.0 3935.2     NA     NA     NA     NA     NA     NA     NA
 9: 4051.1 4056.2     NA     NA     NA     NA     NA     NA     NA     NA
10: 4228.4     NA     NA     NA     NA     NA     NA     NA     NA     NA
11:     NA     NA     NA     NA     NA     NA     NA     NA     NA     NA
12:     NA     NA     NA     NA     NA     NA     NA     NA     NA     NA
13:     NA     NA     NA     NA     NA     NA     NA     NA     NA     NA
14:     NA     NA     NA     NA     NA     NA     NA     NA     NA     NA
15:     NA     NA     NA     NA     NA     NA     NA     NA     NA     NA
16:     NA     NA     NA     NA     NA     NA     NA     NA     NA     NA
17:     NA     NA     NA     NA     NA     NA     NA     NA     NA     NA
18:     NA     NA     NA     NA     NA     NA     NA     NA     NA     NA
19:     NA     NA     NA     NA     NA     NA     NA     NA     NA     NA
20:     NA     NA     NA     NA     NA     NA     NA     NA     NA     NA
    dev_10 dev_11 dev_12 dev_13 dev_14 dev_15 dev_16 dev_17 dev_18 dev_19
     <num>  <num>  <num>  <num>  <num>  <num>  <num>  <num>  <num>  <num>
    ultimate
       <num>
 1:   3543.1
 2:   3542.0
 3:   3994.0
 4:   3783.9
 5:   3663.0
 6:   3941.0
 7:   3995.6
 8:   3945.8
 9:   4065.8
10:   4274.3
11:   4284.8
12:   4357.8
13:   4421.4
14:   4555.9
15:   4607.0
16:   4603.1
17:   4721.5
18:   4848.8
19:   4896.9
20:   5019.9
    ultimate
       <num>
        AY   true      NN NN_zero_claims     CL msep_sqrt
    <char>  <num>   <num>          <num>  <num>     <num>
 1:      1    0.0     0.0            0.0    0.0       0.0
 2:      2    0.3   -25.0            0.0    0.1       0.0
 3:      3    0.3    -1.9            0.0    0.1       0.0
 4:      4    0.9   -16.9            0.0    4.1       7.9
 5:      5    3.1    24.0            0.0    6.4       7.9
 6:      6    2.5    45.8            0.0    8.9       8.8
 7:      7    5.2    29.7            0.0   11.9       9.1
 8:      8   10.6    79.9            0.0   17.2       9.5
 9:      9    9.5    67.0            0.0   26.8      10.6
10:     10   46.0   140.7            0.0   37.8      11.6
11:     11   37.8   122.8            0.0   63.0      16.8
12:     12   86.8   153.8            0.0   91.3      20.6
13:     13  107.0   164.2            0.0  136.4      26.0
14:     14  255.7   269.7            0.0  205.0      28.5
15:     15  324.1   418.5            0.0  304.7      32.3
16:     16  531.5   668.5            0.0  473.8      44.1
17:     17  776.5   929.2            0.0  785.0      53.5
18:     18 1314.1  1545.5            4.7 1288.5      67.5
19:     19 2150.7  2559.2            8.8 2225.3      95.7
20:     20 3964.0  4104.9           61.7 3793.1     209.1
21:  total 9626.8 11279.7           75.3 9479.4     285.4
        AY   true      NN NN_zero_claims     CL msep_sqrt
    <char>  <num>   <num>          <num>  <num>     <num>
Key: <i>
        i cells zero_cells zero_claims  true NN_zero_claims
    <int> <int>      <int>       <int> <num>          <num>
 1:     2   163          0           0   0.0            0.0
 2:     3   164          0           0   0.0            0.0
 3:     4   169          0           0   0.0            0.0
 4:     5   166          0           0   0.0            0.0
 5:     6   163          0           0   0.0            0.0
 6:     7   173          0           0   0.0            0.0
 7:     8   172          0           0   0.0            0.0
 8:     9   167          0           0   0.0            0.0
 9:    10   168          0           0   0.0            0.0
10:    11   162          0           0   0.0            0.0
11:    12   172          0           0   0.0            0.0
12:    13   167          0           0   0.0            0.0
13:    14   172          0           0   0.0            0.0
14:    15   166          0           0   0.0            0.0
15:    16   169          0           0   0.0            0.0
16:    17   161          0           0   0.0            0.0
17:    18   172          0           0   0.0            4.7
18:    19   173          3           4  15.7            8.8
19:    20   164         13          19  29.2           61.7
Key: <model>
         model        1       2      3      4      5      6      7     8     9
        <fctr>    <num>   <num>  <num>  <num>  <num>  <num>  <num> <num> <num>
1: homogeneous 122010.6  9756.0 4164.3 3955.7 3797.9 1352.9  633.9 144.8 272.2
2:    paper_q5 141986.6 10984.4 4992.2 4736.1 4455.7 1937.8 1177.2 636.5 707.7
3:   paper_q10 124587.1  9617.4 4132.6 3940.4 3826.3 1401.2  670.8 186.1 311.4
4:   paper_q20 121098.1  9616.3 4099.3 3910.8 3779.1 1370.3  647.8 165.8 288.9
      10    11    12    13    14    15    16    17    18    19
   <num> <num> <num> <num> <num> <num> <num> <num> <num> <num>
1:  85.6  44.4  16.4   8.0   5.8   1.2   0.4  39.2   0.0   0.0
2: 485.0 390.5 323.4 274.6 229.0 185.5 149.9 151.1  71.9  36.4
3: 120.6  77.6  44.6  33.3  28.6  20.3  15.6  53.1   7.4   3.6
4:  98.2  60.1  29.6  18.5  15.8   9.5   7.2  43.3   3.1   1.5
             run   true     CL reserve zero_claims zero_claims_pooled     loss
          <char>  <num>  <num>   <num>       <num>              <num>    <num>
1:      paper_q5 9626.8 9479.4 55587.9        75.3                  0 173911.5
2:     paper_q10 9626.8 9479.4 12746.2        75.3                  0 149078.0
3:     paper_q20 9626.8 9479.4 11279.7        75.3                  0 145263.3
4:       s1_adam 9626.8 9479.4 11731.4        75.3                  0 147300.4
5: s2_early_stop 9626.8 9479.4 10580.8        75.3                  0 146902.5
6:   s3_cl_start 9626.8 9479.4  9585.4        75.3                  0 145916.8
7:    s4_balance 9626.8 9479.4  9516.8        75.3                  0 145916.8
   loss_vali bias_pct bias_cl_pct
       <num>    <num>       <num>
1:   18102.5    477.4        -1.5
2:   15478.9     32.4        -1.5
3:   15690.5     17.2        -1.5
4:   15693.1     21.9        -1.5
5:   15671.1      9.9        -1.5
6:   15210.9     -0.4        -1.5
7:   15210.8     -1.1        -1.5
      hidden    optimizer   training seeds diverged reserve_mean reserve_sd
      <char>       <char>     <char> <int>    <int>        <num>      <num>
 1:       20          sgd early_stop    20        0     20922.39   17282.69
 2:       20 sgd_momentum early_stop    20        0      8234.35    7740.59
 3:       20 sgd_nesterov early_stop    20        0      9208.65    4624.94
 4:       20      adagrad early_stop    20        0      9510.58    2097.37
 5:       20     adadelta early_stop    20        0     12654.78    7365.85
 6:       20      rmsprop early_stop    20        0      8475.50    7057.96
 7:       20         adam early_stop    20        0     11799.00   11267.13
 8:       20        adamw early_stop    20        0     11787.15   11259.32
 9:       20       adamax early_stop    20        0     15833.01   16995.88
10:       20        nadam early_stop    20        0     11935.14   11020.95
11: 20-20-15          sgd early_stop    20        0     13445.37    3245.39
12: 20-20-15 sgd_momentum early_stop    20        0      9177.76    4192.74
13: 20-20-15 sgd_nesterov early_stop    20        0      9578.54    2726.40
14: 20-20-15      adagrad early_stop    20        0      9286.60    3520.82
15: 20-20-15     adadelta early_stop    20        0      9417.64    2145.04
16: 20-20-15      rmsprop early_stop    20        0      6957.62    2606.00
17: 20-20-15         adam early_stop    20        0      8995.04    2925.71
18: 20-20-15        adamw early_stop    20        0      8985.40    2926.64
19: 20-20-15       adamax early_stop    20        0     11537.60    3157.77
20: 20-20-15        nadam early_stop    20        0      9987.62     701.19
21: 20-15-10          sgd early_stop    20        0     15846.24    4088.09
22: 20-15-10 sgd_momentum early_stop    20        0     10202.10    6162.89
23: 20-15-10 sgd_nesterov early_stop    20        0      9845.86    3638.06
24: 20-15-10      adagrad early_stop    20        0      9088.81    5388.61
25: 20-15-10     adadelta early_stop    20        0     11810.58    9268.67
26: 20-15-10      rmsprop early_stop    20        0      8779.49    6644.61
27: 20-15-10         adam early_stop    20        0     12240.87    9661.48
28: 20-15-10        adamw early_stop    20        0     12227.87    9646.46
29: 20-15-10       adamax early_stop    20        0     14980.75   16096.66
30: 20-15-10        nadam early_stop    20        0     12473.55    9673.26
31:       20          sgd      paper    20        0    190202.46  350271.62
32:       20 sgd_momentum      paper    20        0     12503.92    1892.51
33:       20 sgd_nesterov      paper    20        0     12664.95    2264.33
34:       20      adagrad      paper    20        0     14572.01    7305.53
35:       20     adadelta      paper    20        0     56240.79  130912.20
36:       20      rmsprop      paper    20        0     14569.78    6166.92
37:       20         adam      paper    20        0     56394.60  114242.48
38:       20        adamw      paper    20        0     56237.69  113759.73
39:       20       adamax      paper    20        0    986785.68 3869422.00
40:       20        nadam      paper    20        0     79278.40  187786.10
41: 20-20-15          sgd      paper    20        0     31310.86   11941.37
42: 20-20-15 sgd_momentum      paper    20        0     10729.89    1058.61
43: 20-20-15 sgd_nesterov      paper    20        0     10910.44     802.93
44: 20-20-15      adagrad      paper    20        0     11566.43    1553.26
45: 20-20-15     adadelta      paper    20        0     11408.82    4340.45
46: 20-20-15      rmsprop      paper    20        0     14008.85    6268.41
47: 20-20-15         adam      paper    20        0     12243.55    2788.02
48: 20-20-15        adamw      paper    20        0     12234.43    2779.95
49: 20-20-15       adamax      paper    20        0     32279.90   54189.94
50: 20-20-15        nadam      paper    20        0     12351.23    2949.67
51: 20-15-10          sgd      paper    20        0     55003.05   49024.49
52: 20-15-10 sgd_momentum      paper    20        0     11648.56    1091.59
53: 20-15-10 sgd_nesterov      paper    20        0     11946.19    1264.86
54: 20-15-10      adagrad      paper    20        0     13011.27    2778.61
55: 20-15-10     adadelta      paper    20        0     19014.84   23831.94
56: 20-15-10      rmsprop      paper    20        0     11953.68    5157.94
57: 20-15-10         adam      paper    20        0     18750.26   22055.47
58: 20-15-10        adamw      paper    20        0     18719.31   21990.23
59: 20-15-10       adamax      paper    20        0    145792.79  474738.28
60: 20-15-10        nadam      paper    20        0     22189.29   32729.51
      hidden    optimizer   training seeds diverged reserve_mean reserve_sd
      <char>       <char>     <char> <int>    <int>        <num>      <num>
    bias_pct_mean bias_pct_sd bias_pct_min bias_pct_median bias_pct_max
            <num>       <num>        <num>           <num>        <num>
 1:        117.34      179.53      -197.03           62.77       626.34
 2:        -14.46       80.41      -188.61           -0.55       144.92
 3:         -4.34       48.04      -142.56            6.92        58.52
 4:         -1.21       21.79       -61.06            5.18        15.18
 5:         31.45       76.51       -44.31           11.54       236.15
 6:        -11.96       73.32      -253.29          -14.51       164.13
 7:         22.56      117.04      -252.03           10.30       264.99
 8:         22.44      116.96      -252.11           10.18       264.72
 9:         64.47      176.55      -249.09           17.84       560.30
10:         23.98      114.48      -251.26            9.39       264.47
11:         39.67       33.71        15.03           28.70       164.33
12:         -4.66       43.55      -129.39           -1.94        59.36
13:         -0.50       28.32      -108.26            3.41        47.53
14:         -3.53       36.57      -124.43            5.34        28.89
15:         -2.17       22.28       -57.66           -6.11        43.00
16:        -27.73       27.07       -78.99          -23.95        30.63
17:         -6.56       30.39      -115.78            3.01        18.95
18:         -6.66       30.40      -116.05            2.96        18.26
19:         19.85       32.80       -19.65           12.07       110.84
20:          3.75        7.28        -9.74            2.69        26.53
21:         64.61       42.47       -44.23           66.37       130.61
22:          5.98       64.02       -80.95           11.78       214.36
23:          2.28       37.79       -68.04            4.27        80.49
24:         -5.59       55.98      -195.20            5.64        64.14
25:         22.68       96.28       -70.92            9.71       406.86
26:         -8.80       69.02       -86.21          -16.30       267.80
27:         27.15      100.36       -82.67            6.07       430.23
28:         27.02      100.20       -82.68            6.03       429.46
29:         55.62      167.21       -74.61           10.06       734.73
30:         29.57      100.48       -81.15            5.31       435.56
31:       1875.76     3638.51       166.77          569.86     16306.55
32:         29.89       19.66        -0.35           26.40        89.05
33:         31.56       23.52         1.35           24.77        89.31
34:         51.37       75.89         8.07           22.82       316.14
35:        484.21     1359.88         2.05           65.11      5762.62
36:         51.35       64.06       -19.68           28.58       252.31
37:        485.81     1186.72        -2.47          106.60      4976.16
38:        484.18     1181.70        -2.52          106.37      4953.35
39:      10150.43    40194.37        16.08          379.09    180387.47
40:        723.52     1950.66         3.64          146.94      8482.97
41:        225.25      124.04        76.84          214.23       560.37
42:         11.46       11.00        -2.58            9.21        43.44
43:         13.33        8.34         3.23           12.49        41.31
44:         20.15       16.13         0.34           15.43        65.30
45:         18.51       45.09       -87.23           18.43       125.86
46:         45.52       65.11       -98.05           39.44       202.37
47:         27.18       28.96         0.24           15.49       118.74
48:         27.09       28.88         0.23           15.42       118.40
49:        235.31      562.91         2.46           41.63      2480.17
50:         28.30       30.64        -0.19           17.27       124.07
51:        471.35      509.25       108.13          256.61      1960.83
52:         21.00       11.34         4.50           23.37        42.06
53:         24.09       13.14         4.64           23.85        57.25
54:         35.16       28.86         6.23           27.36       134.94
55:         97.52      247.56       -86.31           16.20      1057.92
56:         24.17       53.58      -100.85           26.28       133.55
57:         94.77      229.11         4.08           20.71       993.42
58:         94.45      228.43         4.00           20.64       990.63
59:       1414.45     4931.44        15.54           45.51     21990.12
60:        130.50      339.98         6.90           20.11      1475.81
    bias_pct_mean bias_pct_sd bias_pct_min bias_pct_median bias_pct_max
            <num>       <num>        <num>           <num>        <num>
    closer_than_cl nagging_bias_pct_1 nagging_bias_pct_2
             <num>              <num>              <num>
 1:           0.00             -23.73              -2.88
 2:           0.00             -74.67              20.05
 3:           0.00             -39.60               6.98
 4:           0.10             -18.30              -9.80
 5:           0.00             -20.90              46.52
 6:           0.05              -7.25             -31.85
 7:           0.10              -5.30              18.67
 8:           0.10              -5.30              18.71
 9:           0.20              -9.54               9.48
10:           0.05              -2.70              18.03
11:           0.00              -2.86               1.88
12:           0.05              -2.71             -23.51
13:           0.10              -2.22             -15.66
14:           0.05              -2.39             -22.04
15:           0.05             -25.80             -18.23
16:           0.00             -32.26             -39.80
17:           0.00              -6.17             -23.44
18:           0.00              -6.17             -23.44
19:           0.15              -1.19               2.17
20:           0.05              -5.71              -2.46
21:           0.00             -11.49               0.33
22:           0.00             -24.17               4.89
23:           0.10             -21.75               5.36
24:           0.15             -16.90             -19.78
25:           0.05              17.76             -20.59
26:           0.10              -5.13             -23.92
27:           0.05              36.64              -8.18
28:           0.05              36.63              -8.18
29:           0.15              23.49              -7.61
30:           0.10              37.18              -4.53
31:           0.00             -50.21             -57.65
32:           0.05               2.88               1.31
33:           0.05               0.89              -1.14
34:           0.00              -8.88             -15.42
35:           0.00              12.96             -10.27
36:           0.00              -4.54               4.28
37:           0.00              -7.10             -52.70
38:           0.00              -7.10             -52.65
39:           0.00              49.91             -44.09
40:           0.00              -5.12             -58.93
41:           0.00              -8.05             -17.48
42:           0.10              -1.64              -3.03
43:           0.00              -2.26              -3.35
44:           0.05              -2.58              -5.33
45:           0.05             -10.53             -14.01
46:           0.00              68.99              -6.43
47:           0.10              -8.23              -7.47
48:           0.10              -8.24              -7.45
49:           0.00             -17.87             -25.15
50:           0.10             -10.08              -9.78
51:           0.00             -10.95              -6.99
52:           0.00               2.86              -1.12
53:           0.00               1.65              -1.68
54:           0.00              -3.82              -4.70
55:           0.00             -34.75              11.86
56:           0.00              -1.45              14.80
57:           0.00             -15.55              -9.88
58:           0.00             -15.54              -9.88
59:           0.00             -31.82             -10.03
60:           0.00             -16.58              -8.65
    closer_than_cl nagging_bias_pct_1 nagging_bias_pct_2
             <num>              <num>              <num>
      hidden    optimizer   training learning_rate block parameters run_time
      <char>       <char>     <char>         <num> <num>      <int>    <num>
 1:       20          sgd      paper         0.001     1        321    232.8
 2:       20          sgd early_stop         0.001     1        321   1019.9
 3:       20 sgd_momentum      paper         0.001     1        321    247.2
 4:       20 sgd_momentum early_stop         0.001     1        321    931.1
 5:       20 sgd_nesterov      paper         0.001     1        321    249.9
 6:       20 sgd_nesterov early_stop         0.001     1        321    938.1
 7:       20      adagrad      paper         0.010     1        321    249.1
 8:       20      adagrad early_stop         0.010     1        321    915.9
 9:       20     adadelta      paper         1.000     1        321    246.2
10:       20     adadelta early_stop         1.000     1        321    336.9
11:       20      rmsprop      paper         0.001     1        321    238.0
12:       20      rmsprop early_stop         0.001     1        321    844.4
13:       20         adam      paper         0.001     1        321    243.4
14:       20         adam early_stop         0.001     1        321    861.1
15:       20        adamw      paper         0.001     1        321    242.9
16:       20        adamw early_stop         0.001     1        321    859.8
17:       20       adamax      paper         0.001     1        321    243.9
18:       20       adamax early_stop         0.001     1        321   1015.2
19:       20        nadam      paper         0.001     1        321    252.4
20:       20        nadam early_stop         0.001     1        321    923.3
21: 20-20-15          sgd      paper         0.001     1       1051    235.9
22: 20-20-15          sgd early_stop         0.001     1       1051   1043.0
23: 20-20-15 sgd_momentum      paper         0.001     1       1051    244.8
24: 20-20-15 sgd_momentum early_stop         0.001     1       1051    704.5
25: 20-20-15 sgd_nesterov      paper         0.001     1       1051    251.0
26: 20-20-15 sgd_nesterov early_stop         0.001     1       1051    746.0
27: 20-20-15      adagrad      paper         0.010     1       1051    243.4
28: 20-20-15      adagrad early_stop         0.010     1       1051    857.3
29: 20-20-15     adadelta      paper         1.000     1       1051    254.6
30: 20-20-15     adadelta early_stop         1.000     1       1051    422.4
31: 20-20-15      rmsprop      paper         0.001     1       1051    246.8
32: 20-20-15      rmsprop early_stop         0.001     1       1051    292.4
33: 20-20-15         adam      paper         0.001     1       1051    255.8
34: 20-20-15         adam early_stop         0.001     1       1051    879.5
35: 20-20-15        adamw      paper         0.001     1       1051    255.1
36: 20-20-15        adamw early_stop         0.001     1       1051    888.2
37: 20-20-15       adamax      paper         0.001     1       1051    254.3
38: 20-20-15       adamax early_stop         0.001     1       1051   1078.5
39: 20-20-15        nadam      paper         0.001     1       1051    265.2
40: 20-20-15        nadam early_stop         0.001     1       1051    907.7
41: 20-15-10          sgd      paper         0.001     1        786    239.7
42: 20-15-10          sgd early_stop         0.001     1        786   1090.7
43: 20-15-10 sgd_momentum      paper         0.001     1        786    242.8
44: 20-15-10 sgd_momentum early_stop         0.001     1        786    898.2
45: 20-15-10 sgd_nesterov      paper         0.001     1        786    245.0
46: 20-15-10 sgd_nesterov early_stop         0.001     1        786   1053.2
47: 20-15-10      adagrad      paper         0.010     1        786    244.7
48: 20-15-10      adagrad early_stop         0.010     1        786    961.4
49: 20-15-10     adadelta      paper         1.000     1        786    251.3
50: 20-15-10     adadelta early_stop         1.000     1        786    320.4
51: 20-15-10      rmsprop      paper         0.001     1        786    246.1
52: 20-15-10      rmsprop early_stop         0.001     1        786    666.7
53: 20-15-10         adam      paper         0.001     1        786    259.0
54: 20-15-10         adam early_stop         0.001     1        786    886.2
55: 20-15-10        adamw      paper         0.001     1        786    257.6
56: 20-15-10        adamw early_stop         0.001     1        786    891.9
57: 20-15-10       adamax      paper         0.001     1        786    253.2
58: 20-15-10       adamax early_stop         0.001     1        786   1079.7
59: 20-15-10        nadam      paper         0.001     1        786    264.7
60: 20-15-10        nadam early_stop         0.001     1        786    914.1
      hidden    optimizer   training learning_rate block parameters run_time
      <char>       <char>     <char>         <num> <num>      <int>    <num>
    epochs_used epochs_run     loss loss_vali diverged reserve bias_pct
          <int>      <int>    <num>     <num>    <int>   <num>    <num>
 1:        1900       1900 148097.8   15655.8        0 50291.3    422.4
 2:        8143       8223 146304.7   15409.4        0 20260.0    110.5
 3:        1900       1900 144036.5   15981.6        0 14956.7     55.4
 4:        7309       7429 146865.7   15411.9        0  5862.5    -39.1
 5:        1900       1900 143297.4   16282.0        0 15002.0     55.8
 6:        7304       7424 146239.6   15333.8        0  7017.3    -27.1
 7:        1900       1900 144635.0   15866.1        0 12644.7     31.3
 8:        7312       7452 146914.4   15613.1        0  5909.1    -38.6
 9:        1900       1900 145750.3   15889.1        0 14738.4     53.1
10:        2331       2692 147326.9   15780.1        0  6265.0    -34.9
11:        1900       1900 145258.8   15687.6        0 11407.5     18.5
12:        6837       6985 146218.0   15604.7        0  8067.5    -16.2
13:        1900       1900 147300.4   15693.1        0 11731.4     21.9
14:        6955       7095 146902.8   15671.1        0 10580.9      9.9
15:        1900       1900 147300.7   15692.9        0 11724.9     21.8
16:        6959       7099 146902.7   15670.9        0 10571.4      9.8
17:        1900       1900 148196.9   15739.0        0 13080.4     35.9
18:        8297       8377 147184.4   15680.5        0 11241.7     16.8
19:        1900       1900 147448.0   15704.1        0 11713.3     21.7
20:        7401       7521 146840.2   15674.0        0 10460.0      8.7
21:        1900       1900 148468.6   15683.2        0 48198.2    400.7
22:        8516       8596 145737.3   15305.9        0 12399.0     28.8
23:        1900       1900 143172.8   15681.7        0 10169.3      5.6
24:        5529       5709 145194.2   15271.1        0 13297.6     38.1
25:        1900       1900  99288.3   16153.6        0 10830.7     12.5
26:        5950       6110 144971.0   15325.6        0 14202.2     47.5
27:        1900       1900  96981.7   15809.0        0 11146.0     15.8
28:        6860       7000 145369.4   15432.8        0 10098.7      4.9
29:        1900       1900  99498.2   16023.4        0 13215.0     37.3
30:        2857       3237 146507.2   15540.1        0  7409.4    -23.0
31:        1900       1900 115822.2   17322.2        0 17860.6     85.5
32:        1919       2287 145674.8   15475.9        0  7386.4    -23.3
33:        1900       1900 143119.5   15725.1        0 14358.3     49.1
34:        6938       7098 147026.6   15466.3        0 10297.4      7.0
35:        1900       1900 143126.3   15724.6        0 14345.7     49.0
36:        6963       7123 147020.5   15466.0        0 10281.6      6.8
37:        1900       1900 150378.8   16120.6        0 69666.6    623.7
38:        8489       8569 146943.7   15529.8        0 10139.5      5.3
39:        1900       1900 142417.3   15819.4        0 14482.7     50.4
40:        6997       7157 146626.1   15480.3        0  9308.5     -3.3
41:        1900       1900 148264.9   15739.9        0 75106.4    680.2
42:        9068       9088 146611.2   15510.6        0 19568.8    103.3
43:        1900       1900 144485.0   15620.0        0 12976.2     34.8
44:        7262       7382 146533.0   15230.8        0  4403.7    -54.3
45:        1900       1900 138451.6   16749.5        0 13171.8     36.8
46:        8550       8630 145487.1   15288.0        0 10275.0      6.7
47:        1900       1900 104473.0   16253.4        0 12336.3     28.1
48:        7649       7789 145928.5   15544.5        0 10027.7      4.2
49:        1900       1900 104258.5   16308.2        0 10834.3     12.5
50:        2053       2433 146295.6   15724.6        0  8713.3     -9.5
51:        1900       1900 136017.4   16766.1        0 10170.1      5.6
52:        4998       5375 145686.5   15565.4        0  6928.5    -28.0
53:        1900       1900 144479.6   15674.2        0 12118.3     25.9
54:        6998       7138 145989.8   15522.1        0  9913.7      3.0
55:        1900       1900 144481.4   15673.7        0 12106.8     25.8
56:        7000       7140 145989.1   15521.8        0  9909.5      2.9
57:        1900       1900 145903.7   15622.5        0 14910.4     54.9
58:        8549       8649 145848.1   15542.1        0 10555.8      9.7
59:        1900       1900 144277.3   15719.4        0 12066.4     25.3
60:        7210       7350 145755.3   15544.2        0  9818.3      2.0
    epochs_used epochs_run     loss loss_vali diverged reserve bias_pct
          <int>      <int>    <num>     <num>    <int>   <num>    <num>
Key: <optimizer>
       optimizer early_stop_20 early_stop_20-15-10 early_stop_20-20-15 paper_20
          <char>         <num>               <num>               <num>    <num>
 1:     adadelta         -34.9                -9.5               -23.0     53.1
 2:      adagrad         -38.6                 4.2                 4.9     31.3
 3:         adam           9.9                 3.0                 7.0     21.9
 4:       adamax          16.8                 9.7                 5.3     35.9
 5:        adamw           9.8                 2.9                 6.8     21.8
 6:        nadam           8.7                 2.0                -3.3     21.7
 7:      rmsprop         -16.2               -28.0               -23.3     18.5
 8:          sgd         110.5               103.3                28.8    422.4
 9: sgd_momentum         -39.1               -54.3                38.1     55.4
10: sgd_nesterov         -27.1                 6.7                47.5     55.8
    paper_20-15-10 paper_20-20-15
             <num>          <num>
 1:           12.5           37.3
 2:           28.1           15.8
 3:           25.9           49.1
 4:           54.9          623.7
 5:           25.8           49.0
 6:           25.3           50.4
 7:            5.6           85.5
 8:          680.2          400.7
 9:           34.8            5.6
10:           36.8           12.5
