==== 2026-10-09 11:14:09 start baseline.nncl.cl_grid slot 10
[1] 1200
WARNING: All log messages before absl::InitializeLog() is called are written to STDERR
I0000 00:00:1791537255.930640   18768 port.cc:153] oneDNN custom operations are on. You may see slightly different numerical results due to floating-point round-off errors from different computation orders. To turn them off, set the environment variable `TF_ENABLE_ONEDNN_OPTS=0`.
WARNING: All log messages before absl::InitializeLog() is called are written to STDERR
I0000 00:00:1791537259.741485   18768 port.cc:153] oneDNN custom operations are on. You may see slightly different numerical results due to floating-point round-off errors from different computation orders. To turn them off, set the environment variable `TF_ENABLE_ONEDNN_OPTS=0`.
WARNING:tensorflow:From C:\Users\26196425\Work\MASTER~3\env\Lib\site-packages\keras\src\backend\common\global_state.py:82: The name tf.reset_default_graph is deprecated. Please use tf.compat.v1.reset_default_graph instead.

WARNING:tensorflow:TensorFlow GPU support is not available on native Windows for TensorFlow >= 2.11. Even if CUDA/cuDNN are installed, GPU will not be used. Please use WSL2 or the TensorFlow-DirectML plugin.
WARNING:tensorflow:5 out of the last 7 calls to <function TensorFlowTrainer.make_predict_function.<locals>.one_step_on_data_distributed at 0x0000022335E4FC40> triggered tf.function retracing. Tracing is expensive and the excessive number of tracings could be due to (1) creating @tf.function repeatedly in a loop, (2) passing tensors with different shapes, (3) passing Python objects instead of tensors. For (1), please define your @tf.function outside of the loop. For (2), @tf.function has reduce_retracing=True option that can avoid unnecessary retracing. For (3), please refer to https://www.tensorflow.org/guide/function#controlling_retracing and https://www.tensorflow.org/api_docs/python/tf/function for  more details.
WARNING:tensorflow:6 out of the last 8 calls to <function TensorFlowTrainer.make_predict_function.<locals>.one_step_on_data_distributed at 0x0000022335E4FC40> triggered tf.function retracing. Tracing is expensive and the excessive number of tracings could be due to (1) creating @tf.function repeatedly in a loop, (2) passing tensors with different shapes, (3) passing Python objects instead of tensors. For (1), please define your @tf.function outside of the loop. For (2), @tf.function has reduce_retracing=True option that can avoid unnecessary retracing. For (3), please refer to https://www.tensorflow.org/guide/function#controlling_retracing and https://www.tensorflow.org/api_docs/python/tf/function for  more details.
clgrid_20_sgd_momentum_cl_start_s2026: 312 s, epochs used 0 500 500 99 393 154 151 166 7 48 6 47 89 0 0 0 0 4 11, loss 145957.0 (homogeneous 146289.3)
clgrid_20_rmsprop_cl_start_s2026: 183 s, epochs used 0 114 66 20 499 35 28 28 2 2 0 2 5 0 0 0 0 0 0, loss 145920.6 (homogeneous 146289.3)
clgrid_20_nadam_cl_start_s2026: 162 s, epochs used 0 171 66 19 157 33 26 18 1 31 0 8 1 0 0 0 0 0 0, loss 145908.2 (homogeneous 146289.3)
clgrid_20-20-15_adadelta_cl_paper_s2026: 256 s, epochs used 100 100 100 100 100 100 100 100 100 100 100 100 100 100 100 100 100 100 100, loss 138703.1 (homogeneous 146289.3)
clgrid_20-20-15_nadam_cl_paper_s2026: 274 s, epochs used 100 100 100 100 100 100 100 100 100 100 100 100 100 100 100 100 100 100 100, loss 141358.0 (homogeneous 146289.3)
clgrid_20-15-10_rmsprop_cl_start_s2026: 201 s, epochs used 1 135 55 39 286 44 211 53 0 2 0 80 130 0 0 0 0 0 0, loss 145818.6 (homogeneous 146289.3)
clgrid_20-15-10_nadam_cl_start_s2026: 176 s, epochs used 2 91 67 47 158 33 103 24 1 81 0 47 23 0 0 0 1 0 0, loss 145848.7 (homogeneous 146289.3)
clgrid_20_rmsprop_cl_paper_s2027: 244 s, epochs used 100 100 100 100 100 100 100 100 100 100 100 100 100 100 100 100 100 100 100, loss 144199.8 (homogeneous 146289.3)
==== 2026-10-09 11:48:14 start baseline.nncl.cl_grid slot 10
[1] 1200
WARNING: All log messages before absl::InitializeLog() is called are written to STDERR
I0000 00:00:1791539301.850842    7984 port.cc:153] oneDNN custom operations are on. You may see slightly different numerical results due to floating-point round-off errors from different computation orders. To turn them off, set the environment variable `TF_ENABLE_ONEDNN_OPTS=0`.
WARNING: All log messages before absl::InitializeLog() is called are written to STDERR
I0000 00:00:1791539306.201850    7984 port.cc:153] oneDNN custom operations are on. You may see slightly different numerical results due to floating-point round-off errors from different computation orders. To turn them off, set the environment variable `TF_ENABLE_ONEDNN_OPTS=0`.
WARNING:tensorflow:From C:\Users\26196425\Work\MASTER~3\env\Lib\site-packages\keras\src\backend\common\global_state.py:82: The name tf.reset_default_graph is deprecated. Please use tf.compat.v1.reset_default_graph instead.

WARNING:tensorflow:TensorFlow GPU support is not available on native Windows for TensorFlow >= 2.11. Even if CUDA/cuDNN are installed, GPU will not be used. Please use WSL2 or the TensorFlow-DirectML plugin.
WARNING:tensorflow:5 out of the last 7 calls to <function TensorFlowTrainer.make_predict_function.<locals>.one_step_on_data_distributed at 0x00000241BB9B4360> triggered tf.function retracing. Tracing is expensive and the excessive number of tracings could be due to (1) creating @tf.function repeatedly in a loop, (2) passing tensors with different shapes, (3) passing Python objects instead of tensors. For (1), please define your @tf.function outside of the loop. For (2), @tf.function has reduce_retracing=True option that can avoid unnecessary retracing. For (3), please refer to https://www.tensorflow.org/guide/function#controlling_retracing and https://www.tensorflow.org/api_docs/python/tf/function for  more details.
WARNING:tensorflow:6 out of the last 8 calls to <function TensorFlowTrainer.make_predict_function.<locals>.one_step_on_data_distributed at 0x00000241BB9B4360> triggered tf.function retracing. Tracing is expensive and the excessive number of tracings could be due to (1) creating @tf.function repeatedly in a loop, (2) passing tensors with different shapes, (3) passing Python objects instead of tensors. For (1), please define your @tf.function outside of the loop. For (2), @tf.function has reduce_retracing=True option that can avoid unnecessary retracing. For (3), please refer to https://www.tensorflow.org/guide/function#controlling_retracing and https://www.tensorflow.org/api_docs/python/tf/function for  more details.
clgrid_20-20-15_sgd_momentum_cl_start_s2027: 474 s, epochs used 20 500 500 424 500 499 500 500 0 0 0 18 4 29 0 0 4 9 9, loss 145747.0 (homogeneous 146289.3)
clgrid_20-15-10_sgd_cl_start_s2027: 634 s, epochs used 0 500 500 500 500 251 500 500 0 139 0 500 500 499 5 0 0 62 0, loss 146225.0 (homogeneous 146289.3)
clgrid_20_rmsprop_cl_paper_s2028: 243 s, epochs used 100 100 100 100 100 100 100 100 100 100 100 100 100 100 100 100 100 100 100, loss 144109.8 (homogeneous 146289.3)
clgrid_20_nadam_cl_paper_s2028: 252 s, epochs used 100 100 100 100 100 100 100 100 100 100 100 100 100 100 100 100 100 100 100, loss 144282.7 (homogeneous 146289.3)
clgrid_20-20-15_rmsprop_cl_start_s2028: 219 s, epochs used 0 60 84 25 293 299 165 188 2 1 0 5 29 16 0 32 0 0 0, loss 145889.9 (homogeneous 146289.3)
clgrid_20-20-15_nadam_cl_paper_s2028: 264 s, epochs used 100 100 100 100 100 100 100 100 100 100 100 100 100 100 100 100 100 100 100, loss 139456.1 (homogeneous 146289.3)
clgrid_20-15-10_adam_cl_paper_s2028: 256 s, epochs used 100 100 100 100 100 100 100 100 100 100 100 100 100 100 100 100 100 100 100, loss 143759.9 (homogeneous 146289.3)
clgrid_20_sgd_momentum_cl_paper_s2029: 237 s, epochs used 100 100 100 100 100 100 100 100 100 100 100 100 100 100 100 100 100 100 100, loss 144636.1 (homogeneous 146289.3)
==== 2026-10-09 12:34:51 start baseline.nncl.cl_grid slot 10
[1] 1200
WARNING: All log messages before absl::InitializeLog() is called are written to STDERR
I0000 00:00:1791542098.058496    2060 port.cc:153] oneDNN custom operations are on. You may see slightly different numerical results due to floating-point round-off errors from different computation orders. To turn them off, set the environment variable `TF_ENABLE_ONEDNN_OPTS=0`.
WARNING: All log messages before absl::InitializeLog() is called are written to STDERR
I0000 00:00:1791542102.202346    2060 port.cc:153] oneDNN custom operations are on. You may see slightly different numerical results due to floating-point round-off errors from different computation orders. To turn them off, set the environment variable `TF_ENABLE_ONEDNN_OPTS=0`.
WARNING:tensorflow:From C:\Users\26196425\Work\MASTER~3\env\Lib\site-packages\keras\src\backend\common\global_state.py:82: The name tf.reset_default_graph is deprecated. Please use tf.compat.v1.reset_default_graph instead.

WARNING:tensorflow:TensorFlow GPU support is not available on native Windows for TensorFlow >= 2.11. Even if CUDA/cuDNN are installed, GPU will not be used. Please use WSL2 or the TensorFlow-DirectML plugin.
WARNING:tensorflow:5 out of the last 7 calls to <function TensorFlowTrainer.make_predict_function.<locals>.one_step_on_data_distributed at 0x000001A6CFC3FBA0> triggered tf.function retracing. Tracing is expensive and the excessive number of tracings could be due to (1) creating @tf.function repeatedly in a loop, (2) passing tensors with different shapes, (3) passing Python objects instead of tensors. For (1), please define your @tf.function outside of the loop. For (2), @tf.function has reduce_retracing=True option that can avoid unnecessary retracing. For (3), please refer to https://www.tensorflow.org/guide/function#controlling_retracing and https://www.tensorflow.org/api_docs/python/tf/function for  more details.
WARNING:tensorflow:6 out of the last 8 calls to <function TensorFlowTrainer.make_predict_function.<locals>.one_step_on_data_distributed at 0x000001A6CFC3FBA0> triggered tf.function retracing. Tracing is expensive and the excessive number of tracings could be due to (1) creating @tf.function repeatedly in a loop, (2) passing tensors with different shapes, (3) passing Python objects instead of tensors. For (1), please define your @tf.function outside of the loop. For (2), @tf.function has reduce_retracing=True option that can avoid unnecessary retracing. For (3), please refer to https://www.tensorflow.org/guide/function#controlling_retracing and https://www.tensorflow.org/api_docs/python/tf/function for  more details.
clgrid_20_adamw_cl_paper_s2029: 246 s, epochs used 100 100 100 100 100 100 100 100 100 100 100 100 100 100 100 100 100 100 100, loss 144633.9 (homogeneous 146289.3)
clgrid_20-20-15_adadelta_cl_start_s2029: 188 s, epochs used 0 126 108 67 186 30 177 57 1 2 0 54 1 0 0 0 0 0 0, loss 145947.1 (homogeneous 146289.3)
clgrid_20-20-15_adamw_cl_start_s2029: 133 s, epochs used 0 88 46 10 28 13 32 24 1 6 0 14 13 4 0 0 0 0 0, loss 145926.8 (homogeneous 146289.3)
clgrid_20-15-10_sgd_momentum_cl_start_s2029: 252 s, epochs used 0 6 33 18 500 255 17 500 0 33 0 116 15 78 0 0 0 0 17, loss 146237.9 (homogeneous 146289.3)
clgrid_20-15-10_adamw_cl_paper_s2029: 260 s, epochs used 100 100 100 100 100 100 100 100 100 100 100 100 100 100 100 100 100 100 100, loss 143860.2 (homogeneous 146289.3)
clgrid_20_adadelta_cl_paper_s2030: 246 s, epochs used 100 100 100 100 100 100 100 100 100 100 100 100 100 100 100 100 100 100 100, loss 145904.2 (homogeneous 146289.3)
clgrid_20-20-15_sgd_cl_paper_s2030: 237 s, epochs used 100 100 100 100 100 100 100 100 100 100 100 100 100 100 100 100 100 100 100, loss 146035.2 (homogeneous 146289.3)
clgrid_20-20-15_rmsprop_cl_start_s2030: 174 s, epochs used 0 102 98 34 29 79 262 128 24 3 18 5 7 5 0 0 0 0 0, loss 145916.2 (homogeneous 146289.3)
==== 2026-10-09 13:07:47 start baseline.nncl.cl_grid slot 10
[1] 1200
WARNING: All log messages before absl::InitializeLog() is called are written to STDERR
I0000 00:00:1791544074.411060   10860 port.cc:153] oneDNN custom operations are on. You may see slightly different numerical results due to floating-point round-off errors from different computation orders. To turn them off, set the environment variable `TF_ENABLE_ONEDNN_OPTS=0`.
WARNING: All log messages before absl::InitializeLog() is called are written to STDERR
I0000 00:00:1791544078.330019   10860 port.cc:153] oneDNN custom operations are on. You may see slightly different numerical results due to floating-point round-off errors from different computation orders. To turn them off, set the environment variable `TF_ENABLE_ONEDNN_OPTS=0`.
WARNING:tensorflow:From C:\Users\26196425\Work\MASTER~3\env\Lib\site-packages\keras\src\backend\common\global_state.py:82: The name tf.reset_default_graph is deprecated. Please use tf.compat.v1.reset_default_graph instead.

WARNING:tensorflow:TensorFlow GPU support is not available on native Windows for TensorFlow >= 2.11. Even if CUDA/cuDNN are installed, GPU will not be used. Please use WSL2 or the TensorFlow-DirectML plugin.
WARNING:tensorflow:5 out of the last 7 calls to <function TensorFlowTrainer.make_predict_function.<locals>.one_step_on_data_distributed at 0x000001814EEDF880> triggered tf.function retracing. Tracing is expensive and the excessive number of tracings could be due to (1) creating @tf.function repeatedly in a loop, (2) passing tensors with different shapes, (3) passing Python objects instead of tensors. For (1), please define your @tf.function outside of the loop. For (2), @tf.function has reduce_retracing=True option that can avoid unnecessary retracing. For (3), please refer to https://www.tensorflow.org/guide/function#controlling_retracing and https://www.tensorflow.org/api_docs/python/tf/function for  more details.
WARNING:tensorflow:6 out of the last 8 calls to <function TensorFlowTrainer.make_predict_function.<locals>.one_step_on_data_distributed at 0x000001814EEDF880> triggered tf.function retracing. Tracing is expensive and the excessive number of tracings could be due to (1) creating @tf.function repeatedly in a loop, (2) passing tensors with different shapes, (3) passing Python objects instead of tensors. For (1), please define your @tf.function outside of the loop. For (2), @tf.function has reduce_retracing=True option that can avoid unnecessary retracing. For (3), please refer to https://www.tensorflow.org/guide/function#controlling_retracing and https://www.tensorflow.org/api_docs/python/tf/function for  more details.
clgrid_20-20-15_nadam_cl_start_s2030: 188 s, epochs used 0 78 66 45 26 121 94 46 3 25 4 79 113 0 0 0 0 0 0, loss 145909.5 (homogeneous 146289.3)
clgrid_20-15-10_adagrad_cl_start_s2030: 467 s, epochs used 0 149 500 240 500 500 500 500 2 500 2 0 52 50 0 0 0 0 0, loss 145975.4 (homogeneous 146289.3)
clgrid_20_adagrad_cl_start_s2031: 335 s, epochs used 0 141 382 75 98 500 208 108 0 500 2 17 255 0 0 0 0 2 2, loss 145968.1 (homogeneous 146289.3)
clgrid_20-20-15_sgd_cl_start_s2031: 491 s, epochs used 0 500 500 202 500 204 500 500 0 32 79 500 26 0 0 0 0 86 28, loss 146141.0 (homogeneous 146289.3)
clgrid_20-15-10_sgd_nesterov_cl_start_s2031: 559 s, epochs used 0 339 500 52 500 68 500 500 6 48 0 456 500 500 0 0 0 12 18, loss 146064.7 (homogeneous 146289.3)
clgrid_20_adagrad_cl_start_s2032: 295 s, epochs used 0 236 500 35 37 57 500 500 0 3 1 3 110 1 0 0 0 0 1, loss 145974.9 (homogeneous 146289.3)
clgrid_20-20-15_sgd_cl_paper_s2032: 237 s, epochs used 100 100 100 100 100 100 100 100 100 100 100 100 100 100 100 100 100 100 100, loss 145982.6 (homogeneous 146289.3)
clgrid_20-20-15_adam_cl_paper_s2032: 269 s, epochs used 100 100 100 100 100 100 100 100 100 100 100 100 100 100 100 100 100 100 100, loss 142383.2 (homogeneous 146289.3)
==== 2026-10-09 13:58:46 start baseline.nncl.cl_grid slot 10
[1] 1200
WARNING: All log messages before absl::InitializeLog() is called are written to STDERR
I0000 00:00:1791547147.368719   12308 port.cc:153] oneDNN custom operations are on. You may see slightly different numerical results due to floating-point round-off errors from different computation orders. To turn them off, set the environment variable `TF_ENABLE_ONEDNN_OPTS=0`.
WARNING: All log messages before absl::InitializeLog() is called are written to STDERR
I0000 00:00:1791547182.292983   12308 port.cc:153] oneDNN custom operations are on. You may see slightly different numerical results due to floating-point round-off errors from different computation orders. To turn them off, set the environment variable `TF_ENABLE_ONEDNN_OPTS=0`.
WARNING:tensorflow:From C:\Users\26196425\Work\MASTER~3\env\Lib\site-packages\keras\src\backend\common\global_state.py:82: The name tf.reset_default_graph is deprecated. Please use tf.compat.v1.reset_default_graph instead.

WARNING:tensorflow:TensorFlow GPU support is not available on native Windows for TensorFlow >= 2.11. Even if CUDA/cuDNN are installed, GPU will not be used. Please use WSL2 or the TensorFlow-DirectML plugin.
WARNING:tensorflow:5 out of the last 7 calls to <function TensorFlowTrainer.make_predict_function.<locals>.one_step_on_data_distributed at 0x00000277D16B0360> triggered tf.function retracing. Tracing is expensive and the excessive number of tracings could be due to (1) creating @tf.function repeatedly in a loop, (2) passing tensors with different shapes, (3) passing Python objects instead of tensors. For (1), please define your @tf.function outside of the loop. For (2), @tf.function has reduce_retracing=True option that can avoid unnecessary retracing. For (3), please refer to https://www.tensorflow.org/guide/function#controlling_retracing and https://www.tensorflow.org/api_docs/python/tf/function for  more details.
WARNING:tensorflow:6 out of the last 8 calls to <function TensorFlowTrainer.make_predict_function.<locals>.one_step_on_data_distributed at 0x00000277D16B0360> triggered tf.function retracing. Tracing is expensive and the excessive number of tracings could be due to (1) creating @tf.function repeatedly in a loop, (2) passing tensors with different shapes, (3) passing Python objects instead of tensors. For (1), please define your @tf.function outside of the loop. For (2), @tf.function has reduce_retracing=True option that can avoid unnecessary retracing. For (3), please refer to https://www.tensorflow.org/guide/function#controlling_retracing and https://www.tensorflow.org/api_docs/python/tf/function for  more details.
clgrid_20-15-10_sgd_nesterov_cl_start_s2032: 383 s, epochs used 3 500 500 52 22 15 500 500 0 500 4 23 0 0 0 0 0 11 11, loss 145997.0 (homogeneous 146289.3)
clgrid_20_sgd_momentum_cl_paper_s2033: 246 s, epochs used 100 100 100 100 100 100 100 100 100 100 100 100 100 100 100 100 100 100 100, loss 144626.3 (homogeneous 146289.3)
clgrid_20_adam_cl_start_s2033: 124 s, epochs used 0 37 77 43 32 24 26 10 0 14 0 44 14 7 0 0 0 0 0, loss 145991.1 (homogeneous 146289.3)
clgrid_20_nadam_cl_start_s2033: 157 s, epochs used 0 41 73 48 33 29 28 18 1 45 0 2 79 0 0 0 0 0 0, loss 145984.1 (homogeneous 146289.3)
clgrid_20-20-15_adadelta_cl_paper_s2033: 263 s, epochs used 100 100 100 100 100 100 100 100 100 100 100 100 100 100 100 100 100 100 100, loss 147104.7 (homogeneous 146289.3)
clgrid_20-20-15_nadam_cl_start_s2033: 154 s, epochs used 0 78 44 16 126 27 23 16 1 23 1 2 29 0 0 0 0 0 0, loss 145887.5 (homogeneous 146289.3)
clgrid_20-15-10_adadelta_cl_start_s2033: 204 s, epochs used 0 27 149 125 40 120 245 275 3 6 0 2 69 0 0 0 2 0 0, loss 146046.5 (homogeneous 146289.3)
clgrid_20-15-10_adamax_cl_paper_s2033: 257 s, epochs used 100 100 100 100 100 100 100 100 100 100 100 100 100 100 100 100 100 100 100, loss 144880.7 (homogeneous 146289.3)
==== 2026-10-09 14:33:22 start baseline.nncl.cl_grid slot 10
[1] 1200
WARNING: All log messages before absl::InitializeLog() is called are written to STDERR
I0000 00:00:1791549209.654796   15220 port.cc:153] oneDNN custom operations are on. You may see slightly different numerical results due to floating-point round-off errors from different computation orders. To turn them off, set the environment variable `TF_ENABLE_ONEDNN_OPTS=0`.
WARNING: All log messages before absl::InitializeLog() is called are written to STDERR
I0000 00:00:1791549213.837193   15220 port.cc:153] oneDNN custom operations are on. You may see slightly different numerical results due to floating-point round-off errors from different computation orders. To turn them off, set the environment variable `TF_ENABLE_ONEDNN_OPTS=0`.
WARNING:tensorflow:From C:\Users\26196425\Work\MASTER~3\env\Lib\site-packages\keras\src\backend\common\global_state.py:82: The name tf.reset_default_graph is deprecated. Please use tf.compat.v1.reset_default_graph instead.

WARNING:tensorflow:TensorFlow GPU support is not available on native Windows for TensorFlow >= 2.11. Even if CUDA/cuDNN are installed, GPU will not be used. Please use WSL2 or the TensorFlow-DirectML plugin.
WARNING:tensorflow:5 out of the last 7 calls to <function TensorFlowTrainer.make_predict_function.<locals>.one_step_on_data_distributed at 0x000001997AB477E0> triggered tf.function retracing. Tracing is expensive and the excessive number of tracings could be due to (1) creating @tf.function repeatedly in a loop, (2) passing tensors with different shapes, (3) passing Python objects instead of tensors. For (1), please define your @tf.function outside of the loop. For (2), @tf.function has reduce_retracing=True option that can avoid unnecessary retracing. For (3), please refer to https://www.tensorflow.org/guide/function#controlling_retracing and https://www.tensorflow.org/api_docs/python/tf/function for  more details.
WARNING:tensorflow:6 out of the last 8 calls to <function TensorFlowTrainer.make_predict_function.<locals>.one_step_on_data_distributed at 0x000001997AB477E0> triggered tf.function retracing. Tracing is expensive and the excessive number of tracings could be due to (1) creating @tf.function repeatedly in a loop, (2) passing tensors with different shapes, (3) passing Python objects instead of tensors. For (1), please define your @tf.function outside of the loop. For (2), @tf.function has reduce_retracing=True option that can avoid unnecessary retracing. For (3), please refer to https://www.tensorflow.org/guide/function#controlling_retracing and https://www.tensorflow.org/api_docs/python/tf/function for  more details.
clgrid_20_rmsprop_cl_paper_s2034: 245 s, epochs used 100 100 100 100 100 100 100 100 100 100 100 100 100 100 100 100 100 100 100, loss 144208.6 (homogeneous 146289.3)
clgrid_20-20-15_sgd_cl_start_s2034: 659 s, epochs used 0 500 500 500 500 500 500 500 0 500 0 500 500 64 9 0 0 0 52, loss 146092.1 (homogeneous 146289.3)
clgrid_20-15-10_adadelta_cl_start_s2034: 183 s, epochs used 0 148 150 84 29 197 176 100 6 3 0 0 1 1 0 0 0 0 0, loss 145974.6 (homogeneous 146289.3)
clgrid_20-15-10_nadam_cl_paper_s2034: 264 s, epochs used 100 100 100 100 100 100 100 100 100 100 100 100 100 100 100 100 100 100 100, loss 143834.6 (homogeneous 146289.3)
clgrid_20_rmsprop_cl_start_s2035: 248 s, epochs used 0 45 143 17 500 494 41 61 0 158 0 5 7 0 0 0 0 0 0, loss 145938.6 (homogeneous 146289.3)
clgrid_20-20-15_sgd_nesterov_cl_paper_s2035: 245 s, epochs used 100 100 100 100 100 100 100 100 100 100 100 100 100 100 100 100 100 100 100, loss 145187.2 (homogeneous 146289.3)
clgrid_20-20-15_adamw_cl_paper_s2035: 255 s, epochs used 100 100 100 100 100 100 100 100 100 100 100 100 100 100 100 100 100 100 100, loss 142742.1 (homogeneous 146289.3)
clgrid_20-15-10_adadelta_cl_start_s2035: 221 s, epochs used 0 27 204 95 57 197 256 292 2 9 0 8 1 0 0 0 0 0 0, loss 146021.3 (homogeneous 146289.3)
==== 2026-10-09 15:15:48 start baseline.nncl.cl_grid slot 10
[1] 1200
WARNING: All log messages before absl::InitializeLog() is called are written to STDERR
I0000 00:00:1791551755.361305   10072 port.cc:153] oneDNN custom operations are on. You may see slightly different numerical results due to floating-point round-off errors from different computation orders. To turn them off, set the environment variable `TF_ENABLE_ONEDNN_OPTS=0`.
WARNING: All log messages before absl::InitializeLog() is called are written to STDERR
I0000 00:00:1791551759.334108   10072 port.cc:153] oneDNN custom operations are on. You may see slightly different numerical results due to floating-point round-off errors from different computation orders. To turn them off, set the environment variable `TF_ENABLE_ONEDNN_OPTS=0`.
WARNING:tensorflow:From C:\Users\26196425\Work\MASTER~3\env\Lib\site-packages\keras\src\backend\common\global_state.py:82: The name tf.reset_default_graph is deprecated. Please use tf.compat.v1.reset_default_graph instead.

WARNING:tensorflow:TensorFlow GPU support is not available on native Windows for TensorFlow >= 2.11. Even if CUDA/cuDNN are installed, GPU will not be used. Please use WSL2 or the TensorFlow-DirectML plugin.
WARNING:tensorflow:5 out of the last 7 calls to <function TensorFlowTrainer.make_predict_function.<locals>.one_step_on_data_distributed at 0x000001D087DD3A60> triggered tf.function retracing. Tracing is expensive and the excessive number of tracings could be due to (1) creating @tf.function repeatedly in a loop, (2) passing tensors with different shapes, (3) passing Python objects instead of tensors. For (1), please define your @tf.function outside of the loop. For (2), @tf.function has reduce_retracing=True option that can avoid unnecessary retracing. For (3), please refer to https://www.tensorflow.org/guide/function#controlling_retracing and https://www.tensorflow.org/api_docs/python/tf/function for  more details.
WARNING:tensorflow:6 out of the last 8 calls to <function TensorFlowTrainer.make_predict_function.<locals>.one_step_on_data_distributed at 0x000001D087DD3A60> triggered tf.function retracing. Tracing is expensive and the excessive number of tracings could be due to (1) creating @tf.function repeatedly in a loop, (2) passing tensors with different shapes, (3) passing Python objects instead of tensors. For (1), please define your @tf.function outside of the loop. For (2), @tf.function has reduce_retracing=True option that can avoid unnecessary retracing. For (3), please refer to https://www.tensorflow.org/guide/function#controlling_retracing and https://www.tensorflow.org/api_docs/python/tf/function for  more details.
clgrid_20-15-10_nadam_cl_paper_s2035: 262 s, epochs used 100 100 100 100 100 100 100 100 100 100 100 100 100 100 100 100 100 100 100, loss 143684.2 (homogeneous 146289.3)
clgrid_20_adam_cl_paper_s2036: 246 s, epochs used 100 100 100 100 100 100 100 100 100 100 100 100 100 100 100 100 100 100 100, loss 144375.0 (homogeneous 146289.3)
clgrid_20-20-15_sgd_momentum_cl_start_s2036: 388 s, epochs used 0 106 98 21 500 500 500 500 0 15 0 500 30 6 0 0 0 15 0, loss 146062.3 (homogeneous 146289.3)
clgrid_20-20-15_nadam_cl_start_s2036: 162 s, epochs used 0 86 59 49 33 33 44 40 1 1 0 53 7 0 0 0 0 0 0, loss 145895.3 (homogeneous 146289.3)
clgrid_20-15-10_adadelta_cl_paper_s2036: 255 s, epochs used 100 100 100 100 100 100 100 100 100 100 100 100 100 100 100 100 100 100 100, loss 145399.6 (homogeneous 146289.3)
clgrid_20-15-10_adamax_cl_start_s2036: 152 s, epochs used 0 64 81 18 53 68 71 40 1 98 1 24 10 3 0 0 0 0 0, loss 145983.6 (homogeneous 146289.3)
clgrid_20_sgd_nesterov_cl_paper_s2037: 238 s, epochs used 100 100 100 100 100 100 100 100 100 100 100 100 100 100 100 100 100 100 100, loss 144248.0 (homogeneous 146289.3)
clgrid_20_adamax_cl_paper_s2037: 241 s, epochs used 100 100 100 100 100 100 100 100 100 100 100 100 100 100 100 100 100 100 100, loss 144748.9 (homogeneous 146289.3)
==== 2026-10-09 15:52:33 start baseline.nncl.cl_grid slot 10
[1] 1200
WARNING: All log messages before absl::InitializeLog() is called are written to STDERR
I0000 00:00:1791553959.929482   14180 port.cc:153] oneDNN custom operations are on. You may see slightly different numerical results due to floating-point round-off errors from different computation orders. To turn them off, set the environment variable `TF_ENABLE_ONEDNN_OPTS=0`.
WARNING: All log messages before absl::InitializeLog() is called are written to STDERR
I0000 00:00:1791553963.982557   14180 port.cc:153] oneDNN custom operations are on. You may see slightly different numerical results due to floating-point round-off errors from different computation orders. To turn them off, set the environment variable `TF_ENABLE_ONEDNN_OPTS=0`.
WARNING:tensorflow:From C:\Users\26196425\Work\MASTER~3\env\Lib\site-packages\keras\src\backend\common\global_state.py:82: The name tf.reset_default_graph is deprecated. Please use tf.compat.v1.reset_default_graph instead.

WARNING:tensorflow:TensorFlow GPU support is not available on native Windows for TensorFlow >= 2.11. Even if CUDA/cuDNN are installed, GPU will not be used. Please use WSL2 or the TensorFlow-DirectML plugin.
WARNING:tensorflow:5 out of the last 7 calls to <function TensorFlowTrainer.make_predict_function.<locals>.one_step_on_data_distributed at 0x000002101FDB8900> triggered tf.function retracing. Tracing is expensive and the excessive number of tracings could be due to (1) creating @tf.function repeatedly in a loop, (2) passing tensors with different shapes, (3) passing Python objects instead of tensors. For (1), please define your @tf.function outside of the loop. For (2), @tf.function has reduce_retracing=True option that can avoid unnecessary retracing. For (3), please refer to https://www.tensorflow.org/guide/function#controlling_retracing and https://www.tensorflow.org/api_docs/python/tf/function for  more details.
WARNING:tensorflow:6 out of the last 8 calls to <function TensorFlowTrainer.make_predict_function.<locals>.one_step_on_data_distributed at 0x000002101FDB8900> triggered tf.function retracing. Tracing is expensive and the excessive number of tracings could be due to (1) creating @tf.function repeatedly in a loop, (2) passing tensors with different shapes, (3) passing Python objects instead of tensors. For (1), please define your @tf.function outside of the loop. For (2), @tf.function has reduce_retracing=True option that can avoid unnecessary retracing. For (3), please refer to https://www.tensorflow.org/guide/function#controlling_retracing and https://www.tensorflow.org/api_docs/python/tf/function for  more details.
clgrid_20-20-15_rmsprop_cl_start_s2037: 145 s, epochs used 0 41 122 31 26 52 53 59 3 138 0 31 17 0 0 0 0 0 0, loss 145965.3 (homogeneous 146289.3)
clgrid_20-20-15_adamax_cl_paper_s2037: 253 s, epochs used 100 100 100 100 100 100 100 100 100 100 100 100 100 100 100 100 100 100 100, loss 144252.0 (homogeneous 146289.3)
clgrid_20-15-10_rmsprop_cl_paper_s2037: 247 s, epochs used 100 100 100 100 100 100 100 100 100 100 100 100 100 100 100 100 100 100 100, loss 143291.7 (homogeneous 146289.3)
clgrid_20_sgd_cl_paper_s2038: 233 s, epochs used 100 100 100 100 100 100 100 100 100 100 100 100 100 100 100 100 100 100 100, loss 145418.1 (homogeneous 146289.3)
clgrid_20_rmsprop_cl_start_s2038: 130 s, epochs used 0 96 212 25 18 17 56 54 2 18 0 17 8 0 0 22 0 0 0, loss 145929.0 (homogeneous 146289.3)
clgrid_20_nadam_cl_start_s2038: 172 s, epochs used 0 39 131 17 27 26 49 73 1 69 0 17 4 0 0 0 0 0 0, loss 145984.7 (homogeneous 146289.3)
clgrid_20-20-15_adadelta_cl_start_s2038: 168 s, epochs used 2 24 68 18 314 45 84 122 1 18 0 1 49 0 0 0 0 0 0, loss 145979.6 (homogeneous 146289.3)
clgrid_20-20-15_adamw_cl_start_s2038: 138 s, epochs used 4 25 61 14 38 26 45 14 1 12 1 1 14 0 0 0 1 0 0, loss 145958.9 (homogeneous 146289.3)
==== 2026-10-09 16:21:02 start baseline.nncl.cl_grid slot 10
[1] 1200
WARNING: All log messages before absl::InitializeLog() is called are written to STDERR
I0000 00:00:1791555669.615774   13360 port.cc:153] oneDNN custom operations are on. You may see slightly different numerical results due to floating-point round-off errors from different computation orders. To turn them off, set the environment variable `TF_ENABLE_ONEDNN_OPTS=0`.
WARNING: All log messages before absl::InitializeLog() is called are written to STDERR
I0000 00:00:1791555673.389582   13360 port.cc:153] oneDNN custom operations are on. You may see slightly different numerical results due to floating-point round-off errors from different computation orders. To turn them off, set the environment variable `TF_ENABLE_ONEDNN_OPTS=0`.
WARNING:tensorflow:From C:\Users\26196425\Work\MASTER~3\env\Lib\site-packages\keras\src\backend\common\global_state.py:82: The name tf.reset_default_graph is deprecated. Please use tf.compat.v1.reset_default_graph instead.

WARNING:tensorflow:TensorFlow GPU support is not available on native Windows for TensorFlow >= 2.11. Even if CUDA/cuDNN are installed, GPU will not be used. Please use WSL2 or the TensorFlow-DirectML plugin.
WARNING:tensorflow:5 out of the last 7 calls to <function TensorFlowTrainer.make_predict_function.<locals>.one_step_on_data_distributed at 0x0000029323290360> triggered tf.function retracing. Tracing is expensive and the excessive number of tracings could be due to (1) creating @tf.function repeatedly in a loop, (2) passing tensors with different shapes, (3) passing Python objects instead of tensors. For (1), please define your @tf.function outside of the loop. For (2), @tf.function has reduce_retracing=True option that can avoid unnecessary retracing. For (3), please refer to https://www.tensorflow.org/guide/function#controlling_retracing and https://www.tensorflow.org/api_docs/python/tf/function for  more details.
WARNING:tensorflow:6 out of the last 8 calls to <function TensorFlowTrainer.make_predict_function.<locals>.one_step_on_data_distributed at 0x0000029323290360> triggered tf.function retracing. Tracing is expensive and the excessive number of tracings could be due to (1) creating @tf.function repeatedly in a loop, (2) passing tensors with different shapes, (3) passing Python objects instead of tensors. For (1), please define your @tf.function outside of the loop. For (2), @tf.function has reduce_retracing=True option that can avoid unnecessary retracing. For (3), please refer to https://www.tensorflow.org/guide/function#controlling_retracing and https://www.tensorflow.org/api_docs/python/tf/function for  more details.
clgrid_20-15-10_sgd_momentum_cl_start_s2038: 367 s, epochs used 0 143 61 53 500 500 500 500 0 82 0 219 37 17 0 0 0 0 0, loss 146070.9 (homogeneous 146289.3)
clgrid_20-15-10_adamax_cl_start_s2038: 168 s, epochs used 0 46 99 69 56 84 254 116 1 12 0 26 3 0 0 0 0 0 0, loss 145976.5 (homogeneous 146289.3)
clgrid_20_adadelta_cl_start_s2039: 133 s, epochs used 0 48 72 32 199 71 86 40 2 20 0 1 1 0 0 0 0 0 0, loss 145978.4 (homogeneous 146289.3)
clgrid_20_adamw_cl_paper_s2039: 244 s, epochs used 100 100 100 100 100 100 100 100 100 100 100 100 100 100 100 100 100 100 100, loss 144739.4 (homogeneous 146289.3)
clgrid_20-20-15_adagrad_cl_paper_s2039: 246 s, epochs used 100 100 100 100 100 100 100 100 100 100 100 100 100 100 100 100 100 100 100, loss 144704.0 (homogeneous 146289.3)
clgrid_20-20-15_adamax_cl_start_s2039: 170 s, epochs used 4 47 62 36 43 103 175 27 1 59 1 29 45 0 0 0 0 0 0, loss 145920.6 (homogeneous 146289.3)
clgrid_20-15-10_sgd_nesterov_cl_start_s2039: 284 s, epochs used 2 500 19 10 500 500 18 26 5 24 6 24 244 18 0 0 0 0 0, loss 146046.2 (homogeneous 146289.3)
clgrid_20-15-10_nadam_cl_start_s2039: 154 s, epochs used 8 71 63 39 45 67 48 36 1 37 0 30 15 0 0 0 0 0 0, loss 145829.0 (homogeneous 146289.3)
==== 2026-10-09 16:54:18 start baseline.nncl.cl_grid slot 10
[1] 1200
WARNING: All log messages before absl::InitializeLog() is called are written to STDERR
I0000 00:00:1791557665.625379   16420 port.cc:153] oneDNN custom operations are on. You may see slightly different numerical results due to floating-point round-off errors from different computation orders. To turn them off, set the environment variable `TF_ENABLE_ONEDNN_OPTS=0`.
WARNING: All log messages before absl::InitializeLog() is called are written to STDERR
I0000 00:00:1791557669.471472   16420 port.cc:153] oneDNN custom operations are on. You may see slightly different numerical results due to floating-point round-off errors from different computation orders. To turn them off, set the environment variable `TF_ENABLE_ONEDNN_OPTS=0`.
WARNING:tensorflow:From C:\Users\26196425\Work\MASTER~3\env\Lib\site-packages\keras\src\backend\common\global_state.py:82: The name tf.reset_default_graph is deprecated. Please use tf.compat.v1.reset_default_graph instead.

WARNING:tensorflow:TensorFlow GPU support is not available on native Windows for TensorFlow >= 2.11. Even if CUDA/cuDNN are installed, GPU will not be used. Please use WSL2 or the TensorFlow-DirectML plugin.
WARNING:tensorflow:5 out of the last 7 calls to <function TensorFlowTrainer.make_predict_function.<locals>.one_step_on_data_distributed at 0x000002FB86CA4400> triggered tf.function retracing. Tracing is expensive and the excessive number of tracings could be due to (1) creating @tf.function repeatedly in a loop, (2) passing tensors with different shapes, (3) passing Python objects instead of tensors. For (1), please define your @tf.function outside of the loop. For (2), @tf.function has reduce_retracing=True option that can avoid unnecessary retracing. For (3), please refer to https://www.tensorflow.org/guide/function#controlling_retracing and https://www.tensorflow.org/api_docs/python/tf/function for  more details.
WARNING:tensorflow:6 out of the last 8 calls to <function TensorFlowTrainer.make_predict_function.<locals>.one_step_on_data_distributed at 0x000002FB86CA4400> triggered tf.function retracing. Tracing is expensive and the excessive number of tracings could be due to (1) creating @tf.function repeatedly in a loop, (2) passing tensors with different shapes, (3) passing Python objects instead of tensors. For (1), please define your @tf.function outside of the loop. For (2), @tf.function has reduce_retracing=True option that can avoid unnecessary retracing. For (3), please refer to https://www.tensorflow.org/guide/function#controlling_retracing and https://www.tensorflow.org/api_docs/python/tf/function for  more details.
clgrid_20_adadelta_cl_paper_s2040: 239 s, epochs used 100 100 100 100 100 100 100 100 100 100 100 100 100 100 100 100 100 100 100, loss 145283.9 (homogeneous 146289.3)
clgrid_20-20-15_sgd_cl_paper_s2040: 232 s, epochs used 100 100 100 100 100 100 100 100 100 100 100 100 100 100 100 100 100 100 100, loss 145967.8 (homogeneous 146289.3)
clgrid_20-20-15_rmsprop_cl_start_s2040: 164 s, epochs used 0 68 49 25 262 94 105 99 0 1 0 4 53 0 0 0 0 0 0, loss 145919.3 (homogeneous 146289.3)
clgrid_20-20-15_adamax_cl_paper_s2040: 255 s, epochs used 100 100 100 100 100 100 100 100 100 100 100 100 100 100 100 100 100 100 100, loss 144860.6 (homogeneous 146289.3)
clgrid_20-15-10_rmsprop_cl_paper_s2040: 245 s, epochs used 100 100 100 100 100 100 100 100 100 100 100 100 100 100 100 100 100 100 100, loss 143267.9 (homogeneous 146289.3)
clgrid_20-15-10_nadam_cl_paper_s2040: 264 s, epochs used 100 100 100 100 100 100 100 100 100 100 100 100 100 100 100 100 100 100 100, loss 143629.9 (homogeneous 146289.3)
clgrid_20_rmsprop_cl_start_s2041: 146 s, epochs used 2 192 59 18 7 59 50 98 0 137 0 6 15 0 0 0 0 0 0, loss 145805.9 (homogeneous 146289.3)
clgrid_20_nadam_cl_paper_s2041: 252 s, epochs used 100 100 100 100 100 100 100 100 100 100 100 100 100 100 100 100 100 100 100, loss 144444.7 (homogeneous 146289.3)
==== 2026-10-09 17:27:56 start baseline.nncl.cl_grid slot 10
[1] 1200
WARNING: All log messages before absl::InitializeLog() is called are written to STDERR
I0000 00:00:1791559683.279819   13568 port.cc:153] oneDNN custom operations are on. You may see slightly different numerical results due to floating-point round-off errors from different computation orders. To turn them off, set the environment variable `TF_ENABLE_ONEDNN_OPTS=0`.
WARNING: All log messages before absl::InitializeLog() is called are written to STDERR
I0000 00:00:1791559687.463623   13568 port.cc:153] oneDNN custom operations are on. You may see slightly different numerical results due to floating-point round-off errors from different computation orders. To turn them off, set the environment variable `TF_ENABLE_ONEDNN_OPTS=0`.
WARNING:tensorflow:From C:\Users\26196425\Work\MASTER~3\env\Lib\site-packages\keras\src\backend\common\global_state.py:82: The name tf.reset_default_graph is deprecated. Please use tf.compat.v1.reset_default_graph instead.

WARNING:tensorflow:TensorFlow GPU support is not available on native Windows for TensorFlow >= 2.11. Even if CUDA/cuDNN are installed, GPU will not be used. Please use WSL2 or the TensorFlow-DirectML plugin.
WARNING:tensorflow:5 out of the last 7 calls to <function TensorFlowTrainer.make_predict_function.<locals>.one_step_on_data_distributed at 0x0000024AEAA1F880> triggered tf.function retracing. Tracing is expensive and the excessive number of tracings could be due to (1) creating @tf.function repeatedly in a loop, (2) passing tensors with different shapes, (3) passing Python objects instead of tensors. For (1), please define your @tf.function outside of the loop. For (2), @tf.function has reduce_retracing=True option that can avoid unnecessary retracing. For (3), please refer to https://www.tensorflow.org/guide/function#controlling_retracing and https://www.tensorflow.org/api_docs/python/tf/function for  more details.
WARNING:tensorflow:6 out of the last 8 calls to <function TensorFlowTrainer.make_predict_function.<locals>.one_step_on_data_distributed at 0x0000024AEAA1F880> triggered tf.function retracing. Tracing is expensive and the excessive number of tracings could be due to (1) creating @tf.function repeatedly in a loop, (2) passing tensors with different shapes, (3) passing Python objects instead of tensors. For (1), please define your @tf.function outside of the loop. For (2), @tf.function has reduce_retracing=True option that can avoid unnecessary retracing. For (3), please refer to https://www.tensorflow.org/guide/function#controlling_retracing and https://www.tensorflow.org/api_docs/python/tf/function for  more details.
clgrid_20-20-15_adam_cl_paper_s2041: 257 s, epochs used 100 100 100 100 100 100 100 100 100 100 100 100 100 100 100 100 100 100 100, loss 142573.7 (homogeneous 146289.3)
clgrid_20-15-10_sgd_nesterov_cl_paper_s2041: 245 s, epochs used 100 100 100 100 100 100 100 100 100 100 100 100 100 100 100 100 100 100 100, loss 145363.9 (homogeneous 146289.3)
clgrid_20-15-10_adamw_cl_paper_s2041: 254 s, epochs used 100 100 100 100 100 100 100 100 100 100 100 100 100 100 100 100 100 100 100, loss 143970.9 (homogeneous 146289.3)
clgrid_20_adagrad_cl_start_s2042: 235 s, epochs used 0 500 322 93 47 150 158 155 0 3 0 5 35 1 0 14 0 0 0, loss 145970.7 (homogeneous 146289.3)
clgrid_20_nadam_cl_start_s2042: 158 s, epochs used 0 177 83 55 29 36 40 28 0 33 0 1 33 0 0 0 0 0 0, loss 145913.3 (homogeneous 146289.3)
clgrid_20-20-15_adadelta_cl_start_s2042: 205 s, epochs used 0 210 168 120 101 175 140 102 3 5 0 1 1 0 0 0 0 0 0, loss 145947.7 (homogeneous 146289.3)
clgrid_20-20-15_nadam_cl_paper_s2042: 263 s, epochs used 100 100 100 100 100 100 100 100 100 100 100 100 100 100 100 100 100 100 100, loss 142299.9 (homogeneous 146289.3)
clgrid_20-15-10_adam_cl_paper_s2042: 261 s, epochs used 100 100 100 100 100 100 100 100 100 100 100 100 100 100 100 100 100 100 100, loss 143968.3 (homogeneous 146289.3)
==== 2026-10-09 18:03:21 start baseline.nncl.cl_grid slot 10
[1] 1200
WARNING: All log messages before absl::InitializeLog() is called are written to STDERR
I0000 00:00:1791561809.276400   12672 port.cc:153] oneDNN custom operations are on. You may see slightly different numerical results due to floating-point round-off errors from different computation orders. To turn them off, set the environment variable `TF_ENABLE_ONEDNN_OPTS=0`.
WARNING: All log messages before absl::InitializeLog() is called are written to STDERR
I0000 00:00:1791561813.535147   12672 port.cc:153] oneDNN custom operations are on. You may see slightly different numerical results due to floating-point round-off errors from different computation orders. To turn them off, set the environment variable `TF_ENABLE_ONEDNN_OPTS=0`.
WARNING:tensorflow:From C:\Users\26196425\Work\MASTER~3\env\Lib\site-packages\keras\src\backend\common\global_state.py:82: The name tf.reset_default_graph is deprecated. Please use tf.compat.v1.reset_default_graph instead.

WARNING:tensorflow:TensorFlow GPU support is not available on native Windows for TensorFlow >= 2.11. Even if CUDA/cuDNN are installed, GPU will not be used. Please use WSL2 or the TensorFlow-DirectML plugin.
WARNING:tensorflow:5 out of the last 7 calls to <function TensorFlowTrainer.make_predict_function.<locals>.one_step_on_data_distributed at 0x000001FD1A13BEC0> triggered tf.function retracing. Tracing is expensive and the excessive number of tracings could be due to (1) creating @tf.function repeatedly in a loop, (2) passing tensors with different shapes, (3) passing Python objects instead of tensors. For (1), please define your @tf.function outside of the loop. For (2), @tf.function has reduce_retracing=True option that can avoid unnecessary retracing. For (3), please refer to https://www.tensorflow.org/guide/function#controlling_retracing and https://www.tensorflow.org/api_docs/python/tf/function for  more details.
WARNING:tensorflow:6 out of the last 8 calls to <function TensorFlowTrainer.make_predict_function.<locals>.one_step_on_data_distributed at 0x000001FD1A13BEC0> triggered tf.function retracing. Tracing is expensive and the excessive number of tracings could be due to (1) creating @tf.function repeatedly in a loop, (2) passing tensors with different shapes, (3) passing Python objects instead of tensors. For (1), please define your @tf.function outside of the loop. For (2), @tf.function has reduce_retracing=True option that can avoid unnecessary retracing. For (3), please refer to https://www.tensorflow.org/guide/function#controlling_retracing and https://www.tensorflow.org/api_docs/python/tf/function for  more details.
clgrid_20_adagrad_cl_paper_s2043: 239 s, epochs used 100 100 100 100 100 100 100 100 100 100 100 100 100 100 100 100 100 100 100, loss 144211.8 (homogeneous 146289.3)
clgrid_20_nadam_cl_paper_s2043: 248 s, epochs used 100 100 100 100 100 100 100 100 100 100 100 100 100 100 100 100 100 100 100, loss 144404.3 (homogeneous 146289.3)
clgrid_20-20-15_rmsprop_cl_paper_s2043: 245 s, epochs used 100 100 100 100 100 100 100 100 100 100 100 100 100 100 100 100 100 100 100, loss 142114.4 (homogeneous 146289.3)
clgrid_20-15-10_sgd_cl_paper_s2043: 236 s, epochs used 100 100 100 100 100 100 100 100 100 100 100 100 100 100 100 100 100 100 100, loss 146052.4 (homogeneous 146289.3)
clgrid_20-15-10_adam_cl_paper_s2043: 262 s, epochs used 100 100 100 100 100 100 100 100 100 100 100 100 100 100 100 100 100 100 100, loss 143383.9 (homogeneous 146289.3)
clgrid_20_sgd_cl_start_s2044: 566 s, epochs used 0 500 500 278 500 500 500 500 0 13 65 500 500 0 0 0 0 0 0, loss 146026.7 (homogeneous 146289.3)
clgrid_20-20-15_adagrad_cl_start_s2044: 415 s, epochs used 0 500 500 8 61 500 500 65 0 309 0 20 500 0 0 0 0 0 0, loss 145940.8 (homogeneous 146289.3)
clgrid_20-15-10_sgd_nesterov_cl_start_s2044: 414 s, epochs used 0 500 0 342 500 500 500 500 26 17 4 0 20 0 13 9 0 0 0, loss 146059.3 (homogeneous 146289.3)
==== 2026-10-09 18:50:34 start baseline.nncl.cl_grid slot 10
[1] 1200
WARNING: All log messages before absl::InitializeLog() is called are written to STDERR
I0000 00:00:1791564641.527735   16548 port.cc:153] oneDNN custom operations are on. You may see slightly different numerical results due to floating-point round-off errors from different computation orders. To turn them off, set the environment variable `TF_ENABLE_ONEDNN_OPTS=0`.
WARNING: All log messages before absl::InitializeLog() is called are written to STDERR
I0000 00:00:1791564645.544369   16548 port.cc:153] oneDNN custom operations are on. You may see slightly different numerical results due to floating-point round-off errors from different computation orders. To turn them off, set the environment variable `TF_ENABLE_ONEDNN_OPTS=0`.
WARNING:tensorflow:From C:\Users\26196425\Work\MASTER~3\env\Lib\site-packages\keras\src\backend\common\global_state.py:82: The name tf.reset_default_graph is deprecated. Please use tf.compat.v1.reset_default_graph instead.

WARNING:tensorflow:TensorFlow GPU support is not available on native Windows for TensorFlow >= 2.11. Even if CUDA/cuDNN are installed, GPU will not be used. Please use WSL2 or the TensorFlow-DirectML plugin.
WARNING:tensorflow:5 out of the last 7 calls to <function TensorFlowTrainer.make_predict_function.<locals>.one_step_on_data_distributed at 0x000002013772FF60> triggered tf.function retracing. Tracing is expensive and the excessive number of tracings could be due to (1) creating @tf.function repeatedly in a loop, (2) passing tensors with different shapes, (3) passing Python objects instead of tensors. For (1), please define your @tf.function outside of the loop. For (2), @tf.function has reduce_retracing=True option that can avoid unnecessary retracing. For (3), please refer to https://www.tensorflow.org/guide/function#controlling_retracing and https://www.tensorflow.org/api_docs/python/tf/function for  more details.
WARNING:tensorflow:6 out of the last 8 calls to <function TensorFlowTrainer.make_predict_function.<locals>.one_step_on_data_distributed at 0x000002013772FF60> triggered tf.function retracing. Tracing is expensive and the excessive number of tracings could be due to (1) creating @tf.function repeatedly in a loop, (2) passing tensors with different shapes, (3) passing Python objects instead of tensors. For (1), please define your @tf.function outside of the loop. For (2), @tf.function has reduce_retracing=True option that can avoid unnecessary retracing. For (3), please refer to https://www.tensorflow.org/guide/function#controlling_retracing and https://www.tensorflow.org/api_docs/python/tf/function for  more details.
clgrid_20_sgd_momentum_cl_start_s2045: 262 s, epochs used 0 47 18 17 28 500 500 500 6 26 8 42 68 4 0 0 0 0 0, loss 146096.8 (homogeneous 146289.3)
clgrid_20_adamw_cl_paper_s2045: 244 s, epochs used 100 100 100 100 100 100 100 100 100 100 100 100 100 100 100 100 100 100 100, loss 144422.3 (homogeneous 146289.3)
clgrid_20-20-15_sgd_nesterov_cl_start_s2045: 261 s, epochs used 0 500 14 32 500 3 22 500 6 0 7 50 8 0 0 0 0 7 0, loss 146109.0 (homogeneous 146289.3)
clgrid_20-20-15_adamax_cl_paper_s2045: 251 s, epochs used 100 100 100 100 100 100 100 100 100 100 100 100 100 100 100 100 100 100 100, loss 144627.2 (homogeneous 146289.3)
clgrid_20-15-10_rmsprop_cl_paper_s2045: 248 s, epochs used 100 100 100 100 100 100 100 100 100 100 100 100 100 100 100 100 100 100 100, loss 143658.1 (homogeneous 146289.3)
