==== 2026-10-08 16:31:30 start baseline.bccnn.bootstrap.rolling_origin_refit.analysis slot 1
                        refits     seconds per refit (median) 
                       1000.00                          11.45 
           hours of all refits seconds per Keras fit (median) 
                          3.25                          10.71 
       hours of all Keras fits 
                          2.98 
               method   phi  reserve boot_mean process_sd estimation_sd   rmsep
1  ccODP, phi pearson 2.670 9479.361  9478.078    159.079       235.424 284.131
2 ccODP, phi deviance 2.601 9479.361  9471.683    157.019       234.963 282.600
3 bCCNN, phi deviance 2.589 9498.253  9505.927    156.805       240.346 286.974
  mc_se   cv     true     bias
1 4.438 0.03 9626.776 -147.415
2 4.339 0.03 9626.776 -147.415
3 4.409 0.03 9626.776 -128.523
  model phi_estimate      phi  reserve process_sd    rmsep
1 ccODP      pearson 2.669609 9479.361   159.0792 284.1311
2 ccODP     deviance 2.600899 9479.361   157.0186 282.5998
3 bCCNN      pearson 2.657059 9498.253   158.8629       NA
4 bCCNN     deviance 2.588671 9498.253   156.8052 286.9743
