==== 2026-10-08 19:26:19 start baseline.nncl.grid slot 2
[1] 1200
WARNING: All log messages before absl::InitializeLog() is called are written to STDERR
I0000 00:00:1791480395.807866    6576 port.cc:153] oneDNN custom operations are on. You may see slightly different numerical results due to floating-point round-off errors from different computation orders. To turn them off, set the environment variable `TF_ENABLE_ONEDNN_OPTS=0`.
WARNING: All log messages before absl::InitializeLog() is called are written to STDERR
I0000 00:00:1791480425.315511    6576 port.cc:153] oneDNN custom operations are on. You may see slightly different numerical results due to floating-point round-off errors from different computation orders. To turn them off, set the environment variable `TF_ENABLE_ONEDNN_OPTS=0`.
WARNING:tensorflow:From C:\Users\26196425\Work\MASTER~3\env\Lib\site-packages\keras\src\backend\common\global_state.py:82: The name tf.reset_default_graph is deprecated. Please use tf.compat.v1.reset_default_graph instead.

WARNING:tensorflow:TensorFlow GPU support is not available on native Windows for TensorFlow >= 2.11. Even if CUDA/cuDNN are installed, GPU will not be used. Please use WSL2 or the TensorFlow-DirectML plugin.
WARNING:tensorflow:5 out of the last 7 calls to <function TensorFlowTrainer.make_predict_function.<locals>.one_step_on_data_distributed at 0x000002C1B146FF60> triggered tf.function retracing. Tracing is expensive and the excessive number of tracings could be due to (1) creating @tf.function repeatedly in a loop, (2) passing tensors with different shapes, (3) passing Python objects instead of tensors. For (1), please define your @tf.function outside of the loop. For (2), @tf.function has reduce_retracing=True option that can avoid unnecessary retracing. For (3), please refer to https://www.tensorflow.org/guide/function#controlling_retracing and https://www.tensorflow.org/api_docs/python/tf/function for  more details.
WARNING:tensorflow:6 out of the last 8 calls to <function TensorFlowTrainer.make_predict_function.<locals>.one_step_on_data_distributed at 0x000002C1B146FF60> triggered tf.function retracing. Tracing is expensive and the excessive number of tracings could be due to (1) creating @tf.function repeatedly in a loop, (2) passing tensors with different shapes, (3) passing Python objects instead of tensors. For (1), please define your @tf.function outside of the loop. For (2), @tf.function has reduce_retracing=True option that can avoid unnecessary retracing. For (3), please refer to https://www.tensorflow.org/guide/function#controlling_retracing and https://www.tensorflow.org/api_docs/python/tf/function for  more details.
grid_20_rmsprop_paper_s2026: 238 s, epochs used 100 100 100 100 100 100 100 100 100 100 100 100 100 100 100 100 100 100 100, loss 145258.8 (homogeneous 146289.3)
grid_20_nadam_early_stop_s2026: 923 s, epochs used 108 500 86 215 65 500 500 500 500 268 500 500 500 500 500 500 159 500 500, loss 146840.2 (homogeneous 146289.3)
grid_20-15-10_sgd_paper_s2026: 240 s, epochs used 100 100 100 100 100 100 100 100 100 100 100 100 100 100 100 100 100 100 100, loss 148264.9 (homogeneous 146289.3)
grid_20-15-10_adadelta_paper_s2026: 251 s, epochs used 100 100 100 100 100 100 100 100 100 100 100 100 100 100 100 100 100 100 100, loss 104258.5 (homogeneous 146289.3)
grid_20-15-10_adam_paper_s2026: 259 s, epochs used 100 100 100 100 100 100 100 100 100 100 100 100 100 100 100 100 100 100 100, loss 144479.6 (homogeneous 146289.3)
grid_20-15-10_adamax_early_stop_s2026: 1080 s, epochs used 81 329 388 286 500 500 500 500 500 500 500 500 500 500 500 500 465 500 500, loss 145848.1 (homogeneous 146289.3)
grid_20-20-15_sgd_paper_s2027: 239 s, epochs used 100 100 100 100 100 100 100 100 100 100 100 100 100 100 100 100 100 100 100, loss 149535.4 (homogeneous 146289.3)
grid_20-20-15_sgd_nesterov_early_stop_s2027: 949 s, epochs used 8 357 500 195 74 500 500 500 500 297 500 500 500 500 500 500 136 500 500, loss 146605.5 (homogeneous 146289.3)
==== 2026-10-08 20:40:25 start baseline.nncl.grid slot 2
[1] 1200
WARNING: All log messages before absl::InitializeLog() is called are written to STDERR
I0000 00:00:1791484832.300095   11548 port.cc:153] oneDNN custom operations are on. You may see slightly different numerical results due to floating-point round-off errors from different computation orders. To turn them off, set the environment variable `TF_ENABLE_ONEDNN_OPTS=0`.
WARNING: All log messages before absl::InitializeLog() is called are written to STDERR
I0000 00:00:1791484836.421289   11548 port.cc:153] oneDNN custom operations are on. You may see slightly different numerical results due to floating-point round-off errors from different computation orders. To turn them off, set the environment variable `TF_ENABLE_ONEDNN_OPTS=0`.
WARNING:tensorflow:From C:\Users\26196425\Work\MASTER~3\env\Lib\site-packages\keras\src\backend\common\global_state.py:82: The name tf.reset_default_graph is deprecated. Please use tf.compat.v1.reset_default_graph instead.

WARNING:tensorflow:TensorFlow GPU support is not available on native Windows for TensorFlow >= 2.11. Even if CUDA/cuDNN are installed, GPU will not be used. Please use WSL2 or the TensorFlow-DirectML plugin.
WARNING:tensorflow:5 out of the last 7 calls to <function TensorFlowTrainer.make_predict_function.<locals>.one_step_on_data_distributed at 0x00000180E9CF4400> triggered tf.function retracing. Tracing is expensive and the excessive number of tracings could be due to (1) creating @tf.function repeatedly in a loop, (2) passing tensors with different shapes, (3) passing Python objects instead of tensors. For (1), please define your @tf.function outside of the loop. For (2), @tf.function has reduce_retracing=True option that can avoid unnecessary retracing. For (3), please refer to https://www.tensorflow.org/guide/function#controlling_retracing and https://www.tensorflow.org/api_docs/python/tf/function for  more details.
WARNING:tensorflow:6 out of the last 8 calls to <function TensorFlowTrainer.make_predict_function.<locals>.one_step_on_data_distributed at 0x00000180E9CF4400> triggered tf.function retracing. Tracing is expensive and the excessive number of tracings could be due to (1) creating @tf.function repeatedly in a loop, (2) passing tensors with different shapes, (3) passing Python objects instead of tensors. For (1), please define your @tf.function outside of the loop. For (2), @tf.function has reduce_retracing=True option that can avoid unnecessary retracing. For (3), please refer to https://www.tensorflow.org/guide/function#controlling_retracing and https://www.tensorflow.org/api_docs/python/tf/function for  more details.
grid_20-15-10_adagrad_paper_s2027: 239 s, epochs used 100 100 100 100 100 100 100 100 100 100 100 100 100 100 100 100 100 100 100, loss 144141.5 (homogeneous 146289.3)
grid_20-15-10_rmsprop_early_stop_s2027: 953 s, epochs used 72 387 244 169 490 109 493 495 385 495 493 495 484 489 499 495 338 494 491, loss 144776.7 (homogeneous 146289.3)
grid_20_rmsprop_early_stop_s2028: 476 s, epochs used 77 49 72 76 500 499 95 96 499 74 96 79 96 82 500 95 55 492 95, loss 146557.3 (homogeneous 146289.3)
grid_20_nadam_paper_s2028: 247 s, epochs used 100 100 100 100 100 100 100 100 100 100 100 100 100 100 100 100 100 100 100, loss 147691.2 (homogeneous 146289.3)
grid_20-20-15_adagrad_paper_s2028: 243 s, epochs used 100 100 100 100 100 100 100 100 100 100 100 100 100 100 100 100 100 100 100, loss 98945.2 (homogeneous 146289.3)
grid_20-20-15_rmsprop_early_stop_s2028: 303 s, epochs used 33 77 81 98 74 74 90 88 89 88 89 88 90 87 86 80 105 93 498, loss 146477.2 (homogeneous 146289.3)
grid_20-20-15_adamax_early_stop_s2028: 1109 s, epochs used 48 500 500 500 500 500 500 500 500 500 500 500 500 500 500 500 500 415 500, loss 147623.0 (homogeneous 146289.3)
grid_20_sgd_nesterov_paper_s2029: 237 s, epochs used 100 100 100 100 100 100 100 100 100 100 100 100 100 100 100 100 100 100 100, loss 143668.8 (homogeneous 146289.3)
==== 2026-10-08 21:47:30 start baseline.nncl.grid slot 2
[1] 1200
WARNING: All log messages before absl::InitializeLog() is called are written to STDERR
I0000 00:00:1791488858.118463   11948 port.cc:153] oneDNN custom operations are on. You may see slightly different numerical results due to floating-point round-off errors from different computation orders. To turn them off, set the environment variable `TF_ENABLE_ONEDNN_OPTS=0`.
WARNING: All log messages before absl::InitializeLog() is called are written to STDERR
I0000 00:00:1791488862.482711   11948 port.cc:153] oneDNN custom operations are on. You may see slightly different numerical results due to floating-point round-off errors from different computation orders. To turn them off, set the environment variable `TF_ENABLE_ONEDNN_OPTS=0`.
WARNING:tensorflow:From C:\Users\26196425\Work\MASTER~3\env\Lib\site-packages\keras\src\backend\common\global_state.py:82: The name tf.reset_default_graph is deprecated. Please use tf.compat.v1.reset_default_graph instead.

WARNING:tensorflow:TensorFlow GPU support is not available on native Windows for TensorFlow >= 2.11. Even if CUDA/cuDNN are installed, GPU will not be used. Please use WSL2 or the TensorFlow-DirectML plugin.
WARNING:tensorflow:5 out of the last 7 calls to <function TensorFlowTrainer.make_predict_function.<locals>.one_step_on_data_distributed at 0x000001F88904B740> triggered tf.function retracing. Tracing is expensive and the excessive number of tracings could be due to (1) creating @tf.function repeatedly in a loop, (2) passing tensors with different shapes, (3) passing Python objects instead of tensors. For (1), please define your @tf.function outside of the loop. For (2), @tf.function has reduce_retracing=True option that can avoid unnecessary retracing. For (3), please refer to https://www.tensorflow.org/guide/function#controlling_retracing and https://www.tensorflow.org/api_docs/python/tf/function for  more details.
WARNING:tensorflow:6 out of the last 8 calls to <function TensorFlowTrainer.make_predict_function.<locals>.one_step_on_data_distributed at 0x000001F88904B740> triggered tf.function retracing. Tracing is expensive and the excessive number of tracings could be due to (1) creating @tf.function repeatedly in a loop, (2) passing tensors with different shapes, (3) passing Python objects instead of tensors. For (1), please define your @tf.function outside of the loop. For (2), @tf.function has reduce_retracing=True option that can avoid unnecessary retracing. For (3), please refer to https://www.tensorflow.org/guide/function#controlling_retracing and https://www.tensorflow.org/api_docs/python/tf/function for  more details.
grid_20_rmsprop_paper_s2029: 232 s, epochs used 100 100 100 100 100 100 100 100 100 100 100 100 100 100 100 100 100 100 100, loss 146141.4 (homogeneous 146289.3)
grid_20_adamw_early_stop_s2029: 986 s, epochs used 121 500 358 160 500 450 500 500 500 500 500 500 500 500 500 500 500 500 15, loss 146974.6 (homogeneous 146289.3)
grid_20-20-15_adamax_paper_s2029: 253 s, epochs used 100 100 100 100 100 100 100 100 100 100 100 100 100 100 100 100 100 100 100, loss 148508.9 (homogeneous 146289.3)
grid_20-15-10_sgd_early_stop_s2029: 972 s, epochs used 58 500 500 500 467 500 500 500 500 500 500 500 500 500 500 500 281 24 4, loss 146318.4 (homogeneous 146289.3)
grid_20_sgd_nesterov_paper_s2030: 242 s, epochs used 100 100 100 100 100 100 100 100 100 100 100 100 100 100 100 100 100 100 100, loss 143865.3 (homogeneous 146289.3)
grid_20_adadelta_early_stop_s2030: 433 s, epochs used 61 180 162 157 153 144 142 140 138 139 137 138 138 137 136 136 137 151 499, loss 146125.3 (homogeneous 146289.3)
grid_20_nadam_paper_s2030: 246 s, epochs used 100 100 100 100 100 100 100 100 100 100 100 100 100 100 100 100 100 100 100, loss 150056.9 (homogeneous 146289.3)
grid_20-20-15_sgd_nesterov_paper_s2030: 248 s, epochs used 100 100 100 100 100 100 100 100 100 100 100 100 100 100 100 100 100 100 100, loss 131443.4 (homogeneous 146289.3)
==== 2026-10-08 22:51:05 start baseline.nncl.grid slot 2
[1] 1200
WARNING: All log messages before absl::InitializeLog() is called are written to STDERR
I0000 00:00:1791492672.852795   10604 port.cc:153] oneDNN custom operations are on. You may see slightly different numerical results due to floating-point round-off errors from different computation orders. To turn them off, set the environment variable `TF_ENABLE_ONEDNN_OPTS=0`.
WARNING: All log messages before absl::InitializeLog() is called are written to STDERR
I0000 00:00:1791492677.305128   10604 port.cc:153] oneDNN custom operations are on. You may see slightly different numerical results due to floating-point round-off errors from different computation orders. To turn them off, set the environment variable `TF_ENABLE_ONEDNN_OPTS=0`.
WARNING:tensorflow:From C:\Users\26196425\Work\MASTER~3\env\Lib\site-packages\keras\src\backend\common\global_state.py:82: The name tf.reset_default_graph is deprecated. Please use tf.compat.v1.reset_default_graph instead.

WARNING:tensorflow:TensorFlow GPU support is not available on native Windows for TensorFlow >= 2.11. Even if CUDA/cuDNN are installed, GPU will not be used. Please use WSL2 or the TensorFlow-DirectML plugin.
WARNING:tensorflow:5 out of the last 7 calls to <function TensorFlowTrainer.make_predict_function.<locals>.one_step_on_data_distributed at 0x000001D9866F14E0> triggered tf.function retracing. Tracing is expensive and the excessive number of tracings could be due to (1) creating @tf.function repeatedly in a loop, (2) passing tensors with different shapes, (3) passing Python objects instead of tensors. For (1), please define your @tf.function outside of the loop. For (2), @tf.function has reduce_retracing=True option that can avoid unnecessary retracing. For (3), please refer to https://www.tensorflow.org/guide/function#controlling_retracing and https://www.tensorflow.org/api_docs/python/tf/function for  more details.
WARNING:tensorflow:6 out of the last 8 calls to <function TensorFlowTrainer.make_predict_function.<locals>.one_step_on_data_distributed at 0x000001D9866F14E0> triggered tf.function retracing. Tracing is expensive and the excessive number of tracings could be due to (1) creating @tf.function repeatedly in a loop, (2) passing tensors with different shapes, (3) passing Python objects instead of tensors. For (1), please define your @tf.function outside of the loop. For (2), @tf.function has reduce_retracing=True option that can avoid unnecessary retracing. For (3), please refer to https://www.tensorflow.org/guide/function#controlling_retracing and https://www.tensorflow.org/api_docs/python/tf/function for  more details.
grid_20-20-15_adadelta_paper_s2030: 254 s, epochs used 100 100 100 100 100 100 100 100 100 100 100 100 100 100 100 100 100 100 100, loss 112461.5 (homogeneous 146289.3)
grid_20-20-15_adam_early_stop_s2030: 712 s, epochs used 69 72 68 111 55 500 500 500 500 22 500 500 500 500 500 500 64 44 35, loss 145697.5 (homogeneous 146289.3)
grid_20-15-10_rmsprop_early_stop_s2030: 598 s, epochs used 56 128 108 136 287 304 63 218 238 345 284 325 391 350 300 390 44 464 1, loss 145275.4 (homogeneous 146289.3)
grid_20_sgd_nesterov_early_stop_s2031: 943 s, epochs used 22 280 232 500 500 500 500 500 500 55 500 500 500 500 500 500 500 500 12, loss 146278.7 (homogeneous 146289.3)
grid_20-20-15_sgd_nesterov_early_stop_s2031: 831 s, epochs used 16 79 500 382 54 500 500 500 500 33 500 500 500 500 500 500 16 500 9, loss 145801.0 (homogeneous 146289.3)
grid_20-15-10_sgd_momentum_early_stop_s2031: 553 s, epochs used 13 65 75 51 45 61 500 500 83 62 500 500 500 500 84 84 500 23 18, loss 146645.2 (homogeneous 146289.3)
grid_20-15-10_adamw_early_stop_s2031: 685 s, epochs used 90 33 73 71 92 83 500 500 500 123 500 500 500 500 500 500 52 58 30, loss 145849.6 (homogeneous 146289.3)
grid_20_adam_early_stop_s2032: 863 s, epochs used 126 51 168 353 500 500 500 500 500 500 500 500 500 500 500 500 100 107 11, loss 146740.1 (homogeneous 146289.3)
==== 2026-10-09 00:25:43 start baseline.nncl.grid slot 2
[1] 1200
WARNING: All log messages before absl::InitializeLog() is called are written to STDERR
I0000 00:00:1791498351.328650    9284 port.cc:153] oneDNN custom operations are on. You may see slightly different numerical results due to floating-point round-off errors from different computation orders. To turn them off, set the environment variable `TF_ENABLE_ONEDNN_OPTS=0`.
WARNING: All log messages before absl::InitializeLog() is called are written to STDERR
I0000 00:00:1791498355.844677    9284 port.cc:153] oneDNN custom operations are on. You may see slightly different numerical results due to floating-point round-off errors from different computation orders. To turn them off, set the environment variable `TF_ENABLE_ONEDNN_OPTS=0`.
WARNING:tensorflow:From C:\Users\26196425\Work\MASTER~3\env\Lib\site-packages\keras\src\backend\common\global_state.py:82: The name tf.reset_default_graph is deprecated. Please use tf.compat.v1.reset_default_graph instead.

WARNING:tensorflow:TensorFlow GPU support is not available on native Windows for TensorFlow >= 2.11. Even if CUDA/cuDNN are installed, GPU will not be used. Please use WSL2 or the TensorFlow-DirectML plugin.
WARNING:tensorflow:5 out of the last 7 calls to <function TensorFlowTrainer.make_predict_function.<locals>.one_step_on_data_distributed at 0x00000223C5CEF880> triggered tf.function retracing. Tracing is expensive and the excessive number of tracings could be due to (1) creating @tf.function repeatedly in a loop, (2) passing tensors with different shapes, (3) passing Python objects instead of tensors. For (1), please define your @tf.function outside of the loop. For (2), @tf.function has reduce_retracing=True option that can avoid unnecessary retracing. For (3), please refer to https://www.tensorflow.org/guide/function#controlling_retracing and https://www.tensorflow.org/api_docs/python/tf/function for  more details.
WARNING:tensorflow:6 out of the last 8 calls to <function TensorFlowTrainer.make_predict_function.<locals>.one_step_on_data_distributed at 0x00000223C5CEF880> triggered tf.function retracing. Tracing is expensive and the excessive number of tracings could be due to (1) creating @tf.function repeatedly in a loop, (2) passing tensors with different shapes, (3) passing Python objects instead of tensors. For (1), please define your @tf.function outside of the loop. For (2), @tf.function has reduce_retracing=True option that can avoid unnecessary retracing. For (3), please refer to https://www.tensorflow.org/guide/function#controlling_retracing and https://www.tensorflow.org/api_docs/python/tf/function for  more details.
grid_20-20-15_adam_paper_s2032: 253 s, epochs used 100 100 100 100 100 100 100 100 100 100 100 100 100 100 100 100 100 100 100, loss 145010.6 (homogeneous 146289.3)
grid_20-20-15_adamax_early_stop_s2032: 1015 s, epochs used 87 500 368 266 500 500 500 500 500 500 500 500 500 500 500 500 60 500 398, loss 146094.0 (homogeneous 146289.3)
grid_20_sgd_early_stop_s2033: 1109 s, epochs used 82 500 500 500 436 500 500 500 500 500 500 500 500 500 500 500 500 500 500, loss 145702.3 (homogeneous 146289.3)
grid_20-20-15_adadelta_early_stop_s2033: 291 s, epochs used 39 61 60 76 89 100 104 102 106 108 109 106 110 107 104 114 108 106 102, loss 145666.9 (homogeneous 146289.3)
grid_20-20-15_adamw_paper_s2033: 257 s, epochs used 100 100 100 100 100 100 100 100 100 100 100 100 100 100 100 100 100 100 100, loss 145192.8 (homogeneous 146289.3)
grid_20-15-10_sgd_paper_s2033: 233 s, epochs used 100 100 100 100 100 100 100 100 100 100 100 100 100 100 100 100 100 100 100, loss 149424.8 (homogeneous 146289.3)
