==== 2026-10-08 19:03:55 start baseline.nncl.grid slot 8
[1] 1200
WARNING: All log messages before absl::InitializeLog() is called are written to STDERR
I0000 00:00:1791479043.366003   14720 port.cc:153] oneDNN custom operations are on. You may see slightly different numerical results due to floating-point round-off errors from different computation orders. To turn them off, set the environment variable `TF_ENABLE_ONEDNN_OPTS=0`.
WARNING: All log messages before absl::InitializeLog() is called are written to STDERR
I0000 00:00:1791479047.897020   14720 port.cc:153] oneDNN custom operations are on. You may see slightly different numerical results due to floating-point round-off errors from different computation orders. To turn them off, set the environment variable `TF_ENABLE_ONEDNN_OPTS=0`.
WARNING:tensorflow:From C:\Users\26196425\Work\MASTER~3\env\Lib\site-packages\keras\src\backend\common\global_state.py:82: The name tf.reset_default_graph is deprecated. Please use tf.compat.v1.reset_default_graph instead.

WARNING:tensorflow:TensorFlow GPU support is not available on native Windows for TensorFlow >= 2.11. Even if CUDA/cuDNN are installed, GPU will not be used. Please use WSL2 or the TensorFlow-DirectML plugin.
WARNING:tensorflow:5 out of the last 7 calls to <function TensorFlowTrainer.make_predict_function.<locals>.one_step_on_data_distributed at 0x000002581FC4FCE0> triggered tf.function retracing. Tracing is expensive and the excessive number of tracings could be due to (1) creating @tf.function repeatedly in a loop, (2) passing tensors with different shapes, (3) passing Python objects instead of tensors. For (1), please define your @tf.function outside of the loop. For (2), @tf.function has reduce_retracing=True option that can avoid unnecessary retracing. For (3), please refer to https://www.tensorflow.org/guide/function#controlling_retracing and https://www.tensorflow.org/api_docs/python/tf/function for  more details.
WARNING:tensorflow:6 out of the last 8 calls to <function TensorFlowTrainer.make_predict_function.<locals>.one_step_on_data_distributed at 0x000002581FC4FCE0> triggered tf.function retracing. Tracing is expensive and the excessive number of tracings could be due to (1) creating @tf.function repeatedly in a loop, (2) passing tensors with different shapes, (3) passing Python objects instead of tensors. For (1), please define your @tf.function outside of the loop. For (2), @tf.function has reduce_retracing=True option that can avoid unnecessary retracing. For (3), please refer to https://www.tensorflow.org/guide/function#controlling_retracing and https://www.tensorflow.org/api_docs/python/tf/function for  more details.
grid_20_sgd_momentum_early_stop_s2026: 931 s, epochs used 10 398 348 500 36 500 500 500 500 500 500 500 500 500 500 500 11 500 6, loss 146865.7 (homogeneous 146289.3)
grid_20_adagrad_paper_s2026: 249 s, epochs used 100 100 100 100 100 100 100 100 100 100 100 100 100 100 100 100 100 100 100, loss 144635.0 (homogeneous 146289.3)
grid_20_adadelta_paper_s2026: 246 s, epochs used 100 100 100 100 100 100 100 100 100 100 100 100 100 100 100 100 100 100 100, loss 145750.3 (homogeneous 146289.3)
grid_20_nadam_paper_s2026: 252 s, epochs used 100 100 100 100 100 100 100 100 100 100 100 100 100 100 100 100 100 100 100, loss 147448.0 (homogeneous 146289.3)
grid_20-20-15_sgd_nesterov_paper_s2026: 251 s, epochs used 100 100 100 100 100 100 100 100 100 100 100 100 100 100 100 100 100 100 100, loss 99288.3 (homogeneous 146289.3)
grid_20-20-15_adadelta_early_stop_s2026: 422 s, epochs used 30 105 140 148 114 154 154 155 157 158 158 158 157 157 156 161 132 156 307, loss 146507.2 (homogeneous 146289.3)
grid_20-20-15_adamax_early_stop_s2026: 1079 s, epochs used 61 428 500 500 500 500 500 500 500 500 500 500 500 500 500 500 442 500 58, loss 146943.7 (homogeneous 146289.3)
grid_20_sgd_early_stop_s2027: 1046 s, epochs used 102 500 500 500 500 500 500 500 500 500 500 500 500 500 500 500 500 500 11, loss 147402.5 (homogeneous 146289.3)
==== 2026-10-08 20:22:05 start baseline.nncl.grid slot 8
[1] 1200
WARNING: All log messages before absl::InitializeLog() is called are written to STDERR
I0000 00:00:1791483732.262623   12996 port.cc:153] oneDNN custom operations are on. You may see slightly different numerical results due to floating-point round-off errors from different computation orders. To turn them off, set the environment variable `TF_ENABLE_ONEDNN_OPTS=0`.
WARNING: All log messages before absl::InitializeLog() is called are written to STDERR
I0000 00:00:1791483736.472631   12996 port.cc:153] oneDNN custom operations are on. You may see slightly different numerical results due to floating-point round-off errors from different computation orders. To turn them off, set the environment variable `TF_ENABLE_ONEDNN_OPTS=0`.
WARNING:tensorflow:From C:\Users\26196425\Work\MASTER~3\env\Lib\site-packages\keras\src\backend\common\global_state.py:82: The name tf.reset_default_graph is deprecated. Please use tf.compat.v1.reset_default_graph instead.

WARNING:tensorflow:TensorFlow GPU support is not available on native Windows for TensorFlow >= 2.11. Even if CUDA/cuDNN are installed, GPU will not be used. Please use WSL2 or the TensorFlow-DirectML plugin.
WARNING:tensorflow:5 out of the last 7 calls to <function TensorFlowTrainer.make_predict_function.<locals>.one_step_on_data_distributed at 0x00000202EDD7C360> triggered tf.function retracing. Tracing is expensive and the excessive number of tracings could be due to (1) creating @tf.function repeatedly in a loop, (2) passing tensors with different shapes, (3) passing Python objects instead of tensors. For (1), please define your @tf.function outside of the loop. For (2), @tf.function has reduce_retracing=True option that can avoid unnecessary retracing. For (3), please refer to https://www.tensorflow.org/guide/function#controlling_retracing and https://www.tensorflow.org/api_docs/python/tf/function for  more details.
WARNING:tensorflow:6 out of the last 8 calls to <function TensorFlowTrainer.make_predict_function.<locals>.one_step_on_data_distributed at 0x00000202EDD7C360> triggered tf.function retracing. Tracing is expensive and the excessive number of tracings could be due to (1) creating @tf.function repeatedly in a loop, (2) passing tensors with different shapes, (3) passing Python objects instead of tensors. For (1), please define your @tf.function outside of the loop. For (2), @tf.function has reduce_retracing=True option that can avoid unnecessary retracing. For (3), please refer to https://www.tensorflow.org/guide/function#controlling_retracing and https://www.tensorflow.org/api_docs/python/tf/function for  more details.
grid_20-20-15_sgd_momentum_paper_s2027: 239 s, epochs used 100 100 100 100 100 100 100 100 100 100 100 100 100 100 100 100 100 100 100, loss 144427.1 (homogeneous 146289.3)
grid_20-20-15_adadelta_early_stop_s2027: 296 s, epochs used 27 100 75 87 43 102 105 108 108 114 110 108 108 107 97 94 98 108 176, loss 146392.8 (homogeneous 146289.3)
grid_20-20-15_adamw_paper_s2027: 257 s, epochs used 100 100 100 100 100 100 100 100 100 100 100 100 100 100 100 100 100 100 100, loss 144616.8 (homogeneous 146289.3)
grid_20-20-15_nadam_early_stop_s2027: 847 s, epochs used 72 167 188 224 80 500 500 500 500 186 500 500 500 500 500 500 79 500 69, loss 145292.9 (homogeneous 146289.3)
grid_20-15-10_adamax_early_stop_s2027: 1127 s, epochs used 160 500 500 500 500 500 500 500 500 500 500 500 500 500 500 500 500 500 500, loss 146217.3 (homogeneous 146289.3)
grid_20-20-15_sgd_early_stop_s2028: 1053 s, epochs used 58 500 500 500 403 491 500 500 500 500 500 500 500 500 500 500 154 500 500, loss 146182.1 (homogeneous 146289.3)
grid_20-15-10_sgd_nesterov_early_stop_s2028: 792 s, epochs used 16 55 281 216 45 500 500 500 500 13 500 500 500 500 500 500 16 500 36, loss 145764.5 (homogeneous 146289.3)
grid_20_sgd_momentum_paper_s2029: 235 s, epochs used 100 100 100 100 100 100 100 100 100 100 100 100 100 100 100 100 100 100 100, loss 144082.0 (homogeneous 146289.3)
==== 2026-10-08 21:46:55 start baseline.nncl.grid slot 8
[1] 1200
WARNING: All log messages before absl::InitializeLog() is called are written to STDERR
I0000 00:00:1791488822.408240    9796 port.cc:153] oneDNN custom operations are on. You may see slightly different numerical results due to floating-point round-off errors from different computation orders. To turn them off, set the environment variable `TF_ENABLE_ONEDNN_OPTS=0`.
WARNING: All log messages before absl::InitializeLog() is called are written to STDERR
I0000 00:00:1791488826.672963    9796 port.cc:153] oneDNN custom operations are on. You may see slightly different numerical results due to floating-point round-off errors from different computation orders. To turn them off, set the environment variable `TF_ENABLE_ONEDNN_OPTS=0`.
WARNING:tensorflow:From C:\Users\26196425\Work\MASTER~3\env\Lib\site-packages\keras\src\backend\common\global_state.py:82: The name tf.reset_default_graph is deprecated. Please use tf.compat.v1.reset_default_graph instead.

WARNING:tensorflow:TensorFlow GPU support is not available on native Windows for TensorFlow >= 2.11. Even if CUDA/cuDNN are installed, GPU will not be used. Please use WSL2 or the TensorFlow-DirectML plugin.
WARNING:tensorflow:5 out of the last 7 calls to <function TensorFlowTrainer.make_predict_function.<locals>.one_step_on_data_distributed at 0x000002E2E0154360> triggered tf.function retracing. Tracing is expensive and the excessive number of tracings could be due to (1) creating @tf.function repeatedly in a loop, (2) passing tensors with different shapes, (3) passing Python objects instead of tensors. For (1), please define your @tf.function outside of the loop. For (2), @tf.function has reduce_retracing=True option that can avoid unnecessary retracing. For (3), please refer to https://www.tensorflow.org/guide/function#controlling_retracing and https://www.tensorflow.org/api_docs/python/tf/function for  more details.
WARNING:tensorflow:6 out of the last 8 calls to <function TensorFlowTrainer.make_predict_function.<locals>.one_step_on_data_distributed at 0x000002E2E0154360> triggered tf.function retracing. Tracing is expensive and the excessive number of tracings could be due to (1) creating @tf.function repeatedly in a loop, (2) passing tensors with different shapes, (3) passing Python objects instead of tensors. For (1), please define your @tf.function outside of the loop. For (2), @tf.function has reduce_retracing=True option that can avoid unnecessary retracing. For (3), please refer to https://www.tensorflow.org/guide/function#controlling_retracing and https://www.tensorflow.org/api_docs/python/tf/function for  more details.
grid_20_adadelta_early_stop_s2029: 483 s, epochs used 62 499 151 435 106 112 111 111 114 129 114 111 112 110 126 132 500 141 499, loss 147359.0 (homogeneous 146289.3)
grid_20-20-15_sgd_paper_s2029: 232 s, epochs used 100 100 100 100 100 100 100 100 100 100 100 100 100 100 100 100 100 100 100, loss 149006.3 (homogeneous 146289.3)
grid_20-20-15_sgd_nesterov_early_stop_s2029: 926 s, epochs used 15 36 500 500 500 500 500 500 500 337 500 500 500 500 500 500 500 58 35, loss 146306.4 (homogeneous 146289.3)
grid_20-15-10_sgd_nesterov_early_stop_s2029: 910 s, epochs used 9 500 500 182 36 500 500 500 500 500 500 500 500 500 500 500 21 500 2, loss 146101.9 (homogeneous 146289.3)
grid_20_sgd_nesterov_early_stop_s2030: 620 s, epochs used 33 77 73 85 69 58 500 71 500 60 500 500 500 500 500 500 71 61 76, loss 145335.5 (homogeneous 146289.3)
grid_20_adamax_early_stop_s2030: 1051 s, epochs used 96 500 500 427 500 500 500 500 500 500 500 500 500 500 500 500 500 500 1, loss 148858.3 (homogeneous 146289.3)
grid_20-20-15_nadam_paper_s2030: 265 s, epochs used 100 100 100 100 100 100 100 100 100 100 100 100 100 100 100 100 100 100 100, loss 144556.0 (homogeneous 146289.3)
grid_20-15-10_adagrad_early_stop_s2030: 1032 s, epochs used 22 430 500 292 500 500 500 500 500 500 500 500 500 500 500 500 35 500 500, loss 145326.2 (homogeneous 146289.3)
==== 2026-10-08 23:22:17 start baseline.nncl.grid slot 8
[1] 1200
WARNING: All log messages before absl::InitializeLog() is called are written to STDERR
I0000 00:00:1791494556.450401   17644 port.cc:153] oneDNN custom operations are on. You may see slightly different numerical results due to floating-point round-off errors from different computation orders. To turn them off, set the environment variable `TF_ENABLE_ONEDNN_OPTS=0`.
WARNING: All log messages before absl::InitializeLog() is called are written to STDERR
I0000 00:00:1791494591.192386   17644 port.cc:153] oneDNN custom operations are on. You may see slightly different numerical results due to floating-point round-off errors from different computation orders. To turn them off, set the environment variable `TF_ENABLE_ONEDNN_OPTS=0`.
WARNING:tensorflow:From C:\Users\26196425\Work\MASTER~3\env\Lib\site-packages\keras\src\backend\common\global_state.py:82: The name tf.reset_default_graph is deprecated. Please use tf.compat.v1.reset_default_graph instead.

WARNING:tensorflow:TensorFlow GPU support is not available on native Windows for TensorFlow >= 2.11. Even if CUDA/cuDNN are installed, GPU will not be used. Please use WSL2 or the TensorFlow-DirectML plugin.
WARNING:tensorflow:5 out of the last 7 calls to <function TensorFlowTrainer.make_predict_function.<locals>.one_step_on_data_distributed at 0x00000166CBF58360> triggered tf.function retracing. Tracing is expensive and the excessive number of tracings could be due to (1) creating @tf.function repeatedly in a loop, (2) passing tensors with different shapes, (3) passing Python objects instead of tensors. For (1), please define your @tf.function outside of the loop. For (2), @tf.function has reduce_retracing=True option that can avoid unnecessary retracing. For (3), please refer to https://www.tensorflow.org/guide/function#controlling_retracing and https://www.tensorflow.org/api_docs/python/tf/function for  more details.
WARNING:tensorflow:6 out of the last 8 calls to <function TensorFlowTrainer.make_predict_function.<locals>.one_step_on_data_distributed at 0x00000166CBF58360> triggered tf.function retracing. Tracing is expensive and the excessive number of tracings could be due to (1) creating @tf.function repeatedly in a loop, (2) passing tensors with different shapes, (3) passing Python objects instead of tensors. For (1), please define your @tf.function outside of the loop. For (2), @tf.function has reduce_retracing=True option that can avoid unnecessary retracing. For (3), please refer to https://www.tensorflow.org/guide/function#controlling_retracing and https://www.tensorflow.org/api_docs/python/tf/function for  more details.
grid_20_adadelta_early_stop_s2031: 480 s, epochs used 66 97 151 187 183 189 194 193 196 196 194 193 197 197 199 198 499 94 120, loss 147881.4 (homogeneous 146289.3)
grid_20-20-15_sgd_momentum_paper_s2031: 239 s, epochs used 100 100 100 100 100 100 100 100 100 100 100 100 100 100 100 100 100 100 100, loss 143691.6 (homogeneous 146289.3)
grid_20-20-15_adadelta_early_stop_s2031: 284 s, epochs used 23 80 176 81 26 50 54 57 60 63 63 60 59 57 67 64 127 208 391, loss 147492.9 (homogeneous 146289.3)
grid_20-20-15_adamw_paper_s2031: 259 s, epochs used 100 100 100 100 100 100 100 100 100 100 100 100 100 100 100 100 100 100 100, loss 143795.8 (homogeneous 146289.3)
grid_20-20-15_nadam_paper_s2031: 265 s, epochs used 100 100 100 100 100 100 100 100 100 100 100 100 100 100 100 100 100 100 100, loss 143461.3 (homogeneous 146289.3)
grid_20-15-10_sgd_nesterov_early_stop_s2031: 733 s, epochs used 11 15 488 53 47 59 500 500 500 65 500 500 500 500 500 500 500 22 6, loss 146831.3 (homogeneous 146289.3)
grid_20_sgd_momentum_early_stop_s2032: 622 s, epochs used 24 50 44 91 500 500 500 500 500 46 500 500 500 500 12 71 57 19 40, loss 146221.9 (homogeneous 146289.3)
grid_20_nadam_paper_s2032: 247 s, epochs used 100 100 100 100 100 100 100 100 100 100 100 100 100 100 100 100 100 100 100, loss 148521.3 (homogeneous 146289.3)
==== 2026-10-09 00:19:28 start baseline.nncl.grid slot 8
[1] 1200
WARNING: All log messages before absl::InitializeLog() is called are written to STDERR
I0000 00:00:1791497976.013650   16952 port.cc:153] oneDNN custom operations are on. You may see slightly different numerical results due to floating-point round-off errors from different computation orders. To turn them off, set the environment variable `TF_ENABLE_ONEDNN_OPTS=0`.
WARNING: All log messages before absl::InitializeLog() is called are written to STDERR
I0000 00:00:1791497980.537305   16952 port.cc:153] oneDNN custom operations are on. You may see slightly different numerical results due to floating-point round-off errors from different computation orders. To turn them off, set the environment variable `TF_ENABLE_ONEDNN_OPTS=0`.
WARNING:tensorflow:From C:\Users\26196425\Work\MASTER~3\env\Lib\site-packages\keras\src\backend\common\global_state.py:82: The name tf.reset_default_graph is deprecated. Please use tf.compat.v1.reset_default_graph instead.

WARNING:tensorflow:TensorFlow GPU support is not available on native Windows for TensorFlow >= 2.11. Even if CUDA/cuDNN are installed, GPU will not be used. Please use WSL2 or the TensorFlow-DirectML plugin.
WARNING:tensorflow:5 out of the last 7 calls to <function TensorFlowTrainer.make_predict_function.<locals>.one_step_on_data_distributed at 0x0000027467484360> triggered tf.function retracing. Tracing is expensive and the excessive number of tracings could be due to (1) creating @tf.function repeatedly in a loop, (2) passing tensors with different shapes, (3) passing Python objects instead of tensors. For (1), please define your @tf.function outside of the loop. For (2), @tf.function has reduce_retracing=True option that can avoid unnecessary retracing. For (3), please refer to https://www.tensorflow.org/guide/function#controlling_retracing and https://www.tensorflow.org/api_docs/python/tf/function for  more details.
WARNING:tensorflow:6 out of the last 8 calls to <function TensorFlowTrainer.make_predict_function.<locals>.one_step_on_data_distributed at 0x0000027467484360> triggered tf.function retracing. Tracing is expensive and the excessive number of tracings could be due to (1) creating @tf.function repeatedly in a loop, (2) passing tensors with different shapes, (3) passing Python objects instead of tensors. For (1), please define your @tf.function outside of the loop. For (2), @tf.function has reduce_retracing=True option that can avoid unnecessary retracing. For (3), please refer to https://www.tensorflow.org/guide/function#controlling_retracing and https://www.tensorflow.org/api_docs/python/tf/function for  more details.
grid_20-20-15_sgd_nesterov_early_stop_s2032: 817 s, epochs used 22 17 55 375 500 500 500 500 500 500 500 500 500 500 500 500 56 17 43, loss 145625.0 (homogeneous 146289.3)
grid_20-15-10_sgd_momentum_early_stop_s2032: 669 s, epochs used 9 41 50 359 62 100 500 500 500 35 500 500 500 500 500 500 41 48 47, loss 147448.9 (homogeneous 146289.3)
grid_20-15-10_adamax_early_stop_s2032: 914 s, epochs used 86 264 486 375 87 160 500 500 500 500 500 500 500 500 500 500 31 500 163, loss 146527.4 (homogeneous 146289.3)
grid_20_nadam_early_stop_s2033: 952 s, epochs used 103 131 128 188 500 500 500 500 500 500 500 500 500 500 500 500 172 500 500, loss 146780.0 (homogeneous 146289.3)
