==== 2026-10-08 19:27:56 start baseline.nncl.grid slot 11
[1] 1200
WARNING: All log messages before absl::InitializeLog() is called are written to STDERR
I0000 00:00:1791480482.613136   15376 port.cc:153] oneDNN custom operations are on. You may see slightly different numerical results due to floating-point round-off errors from different computation orders. To turn them off, set the environment variable `TF_ENABLE_ONEDNN_OPTS=0`.
WARNING: All log messages before absl::InitializeLog() is called are written to STDERR
I0000 00:00:1791480486.341740   15376 port.cc:153] oneDNN custom operations are on. You may see slightly different numerical results due to floating-point round-off errors from different computation orders. To turn them off, set the environment variable `TF_ENABLE_ONEDNN_OPTS=0`.
WARNING:tensorflow:From C:\Users\26196425\Work\MASTER~3\env\Lib\site-packages\keras\src\backend\common\global_state.py:82: The name tf.reset_default_graph is deprecated. Please use tf.compat.v1.reset_default_graph instead.

WARNING:tensorflow:TensorFlow GPU support is not available on native Windows for TensorFlow >= 2.11. Even if CUDA/cuDNN are installed, GPU will not be used. Please use WSL2 or the TensorFlow-DirectML plugin.
WARNING:tensorflow:5 out of the last 7 calls to <function TensorFlowTrainer.make_predict_function.<locals>.one_step_on_data_distributed at 0x0000023BF88439C0> triggered tf.function retracing. Tracing is expensive and the excessive number of tracings could be due to (1) creating @tf.function repeatedly in a loop, (2) passing tensors with different shapes, (3) passing Python objects instead of tensors. For (1), please define your @tf.function outside of the loop. For (2), @tf.function has reduce_retracing=True option that can avoid unnecessary retracing. For (3), please refer to https://www.tensorflow.org/guide/function#controlling_retracing and https://www.tensorflow.org/api_docs/python/tf/function for  more details.
WARNING:tensorflow:6 out of the last 8 calls to <function TensorFlowTrainer.make_predict_function.<locals>.one_step_on_data_distributed at 0x0000023BF88439C0> triggered tf.function retracing. Tracing is expensive and the excessive number of tracings could be due to (1) creating @tf.function repeatedly in a loop, (2) passing tensors with different shapes, (3) passing Python objects instead of tensors. For (1), please define your @tf.function outside of the loop. For (2), @tf.function has reduce_retracing=True option that can avoid unnecessary retracing. For (3), please refer to https://www.tensorflow.org/guide/function#controlling_retracing and https://www.tensorflow.org/api_docs/python/tf/function for  more details.
grid_20_adam_early_stop_s2026: 861 s, epochs used 104 500 85 252 58 63 500 500 500 294 500 500 500 500 500 500 99 500 500, loss 146902.8 (homogeneous 146289.3)
grid_20-20-15_adamw_paper_s2026: 255 s, epochs used 100 100 100 100 100 100 100 100 100 100 100 100 100 100 100 100 100 100 100, loss 143126.3 (homogeneous 146289.3)
grid_20-15-10_sgd_early_stop_s2026: 1091 s, epochs used 68 500 500 500 500 500 500 500 500 500 500 500 500 500 500 500 500 500 500, loss 146611.2 (homogeneous 146289.3)
grid_20_sgd_momentum_early_stop_s2027: 959 s, epochs used 10 318 500 500 43 500 500 500 500 500 500 500 500 500 500 500 500 500 6, loss 149315.1 (homogeneous 146289.3)
grid_20-20-15_sgd_momentum_early_stop_s2027: 858 s, epochs used 8 84 500 195 75 500 500 500 500 360 500 500 500 500 500 500 100 500 32, loss 148042.4 (homogeneous 146289.3)
grid_20-15-10_sgd_early_stop_s2027: 1109 s, epochs used 201 500 500 500 500 500 500 500 500 500 500 500 500 500 500 500 500 500 500, loss 146027.5 (homogeneous 146289.3)
grid_20_sgd_momentum_early_stop_s2028: 863 s, epochs used 26 34 390 500 500 500 500 500 500 58 500 500 500 500 500 500 99 500 6, loss 146094.7 (homogeneous 146289.3)
grid_20-20-15_sgd_momentum_paper_s2028: 240 s, epochs used 100 100 100 100 100 100 100 100 100 100 100 100 100 100 100 100 100 100 100, loss 142656.5 (homogeneous 146289.3)
==== 2026-10-08 21:15:24 start baseline.nncl.grid slot 11
[1] 1200
WARNING: All log messages before absl::InitializeLog() is called are written to STDERR
I0000 00:00:1791486931.486421    7572 port.cc:153] oneDNN custom operations are on. You may see slightly different numerical results due to floating-point round-off errors from different computation orders. To turn them off, set the environment variable `TF_ENABLE_ONEDNN_OPTS=0`.
WARNING: All log messages before absl::InitializeLog() is called are written to STDERR
I0000 00:00:1791486935.705738    7572 port.cc:153] oneDNN custom operations are on. You may see slightly different numerical results due to floating-point round-off errors from different computation orders. To turn them off, set the environment variable `TF_ENABLE_ONEDNN_OPTS=0`.
WARNING:tensorflow:From C:\Users\26196425\Work\MASTER~3\env\Lib\site-packages\keras\src\backend\common\global_state.py:82: The name tf.reset_default_graph is deprecated. Please use tf.compat.v1.reset_default_graph instead.

WARNING:tensorflow:TensorFlow GPU support is not available on native Windows for TensorFlow >= 2.11. Even if CUDA/cuDNN are installed, GPU will not be used. Please use WSL2 or the TensorFlow-DirectML plugin.
WARNING:tensorflow:5 out of the last 7 calls to <function TensorFlowTrainer.make_predict_function.<locals>.one_step_on_data_distributed at 0x000001931F7F53A0> triggered tf.function retracing. Tracing is expensive and the excessive number of tracings could be due to (1) creating @tf.function repeatedly in a loop, (2) passing tensors with different shapes, (3) passing Python objects instead of tensors. For (1), please define your @tf.function outside of the loop. For (2), @tf.function has reduce_retracing=True option that can avoid unnecessary retracing. For (3), please refer to https://www.tensorflow.org/guide/function#controlling_retracing and https://www.tensorflow.org/api_docs/python/tf/function for  more details.
WARNING:tensorflow:6 out of the last 8 calls to <function TensorFlowTrainer.make_predict_function.<locals>.one_step_on_data_distributed at 0x000001931F7F53A0> triggered tf.function retracing. Tracing is expensive and the excessive number of tracings could be due to (1) creating @tf.function repeatedly in a loop, (2) passing tensors with different shapes, (3) passing Python objects instead of tensors. For (1), please define your @tf.function outside of the loop. For (2), @tf.function has reduce_retracing=True option that can avoid unnecessary retracing. For (3), please refer to https://www.tensorflow.org/guide/function#controlling_retracing and https://www.tensorflow.org/api_docs/python/tf/function for  more details.
grid_20-20-15_adadelta_early_stop_s2028: 364 s, epochs used 20 105 124 132 135 139 140 140 143 140 143 144 143 141 142 147 94 131 145, loss 146805.8 (homogeneous 146289.3)
grid_20-20-15_adamw_early_stop_s2028: 876 s, epochs used 38 102 500 301 170 162 500 500 500 500 500 500 500 500 500 500 67 500 46, loss 147899.7 (homogeneous 146289.3)
grid_20-15-10_adamw_early_stop_s2028: 753 s, epochs used 72 98 63 40 43 150 500 500 500 15 500 500 500 500 500 500 204 500 93, loss 145995.7 (homogeneous 146289.3)
grid_20_adam_early_stop_s2029: 1006 s, epochs used 121 500 356 160 500 452 500 500 500 500 500 500 500 500 500 500 500 500 15, loss 146972.5 (homogeneous 146289.3)
grid_20-20-15_adam_early_stop_s2029: 956 s, epochs used 84 52 500 343 500 500 500 500 500 424 500 500 500 500 500 500 500 46 123, loss 145884.6 (homogeneous 146289.3)
grid_20-15-10_adam_early_stop_s2029: 767 s, epochs used 73 56 78 69 48 51 500 500 500 58 500 500 500 500 500 500 34 500 500, loss 145525.0 (homogeneous 146289.3)
grid_20_adam_paper_s2030: 250 s, epochs used 100 100 100 100 100 100 100 100 100 100 100 100 100 100 100 100 100 100 100, loss 149407.3 (homogeneous 146289.3)
grid_20_nadam_early_stop_s2030: 1036 s, epochs used 88 500 500 238 500 500 500 500 500 500 500 500 500 500 500 500 479 500 1, loss 148248.2 (homogeneous 146289.3)
==== 2026-10-08 22:59:52 start baseline.nncl.grid slot 11
[1] 1200
WARNING: All log messages before absl::InitializeLog() is called are written to STDERR
I0000 00:00:1791493200.606072   16624 port.cc:153] oneDNN custom operations are on. You may see slightly different numerical results due to floating-point round-off errors from different computation orders. To turn them off, set the environment variable `TF_ENABLE_ONEDNN_OPTS=0`.
WARNING: All log messages before absl::InitializeLog() is called are written to STDERR
I0000 00:00:1791493205.110896   16624 port.cc:153] oneDNN custom operations are on. You may see slightly different numerical results due to floating-point round-off errors from different computation orders. To turn them off, set the environment variable `TF_ENABLE_ONEDNN_OPTS=0`.
WARNING:tensorflow:From C:\Users\26196425\Work\MASTER~3\env\Lib\site-packages\keras\src\backend\common\global_state.py:82: The name tf.reset_default_graph is deprecated. Please use tf.compat.v1.reset_default_graph instead.

WARNING:tensorflow:TensorFlow GPU support is not available on native Windows for TensorFlow >= 2.11. Even if CUDA/cuDNN are installed, GPU will not be used. Please use WSL2 or the TensorFlow-DirectML plugin.
WARNING:tensorflow:5 out of the last 7 calls to <function TensorFlowTrainer.make_predict_function.<locals>.one_step_on_data_distributed at 0x0000029C5F1DF880> triggered tf.function retracing. Tracing is expensive and the excessive number of tracings could be due to (1) creating @tf.function repeatedly in a loop, (2) passing tensors with different shapes, (3) passing Python objects instead of tensors. For (1), please define your @tf.function outside of the loop. For (2), @tf.function has reduce_retracing=True option that can avoid unnecessary retracing. For (3), please refer to https://www.tensorflow.org/guide/function#controlling_retracing and https://www.tensorflow.org/api_docs/python/tf/function for  more details.
WARNING:tensorflow:6 out of the last 8 calls to <function TensorFlowTrainer.make_predict_function.<locals>.one_step_on_data_distributed at 0x0000029C5F1DF880> triggered tf.function retracing. Tracing is expensive and the excessive number of tracings could be due to (1) creating @tf.function repeatedly in a loop, (2) passing tensors with different shapes, (3) passing Python objects instead of tensors. For (1), please define your @tf.function outside of the loop. For (2), @tf.function has reduce_retracing=True option that can avoid unnecessary retracing. For (3), please refer to https://www.tensorflow.org/guide/function#controlling_retracing and https://www.tensorflow.org/api_docs/python/tf/function for  more details.
grid_20-20-15_nadam_early_stop_s2030: 794 s, epochs used 51 95 182 108 51 500 500 500 500 26 500 500 500 500 500 500 150 500 32, loss 146409.5 (homogeneous 146289.3)
grid_20-15-10_nadam_early_stop_s2030: 936 s, epochs used 75 317 270 93 500 500 500 500 500 500 500 500 500 500 500 500 54 500 1, loss 145737.4 (homogeneous 146289.3)
grid_20_adamax_early_stop_s2031: 1025 s, epochs used 148 500 488 500 500 500 500 500 500 500 500 500 500 500 500 500 500 170 6, loss 147528.9 (homogeneous 146289.3)
grid_20-15-10_sgd_paper_s2031: 237 s, epochs used 100 100 100 100 100 100 100 100 100 100 100 100 100 100 100 100 100 100 100, loss 148330.1 (homogeneous 146289.3)
grid_20-15-10_adagrad_early_stop_s2031: 959 s, epochs used 20 416 189 101 500 496 500 500 500 500 500 500 500 500 500 500 478 500 5, loss 145863.0 (homogeneous 146289.3)
grid_20_adadelta_early_stop_s2032: 410 s, epochs used 84 53 147 171 160 165 167 169 177 166 171 172 171 171 170 163 258 181 18, loss 146470.5 (homogeneous 146289.3)
grid_20_nadam_early_stop_s2032: 954 s, epochs used 132 59 166 368 500 500 500 500 500 500 500 500 500 500 500 500 500 500 17, loss 146625.9 (homogeneous 146289.3)
grid_20-15-10_sgd_paper_s2032: 242 s, epochs used 100 100 100 100 100 100 100 100 100 100 100 100 100 100 100 100 100 100 100, loss 148016.4 (homogeneous 146289.3)
==== 2026-10-09 00:36:38 start baseline.nncl.grid slot 11
[1] 1200
WARNING: All log messages before absl::InitializeLog() is called are written to STDERR
I0000 00:00:1791499018.154627   11720 port.cc:153] oneDNN custom operations are on. You may see slightly different numerical results due to floating-point round-off errors from different computation orders. To turn them off, set the environment variable `TF_ENABLE_ONEDNN_OPTS=0`.
WARNING: All log messages before absl::InitializeLog() is called are written to STDERR
I0000 00:00:1791499053.590224   11720 port.cc:153] oneDNN custom operations are on. You may see slightly different numerical results due to floating-point round-off errors from different computation orders. To turn them off, set the environment variable `TF_ENABLE_ONEDNN_OPTS=0`.
WARNING:tensorflow:From C:\Users\26196425\Work\MASTER~3\env\Lib\site-packages\keras\src\backend\common\global_state.py:82: The name tf.reset_default_graph is deprecated. Please use tf.compat.v1.reset_default_graph instead.

WARNING:tensorflow:TensorFlow GPU support is not available on native Windows for TensorFlow >= 2.11. Even if CUDA/cuDNN are installed, GPU will not be used. Please use WSL2 or the TensorFlow-DirectML plugin.
WARNING:tensorflow:5 out of the last 7 calls to <function TensorFlowTrainer.make_predict_function.<locals>.one_step_on_data_distributed at 0x0000024466EB4400> triggered tf.function retracing. Tracing is expensive and the excessive number of tracings could be due to (1) creating @tf.function repeatedly in a loop, (2) passing tensors with different shapes, (3) passing Python objects instead of tensors. For (1), please define your @tf.function outside of the loop. For (2), @tf.function has reduce_retracing=True option that can avoid unnecessary retracing. For (3), please refer to https://www.tensorflow.org/guide/function#controlling_retracing and https://www.tensorflow.org/api_docs/python/tf/function for  more details.
WARNING:tensorflow:6 out of the last 8 calls to <function TensorFlowTrainer.make_predict_function.<locals>.one_step_on_data_distributed at 0x0000024466EB4400> triggered tf.function retracing. Tracing is expensive and the excessive number of tracings could be due to (1) creating @tf.function repeatedly in a loop, (2) passing tensors with different shapes, (3) passing Python objects instead of tensors. For (1), please define your @tf.function outside of the loop. For (2), @tf.function has reduce_retracing=True option that can avoid unnecessary retracing. For (3), please refer to https://www.tensorflow.org/guide/function#controlling_retracing and https://www.tensorflow.org/api_docs/python/tf/function for  more details.
grid_20-15-10_adagrad_early_stop_s2032: 859 s, epochs used 16 216 368 179 26 66 500 500 500 500 500 500 500 500 500 500 10 500 500, loss 146276.5 (homogeneous 146289.3)
grid_20_adadelta_paper_s2033: 239 s, epochs used 100 100 100 100 100 100 100 100 100 100 100 100 100 100 100 100 100 100 100, loss 145792.0 (homogeneous 146289.3)
grid_20_adamw_paper_s2033: 248 s, epochs used 100 100 100 100 100 100 100 100 100 100 100 100 100 100 100 100 100 100 100, loss 147181.0 (homogeneous 146289.3)
grid_20-20-15_sgd_paper_s2033: 234 s, epochs used 100 100 100 100 100 100 100 100 100 100 100 100 100 100 100 100 100 100 100, loss 149751.5 (homogeneous 146289.3)
grid_20-20-15_sgd_nesterov_early_stop_s2033: 773 s, epochs used 20 66 500 198 73 52 500 500 500 49 500 500 500 500 500 500 99 500 19, loss 145726.2 (homogeneous 146289.3)
grid_20-15-10_sgd_nesterov_paper_s2033: 241 s, epochs used 100 100 100 100 100 100 100 100 100 100 100 100 100 100 100 100 100 100 100, loss 145473.8 (homogeneous 146289.3)
grid_20-15-10_rmsprop_paper_s2033: 244 s, epochs used 100 100 100 100 100 100 100 100 100 100 100 100 100 100 100 100 100 100 100, loss 144529.1 (homogeneous 146289.3)
