==== 2026-10-08 19:27:50 start baseline.nncl.grid slot 1
[1] 1200
WARNING: All log messages before absl::InitializeLog() is called are written to STDERR
I0000 00:00:1791480477.093297    8964 port.cc:153] oneDNN custom operations are on. You may see slightly different numerical results due to floating-point round-off errors from different computation orders. To turn them off, set the environment variable `TF_ENABLE_ONEDNN_OPTS=0`.
WARNING: All log messages before absl::InitializeLog() is called are written to STDERR
I0000 00:00:1791480480.799359    8964 port.cc:153] oneDNN custom operations are on. You may see slightly different numerical results due to floating-point round-off errors from different computation orders. To turn them off, set the environment variable `TF_ENABLE_ONEDNN_OPTS=0`.
WARNING:tensorflow:From C:\Users\26196425\Work\MASTER~3\env\Lib\site-packages\keras\src\backend\common\global_state.py:82: The name tf.reset_default_graph is deprecated. Please use tf.compat.v1.reset_default_graph instead.

WARNING:tensorflow:TensorFlow GPU support is not available on native Windows for TensorFlow >= 2.11. Even if CUDA/cuDNN are installed, GPU will not be used. Please use WSL2 or the TensorFlow-DirectML plugin.
WARNING:tensorflow:5 out of the last 7 calls to <function TensorFlowTrainer.make_predict_function.<locals>.one_step_on_data_distributed at 0x00000183CA66FF60> triggered tf.function retracing. Tracing is expensive and the excessive number of tracings could be due to (1) creating @tf.function repeatedly in a loop, (2) passing tensors with different shapes, (3) passing Python objects instead of tensors. For (1), please define your @tf.function outside of the loop. For (2), @tf.function has reduce_retracing=True option that can avoid unnecessary retracing. For (3), please refer to https://www.tensorflow.org/guide/function#controlling_retracing and https://www.tensorflow.org/api_docs/python/tf/function for  more details.
WARNING:tensorflow:6 out of the last 8 calls to <function TensorFlowTrainer.make_predict_function.<locals>.one_step_on_data_distributed at 0x00000183CA66FF60> triggered tf.function retracing. Tracing is expensive and the excessive number of tracings could be due to (1) creating @tf.function repeatedly in a loop, (2) passing tensors with different shapes, (3) passing Python objects instead of tensors. For (1), please define your @tf.function outside of the loop. For (2), @tf.function has reduce_retracing=True option that can avoid unnecessary retracing. For (3), please refer to https://www.tensorflow.org/guide/function#controlling_retracing and https://www.tensorflow.org/api_docs/python/tf/function for  more details.
grid_20_rmsprop_early_stop_s2026: 844 s, epochs used 82 192 76 178 50 500 499 499 500 172 499 499 499 499 499 499 95 500 500, loss 146218.0 (homogeneous 146289.3)
grid_20-20-15_adam_paper_s2026: 256 s, epochs used 100 100 100 100 100 100 100 100 100 100 100 100 100 100 100 100 100 100 100, loss 143119.5 (homogeneous 146289.3)
grid_20-20-15_nadam_early_stop_s2026: 908 s, epochs used 46 180 276 430 137 500 500 500 500 248 500 500 500 500 500 500 138 500 42, loss 146626.1 (homogeneous 146289.3)
grid_20-15-10_nadam_paper_s2026: 265 s, epochs used 100 100 100 100 100 100 100 100 100 100 100 100 100 100 100 100 100 100 100, loss 144277.3 (homogeneous 146289.3)
grid_20_sgd_nesterov_early_stop_s2027: 969 s, epochs used 11 320 500 500 43 500 500 500 500 500 500 500 500 500 500 500 500 500 5, loss 147905.5 (homogeneous 146289.3)
grid_20-20-15_adagrad_paper_s2027: 247 s, epochs used 100 100 100 100 100 100 100 100 100 100 100 100 100 100 100 100 100 100 100, loss 105568.1 (homogeneous 146289.3)
grid_20-20-15_rmsprop_early_stop_s2027: 674 s, epochs used 41 362 79 99 46 444 429 444 389 75 368 416 76 399 398 354 249 352 47, loss 145626.6 (homogeneous 146289.3)
grid_20-15-10_adagrad_early_stop_s2027: 1104 s, epochs used 35 500 500 500 500 500 500 500 500 500 500 500 500 500 500 500 500 500 500, loss 145354.9 (homogeneous 146289.3)
==== 2026-10-08 20:59:46 start baseline.nncl.grid slot 1
[1] 1200
WARNING: All log messages before absl::InitializeLog() is called are written to STDERR
I0000 00:00:1791485993.729638    5904 port.cc:153] oneDNN custom operations are on. You may see slightly different numerical results due to floating-point round-off errors from different computation orders. To turn them off, set the environment variable `TF_ENABLE_ONEDNN_OPTS=0`.
WARNING: All log messages before absl::InitializeLog() is called are written to STDERR
I0000 00:00:1791485998.222495    5904 port.cc:153] oneDNN custom operations are on. You may see slightly different numerical results due to floating-point round-off errors from different computation orders. To turn them off, set the environment variable `TF_ENABLE_ONEDNN_OPTS=0`.
WARNING:tensorflow:From C:\Users\26196425\Work\MASTER~3\env\Lib\site-packages\keras\src\backend\common\global_state.py:82: The name tf.reset_default_graph is deprecated. Please use tf.compat.v1.reset_default_graph instead.

WARNING:tensorflow:TensorFlow GPU support is not available on native Windows for TensorFlow >= 2.11. Even if CUDA/cuDNN are installed, GPU will not be used. Please use WSL2 or the TensorFlow-DirectML plugin.
WARNING:tensorflow:5 out of the last 7 calls to <function TensorFlowTrainer.make_predict_function.<locals>.one_step_on_data_distributed at 0x000001EC98154360> triggered tf.function retracing. Tracing is expensive and the excessive number of tracings could be due to (1) creating @tf.function repeatedly in a loop, (2) passing tensors with different shapes, (3) passing Python objects instead of tensors. For (1), please define your @tf.function outside of the loop. For (2), @tf.function has reduce_retracing=True option that can avoid unnecessary retracing. For (3), please refer to https://www.tensorflow.org/guide/function#controlling_retracing and https://www.tensorflow.org/api_docs/python/tf/function for  more details.
WARNING:tensorflow:6 out of the last 8 calls to <function TensorFlowTrainer.make_predict_function.<locals>.one_step_on_data_distributed at 0x000001EC98154360> triggered tf.function retracing. Tracing is expensive and the excessive number of tracings could be due to (1) creating @tf.function repeatedly in a loop, (2) passing tensors with different shapes, (3) passing Python objects instead of tensors. For (1), please define your @tf.function outside of the loop. For (2), @tf.function has reduce_retracing=True option that can avoid unnecessary retracing. For (3), please refer to https://www.tensorflow.org/guide/function#controlling_retracing and https://www.tensorflow.org/api_docs/python/tf/function for  more details.
grid_20_adadelta_paper_s2028: 240 s, epochs used 100 100 100 100 100 100 100 100 100 100 100 100 100 100 100 100 100 100 100, loss 146100.0 (homogeneous 146289.3)
grid_20_adam_paper_s2028: 242 s, epochs used 100 100 100 100 100 100 100 100 100 100 100 100 100 100 100 100 100 100 100, loss 147433.5 (homogeneous 146289.3)
grid_20_adamax_paper_s2028: 241 s, epochs used 100 100 100 100 100 100 100 100 100 100 100 100 100 100 100 100 100 100 100, loss 148976.1 (homogeneous 146289.3)
grid_20-20-15_sgd_nesterov_early_stop_s2028: 749 s, epochs used 9 61 55 153 500 500 500 500 500 70 500 500 500 500 500 500 18 15 11, loss 146774.4 (homogeneous 146289.3)
grid_20-15-10_sgd_early_stop_s2028: 978 s, epochs used 53 500 168 500 500 500 500 500 500 165 500 500 500 500 500 500 500 1 500, loss 146420.0 (homogeneous 146289.3)
grid_20_sgd_momentum_early_stop_s2029: 754 s, epochs used 12 500 500 191 81 148 500 500 500 500 500 500 500 500 500 30 14 34 60, loss 148377.1 (homogeneous 146289.3)
grid_20_nadam_early_stop_s2029: 1066 s, epochs used 124 500 353 167 500 408 500 500 500 500 500 500 500 500 500 500 500 500 500, loss 146819.8 (homogeneous 146289.3)
grid_20-15-10_sgd_momentum_paper_s2029: 247 s, epochs used 100 100 100 100 100 100 100 100 100 100 100 100 100 100 100 100 100 100 100, loss 143507.7 (homogeneous 146289.3)
==== 2026-10-08 22:18:22 start baseline.nncl.grid slot 1
[1] 1200
WARNING: All log messages before absl::InitializeLog() is called are written to STDERR
I0000 00:00:1791490709.647909   16236 port.cc:153] oneDNN custom operations are on. You may see slightly different numerical results due to floating-point round-off errors from different computation orders. To turn them off, set the environment variable `TF_ENABLE_ONEDNN_OPTS=0`.
WARNING: All log messages before absl::InitializeLog() is called are written to STDERR
I0000 00:00:1791490713.999331   16236 port.cc:153] oneDNN custom operations are on. You may see slightly different numerical results due to floating-point round-off errors from different computation orders. To turn them off, set the environment variable `TF_ENABLE_ONEDNN_OPTS=0`.
WARNING:tensorflow:From C:\Users\26196425\Work\MASTER~3\env\Lib\site-packages\keras\src\backend\common\global_state.py:82: The name tf.reset_default_graph is deprecated. Please use tf.compat.v1.reset_default_graph instead.

WARNING:tensorflow:TensorFlow GPU support is not available on native Windows for TensorFlow >= 2.11. Even if CUDA/cuDNN are installed, GPU will not be used. Please use WSL2 or the TensorFlow-DirectML plugin.
WARNING:tensorflow:5 out of the last 7 calls to <function TensorFlowTrainer.make_predict_function.<locals>.one_step_on_data_distributed at 0x0000024383CF14E0> triggered tf.function retracing. Tracing is expensive and the excessive number of tracings could be due to (1) creating @tf.function repeatedly in a loop, (2) passing tensors with different shapes, (3) passing Python objects instead of tensors. For (1), please define your @tf.function outside of the loop. For (2), @tf.function has reduce_retracing=True option that can avoid unnecessary retracing. For (3), please refer to https://www.tensorflow.org/guide/function#controlling_retracing and https://www.tensorflow.org/api_docs/python/tf/function for  more details.
WARNING:tensorflow:6 out of the last 8 calls to <function TensorFlowTrainer.make_predict_function.<locals>.one_step_on_data_distributed at 0x0000024383CF14E0> triggered tf.function retracing. Tracing is expensive and the excessive number of tracings could be due to (1) creating @tf.function repeatedly in a loop, (2) passing tensors with different shapes, (3) passing Python objects instead of tensors. For (1), please define your @tf.function outside of the loop. For (2), @tf.function has reduce_retracing=True option that can avoid unnecessary retracing. For (3), please refer to https://www.tensorflow.org/guide/function#controlling_retracing and https://www.tensorflow.org/api_docs/python/tf/function for  more details.
grid_20-15-10_adadelta_paper_s2029: 251 s, epochs used 100 100 100 100 100 100 100 100 100 100 100 100 100 100 100 100 100 100 100, loss 134281.9 (homogeneous 146289.3)
grid_20-15-10_adam_paper_s2029: 252 s, epochs used 100 100 100 100 100 100 100 100 100 100 100 100 100 100 100 100 100 100 100, loss 144529.1 (homogeneous 146289.3)
grid_20-15-10_nadam_paper_s2029: 264 s, epochs used 100 100 100 100 100 100 100 100 100 100 100 100 100 100 100 100 100 100 100, loss 144407.0 (homogeneous 146289.3)
grid_20_adagrad_paper_s2030: 239 s, epochs used 100 100 100 100 100 100 100 100 100 100 100 100 100 100 100 100 100 100 100, loss 144649.6 (homogeneous 146289.3)
grid_20_rmsprop_early_stop_s2030: 1028 s, epochs used 67 500 365 139 499 266 499 500 500 500 500 499 500 499 499 500 500 500 500, loss 148202.1 (homogeneous 146289.3)
grid_20-20-15_rmsprop_early_stop_s2030: 413 s, epochs used 33 58 180 103 20 494 42 61 498 63 61 61 61 59 61 499 61 500 28, loss 146214.9 (homogeneous 146289.3)
grid_20-15-10_sgd_momentum_early_stop_s2030: 736 s, epochs used 16 63 47 425 64 80 500 500 500 81 500 500 500 500 500 500 31 500 1, loss 146102.1 (homogeneous 146289.3)
grid_20_sgd_early_stop_s2031: 1018 s, epochs used 151 500 500 500 500 500 500 500 500 500 500 500 500 500 500 500 500 1 117, loss 147491.7 (homogeneous 146289.3)
==== 2026-10-08 23:32:31 start baseline.nncl.grid slot 1
[1] 1200
WARNING: All log messages before absl::InitializeLog() is called are written to STDERR
I0000 00:00:1791495158.678506    3168 port.cc:153] oneDNN custom operations are on. You may see slightly different numerical results due to floating-point round-off errors from different computation orders. To turn them off, set the environment variable `TF_ENABLE_ONEDNN_OPTS=0`.
WARNING: All log messages before absl::InitializeLog() is called are written to STDERR
I0000 00:00:1791495162.925589    3168 port.cc:153] oneDNN custom operations are on. You may see slightly different numerical results due to floating-point round-off errors from different computation orders. To turn them off, set the environment variable `TF_ENABLE_ONEDNN_OPTS=0`.
WARNING:tensorflow:From C:\Users\26196425\Work\MASTER~3\env\Lib\site-packages\keras\src\backend\common\global_state.py:82: The name tf.reset_default_graph is deprecated. Please use tf.compat.v1.reset_default_graph instead.

WARNING:tensorflow:TensorFlow GPU support is not available on native Windows for TensorFlow >= 2.11. Even if CUDA/cuDNN are installed, GPU will not be used. Please use WSL2 or the TensorFlow-DirectML plugin.
WARNING:tensorflow:5 out of the last 7 calls to <function TensorFlowTrainer.make_predict_function.<locals>.one_step_on_data_distributed at 0x000001EC1FB78360> triggered tf.function retracing. Tracing is expensive and the excessive number of tracings could be due to (1) creating @tf.function repeatedly in a loop, (2) passing tensors with different shapes, (3) passing Python objects instead of tensors. For (1), please define your @tf.function outside of the loop. For (2), @tf.function has reduce_retracing=True option that can avoid unnecessary retracing. For (3), please refer to https://www.tensorflow.org/guide/function#controlling_retracing and https://www.tensorflow.org/api_docs/python/tf/function for  more details.
WARNING:tensorflow:6 out of the last 8 calls to <function TensorFlowTrainer.make_predict_function.<locals>.one_step_on_data_distributed at 0x000001EC1FB78360> triggered tf.function retracing. Tracing is expensive and the excessive number of tracings could be due to (1) creating @tf.function repeatedly in a loop, (2) passing tensors with different shapes, (3) passing Python objects instead of tensors. For (1), please define your @tf.function outside of the loop. For (2), @tf.function has reduce_retracing=True option that can avoid unnecessary retracing. For (3), please refer to https://www.tensorflow.org/guide/function#controlling_retracing and https://www.tensorflow.org/api_docs/python/tf/function for  more details.
grid_20-20-15_sgd_momentum_early_stop_s2031: 781 s, epochs used 20 82 500 78 58 500 500 500 500 38 500 500 500 500 500 500 16 500 9, loss 145947.0 (homogeneous 146289.3)
grid_20-20-15_nadam_early_stop_s2031: 918 s, epochs used 50 114 167 135 500 500 500 500 379 500 500 500 500 500 500 500 23 500 280, loss 146148.6 (homogeneous 146289.3)
grid_20_sgd_paper_s2032: 232 s, epochs used 100 100 100 100 100 100 100 100 100 100 100 100 100 100 100 100 100 100 100, loss 147230.8 (homogeneous 146289.3)
grid_20_adagrad_early_stop_s2032: 936 s, epochs used 51 20 364 500 500 500 500 500 500 178 500 500 500 500 500 500 500 500 90, loss 146198.6 (homogeneous 146289.3)
grid_20-20-15_adadelta_paper_s2032: 254 s, epochs used 100 100 100 100 100 100 100 100 100 100 100 100 100 100 100 100 100 100 100, loss 105898.8 (homogeneous 146289.3)
grid_20-20-15_adam_early_stop_s2032: 749 s, epochs used 71 268 181 183 388 80 500 500 500 83 500 259 500 500 500 500 58 30 228, loss 145873.1 (homogeneous 146289.3)
grid_20-15-10_rmsprop_early_stop_s2032: 476 s, epochs used 45 92 120 63 30 42 460 467 423 390 81 67 84 83 70 69 173 450 211, loss 146214.4 (homogeneous 146289.3)
grid_20_sgd_momentum_paper_s2033: 238 s, epochs used 100 100 100 100 100 100 100 100 100 100 100 100 100 100 100 100 100 100 100, loss 144182.5 (homogeneous 146289.3)
==== 2026-10-09 00:52:48 start baseline.nncl.grid slot 1
[1] 1200
WARNING: All log messages before absl::InitializeLog() is called are written to STDERR
I0000 00:00:1791499987.926935    3112 port.cc:153] oneDNN custom operations are on. You may see slightly different numerical results due to floating-point round-off errors from different computation orders. To turn them off, set the environment variable `TF_ENABLE_ONEDNN_OPTS=0`.
WARNING: All log messages before absl::InitializeLog() is called are written to STDERR
I0000 00:00:1791500022.829620    3112 port.cc:153] oneDNN custom operations are on. You may see slightly different numerical results due to floating-point round-off errors from different computation orders. To turn them off, set the environment variable `TF_ENABLE_ONEDNN_OPTS=0`.
WARNING:tensorflow:From C:\Users\26196425\Work\MASTER~3\env\Lib\site-packages\keras\src\backend\common\global_state.py:82: The name tf.reset_default_graph is deprecated. Please use tf.compat.v1.reset_default_graph instead.

WARNING:tensorflow:TensorFlow GPU support is not available on native Windows for TensorFlow >= 2.11. Even if CUDA/cuDNN are installed, GPU will not be used. Please use WSL2 or the TensorFlow-DirectML plugin.
WARNING:tensorflow:5 out of the last 7 calls to <function TensorFlowTrainer.make_predict_function.<locals>.one_step_on_data_distributed at 0x0000020C0EF64360> triggered tf.function retracing. Tracing is expensive and the excessive number of tracings could be due to (1) creating @tf.function repeatedly in a loop, (2) passing tensors with different shapes, (3) passing Python objects instead of tensors. For (1), please define your @tf.function outside of the loop. For (2), @tf.function has reduce_retracing=True option that can avoid unnecessary retracing. For (3), please refer to https://www.tensorflow.org/guide/function#controlling_retracing and https://www.tensorflow.org/api_docs/python/tf/function for  more details.
WARNING:tensorflow:6 out of the last 8 calls to <function TensorFlowTrainer.make_predict_function.<locals>.one_step_on_data_distributed at 0x0000020C0EF64360> triggered tf.function retracing. Tracing is expensive and the excessive number of tracings could be due to (1) creating @tf.function repeatedly in a loop, (2) passing tensors with different shapes, (3) passing Python objects instead of tensors. For (1), please define your @tf.function outside of the loop. For (2), @tf.function has reduce_retracing=True option that can avoid unnecessary retracing. For (3), please refer to https://www.tensorflow.org/guide/function#controlling_retracing and https://www.tensorflow.org/api_docs/python/tf/function for  more details.
grid_20_adadelta_early_stop_s2033: 426 s, epochs used 53 131 90 132 131 149 150 156 157 159 158 160 162 159 159 159 166 157 500, loss 147409.7 (homogeneous 146289.3)
grid_20-20-15_sgd_early_stop_s2033: 1066 s, epochs used 172 500 500 500 500 500 500 500 500 500 500 500 500 500 500 500 500 500 135, loss 145889.6 (homogeneous 146289.3)
