==== 2026-10-08 12:03:31 start baseline.simulation slot 2
                                    [,1]
n_claims                    3.995680e+05
n_payments                  1.931764e+06
total_claim_size_raw        6.685735e+10
total_claim_size_adj        6.685735e+10
median_size_raw             7.835482e+04
median_size_adj             4.987795e+04
mean_notidel                1.272689e-01
target_mean_notidel         1.232638e-01
mean_setldel                1.633422e+00
target_mean_setldel         1.643895e+00
mean_no_payment             4.834631e+00
triangle_total              8.510407e+10
pct_of_triangle_observed    8.864519e-01
share_no_observation        2.676190e-01
pct_paid_after_last_dev     4.526046e-04
ay1_claims                  2.007300e+04
ay1_unreported_at_last_dev  0.000000e+00
ay1_open_at_last_dev        3.000000e+00
ay1_pct_paid_after_last_dev 5.331505e-04
                  factor            level      n share mean_size_raw
                  <char>           <char>  <num> <num>         <num>
 1: Legal Representation                N  10564 0.026      165051.7
 2: Legal Representation                Y 389004 0.974      167385.8
 3:      Injury Severity                1 212308 0.531      167327.0
 4:      Injury Severity                2 119489 0.299      167238.2
 5:      Injury Severity                3  40018 0.100      167546.1
 6:      Injury Severity                4  19829 0.050      167878.9
 7:      Injury Severity                5   3905 0.010      168820.2
 8:      Injury Severity                6   4019 0.010      163323.4
 9:      Age of Claimant             0-15  73127 0.183      167051.6
10:      Age of Claimant            15-30  76623 0.192      166731.3
11:      Age of Claimant            30-50 109409 0.274      166911.1
12:      Age of Claimant            50-65  72002 0.180      168050.3
13:      Age of Claimant          over 65  68407 0.171      168175.5
14:         Vehicle type      Heavy goods    521 0.001      192170.0
15:         Vehicle type Light Commerical  27272 0.068      169789.5
16:         Vehicle type     Medium goods   1075 0.003      170359.5
17:         Vehicle type        Passenger 370700 0.928      167099.0
18:         Business use                N 344023 0.861      167371.5
19:         Business use                Y  55545 0.139      167030.3
    mean_size_adj mean_sev_relativity mean_notidel mean_notidel_mult
            <num>               <num>        <num>             <num>
 1:      39794.43               0.240        0.112             0.874
 2:     170787.34               1.013        0.128             1.030
 3:      77890.14               0.465        0.134             1.082
 4:     161347.00               0.956        0.123             0.994
 5:     332748.53               1.996        0.116             0.943
 6:     663605.72               3.939        0.111             0.894
 7:    1115185.07               6.213        0.102             0.847
 8:      52771.97               0.316        0.089             0.696
 9:     211790.06               1.247        0.137             1.109
10:     191203.82               1.140        0.124             1.008
11:     169310.73               1.009        0.126             1.008
12:     141830.28               0.838        0.124             1.007
13:     116698.36               0.689        0.125             1.008
14:    2951347.73              13.018        0.093             0.800
15:     467102.46               2.760        0.117             0.932
16:     668794.66               3.976        0.097             0.809
17:     139902.68               0.837        0.128             1.034
18:     147907.90               0.879        0.130             1.049
19:     287579.96               1.691        0.110             0.882
    mean_setldel mean_setldel_mult mean_no_payment mean_payment_size
           <num>             <num>           <num>             <num>
 1:        0.853             0.528           3.593          10535.44
 2:        1.655             1.006           4.868          37059.28
 3:        1.416             0.863           4.322          18441.57
 4:        1.702             1.037           5.093          35357.28
 5:        2.053             1.244           5.855          69766.19
 6:        2.484             1.500           6.497         135293.91
 7:        3.012             1.822           6.851         220161.34
 8:        1.363             0.828           3.907          13194.60
 9:        2.062             1.256           5.093          45493.41
10:        1.578             0.964           4.983          41188.61
11:        1.589             0.967           4.873          36686.23
12:        1.516             0.917           4.689          30973.45
13:        1.431             0.869           4.484          26324.18
14:        1.885             1.144           6.631         551747.63
15:        1.667             1.008           5.946          96609.52
16:        1.732             1.078           6.343         138610.53
17:        1.630             0.992           4.746          30904.51
18:        1.621             0.987           4.768          32483.59
19:        1.712             1.038           5.249          60354.71
    share_settled_by_2yrs
                    <num>
 1:                 0.786
 2:                 0.566
 3:                 0.614
 4:                 0.553
 5:                 0.489
 6:                 0.437
 7:                 0.385
 8:                 0.638
 9:                 0.490
10:                 0.583
11:                 0.578
12:                 0.595
13:                 0.615
14:                 0.537
15:                 0.572
16:                 0.580
17:                 0.572
18:                 0.574
19:                 0.563
