==== 2026-10-08 12:13:57 start baseline.odp slot 1
       ODP         CL 
9479360529 9479360529 
               latest    ultimate       ibnr        se cv       true       bias
formula   75438773653 84918134182 9479360529 290350043  0 9626775937 -147415408
bootstrap 75438773653 84918134182 9479360529 281075166  0 9626775937 -147415408
              tail
formula   38518494
bootstrap 38518494
                                                     quantity        value
1                                        observed cells |D_I|          210
2                                            parameters I + J           39
3                          degrees of freedom |D_I| - (I + J)          171
4                                           Pearson statistic     456.5032
5                                 Poisson deviance (unscaled)     444.7537
6                          phi Pearson (glmReserve, E&V 1999)       2.6696
7                              phi deviance (Paper C eq. (5))       2.6009
8                                  phi deviance / phi Pearson       0.9743
9  glmReserve residual factor sqrt(|D_I| / (|D_I| - (I + J)))       1.1082
10                       glmReserve pseudo triangles kept (%)       0.3743
11                      glmReserve draws per bootstrap sample     267.1337
12         E&V 1999 pseudo triangles with a negative cell (%)      99.0404
13                                        amounts in units of      1000000
                  method   phi  reserve boot_mean process_sd estimation_sd
1  analytic, phi pearson 2.670 9479.361        NA    159.079       242.893
2 analytic, phi deviance 2.601 9479.361        NA    157.019       239.747
3   glmReserve bootstrap 2.508 9479.361  9536.638    154.686       238.992
4               E&V 1999 2.670 9479.361  9482.298    159.079       230.604
5     E&V 1999 x n/(n-p) 2.670 9479.361  9482.298    159.079       255.552
6   Paper C, phi pearson 2.670 9479.361  9478.078    159.079       235.424
7  Paper C, phi deviance 2.601 9479.361  9471.683    157.019       234.963
    rmsep mc_se    cv     true     bias
1 290.350    NA 0.031 9626.776 -147.415
2 286.589    NA 0.030 9626.776 -147.415
3 281.075 6.206 0.030 9626.776 -147.415
4 280.151 5.208 0.030 9626.776 -147.415
5 301.020 5.953 0.032 9626.776 -147.415
6 284.131 4.438 0.030 9626.776 -147.415
7 282.600 4.339 0.030 9626.776 -147.415
       method
origin  analytic, phi pearson analytic, phi deviance glmReserve bootstrap
  2                      0.52                   0.52                 0.91
  3                      0.63                   0.62                 1.12
  4                      3.86                   3.81                 3.93
  5                      4.72                   4.66                 4.74
  6                      5.57                   5.50                 5.93
  7                      6.37                   6.28                 6.80
  8                      7.53                   7.44                 7.81
  9                      9.32                   9.20                 9.76
  10                    11.01                  10.86                11.43
  11                    14.07                  13.89                13.64
  12                    16.87                  16.65                16.94
  13                    20.60                  20.33                19.46
  14                    25.30                  24.97                24.48
  15                    31.04                  30.64                30.18
  16                    39.29                  38.78                37.41
  17                    52.25                  51.58                49.74
  18                    71.18                  70.26                70.37
  19                   107.43                 106.04               106.34
  20                   222.34                 219.46               214.20
  total                290.35                 286.59               281.08
       method
origin  E&V 1999 E&V 1999 x n/(n-p) Paper C, phi pearson Paper C, phi deviance
  2         0.49               0.51                 0.59                  0.50
  3         0.59               0.62                 0.69                  0.61
  4         3.74               3.82                 3.88                  3.84
  5         4.60               4.71                 4.74                  4.67
  6         5.43               5.55                 5.56                  5.52
  7         6.23               6.36                 6.37                  6.30
  8         7.38               7.51                 7.55                  7.41
  9         9.17               9.32                 9.32                  9.24
  10       10.81              10.97                10.99                 10.95
  11       13.87              14.07                14.03                 14.00
  12       16.58              16.79                16.86                 16.71
  13       20.28              20.54                20.64                 20.35
  14       25.01              25.37                25.34                 25.05
  15       30.58              31.03                31.08                 30.65
  16       38.65              39.32                39.08                 38.74
  17       50.83              51.92                52.35                 51.47
  18       68.61              70.68                70.70                 70.87
  19      102.31             107.24               107.03                105.82
  20      209.63             227.28               224.60                217.78
  total   280.15             301.02               284.13                282.60
