==== 2026-10-08 19:26:19 start baseline.nncl.grid slot 5
[1] 1200
WARNING: All log messages before absl::InitializeLog() is called are written to STDERR
I0000 00:00:1791480395.806935    7472 port.cc:153] oneDNN custom operations are on. You may see slightly different numerical results due to floating-point round-off errors from different computation orders. To turn them off, set the environment variable `TF_ENABLE_ONEDNN_OPTS=0`.
WARNING: All log messages before absl::InitializeLog() is called are written to STDERR
I0000 00:00:1791480425.316947    7472 port.cc:153] oneDNN custom operations are on. You may see slightly different numerical results due to floating-point round-off errors from different computation orders. To turn them off, set the environment variable `TF_ENABLE_ONEDNN_OPTS=0`.
WARNING:tensorflow:From C:\Users\26196425\Work\MASTER~3\env\Lib\site-packages\keras\src\backend\common\global_state.py:82: The name tf.reset_default_graph is deprecated. Please use tf.compat.v1.reset_default_graph instead.

WARNING:tensorflow:TensorFlow GPU support is not available on native Windows for TensorFlow >= 2.11. Even if CUDA/cuDNN are installed, GPU will not be used. Please use WSL2 or the TensorFlow-DirectML plugin.
WARNING:tensorflow:5 out of the last 7 calls to <function TensorFlowTrainer.make_predict_function.<locals>.one_step_on_data_distributed at 0x0000028F04F07880> triggered tf.function retracing. Tracing is expensive and the excessive number of tracings could be due to (1) creating @tf.function repeatedly in a loop, (2) passing tensors with different shapes, (3) passing Python objects instead of tensors. For (1), please define your @tf.function outside of the loop. For (2), @tf.function has reduce_retracing=True option that can avoid unnecessary retracing. For (3), please refer to https://www.tensorflow.org/guide/function#controlling_retracing and https://www.tensorflow.org/api_docs/python/tf/function for  more details.
WARNING:tensorflow:6 out of the last 8 calls to <function TensorFlowTrainer.make_predict_function.<locals>.one_step_on_data_distributed at 0x0000028F04F07880> triggered tf.function retracing. Tracing is expensive and the excessive number of tracings could be due to (1) creating @tf.function repeatedly in a loop, (2) passing tensors with different shapes, (3) passing Python objects instead of tensors. For (1), please define your @tf.function outside of the loop. For (2), @tf.function has reduce_retracing=True option that can avoid unnecessary retracing. For (3), please refer to https://www.tensorflow.org/guide/function#controlling_retracing and https://www.tensorflow.org/api_docs/python/tf/function for  more details.
grid_20_adadelta_early_stop_s2026: 337 s, epochs used 62 177 86 108 60 89 85 93 91 102 91 90 89 93 98 93 202 123 499, loss 147326.9 (homogeneous 146289.3)
grid_20-20-15_sgd_momentum_early_stop_s2026: 704 s, epochs used 44 47 54 91 500 500 500 500 500 45 500 500 500 500 500 110 13 73 52, loss 145194.2 (homogeneous 146289.3)
grid_20-20-15_adamax_paper_s2026: 254 s, epochs used 100 100 100 100 100 100 100 100 100 100 100 100 100 100 100 100 100 100 100, loss 150378.8 (homogeneous 146289.3)
grid_20-15-10_sgd_nesterov_paper_s2026: 245 s, epochs used 100 100 100 100 100 100 100 100 100 100 100 100 100 100 100 100 100 100 100, loss 138451.6 (homogeneous 146289.3)
grid_20-15-10_rmsprop_paper_s2026: 246 s, epochs used 100 100 100 100 100 100 100 100 100 100 100 100 100 100 100 100 100 100 100, loss 136017.4 (homogeneous 146289.3)
grid_20-15-10_adamw_early_stop_s2026: 892 s, epochs used 58 154 178 120 53 500 500 500 500 269 500 500 500 500 500 500 168 500 500, loss 145989.1 (homogeneous 146289.3)
grid_20_adamw_paper_s2027: 242 s, epochs used 100 100 100 100 100 100 100 100 100 100 100 100 100 100 100 100 100 100 100, loss 148444.9 (homogeneous 146289.3)
grid_20_nadam_early_stop_s2027: 1009 s, epochs used 106 146 160 419 500 500 500 500 500 500 500 500 500 500 500 500 428 500 261, loss 147041.0 (homogeneous 146289.3)
==== 2026-10-08 20:36:26 start baseline.nncl.grid slot 5
[1] 1200
WARNING: All log messages before absl::InitializeLog() is called are written to STDERR
I0000 00:00:1791484605.781618    9000 port.cc:153] oneDNN custom operations are on. You may see slightly different numerical results due to floating-point round-off errors from different computation orders. To turn them off, set the environment variable `TF_ENABLE_ONEDNN_OPTS=0`.
WARNING: All log messages before absl::InitializeLog() is called are written to STDERR
I0000 00:00:1791484640.809052    9000 port.cc:153] oneDNN custom operations are on. You may see slightly different numerical results due to floating-point round-off errors from different computation orders. To turn them off, set the environment variable `TF_ENABLE_ONEDNN_OPTS=0`.
WARNING:tensorflow:From C:\Users\26196425\Work\MASTER~3\env\Lib\site-packages\keras\src\backend\common\global_state.py:82: The name tf.reset_default_graph is deprecated. Please use tf.compat.v1.reset_default_graph instead.

WARNING:tensorflow:TensorFlow GPU support is not available on native Windows for TensorFlow >= 2.11. Even if CUDA/cuDNN are installed, GPU will not be used. Please use WSL2 or the TensorFlow-DirectML plugin.
WARNING:tensorflow:5 out of the last 7 calls to <function TensorFlowTrainer.make_predict_function.<locals>.one_step_on_data_distributed at 0x0000024423AE5440> triggered tf.function retracing. Tracing is expensive and the excessive number of tracings could be due to (1) creating @tf.function repeatedly in a loop, (2) passing tensors with different shapes, (3) passing Python objects instead of tensors. For (1), please define your @tf.function outside of the loop. For (2), @tf.function has reduce_retracing=True option that can avoid unnecessary retracing. For (3), please refer to https://www.tensorflow.org/guide/function#controlling_retracing and https://www.tensorflow.org/api_docs/python/tf/function for  more details.
WARNING:tensorflow:6 out of the last 8 calls to <function TensorFlowTrainer.make_predict_function.<locals>.one_step_on_data_distributed at 0x0000024423AE5440> triggered tf.function retracing. Tracing is expensive and the excessive number of tracings could be due to (1) creating @tf.function repeatedly in a loop, (2) passing tensors with different shapes, (3) passing Python objects instead of tensors. For (1), please define your @tf.function outside of the loop. For (2), @tf.function has reduce_retracing=True option that can avoid unnecessary retracing. For (3), please refer to https://www.tensorflow.org/guide/function#controlling_retracing and https://www.tensorflow.org/api_docs/python/tf/function for  more details.
grid_20-15-10_sgd_paper_s2027: 228 s, epochs used 100 100 100 100 100 100 100 100 100 100 100 100 100 100 100 100 100 100 100, loss 151235.3 (homogeneous 146289.3)
grid_20-15-10_adadelta_paper_s2027: 251 s, epochs used 100 100 100 100 100 100 100 100 100 100 100 100 100 100 100 100 100 100 100, loss 145998.6 (homogeneous 146289.3)
grid_20-15-10_adam_early_stop_s2027: 1130 s, epochs used 95 500 500 500 500 500 500 500 500 500 500 500 500 500 500 500 500 500 500, loss 145423.2 (homogeneous 146289.3)
grid_20_adamw_paper_s2028: 245 s, epochs used 100 100 100 100 100 100 100 100 100 100 100 100 100 100 100 100 100 100 100, loss 147433.3 (homogeneous 146289.3)
grid_20_nadam_early_stop_s2028: 912 s, epochs used 112 57 222 181 500 500 500 500 500 500 500 500 500 500 500 500 68 500 183, loss 146919.7 (homogeneous 146289.3)
grid_20-15-10_sgd_paper_s2028: 236 s, epochs used 100 100 100 100 100 100 100 100 100 100 100 100 100 100 100 100 100 100 100, loss 146583.6 (homogeneous 146289.3)
grid_20-15-10_adagrad_early_stop_s2028: 957 s, epochs used 15 500 200 120 293 397 500 500 500 500 500 500 500 500 500 500 500 500 3, loss 145920.3 (homogeneous 146289.3)
grid_20_adadelta_paper_s2029: 245 s, epochs used 100 100 100 100 100 100 100 100 100 100 100 100 100 100 100 100 100 100 100, loss 144876.8 (homogeneous 146289.3)
==== 2026-10-08 21:51:03 start baseline.nncl.grid slot 5
[1] 1200
WARNING: All log messages before absl::InitializeLog() is called are written to STDERR
I0000 00:00:1791489071.273231   17752 port.cc:153] oneDNN custom operations are on. You may see slightly different numerical results due to floating-point round-off errors from different computation orders. To turn them off, set the environment variable `TF_ENABLE_ONEDNN_OPTS=0`.
WARNING: All log messages before absl::InitializeLog() is called are written to STDERR
I0000 00:00:1791489075.753490   17752 port.cc:153] oneDNN custom operations are on. You may see slightly different numerical results due to floating-point round-off errors from different computation orders. To turn them off, set the environment variable `TF_ENABLE_ONEDNN_OPTS=0`.
WARNING:tensorflow:From C:\Users\26196425\Work\MASTER~3\env\Lib\site-packages\keras\src\backend\common\global_state.py:82: The name tf.reset_default_graph is deprecated. Please use tf.compat.v1.reset_default_graph instead.

WARNING:tensorflow:TensorFlow GPU support is not available on native Windows for TensorFlow >= 2.11. Even if CUDA/cuDNN are installed, GPU will not be used. Please use WSL2 or the TensorFlow-DirectML plugin.
WARNING:tensorflow:5 out of the last 7 calls to <function TensorFlowTrainer.make_predict_function.<locals>.one_step_on_data_distributed at 0x000001D4C8D3BC40> triggered tf.function retracing. Tracing is expensive and the excessive number of tracings could be due to (1) creating @tf.function repeatedly in a loop, (2) passing tensors with different shapes, (3) passing Python objects instead of tensors. For (1), please define your @tf.function outside of the loop. For (2), @tf.function has reduce_retracing=True option that can avoid unnecessary retracing. For (3), please refer to https://www.tensorflow.org/guide/function#controlling_retracing and https://www.tensorflow.org/api_docs/python/tf/function for  more details.
WARNING:tensorflow:6 out of the last 8 calls to <function TensorFlowTrainer.make_predict_function.<locals>.one_step_on_data_distributed at 0x000001D4C8D3BC40> triggered tf.function retracing. Tracing is expensive and the excessive number of tracings could be due to (1) creating @tf.function repeatedly in a loop, (2) passing tensors with different shapes, (3) passing Python objects instead of tensors. For (1), please define your @tf.function outside of the loop. For (2), @tf.function has reduce_retracing=True option that can avoid unnecessary retracing. For (3), please refer to https://www.tensorflow.org/guide/function#controlling_retracing and https://www.tensorflow.org/api_docs/python/tf/function for  more details.
grid_20_adamw_paper_s2029: 239 s, epochs used 100 100 100 100 100 100 100 100 100 100 100 100 100 100 100 100 100 100 100, loss 149344.3 (homogeneous 146289.3)
grid_20-20-15_sgd_early_stop_s2029: 1099 s, epochs used 109 500 500 500 500 500 500 500 500 500 500 500 500 500 500 500 500 500 500, loss 146834.7 (homogeneous 146289.3)
grid_20-15-10_sgd_momentum_early_stop_s2029: 840 s, epochs used 15 454 500 105 36 500 500 500 500 60 500 500 500 500 500 500 20 500 4, loss 146632.3 (homogeneous 146289.3)
grid_20-15-10_nadam_early_stop_s2029: 833 s, epochs used 77 408 74 43 62 55 500 500 500 62 500 500 500 500 500 500 37 500 500, loss 145201.7 (homogeneous 146289.3)
grid_20-20-15_sgd_paper_s2030: 236 s, epochs used 100 100 100 100 100 100 100 100 100 100 100 100 100 100 100 100 100 100 100, loss 146972.0 (homogeneous 146289.3)
grid_20-20-15_adagrad_paper_s2030: 246 s, epochs used 100 100 100 100 100 100 100 100 100 100 100 100 100 100 100 100 100 100 100, loss 101659.9 (homogeneous 146289.3)
grid_20-20-15_rmsprop_paper_s2030: 248 s, epochs used 100 100 100 100 100 100 100 100 100 100 100 100 100 100 100 100 100 100 100, loss 135856.6 (homogeneous 146289.3)
grid_20-20-15_adamw_early_stop_s2030: 734 s, epochs used 69 72 68 111 55 500 500 500 500 22 500 500 500 500 500 500 64 44 35, loss 145698.3 (homogeneous 146289.3)
==== 2026-10-08 23:09:16 start baseline.nncl.grid slot 5
[1] 1200
WARNING: All log messages before absl::InitializeLog() is called are written to STDERR
I0000 00:00:1791493763.961146   13184 port.cc:153] oneDNN custom operations are on. You may see slightly different numerical results due to floating-point round-off errors from different computation orders. To turn them off, set the environment variable `TF_ENABLE_ONEDNN_OPTS=0`.
WARNING: All log messages before absl::InitializeLog() is called are written to STDERR
I0000 00:00:1791493768.526231   13184 port.cc:153] oneDNN custom operations are on. You may see slightly different numerical results due to floating-point round-off errors from different computation orders. To turn them off, set the environment variable `TF_ENABLE_ONEDNN_OPTS=0`.
WARNING:tensorflow:From C:\Users\26196425\Work\MASTER~3\env\Lib\site-packages\keras\src\backend\common\global_state.py:82: The name tf.reset_default_graph is deprecated. Please use tf.compat.v1.reset_default_graph instead.

WARNING:tensorflow:TensorFlow GPU support is not available on native Windows for TensorFlow >= 2.11. Even if CUDA/cuDNN are installed, GPU will not be used. Please use WSL2 or the TensorFlow-DirectML plugin.
WARNING:tensorflow:5 out of the last 7 calls to <function TensorFlowTrainer.make_predict_function.<locals>.one_step_on_data_distributed at 0x000001ED191E3880> triggered tf.function retracing. Tracing is expensive and the excessive number of tracings could be due to (1) creating @tf.function repeatedly in a loop, (2) passing tensors with different shapes, (3) passing Python objects instead of tensors. For (1), please define your @tf.function outside of the loop. For (2), @tf.function has reduce_retracing=True option that can avoid unnecessary retracing. For (3), please refer to https://www.tensorflow.org/guide/function#controlling_retracing and https://www.tensorflow.org/api_docs/python/tf/function for  more details.
WARNING:tensorflow:6 out of the last 8 calls to <function TensorFlowTrainer.make_predict_function.<locals>.one_step_on_data_distributed at 0x000001ED191E3880> triggered tf.function retracing. Tracing is expensive and the excessive number of tracings could be due to (1) creating @tf.function repeatedly in a loop, (2) passing tensors with different shapes, (3) passing Python objects instead of tensors. For (1), please define your @tf.function outside of the loop. For (2), @tf.function has reduce_retracing=True option that can avoid unnecessary retracing. For (3), please refer to https://www.tensorflow.org/guide/function#controlling_retracing and https://www.tensorflow.org/api_docs/python/tf/function for  more details.
grid_20-15-10_adam_early_stop_s2030: 912 s, epochs used 68 320 270 90 500 500 500 500 500 500 500 500 500 500 500 500 51 500 1, loss 145918.5 (homogeneous 146289.3)
grid_20_adam_paper_s2031: 243 s, epochs used 100 100 100 100 100 100 100 100 100 100 100 100 100 100 100 100 100 100 100, loss 148672.7 (homogeneous 146289.3)
grid_20_adamax_paper_s2031: 241 s, epochs used 100 100 100 100 100 100 100 100 100 100 100 100 100 100 100 100 100 100 100, loss 152421.7 (homogeneous 146289.3)
grid_20-20-15_sgd_nesterov_paper_s2031: 242 s, epochs used 100 100 100 100 100 100 100 100 100 100 100 100 100 100 100 100 100 100 100, loss 98795.9 (homogeneous 146289.3)
grid_20-20-15_rmsprop_paper_s2031: 244 s, epochs used 100 100 100 100 100 100 100 100 100 100 100 100 100 100 100 100 100 100 100, loss 131883.6 (homogeneous 146289.3)
grid_20-20-15_adamax_paper_s2031: 256 s, epochs used 100 100 100 100 100 100 100 100 100 100 100 100 100 100 100 100 100 100 100, loss 145162.3 (homogeneous 146289.3)
grid_20-15-10_sgd_early_stop_s2031: 1026 s, epochs used 90 187 500 500 500 500 500 500 500 500 500 500 500 500 500 500 500 500 35, loss 146224.8 (homogeneous 146289.3)
grid_20_sgd_nesterov_early_stop_s2032: 699 s, epochs used 14 51 44 140 500 500 500 500 500 43 500 500 500 500 73 500 77 20 22, loss 145939.0 (homogeneous 146289.3)
==== 2026-10-09 00:17:31 start baseline.nncl.grid slot 5
[1] 1200
WARNING: All log messages before absl::InitializeLog() is called are written to STDERR
I0000 00:00:1791497858.779601    3820 port.cc:153] oneDNN custom operations are on. You may see slightly different numerical results due to floating-point round-off errors from different computation orders. To turn them off, set the environment variable `TF_ENABLE_ONEDNN_OPTS=0`.
WARNING: All log messages before absl::InitializeLog() is called are written to STDERR
I0000 00:00:1791497862.978316    3820 port.cc:153] oneDNN custom operations are on. You may see slightly different numerical results due to floating-point round-off errors from different computation orders. To turn them off, set the environment variable `TF_ENABLE_ONEDNN_OPTS=0`.
WARNING:tensorflow:From C:\Users\26196425\Work\MASTER~3\env\Lib\site-packages\keras\src\backend\common\global_state.py:82: The name tf.reset_default_graph is deprecated. Please use tf.compat.v1.reset_default_graph instead.

WARNING:tensorflow:TensorFlow GPU support is not available on native Windows for TensorFlow >= 2.11. Even if CUDA/cuDNN are installed, GPU will not be used. Please use WSL2 or the TensorFlow-DirectML plugin.
WARNING:tensorflow:5 out of the last 7 calls to <function TensorFlowTrainer.make_predict_function.<locals>.one_step_on_data_distributed at 0x0000027377D7C4A0> triggered tf.function retracing. Tracing is expensive and the excessive number of tracings could be due to (1) creating @tf.function repeatedly in a loop, (2) passing tensors with different shapes, (3) passing Python objects instead of tensors. For (1), please define your @tf.function outside of the loop. For (2), @tf.function has reduce_retracing=True option that can avoid unnecessary retracing. For (3), please refer to https://www.tensorflow.org/guide/function#controlling_retracing and https://www.tensorflow.org/api_docs/python/tf/function for  more details.
WARNING:tensorflow:6 out of the last 8 calls to <function TensorFlowTrainer.make_predict_function.<locals>.one_step_on_data_distributed at 0x0000027377D7C4A0> triggered tf.function retracing. Tracing is expensive and the excessive number of tracings could be due to (1) creating @tf.function repeatedly in a loop, (2) passing tensors with different shapes, (3) passing Python objects instead of tensors. For (1), please define your @tf.function outside of the loop. For (2), @tf.function has reduce_retracing=True option that can avoid unnecessary retracing. For (3), please refer to https://www.tensorflow.org/guide/function#controlling_retracing and https://www.tensorflow.org/api_docs/python/tf/function for  more details.
grid_20-20-15_sgd_momentum_paper_s2032: 242 s, epochs used 100 100 100 100 100 100 100 100 100 100 100 100 100 100 100 100 100 100 100, loss 142797.5 (homogeneous 146289.3)
grid_20-20-15_adadelta_early_stop_s2032: 260 s, epochs used 25 111 94 72 92 292 33 39 45 48 47 43 37 60 68 60 71 64 278, loss 146979.1 (homogeneous 146289.3)
grid_20-20-15_adamw_paper_s2032: 255 s, epochs used 100 100 100 100 100 100 100 100 100 100 100 100 100 100 100 100 100 100 100, loss 145012.2 (homogeneous 146289.3)
grid_20-20-15_nadam_early_stop_s2032: 837 s, epochs used 62 264 174 183 401 213 500 500 500 500 500 265 500 500 500 500 37 85 195, loss 146249.8 (homogeneous 146289.3)
grid_20-15-10_nadam_early_stop_s2032: 763 s, epochs used 66 145 200 169 45 59 500 500 500 71 500 500 500 500 500 500 30 500 1, loss 146926.2 (homogeneous 146289.3)
grid_20_adamax_early_stop_s2033: 1085 s, epochs used 119 297 283 470 500 500 500 500 500 500 500 500 500 500 500 500 451 500 500, loss 147053.5 (homogeneous 146289.3)
grid_20-15-10_sgd_momentum_paper_s2033: 244 s, epochs used 100 100 100 100 100 100 100 100 100 100 100 100 100 100 100 100 100 100 100, loss 145649.8 (homogeneous 146289.3)
grid_20-15-10_adadelta_early_stop_s2033: 317 s, epochs used 58 125 102 197 77 88 91 96 97 99 96 97 95 98 101 100 51 73 269, loss 145455.7 (homogeneous 146289.3)
==== 2026-10-09 01:28:31 start baseline.nncl.grid slot 5
[1] 1200
WARNING: All log messages before absl::InitializeLog() is called are written to STDERR
I0000 00:00:1791502118.441090   16596 port.cc:153] oneDNN custom operations are on. You may see slightly different numerical results due to floating-point round-off errors from different computation orders. To turn them off, set the environment variable `TF_ENABLE_ONEDNN_OPTS=0`.
WARNING: All log messages before absl::InitializeLog() is called are written to STDERR
I0000 00:00:1791502122.781777   16596 port.cc:153] oneDNN custom operations are on. You may see slightly different numerical results due to floating-point round-off errors from different computation orders. To turn them off, set the environment variable `TF_ENABLE_ONEDNN_OPTS=0`.
WARNING:tensorflow:From C:\Users\26196425\Work\MASTER~3\env\Lib\site-packages\keras\src\backend\common\global_state.py:82: The name tf.reset_default_graph is deprecated. Please use tf.compat.v1.reset_default_graph instead.

WARNING:tensorflow:TensorFlow GPU support is not available on native Windows for TensorFlow >= 2.11. Even if CUDA/cuDNN are installed, GPU will not be used. Please use WSL2 or the TensorFlow-DirectML plugin.
WARNING:tensorflow:5 out of the last 7 calls to <function TensorFlowTrainer.make_predict_function.<locals>.one_step_on_data_distributed at 0x000001E55A7B7880> triggered tf.function retracing. Tracing is expensive and the excessive number of tracings could be due to (1) creating @tf.function repeatedly in a loop, (2) passing tensors with different shapes, (3) passing Python objects instead of tensors. For (1), please define your @tf.function outside of the loop. For (2), @tf.function has reduce_retracing=True option that can avoid unnecessary retracing. For (3), please refer to https://www.tensorflow.org/guide/function#controlling_retracing and https://www.tensorflow.org/api_docs/python/tf/function for  more details.
WARNING:tensorflow:6 out of the last 8 calls to <function TensorFlowTrainer.make_predict_function.<locals>.one_step_on_data_distributed at 0x000001E55A7B7880> triggered tf.function retracing. Tracing is expensive and the excessive number of tracings could be due to (1) creating @tf.function repeatedly in a loop, (2) passing tensors with different shapes, (3) passing Python objects instead of tensors. For (1), please define your @tf.function outside of the loop. For (2), @tf.function has reduce_retracing=True option that can avoid unnecessary retracing. For (3), please refer to https://www.tensorflow.org/guide/function#controlling_retracing and https://www.tensorflow.org/api_docs/python/tf/function for  more details.
grid_20-15-10_adamax_paper_s2033: 250 s, epochs used 100 100 100 100 100 100 100 100 100 100 100 100 100 100 100 100 100 100 100, loss 146743.7 (homogeneous 146289.3)
grid_20_sgd_early_stop_s2034: 1077 s, epochs used 242 500 500 500 500 500 500 500 500 500 500 500 500 500 500 500 500 500 158, loss 146171.9 (homogeneous 146289.3)
grid_20-20-15_sgd_momentum_early_stop_s2034: 622 s, epochs used 28 81 85 61 66 103 500 500 500 90 500 500 500 500 500 81 52 64 46, loss 145718.1 (homogeneous 146289.3)
grid_20-20-15_adamax_early_stop_s2034: 968 s, epochs used 152 64 344 500 500 500 500 500 500 134 500 500 500 500 500 500 500 500 3, loss 145752.8 (homogeneous 146289.3)
grid_20-15-10_adamax_early_stop_s2034: 1087 s, epochs used 118 500 500 500 500 500 500 500 500 500 500 500 500 500 500 500 193 500 500, loss 145431.0 (homogeneous 146289.3)
grid_20_nadam_early_stop_s2035: 1016 s, epochs used 101 158 500 326 500 500 500 500 500 500 500 500 500 500 500 500 68 500 500, loss 148058.1 (homogeneous 146289.3)
grid_20-15-10_sgd_momentum_paper_s2035: 247 s, epochs used 100 100 100 100 100 100 100 100 100 100 100 100 100 100 100 100 100 100 100, loss 145310.1 (homogeneous 146289.3)
grid_20-15-10_adadelta_early_stop_s2035: 569 s, epochs used 28 158 201 210 214 217 217 219 219 222 221 219 220 218 218 217 403 1 499, loss 152728.5 (homogeneous 146289.3)
==== 2026-10-09 03:09:37 start baseline.nncl.grid slot 5
[1] 1200
WARNING: All log messages before absl::InitializeLog() is called are written to STDERR
I0000 00:00:1791508184.294562    1384 port.cc:153] oneDNN custom operations are on. You may see slightly different numerical results due to floating-point round-off errors from different computation orders. To turn them off, set the environment variable `TF_ENABLE_ONEDNN_OPTS=0`.
WARNING: All log messages before absl::InitializeLog() is called are written to STDERR
I0000 00:00:1791508188.543951    1384 port.cc:153] oneDNN custom operations are on. You may see slightly different numerical results due to floating-point round-off errors from different computation orders. To turn them off, set the environment variable `TF_ENABLE_ONEDNN_OPTS=0`.
WARNING:tensorflow:From C:\Users\26196425\Work\MASTER~3\env\Lib\site-packages\keras\src\backend\common\global_state.py:82: The name tf.reset_default_graph is deprecated. Please use tf.compat.v1.reset_default_graph instead.

WARNING:tensorflow:TensorFlow GPU support is not available on native Windows for TensorFlow >= 2.11. Even if CUDA/cuDNN are installed, GPU will not be used. Please use WSL2 or the TensorFlow-DirectML plugin.
WARNING:tensorflow:5 out of the last 7 calls to <function TensorFlowTrainer.make_predict_function.<locals>.one_step_on_data_distributed at 0x00000209C7C33880> triggered tf.function retracing. Tracing is expensive and the excessive number of tracings could be due to (1) creating @tf.function repeatedly in a loop, (2) passing tensors with different shapes, (3) passing Python objects instead of tensors. For (1), please define your @tf.function outside of the loop. For (2), @tf.function has reduce_retracing=True option that can avoid unnecessary retracing. For (3), please refer to https://www.tensorflow.org/guide/function#controlling_retracing and https://www.tensorflow.org/api_docs/python/tf/function for  more details.
WARNING:tensorflow:6 out of the last 8 calls to <function TensorFlowTrainer.make_predict_function.<locals>.one_step_on_data_distributed at 0x00000209C7C33880> triggered tf.function retracing. Tracing is expensive and the excessive number of tracings could be due to (1) creating @tf.function repeatedly in a loop, (2) passing tensors with different shapes, (3) passing Python objects instead of tensors. For (1), please define your @tf.function outside of the loop. For (2), @tf.function has reduce_retracing=True option that can avoid unnecessary retracing. For (3), please refer to https://www.tensorflow.org/guide/function#controlling_retracing and https://www.tensorflow.org/api_docs/python/tf/function for  more details.
grid_20_sgd_early_stop_s2036: 980 s, epochs used 94 500 500 500 500 500 500 500 500 500 500 500 500 500 500 500 480 82 54, loss 146011.4 (homogeneous 146289.3)
grid_20-20-15_sgd_momentum_paper_s2036: 247 s, epochs used 100 100 100 100 100 100 100 100 100 100 100 100 100 100 100 100 100 100 100, loss 143333.4 (homogeneous 146289.3)
grid_20-20-15_adadelta_early_stop_s2036: 365 s, epochs used 15 80 102 118 132 135 132 132 136 135 136 132 135 132 131 132 223 134 148, loss 149668.1 (homogeneous 146289.3)
grid_20-20-15_adamw_early_stop_s2036: 914 s, epochs used 39 50 90 147 500 299 500 500 500 500 500 500 500 500 500 500 500 500 13, loss 148454.8 (homogeneous 146289.3)
grid_20-15-10_adamw_early_stop_s2036: 879 s, epochs used 101 500 234 114 342 111 500 500 500 348 500 500 500 500 500 500 78 500 28, loss 145174.0 (homogeneous 146289.3)
grid_20_adamw_early_stop_s2037: 1027 s, epochs used 147 130 406 500 500 500 500 500 500 285 500 500 500 500 500 500 500 500 500, loss 145685.2 (homogeneous 146289.3)
grid_20-20-15_adamw_early_stop_s2037: 960 s, epochs used 59 78 387 268 500 500 500 500 500 303 500 500 500 500 500 500 312 500 164, loss 145831.7 (homogeneous 146289.3)
grid_20-15-10_adamax_paper_s2037: 253 s, epochs used 100 100 100 100 100 100 100 100 100 100 100 100 100 100 100 100 100 100 100, loss 147299.8 (homogeneous 146289.3)
==== 2026-10-09 04:47:16 start baseline.nncl.grid slot 5
[1] 1200
WARNING: All log messages before absl::InitializeLog() is called are written to STDERR
I0000 00:00:1791514058.089959   19448 port.cc:153] oneDNN custom operations are on. You may see slightly different numerical results due to floating-point round-off errors from different computation orders. To turn them off, set the environment variable `TF_ENABLE_ONEDNN_OPTS=0`.
WARNING: All log messages before absl::InitializeLog() is called are written to STDERR
I0000 00:00:1791514095.280342   19448 port.cc:153] oneDNN custom operations are on. You may see slightly different numerical results due to floating-point round-off errors from different computation orders. To turn them off, set the environment variable `TF_ENABLE_ONEDNN_OPTS=0`.
WARNING:tensorflow:From C:\Users\26196425\Work\MASTER~3\env\Lib\site-packages\keras\src\backend\common\global_state.py:82: The name tf.reset_default_graph is deprecated. Please use tf.compat.v1.reset_default_graph instead.

WARNING:tensorflow:TensorFlow GPU support is not available on native Windows for TensorFlow >= 2.11. Even if CUDA/cuDNN are installed, GPU will not be used. Please use WSL2 or the TensorFlow-DirectML plugin.
WARNING:tensorflow:5 out of the last 7 calls to <function TensorFlowTrainer.make_predict_function.<locals>.one_step_on_data_distributed at 0x0000022182A2BF60> triggered tf.function retracing. Tracing is expensive and the excessive number of tracings could be due to (1) creating @tf.function repeatedly in a loop, (2) passing tensors with different shapes, (3) passing Python objects instead of tensors. For (1), please define your @tf.function outside of the loop. For (2), @tf.function has reduce_retracing=True option that can avoid unnecessary retracing. For (3), please refer to https://www.tensorflow.org/guide/function#controlling_retracing and https://www.tensorflow.org/api_docs/python/tf/function for  more details.
WARNING:tensorflow:6 out of the last 8 calls to <function TensorFlowTrainer.make_predict_function.<locals>.one_step_on_data_distributed at 0x0000022182A2BF60> triggered tf.function retracing. Tracing is expensive and the excessive number of tracings could be due to (1) creating @tf.function repeatedly in a loop, (2) passing tensors with different shapes, (3) passing Python objects instead of tensors. For (1), please define your @tf.function outside of the loop. For (2), @tf.function has reduce_retracing=True option that can avoid unnecessary retracing. For (3), please refer to https://www.tensorflow.org/guide/function#controlling_retracing and https://www.tensorflow.org/api_docs/python/tf/function for  more details.
grid_20_sgd_momentum_paper_s2038: 233 s, epochs used 100 100 100 100 100 100 100 100 100 100 100 100 100 100 100 100 100 100 100, loss 144853.0 (homogeneous 146289.3)
grid_20_adadelta_early_stop_s2038: 339 s, epochs used 76 94 136 145 108 113 115 122 124 137 121 129 121 125 116 121 125 121 177, loss 146797.6 (homogeneous 146289.3)
grid_20_adamax_paper_s2038: 241 s, epochs used 100 100 100 100 100 100 100 100 100 100 100 100 100 100 100 100 100 100 100, loss 153931.9 (homogeneous 146289.3)
grid_20-20-15_sgd_early_stop_s2038: 1075 s, epochs used 61 500 500 500 500 500 500 500 500 500 500 500 500 500 500 500 500 500 83, loss 146229.6 (homogeneous 146289.3)
grid_20-15-10_sgd_nesterov_early_stop_s2038: 950 s, epochs used 11 500 385 52 500 500 500 500 500 500 500 500 500 500 500 500 330 81 58, loss 145877.9 (homogeneous 146289.3)
grid_20_adagrad_early_stop_s2039: 929 s, epochs used 86 244 356 232 500 500 500 500 500 500 500 500 500 500 500 500 126 500 9, loss 145481.8 (homogeneous 146289.3)
grid_20-20-15_sgd_nesterov_early_stop_s2039: 817 s, epochs used 8 55 69 227 44 500 500 500 500 500 500 500 500 500 500 500 384 42 224, loss 146659.4 (homogeneous 146289.3)
grid_20-15-10_sgd_momentum_paper_s2039: 239 s, epochs used 100 100 100 100 100 100 100 100 100 100 100 100 100 100 100 100 100 100 100, loss 144792.7 (homogeneous 146289.3)
==== 2026-10-09 06:11:55 start baseline.nncl.grid slot 5
[1] 1200
WARNING: All log messages before absl::InitializeLog() is called are written to STDERR
I0000 00:00:1791519123.234517   14016 port.cc:153] oneDNN custom operations are on. You may see slightly different numerical results due to floating-point round-off errors from different computation orders. To turn them off, set the environment variable `TF_ENABLE_ONEDNN_OPTS=0`.
WARNING: All log messages before absl::InitializeLog() is called are written to STDERR
I0000 00:00:1791519128.011261   14016 port.cc:153] oneDNN custom operations are on. You may see slightly different numerical results due to floating-point round-off errors from different computation orders. To turn them off, set the environment variable `TF_ENABLE_ONEDNN_OPTS=0`.
WARNING:tensorflow:From C:\Users\26196425\Work\MASTER~3\env\Lib\site-packages\keras\src\backend\common\global_state.py:82: The name tf.reset_default_graph is deprecated. Please use tf.compat.v1.reset_default_graph instead.

WARNING:tensorflow:TensorFlow GPU support is not available on native Windows for TensorFlow >= 2.11. Even if CUDA/cuDNN are installed, GPU will not be used. Please use WSL2 or the TensorFlow-DirectML plugin.
WARNING:tensorflow:5 out of the last 7 calls to <function TensorFlowTrainer.make_predict_function.<locals>.one_step_on_data_distributed at 0x00000190E87A0720> triggered tf.function retracing. Tracing is expensive and the excessive number of tracings could be due to (1) creating @tf.function repeatedly in a loop, (2) passing tensors with different shapes, (3) passing Python objects instead of tensors. For (1), please define your @tf.function outside of the loop. For (2), @tf.function has reduce_retracing=True option that can avoid unnecessary retracing. For (3), please refer to https://www.tensorflow.org/guide/function#controlling_retracing and https://www.tensorflow.org/api_docs/python/tf/function for  more details.
WARNING:tensorflow:6 out of the last 8 calls to <function TensorFlowTrainer.make_predict_function.<locals>.one_step_on_data_distributed at 0x00000190E87A0720> triggered tf.function retracing. Tracing is expensive and the excessive number of tracings could be due to (1) creating @tf.function repeatedly in a loop, (2) passing tensors with different shapes, (3) passing Python objects instead of tensors. For (1), please define your @tf.function outside of the loop. For (2), @tf.function has reduce_retracing=True option that can avoid unnecessary retracing. For (3), please refer to https://www.tensorflow.org/guide/function#controlling_retracing and https://www.tensorflow.org/api_docs/python/tf/function for  more details.
grid_20-15-10_adagrad_early_stop_s2039: 912 s, epochs used 27 83 301 478 500 500 500 500 500 500 500 500 500 500 500 500 34 500 8, loss 145535.2 (homogeneous 146289.3)
grid_20_adagrad_paper_s2040: 236 s, epochs used 100 100 100 100 100 100 100 100 100 100 100 100 100 100 100 100 100 100 100, loss 144901.4 (homogeneous 146289.3)
grid_20_rmsprop_early_stop_s2040: 872 s, epochs used 98 187 265 218 130 130 500 490 490 166 494 499 499 499 495 493 255 496 500, loss 147556.6 (homogeneous 146289.3)
grid_20-20-15_adadelta_paper_s2040: 254 s, epochs used 100 100 100 100 100 100 100 100 100 100 100 100 100 100 100 100 100 100 100, loss 109435.4 (homogeneous 146289.3)
grid_20-20-15_adam_paper_s2040: 256 s, epochs used 100 100 100 100 100 100 100 100 100 100 100 100 100 100 100 100 100 100 100, loss 144852.3 (homogeneous 146289.3)
grid_20-20-15_nadam_early_stop_s2040: 808 s, epochs used 74 74 123 63 500 245 500 500 481 489 500 160 500 500 500 55 296 500 105, loss 145519.1 (homogeneous 146289.3)
grid_20-15-10_nadam_paper_s2040: 261 s, epochs used 100 100 100 100 100 100 100 100 100 100 100 100 100 100 100 100 100 100 100, loss 144889.0 (homogeneous 146289.3)
grid_20_sgd_nesterov_paper_s2041: 237 s, epochs used 100 100 100 100 100 100 100 100 100 100 100 100 100 100 100 100 100 100 100, loss 143685.9 (homogeneous 146289.3)
==== 2026-10-09 07:19:49 start baseline.nncl.grid slot 5
[1] 1200
WARNING: All log messages before absl::InitializeLog() is called are written to STDERR
I0000 00:00:1791523197.337741   14908 port.cc:153] oneDNN custom operations are on. You may see slightly different numerical results due to floating-point round-off errors from different computation orders. To turn them off, set the environment variable `TF_ENABLE_ONEDNN_OPTS=0`.
WARNING: All log messages before absl::InitializeLog() is called are written to STDERR
I0000 00:00:1791523202.044653   14908 port.cc:153] oneDNN custom operations are on. You may see slightly different numerical results due to floating-point round-off errors from different computation orders. To turn them off, set the environment variable `TF_ENABLE_ONEDNN_OPTS=0`.
WARNING:tensorflow:From C:\Users\26196425\Work\MASTER~3\env\Lib\site-packages\keras\src\backend\common\global_state.py:82: The name tf.reset_default_graph is deprecated. Please use tf.compat.v1.reset_default_graph instead.

WARNING:tensorflow:TensorFlow GPU support is not available on native Windows for TensorFlow >= 2.11. Even if CUDA/cuDNN are installed, GPU will not be used. Please use WSL2 or the TensorFlow-DirectML plugin.
WARNING:tensorflow:5 out of the last 7 calls to <function TensorFlowTrainer.make_predict_function.<locals>.one_step_on_data_distributed at 0x0000025E66047920> triggered tf.function retracing. Tracing is expensive and the excessive number of tracings could be due to (1) creating @tf.function repeatedly in a loop, (2) passing tensors with different shapes, (3) passing Python objects instead of tensors. For (1), please define your @tf.function outside of the loop. For (2), @tf.function has reduce_retracing=True option that can avoid unnecessary retracing. For (3), please refer to https://www.tensorflow.org/guide/function#controlling_retracing and https://www.tensorflow.org/api_docs/python/tf/function for  more details.
WARNING:tensorflow:6 out of the last 8 calls to <function TensorFlowTrainer.make_predict_function.<locals>.one_step_on_data_distributed at 0x0000025E66047920> triggered tf.function retracing. Tracing is expensive and the excessive number of tracings could be due to (1) creating @tf.function repeatedly in a loop, (2) passing tensors with different shapes, (3) passing Python objects instead of tensors. For (1), please define your @tf.function outside of the loop. For (2), @tf.function has reduce_retracing=True option that can avoid unnecessary retracing. For (3), please refer to https://www.tensorflow.org/guide/function#controlling_retracing and https://www.tensorflow.org/api_docs/python/tf/function for  more details.
