==== 2026-10-09 11:16:32 start baseline.nncl.cl_grid slot 4
[1] 1200
WARNING: All log messages before absl::InitializeLog() is called are written to STDERR
I0000 00:00:1791537399.709681   11328 port.cc:153] oneDNN custom operations are on. You may see slightly different numerical results due to floating-point round-off errors from different computation orders. To turn them off, set the environment variable `TF_ENABLE_ONEDNN_OPTS=0`.
WARNING: All log messages before absl::InitializeLog() is called are written to STDERR
I0000 00:00:1791537403.780891   11328 port.cc:153] oneDNN custom operations are on. You may see slightly different numerical results due to floating-point round-off errors from different computation orders. To turn them off, set the environment variable `TF_ENABLE_ONEDNN_OPTS=0`.
WARNING:tensorflow:From C:\Users\26196425\Work\MASTER~3\env\Lib\site-packages\keras\src\backend\common\global_state.py:82: The name tf.reset_default_graph is deprecated. Please use tf.compat.v1.reset_default_graph instead.

WARNING:tensorflow:TensorFlow GPU support is not available on native Windows for TensorFlow >= 2.11. Even if CUDA/cuDNN are installed, GPU will not be used. Please use WSL2 or the TensorFlow-DirectML plugin.
WARNING:tensorflow:5 out of the last 7 calls to <function TensorFlowTrainer.make_predict_function.<locals>.one_step_on_data_distributed at 0x000002367515BD80> triggered tf.function retracing. Tracing is expensive and the excessive number of tracings could be due to (1) creating @tf.function repeatedly in a loop, (2) passing tensors with different shapes, (3) passing Python objects instead of tensors. For (1), please define your @tf.function outside of the loop. For (2), @tf.function has reduce_retracing=True option that can avoid unnecessary retracing. For (3), please refer to https://www.tensorflow.org/guide/function#controlling_retracing and https://www.tensorflow.org/api_docs/python/tf/function for  more details.
WARNING:tensorflow:6 out of the last 8 calls to <function TensorFlowTrainer.make_predict_function.<locals>.one_step_on_data_distributed at 0x000002367515BD80> triggered tf.function retracing. Tracing is expensive and the excessive number of tracings could be due to (1) creating @tf.function repeatedly in a loop, (2) passing tensors with different shapes, (3) passing Python objects instead of tensors. For (1), please define your @tf.function outside of the loop. For (2), @tf.function has reduce_retracing=True option that can avoid unnecessary retracing. For (3), please refer to https://www.tensorflow.org/guide/function#controlling_retracing and https://www.tensorflow.org/api_docs/python/tf/function for  more details.
clgrid_20_adagrad_cl_paper_s2026: 240 s, epochs used 100 100 100 100 100 100 100 100 100 100 100 100 100 100 100 100 100 100 100, loss 143856.3 (homogeneous 146289.3)
clgrid_20_adam_cl_start_s2026: 150 s, epochs used 0 169 62 16 62 23 21 15 1 8 0 4 1 18 0 0 0 0 0, loss 145916.8 (homogeneous 146289.3)
clgrid_20-20-15_sgd_cl_start_s2026: 697 s, epochs used 95 500 500 500 500 500 500 500 59 500 48 500 500 0 14 2 0 14 179, loss 145818.1 (homogeneous 146289.3)
clgrid_20-15-10_rmsprop_cl_paper_s2026: 247 s, epochs used 100 100 100 100 100 100 100 100 100 100 100 100 100 100 100 100 100 100 100, loss 143389.7 (homogeneous 146289.3)
clgrid_20_sgd_momentum_cl_start_s2027: 352 s, epochs used 0 483 500 139 215 173 322 500 0 0 5 24 56 7 0 0 0 5 0, loss 145982.3 (homogeneous 146289.3)
clgrid_20_adamw_cl_start_s2027: 149 s, epochs used 0 218 73 38 41 21 23 37 1 26 0 19 5 0 0 0 0 0 0, loss 145873.4 (homogeneous 146289.3)
clgrid_20-20-15_sgd_nesterov_cl_start_s2027: 480 s, epochs used 19 500 500 425 500 500 500 500 0 0 0 17 3 27 0 0 4 8 8, loss 145749.8 (homogeneous 146289.3)
clgrid_20-15-10_adagrad_cl_paper_s2027: 247 s, epochs used 100 100 100 100 100 100 100 100 100 100 100 100 100 100 100 100 100 100 100, loss 144863.4 (homogeneous 146289.3)
==== 2026-10-09 12:02:36 start baseline.nncl.cl_grid slot 4
[1] 1200
WARNING: All log messages before absl::InitializeLog() is called are written to STDERR
I0000 00:00:1791540163.033551    6928 port.cc:153] oneDNN custom operations are on. You may see slightly different numerical results due to floating-point round-off errors from different computation orders. To turn them off, set the environment variable `TF_ENABLE_ONEDNN_OPTS=0`.
WARNING: All log messages before absl::InitializeLog() is called are written to STDERR
I0000 00:00:1791540167.210361    6928 port.cc:153] oneDNN custom operations are on. You may see slightly different numerical results due to floating-point round-off errors from different computation orders. To turn them off, set the environment variable `TF_ENABLE_ONEDNN_OPTS=0`.
WARNING:tensorflow:From C:\Users\26196425\Work\MASTER~3\env\Lib\site-packages\keras\src\backend\common\global_state.py:82: The name tf.reset_default_graph is deprecated. Please use tf.compat.v1.reset_default_graph instead.

WARNING:tensorflow:TensorFlow GPU support is not available on native Windows for TensorFlow >= 2.11. Even if CUDA/cuDNN are installed, GPU will not be used. Please use WSL2 or the TensorFlow-DirectML plugin.
WARNING:tensorflow:5 out of the last 7 calls to <function TensorFlowTrainer.make_predict_function.<locals>.one_step_on_data_distributed at 0x0000017ABF727920> triggered tf.function retracing. Tracing is expensive and the excessive number of tracings could be due to (1) creating @tf.function repeatedly in a loop, (2) passing tensors with different shapes, (3) passing Python objects instead of tensors. For (1), please define your @tf.function outside of the loop. For (2), @tf.function has reduce_retracing=True option that can avoid unnecessary retracing. For (3), please refer to https://www.tensorflow.org/guide/function#controlling_retracing and https://www.tensorflow.org/api_docs/python/tf/function for  more details.
WARNING:tensorflow:6 out of the last 8 calls to <function TensorFlowTrainer.make_predict_function.<locals>.one_step_on_data_distributed at 0x0000017ABF727920> triggered tf.function retracing. Tracing is expensive and the excessive number of tracings could be due to (1) creating @tf.function repeatedly in a loop, (2) passing tensors with different shapes, (3) passing Python objects instead of tensors. For (1), please define your @tf.function outside of the loop. For (2), @tf.function has reduce_retracing=True option that can avoid unnecessary retracing. For (3), please refer to https://www.tensorflow.org/guide/function#controlling_retracing and https://www.tensorflow.org/api_docs/python/tf/function for  more details.
clgrid_20-15-10_adamw_cl_start_s2027: 164 s, epochs used 0 87 62 38 189 45 37 56 0 50 0 14 1 7 0 3 0 0 0, loss 145859.1 (homogeneous 146289.3)
clgrid_20_sgd_nesterov_cl_paper_s2028: 243 s, epochs used 100 100 100 100 100 100 100 100 100 100 100 100 100 100 100 100 100 100 100, loss 143903.4 (homogeneous 146289.3)
clgrid_20_adamw_cl_paper_s2028: 250 s, epochs used 100 100 100 100 100 100 100 100 100 100 100 100 100 100 100 100 100 100 100, loss 144270.4 (homogeneous 146289.3)
clgrid_20-20-15_adagrad_cl_start_s2028: 413 s, epochs used 0 233 500 96 500 13 500 500 2 7 0 86 500 8 2 0 0 0 0, loss 145950.3 (homogeneous 146289.3)
clgrid_20-15-10_sgd_nesterov_cl_paper_s2028: 247 s, epochs used 100 100 100 100 100 100 100 100 100 100 100 100 100 100 100 100 100 100 100, loss 145195.4 (homogeneous 146289.3)
clgrid_20-15-10_adamw_cl_paper_s2028: 256 s, epochs used 100 100 100 100 100 100 100 100 100 100 100 100 100 100 100 100 100 100 100, loss 143761.7 (homogeneous 146289.3)
clgrid_20_adagrad_cl_start_s2029: 159 s, epochs used 0 261 323 8 43 9 86 64 1 7 0 11 7 2 0 0 0 0 2, loss 145981.0 (homogeneous 146289.3)
clgrid_20_adam_cl_start_s2029: 124 s, epochs used 0 149 61 13 25 11 24 10 0 21 0 5 2 0 0 0 0 0 0, loss 145940.2 (homogeneous 146289.3)
==== 2026-10-09 12:37:13 start baseline.nncl.cl_grid slot 4
[1] 1200
WARNING: All log messages before absl::InitializeLog() is called are written to STDERR
I0000 00:00:1791542240.687507   16844 port.cc:153] oneDNN custom operations are on. You may see slightly different numerical results due to floating-point round-off errors from different computation orders. To turn them off, set the environment variable `TF_ENABLE_ONEDNN_OPTS=0`.
WARNING: All log messages before absl::InitializeLog() is called are written to STDERR
I0000 00:00:1791542244.860915   16844 port.cc:153] oneDNN custom operations are on. You may see slightly different numerical results due to floating-point round-off errors from different computation orders. To turn them off, set the environment variable `TF_ENABLE_ONEDNN_OPTS=0`.
WARNING:tensorflow:From C:\Users\26196425\Work\MASTER~3\env\Lib\site-packages\keras\src\backend\common\global_state.py:82: The name tf.reset_default_graph is deprecated. Please use tf.compat.v1.reset_default_graph instead.

WARNING:tensorflow:TensorFlow GPU support is not available on native Windows for TensorFlow >= 2.11. Even if CUDA/cuDNN are installed, GPU will not be used. Please use WSL2 or the TensorFlow-DirectML plugin.
WARNING:tensorflow:5 out of the last 7 calls to <function TensorFlowTrainer.make_predict_function.<locals>.one_step_on_data_distributed at 0x0000024193C7C4A0> triggered tf.function retracing. Tracing is expensive and the excessive number of tracings could be due to (1) creating @tf.function repeatedly in a loop, (2) passing tensors with different shapes, (3) passing Python objects instead of tensors. For (1), please define your @tf.function outside of the loop. For (2), @tf.function has reduce_retracing=True option that can avoid unnecessary retracing. For (3), please refer to https://www.tensorflow.org/guide/function#controlling_retracing and https://www.tensorflow.org/api_docs/python/tf/function for  more details.
WARNING:tensorflow:6 out of the last 8 calls to <function TensorFlowTrainer.make_predict_function.<locals>.one_step_on_data_distributed at 0x0000024193C7C4A0> triggered tf.function retracing. Tracing is expensive and the excessive number of tracings could be due to (1) creating @tf.function repeatedly in a loop, (2) passing tensors with different shapes, (3) passing Python objects instead of tensors. For (1), please define your @tf.function outside of the loop. For (2), @tf.function has reduce_retracing=True option that can avoid unnecessary retracing. For (3), please refer to https://www.tensorflow.org/guide/function#controlling_retracing and https://www.tensorflow.org/api_docs/python/tf/function for  more details.
clgrid_20-20-15_sgd_momentum_cl_paper_s2029: 246 s, epochs used 100 100 100 100 100 100 100 100 100 100 100 100 100 100 100 100 100 100 100, loss 144833.3 (homogeneous 146289.3)
clgrid_20-20-15_adam_cl_start_s2029: 133 s, epochs used 0 88 46 10 28 13 32 24 1 6 0 14 13 4 0 0 0 0 0, loss 145926.7 (homogeneous 146289.3)
clgrid_20-15-10_sgd_cl_paper_s2029: 236 s, epochs used 100 100 100 100 100 100 100 100 100 100 100 100 100 100 100 100 100 100 100, loss 145997.8 (homogeneous 146289.3)
clgrid_20-15-10_rmsprop_cl_start_s2029: 193 s, epochs used 0 114 128 58 53 347 122 82 2 1 4 3 27 15 0 30 0 0 0, loss 145907.5 (homogeneous 146289.3)
clgrid_20_sgd_cl_start_s2030: 575 s, epochs used 0 500 500 500 500 500 500 500 46 500 49 0 229 0 33 9 0 0 47, loss 146053.5 (homogeneous 146289.3)
clgrid_20-20-15_adagrad_cl_start_s2030: 488 s, epochs used 0 500 500 204 275 9 500 500 8 9 6 500 500 0 8 22 0 0 2, loss 145952.6 (homogeneous 146289.3)
clgrid_20-15-10_adagrad_cl_paper_s2030: 246 s, epochs used 100 100 100 100 100 100 100 100 100 100 100 100 100 100 100 100 100 100 100, loss 143831.1 (homogeneous 146289.3)
clgrid_20-15-10_adamw_cl_start_s2030: 137 s, epochs used 0 40 52 28 33 25 93 38 2 20 0 32 11 5 0 0 1 0 53, loss 145980.7 (homogeneous 146289.3)
==== 2026-10-09 13:18:19 start baseline.nncl.cl_grid slot 4
[1] 1200
WARNING: All log messages before absl::InitializeLog() is called are written to STDERR
I0000 00:00:1791544706.243392    6932 port.cc:153] oneDNN custom operations are on. You may see slightly different numerical results due to floating-point round-off errors from different computation orders. To turn them off, set the environment variable `TF_ENABLE_ONEDNN_OPTS=0`.
WARNING: All log messages before absl::InitializeLog() is called are written to STDERR
I0000 00:00:1791544710.127046    6932 port.cc:153] oneDNN custom operations are on. You may see slightly different numerical results due to floating-point round-off errors from different computation orders. To turn them off, set the environment variable `TF_ENABLE_ONEDNN_OPTS=0`.
WARNING:tensorflow:From C:\Users\26196425\Work\MASTER~3\env\Lib\site-packages\keras\src\backend\common\global_state.py:82: The name tf.reset_default_graph is deprecated. Please use tf.compat.v1.reset_default_graph instead.

WARNING:tensorflow:TensorFlow GPU support is not available on native Windows for TensorFlow >= 2.11. Even if CUDA/cuDNN are installed, GPU will not be used. Please use WSL2 or the TensorFlow-DirectML plugin.
WARNING:tensorflow:5 out of the last 7 calls to <function TensorFlowTrainer.make_predict_function.<locals>.one_step_on_data_distributed at 0x00000203B842FE20> triggered tf.function retracing. Tracing is expensive and the excessive number of tracings could be due to (1) creating @tf.function repeatedly in a loop, (2) passing tensors with different shapes, (3) passing Python objects instead of tensors. For (1), please define your @tf.function outside of the loop. For (2), @tf.function has reduce_retracing=True option that can avoid unnecessary retracing. For (3), please refer to https://www.tensorflow.org/guide/function#controlling_retracing and https://www.tensorflow.org/api_docs/python/tf/function for  more details.
WARNING:tensorflow:6 out of the last 8 calls to <function TensorFlowTrainer.make_predict_function.<locals>.one_step_on_data_distributed at 0x00000203B842FE20> triggered tf.function retracing. Tracing is expensive and the excessive number of tracings could be due to (1) creating @tf.function repeatedly in a loop, (2) passing tensors with different shapes, (3) passing Python objects instead of tensors. For (1), please define your @tf.function outside of the loop. For (2), @tf.function has reduce_retracing=True option that can avoid unnecessary retracing. For (3), please refer to https://www.tensorflow.org/guide/function#controlling_retracing and https://www.tensorflow.org/api_docs/python/tf/function for  more details.
clgrid_20_sgd_momentum_cl_start_s2031: 383 s, epochs used 0 324 500 20 32 18 500 333 2 500 0 42 500 5 0 0 0 9 10, loss 146021.6 (homogeneous 146289.3)
clgrid_20_nadam_cl_start_s2031: 154 s, epochs used 0 165 80 48 24 41 32 18 3 40 0 3 148 0 0 0 0 0 0, loss 145904.9 (homogeneous 146289.3)
