==== 2026-10-09 11:21:19 start baseline.nncl.cl_grid slot 9
[1] 1200
WARNING: All log messages before absl::InitializeLog() is called are written to STDERR
I0000 00:00:1791537687.268127    5184 port.cc:153] oneDNN custom operations are on. You may see slightly different numerical results due to floating-point round-off errors from different computation orders. To turn them off, set the environment variable `TF_ENABLE_ONEDNN_OPTS=0`.
WARNING: All log messages before absl::InitializeLog() is called are written to STDERR
I0000 00:00:1791537691.924767    5184 port.cc:153] oneDNN custom operations are on. You may see slightly different numerical results due to floating-point round-off errors from different computation orders. To turn them off, set the environment variable `TF_ENABLE_ONEDNN_OPTS=0`.
WARNING:tensorflow:From C:\Users\26196425\Work\MASTER~3\env\Lib\site-packages\keras\src\backend\common\global_state.py:82: The name tf.reset_default_graph is deprecated. Please use tf.compat.v1.reset_default_graph instead.

WARNING:tensorflow:TensorFlow GPU support is not available on native Windows for TensorFlow >= 2.11. Even if CUDA/cuDNN are installed, GPU will not be used. Please use WSL2 or the TensorFlow-DirectML plugin.
WARNING:tensorflow:5 out of the last 7 calls to <function TensorFlowTrainer.make_predict_function.<locals>.one_step_on_data_distributed at 0x000001F1CBB5B9C0> triggered tf.function retracing. Tracing is expensive and the excessive number of tracings could be due to (1) creating @tf.function repeatedly in a loop, (2) passing tensors with different shapes, (3) passing Python objects instead of tensors. For (1), please define your @tf.function outside of the loop. For (2), @tf.function has reduce_retracing=True option that can avoid unnecessary retracing. For (3), please refer to https://www.tensorflow.org/guide/function#controlling_retracing and https://www.tensorflow.org/api_docs/python/tf/function for  more details.
WARNING:tensorflow:6 out of the last 8 calls to <function TensorFlowTrainer.make_predict_function.<locals>.one_step_on_data_distributed at 0x000001F1CBB5B9C0> triggered tf.function retracing. Tracing is expensive and the excessive number of tracings could be due to (1) creating @tf.function repeatedly in a loop, (2) passing tensors with different shapes, (3) passing Python objects instead of tensors. For (1), please define your @tf.function outside of the loop. For (2), @tf.function has reduce_retracing=True option that can avoid unnecessary retracing. For (3), please refer to https://www.tensorflow.org/guide/function#controlling_retracing and https://www.tensorflow.org/api_docs/python/tf/function for  more details.
clgrid_20_adamw_cl_paper_s2026: 252 s, epochs used 100 100 100 100 100 100 100 100 100 100 100 100 100 100 100 100 100 100 100, loss 144219.8 (homogeneous 146289.3)
clgrid_20-20-15_adagrad_cl_start_s2026: 276 s, epochs used 6 142 121 33 51 60 500 500 2 60 2 145 111 0 1 0 0 1 4, loss 145707.6 (homogeneous 146289.3)
clgrid_20-20-15_nadam_cl_start_s2026: 162 s, epochs used 12 65 46 18 21 29 112 18 1 57 1 17 75 0 0 1 1 0 0, loss 145733.1 (homogeneous 146289.3)
clgrid_20-15-10_adagrad_cl_start_s2026: 468 s, epochs used 0 155 500 237 500 500 500 500 1 0 1 500 1 0 0 0 0 7 1, loss 145973.7 (homogeneous 146289.3)
clgrid_20_adagrad_cl_start_s2027: 251 s, epochs used 0 202 227 50 82 58 108 500 18 226 0 5 31 1 0 16 0 0 0, loss 145977.7 (homogeneous 146289.3)
clgrid_20_nadam_cl_paper_s2027: 253 s, epochs used 100 100 100 100 100 100 100 100 100 100 100 100 100 100 100 100 100 100 100, loss 144358.2 (homogeneous 146289.3)
clgrid_20-20-15_rmsprop_cl_start_s2027: 176 s, epochs used 4 68 56 28 267 37 77 131 2 61 21 66 17 11 0 12 0 0 0, loss 145789.0 (homogeneous 146289.3)
clgrid_20-20-15_adamax_cl_start_s2027: 180 s, epochs used 13 120 84 49 60 42 47 81 0 65 0 133 37 2 0 0 0 0 0, loss 145763.5 (homogeneous 146289.3)
==== 2026-10-09 11:58:52 start baseline.nncl.cl_grid slot 9
[1] 1200
WARNING: All log messages before absl::InitializeLog() is called are written to STDERR
I0000 00:00:1791539938.857308   16816 port.cc:153] oneDNN custom operations are on. You may see slightly different numerical results due to floating-point round-off errors from different computation orders. To turn them off, set the environment variable `TF_ENABLE_ONEDNN_OPTS=0`.
WARNING: All log messages before absl::InitializeLog() is called are written to STDERR
I0000 00:00:1791539943.047172   16816 port.cc:153] oneDNN custom operations are on. You may see slightly different numerical results due to floating-point round-off errors from different computation orders. To turn them off, set the environment variable `TF_ENABLE_ONEDNN_OPTS=0`.
WARNING:tensorflow:From C:\Users\26196425\Work\MASTER~3\env\Lib\site-packages\keras\src\backend\common\global_state.py:82: The name tf.reset_default_graph is deprecated. Please use tf.compat.v1.reset_default_graph instead.

WARNING:tensorflow:TensorFlow GPU support is not available on native Windows for TensorFlow >= 2.11. Even if CUDA/cuDNN are installed, GPU will not be used. Please use WSL2 or the TensorFlow-DirectML plugin.
WARNING:tensorflow:5 out of the last 7 calls to <function TensorFlowTrainer.make_predict_function.<locals>.one_step_on_data_distributed at 0x000002390DC013A0> triggered tf.function retracing. Tracing is expensive and the excessive number of tracings could be due to (1) creating @tf.function repeatedly in a loop, (2) passing tensors with different shapes, (3) passing Python objects instead of tensors. For (1), please define your @tf.function outside of the loop. For (2), @tf.function has reduce_retracing=True option that can avoid unnecessary retracing. For (3), please refer to https://www.tensorflow.org/guide/function#controlling_retracing and https://www.tensorflow.org/api_docs/python/tf/function for  more details.
WARNING:tensorflow:6 out of the last 8 calls to <function TensorFlowTrainer.make_predict_function.<locals>.one_step_on_data_distributed at 0x000002390DC013A0> triggered tf.function retracing. Tracing is expensive and the excessive number of tracings could be due to (1) creating @tf.function repeatedly in a loop, (2) passing tensors with different shapes, (3) passing Python objects instead of tensors. For (1), please define your @tf.function outside of the loop. For (2), @tf.function has reduce_retracing=True option that can avoid unnecessary retracing. For (3), please refer to https://www.tensorflow.org/guide/function#controlling_retracing and https://www.tensorflow.org/api_docs/python/tf/function for  more details.
clgrid_20-15-10_adadelta_cl_start_s2027: 239 s, epochs used 0 123 134 36 500 185 27 180 2 26 6 87 9 1 0 0 0 0 0, loss 145978.8 (homogeneous 146289.3)
clgrid_20-15-10_nadam_cl_paper_s2027: 266 s, epochs used 100 100 100 100 100 100 100 100 100 100 100 100 100 100 100 100 100 100 100, loss 143847.4 (homogeneous 146289.3)
clgrid_20_rmsprop_cl_start_s2028: 168 s, epochs used 0 66 90 22 21 277 27 209 2 31 0 5 14 0 0 0 0 0 0, loss 145971.2 (homogeneous 146289.3)
clgrid_20_adamax_cl_paper_s2028: 248 s, epochs used 100 100 100 100 100 100 100 100 100 100 100 100 100 100 100 100 100 100 100, loss 144701.5 (homogeneous 146289.3)
clgrid_20-20-15_adadelta_cl_start_s2028: 240 s, epochs used 0 96 86 57 267 291 227 224 4 1 0 30 0 1 0 0 0 0 0, loss 145931.5 (homogeneous 146289.3)
clgrid_20-20-15_nadam_cl_start_s2028: 145 s, epochs used 0 71 50 26 25 43 53 48 1 33 0 15 56 1 0 0 0 0 0, loss 145913.1 (homogeneous 146289.3)
clgrid_20-15-10_adagrad_cl_start_s2028: 406 s, epochs used 2 179 500 118 90 500 500 500 2 500 0 28 0 6 0 0 0 1 2, loss 145866.8 (homogeneous 146289.3)
clgrid_20_sgd_momentum_cl_start_s2029: 258 s, epochs used 0 500 500 17 53 32 254 194 5 27 5 38 25 15 0 0 0 0 0, loss 145997.9 (homogeneous 146289.3)
==== 2026-10-09 12:35:57 start baseline.nncl.cl_grid slot 9
[1] 1200
WARNING: All log messages before absl::InitializeLog() is called are written to STDERR
I0000 00:00:1791542164.190456   16168 port.cc:153] oneDNN custom operations are on. You may see slightly different numerical results due to floating-point round-off errors from different computation orders. To turn them off, set the environment variable `TF_ENABLE_ONEDNN_OPTS=0`.
WARNING: All log messages before absl::InitializeLog() is called are written to STDERR
I0000 00:00:1791542167.937884   16168 port.cc:153] oneDNN custom operations are on. You may see slightly different numerical results due to floating-point round-off errors from different computation orders. To turn them off, set the environment variable `TF_ENABLE_ONEDNN_OPTS=0`.
WARNING:tensorflow:From C:\Users\26196425\Work\MASTER~3\env\Lib\site-packages\keras\src\backend\common\global_state.py:82: The name tf.reset_default_graph is deprecated. Please use tf.compat.v1.reset_default_graph instead.

WARNING:tensorflow:TensorFlow GPU support is not available on native Windows for TensorFlow >= 2.11. Even if CUDA/cuDNN are installed, GPU will not be used. Please use WSL2 or the TensorFlow-DirectML plugin.
WARNING:tensorflow:5 out of the last 7 calls to <function TensorFlowTrainer.make_predict_function.<locals>.one_step_on_data_distributed at 0x0000027DC51139C0> triggered tf.function retracing. Tracing is expensive and the excessive number of tracings could be due to (1) creating @tf.function repeatedly in a loop, (2) passing tensors with different shapes, (3) passing Python objects instead of tensors. For (1), please define your @tf.function outside of the loop. For (2), @tf.function has reduce_retracing=True option that can avoid unnecessary retracing. For (3), please refer to https://www.tensorflow.org/guide/function#controlling_retracing and https://www.tensorflow.org/api_docs/python/tf/function for  more details.
WARNING:tensorflow:6 out of the last 8 calls to <function TensorFlowTrainer.make_predict_function.<locals>.one_step_on_data_distributed at 0x0000027DC51139C0> triggered tf.function retracing. Tracing is expensive and the excessive number of tracings could be due to (1) creating @tf.function repeatedly in a loop, (2) passing tensors with different shapes, (3) passing Python objects instead of tensors. For (1), please define your @tf.function outside of the loop. For (2), @tf.function has reduce_retracing=True option that can avoid unnecessary retracing. For (3), please refer to https://www.tensorflow.org/guide/function#controlling_retracing and https://www.tensorflow.org/api_docs/python/tf/function for  more details.
clgrid_20_adamax_cl_start_s2029: 139 s, epochs used 0 251 101 16 33 13 33 15 1 5 0 10 2 3 0 0 0 0 0, loss 145934.8 (homogeneous 146289.3)
clgrid_20-20-15_adagrad_cl_paper_s2029: 248 s, epochs used 100 100 100 100 100 100 100 100 100 100 100 100 100 100 100 100 100 100 100, loss 143715.4 (homogeneous 146289.3)
clgrid_20-20-15_adamax_cl_paper_s2029: 252 s, epochs used 100 100 100 100 100 100 100 100 100 100 100 100 100 100 100 100 100 100 100, loss 144607.1 (homogeneous 146289.3)
clgrid_20-15-10_adadelta_cl_start_s2029: 232 s, epochs used 0 148 145 77 52 229 238 224 6 27 0 49 0 0 0 0 0 0 0, loss 145942.3 (homogeneous 146289.3)
clgrid_20_sgd_cl_paper_s2030: 236 s, epochs used 100 100 100 100 100 100 100 100 100 100 100 100 100 100 100 100 100 100 100, loss 145792.8 (homogeneous 146289.3)
clgrid_20_rmsprop_cl_start_s2030: 209 s, epochs used 0 250 105 22 499 19 28 160 4 3 0 56 25 0 0 0 0 0 0, loss 145884.8 (homogeneous 146289.3)
clgrid_20-20-15_sgd_momentum_cl_start_s2030: 494 s, epochs used 0 500 500 500 500 500 500 500 0 38 20 49 27 3 4 0 0 0 0, loss 145995.7 (homogeneous 146289.3)
clgrid_20-15-10_sgd_momentum_cl_paper_s2030: 247 s, epochs used 100 100 100 100 100 100 100 100 100 100 100 100 100 100 100 100 100 100 100, loss 145082.1 (homogeneous 146289.3)
==== 2026-10-09 13:13:54 start baseline.nncl.cl_grid slot 9
[1] 1200
WARNING: All log messages before absl::InitializeLog() is called are written to STDERR
I0000 00:00:1791544441.865112   18692 port.cc:153] oneDNN custom operations are on. You may see slightly different numerical results due to floating-point round-off errors from different computation orders. To turn them off, set the environment variable `TF_ENABLE_ONEDNN_OPTS=0`.
WARNING: All log messages before absl::InitializeLog() is called are written to STDERR
I0000 00:00:1791544445.751278   18692 port.cc:153] oneDNN custom operations are on. You may see slightly different numerical results due to floating-point round-off errors from different computation orders. To turn them off, set the environment variable `TF_ENABLE_ONEDNN_OPTS=0`.
WARNING:tensorflow:From C:\Users\26196425\Work\MASTER~3\env\Lib\site-packages\keras\src\backend\common\global_state.py:82: The name tf.reset_default_graph is deprecated. Please use tf.compat.v1.reset_default_graph instead.

WARNING:tensorflow:TensorFlow GPU support is not available on native Windows for TensorFlow >= 2.11. Even if CUDA/cuDNN are installed, GPU will not be used. Please use WSL2 or the TensorFlow-DirectML plugin.
WARNING:tensorflow:5 out of the last 7 calls to <function TensorFlowTrainer.make_predict_function.<locals>.one_step_on_data_distributed at 0x000001D6636EF740> triggered tf.function retracing. Tracing is expensive and the excessive number of tracings could be due to (1) creating @tf.function repeatedly in a loop, (2) passing tensors with different shapes, (3) passing Python objects instead of tensors. For (1), please define your @tf.function outside of the loop. For (2), @tf.function has reduce_retracing=True option that can avoid unnecessary retracing. For (3), please refer to https://www.tensorflow.org/guide/function#controlling_retracing and https://www.tensorflow.org/api_docs/python/tf/function for  more details.
WARNING:tensorflow:6 out of the last 8 calls to <function TensorFlowTrainer.make_predict_function.<locals>.one_step_on_data_distributed at 0x000001D6636EF740> triggered tf.function retracing. Tracing is expensive and the excessive number of tracings could be due to (1) creating @tf.function repeatedly in a loop, (2) passing tensors with different shapes, (3) passing Python objects instead of tensors. For (1), please define your @tf.function outside of the loop. For (2), @tf.function has reduce_retracing=True option that can avoid unnecessary retracing. For (3), please refer to https://www.tensorflow.org/guide/function#controlling_retracing and https://www.tensorflow.org/api_docs/python/tf/function for  more details.
clgrid_20-15-10_adam_cl_start_s2030: 134 s, epochs used 0 40 52 28 33 25 93 38 2 20 0 32 11 5 0 0 1 0 53, loss 145980.7 (homogeneous 146289.3)
clgrid_20-15-10_nadam_cl_start_s2030: 133 s, epochs used 0 40 46 28 32 25 80 32 1 31 3 28 19 7 0 3 1 0 0, loss 145976.2 (homogeneous 146289.3)
clgrid_20_adagrad_cl_paper_s2031: 244 s, epochs used 100 100 100 100 100 100 100 100 100 100 100 100 100 100 100 100 100 100 100, loss 144187.1 (homogeneous 146289.3)
clgrid_20_adamax_cl_start_s2031: 198 s, epochs used 0 286 129 15 53 6 48 23 1 9 0 7 11 0 0 0 0 0 0, loss 145939.1 (homogeneous 146289.3)
clgrid_20-20-15_adagrad_cl_paper_s2031: 248 s, epochs used 100 100 100 100 100 100 100 100 100 100 100 100 100 100 100 100 100 100 100, loss 143278.5 (homogeneous 146289.3)
clgrid_20-20-15_adamax_cl_start_s2031: 161 s, epochs used 0 121 71 13 26 2 63 35 1 99 1 9 97 0 0 0 0 0 0, loss 145963.1 (homogeneous 146289.3)
clgrid_20-15-10_adagrad_cl_start_s2031: 448 s, epochs used 0 118 500 19 382 27 500 500 1 16 0 149 500 356 0 0 0 2 4, loss 146032.5 (homogeneous 146289.3)
clgrid_20_sgd_nesterov_cl_start_s2032: 379 s, epochs used 0 500 500 13 97 169 500 500 4 20 5 18 339 8 0 0 0 0 8, loss 146003.7 (homogeneous 146289.3)
==== 2026-10-09 13:50:21 start baseline.nncl.cl_grid slot 9
[1] 1200
WARNING: All log messages before absl::InitializeLog() is called are written to STDERR
I0000 00:00:1791546628.247957    5220 port.cc:153] oneDNN custom operations are on. You may see slightly different numerical results due to floating-point round-off errors from different computation orders. To turn them off, set the environment variable `TF_ENABLE_ONEDNN_OPTS=0`.
WARNING: All log messages before absl::InitializeLog() is called are written to STDERR
I0000 00:00:1791546632.431803    5220 port.cc:153] oneDNN custom operations are on. You may see slightly different numerical results due to floating-point round-off errors from different computation orders. To turn them off, set the environment variable `TF_ENABLE_ONEDNN_OPTS=0`.
WARNING:tensorflow:From C:\Users\26196425\Work\MASTER~3\env\Lib\site-packages\keras\src\backend\common\global_state.py:82: The name tf.reset_default_graph is deprecated. Please use tf.compat.v1.reset_default_graph instead.

WARNING:tensorflow:TensorFlow GPU support is not available on native Windows for TensorFlow >= 2.11. Even if CUDA/cuDNN are installed, GPU will not be used. Please use WSL2 or the TensorFlow-DirectML plugin.
WARNING:tensorflow:5 out of the last 7 calls to <function TensorFlowTrainer.make_predict_function.<locals>.one_step_on_data_distributed at 0x0000022A092984A0> triggered tf.function retracing. Tracing is expensive and the excessive number of tracings could be due to (1) creating @tf.function repeatedly in a loop, (2) passing tensors with different shapes, (3) passing Python objects instead of tensors. For (1), please define your @tf.function outside of the loop. For (2), @tf.function has reduce_retracing=True option that can avoid unnecessary retracing. For (3), please refer to https://www.tensorflow.org/guide/function#controlling_retracing and https://www.tensorflow.org/api_docs/python/tf/function for  more details.
WARNING:tensorflow:6 out of the last 8 calls to <function TensorFlowTrainer.make_predict_function.<locals>.one_step_on_data_distributed at 0x0000022A092984A0> triggered tf.function retracing. Tracing is expensive and the excessive number of tracings could be due to (1) creating @tf.function repeatedly in a loop, (2) passing tensors with different shapes, (3) passing Python objects instead of tensors. For (1), please define your @tf.function outside of the loop. For (2), @tf.function has reduce_retracing=True option that can avoid unnecessary retracing. For (3), please refer to https://www.tensorflow.org/guide/function#controlling_retracing and https://www.tensorflow.org/api_docs/python/tf/function for  more details.
clgrid_20-20-15_sgd_nesterov_cl_paper_s2032: 243 s, epochs used 100 100 100 100 100 100 100 100 100 100 100 100 100 100 100 100 100 100 100, loss 144460.4 (homogeneous 146289.3)
clgrid_20-20-15_adamw_cl_paper_s2032: 268 s, epochs used 100 100 100 100 100 100 100 100 100 100 100 100 100 100 100 100 100 100 100, loss 142386.2 (homogeneous 146289.3)
clgrid_20-15-10_adagrad_cl_start_s2032: 447 s, epochs used 1 410 500 155 7 500 285 323 0 381 0 7 500 0 0 0 0 1 1, loss 145915.1 (homogeneous 146289.3)
clgrid_20_sgd_nesterov_cl_start_s2033: 393 s, epochs used 0 500 500 16 191 250 289 500 4 500 0 5 20 0 1 2 0 6 0, loss 146006.4 (homogeneous 146289.3)
clgrid_20-20-15_sgd_momentum_cl_start_s2033: 342 s, epochs used 0 278 0 349 221 500 500 223 0 0 19 0 27 0 8 12 0 5 15, loss 146074.7 (homogeneous 146289.3)
clgrid_20-20-15_adamax_cl_start_s2033: 122 s, epochs used 0 47 69 16 26 37 33 18 1 24 1 5 1 0 0 0 0 0 0, loss 146007.8 (homogeneous 146289.3)
clgrid_20-15-10_sgd_nesterov_cl_start_s2033: 381 s, epochs used 0 500 45 25 500 500 500 500 4 0 0 0 38 0 2 5 0 13 15, loss 146114.2 (homogeneous 146289.3)
clgrid_20_sgd_cl_start_s2034: 657 s, epochs used 0 500 500 500 500 500 500 500 0 500 15 500 500 3 0 0 0 0 0, loss 146060.7 (homogeneous 146289.3)
==== 2026-10-09 14:41:37 start baseline.nncl.cl_grid slot 9
[1] 1200
WARNING: All log messages before absl::InitializeLog() is called are written to STDERR
I0000 00:00:1791549704.777822   20200 port.cc:153] oneDNN custom operations are on. You may see slightly different numerical results due to floating-point round-off errors from different computation orders. To turn them off, set the environment variable `TF_ENABLE_ONEDNN_OPTS=0`.
WARNING: All log messages before absl::InitializeLog() is called are written to STDERR
I0000 00:00:1791549709.034390   20200 port.cc:153] oneDNN custom operations are on. You may see slightly different numerical results due to floating-point round-off errors from different computation orders. To turn them off, set the environment variable `TF_ENABLE_ONEDNN_OPTS=0`.
WARNING:tensorflow:From C:\Users\26196425\Work\MASTER~3\env\Lib\site-packages\keras\src\backend\common\global_state.py:82: The name tf.reset_default_graph is deprecated. Please use tf.compat.v1.reset_default_graph instead.

WARNING:tensorflow:TensorFlow GPU support is not available on native Windows for TensorFlow >= 2.11. Even if CUDA/cuDNN are installed, GPU will not be used. Please use WSL2 or the TensorFlow-DirectML plugin.
WARNING:tensorflow:5 out of the last 7 calls to <function TensorFlowTrainer.make_predict_function.<locals>.one_step_on_data_distributed at 0x0000012F94CC0B80> triggered tf.function retracing. Tracing is expensive and the excessive number of tracings could be due to (1) creating @tf.function repeatedly in a loop, (2) passing tensors with different shapes, (3) passing Python objects instead of tensors. For (1), please define your @tf.function outside of the loop. For (2), @tf.function has reduce_retracing=True option that can avoid unnecessary retracing. For (3), please refer to https://www.tensorflow.org/guide/function#controlling_retracing and https://www.tensorflow.org/api_docs/python/tf/function for  more details.
WARNING:tensorflow:6 out of the last 8 calls to <function TensorFlowTrainer.make_predict_function.<locals>.one_step_on_data_distributed at 0x0000012F94CC0B80> triggered tf.function retracing. Tracing is expensive and the excessive number of tracings could be due to (1) creating @tf.function repeatedly in a loop, (2) passing tensors with different shapes, (3) passing Python objects instead of tensors. For (1), please define your @tf.function outside of the loop. For (2), @tf.function has reduce_retracing=True option that can avoid unnecessary retracing. For (3), please refer to https://www.tensorflow.org/guide/function#controlling_retracing and https://www.tensorflow.org/api_docs/python/tf/function for  more details.
clgrid_20-20-15_rmsprop_cl_paper_s2034: 250 s, epochs used 100 100 100 100 100 100 100 100 100 100 100 100 100 100 100 100 100 100 100, loss 142731.2 (homogeneous 146289.3)
clgrid_20-15-10_sgd_momentum_cl_start_s2034: 243 s, epochs used 0 500 0 307 13 13 4 500 30 35 0 0 44 21 5 24 4 0 0, loss 146153.6 (homogeneous 146289.3)
clgrid_20-15-10_adamw_cl_paper_s2034: 260 s, epochs used 100 100 100 100 100 100 100 100 100 100 100 100 100 100 100 100 100 100 100, loss 143998.5 (homogeneous 146289.3)
clgrid_20_adadelta_cl_paper_s2035: 248 s, epochs used 100 100 100 100 100 100 100 100 100 100 100 100 100 100 100 100 100 100 100, loss 144965.3 (homogeneous 146289.3)
clgrid_20_adamax_cl_start_s2035: 139 s, epochs used 0 48 107 48 48 50 43 37 1 33 0 30 1 23 0 0 0 0 0, loss 145981.8 (homogeneous 146289.3)
clgrid_20-20-15_sgd_nesterov_cl_start_s2035: 325 s, epochs used 0 500 22 16 500 24 500 500 7 25 8 29 34 1 4 3 0 0 11, loss 146088.0 (homogeneous 146289.3)
clgrid_20-15-10_sgd_cl_paper_s2035: 243 s, epochs used 100 100 100 100 100 100 100 100 100 100 100 100 100 100 100 100 100 100 100, loss 146013.8 (homogeneous 146289.3)
clgrid_20-15-10_rmsprop_cl_start_s2035: 220 s, epochs used 0 83 74 39 47 235 484 142 4 3 0 22 25 0 0 0 0 0 0, loss 145911.4 (homogeneous 146289.3)
==== 2026-10-09 15:17:30 start baseline.nncl.cl_grid slot 9
[1] 1200
WARNING: All log messages before absl::InitializeLog() is called are written to STDERR
I0000 00:00:1791551857.112111   11704 port.cc:153] oneDNN custom operations are on. You may see slightly different numerical results due to floating-point round-off errors from different computation orders. To turn them off, set the environment variable `TF_ENABLE_ONEDNN_OPTS=0`.
WARNING: All log messages before absl::InitializeLog() is called are written to STDERR
I0000 00:00:1791551860.912678   11704 port.cc:153] oneDNN custom operations are on. You may see slightly different numerical results due to floating-point round-off errors from different computation orders. To turn them off, set the environment variable `TF_ENABLE_ONEDNN_OPTS=0`.
WARNING:tensorflow:From C:\Users\26196425\Work\MASTER~3\env\Lib\site-packages\keras\src\backend\common\global_state.py:82: The name tf.reset_default_graph is deprecated. Please use tf.compat.v1.reset_default_graph instead.

WARNING:tensorflow:TensorFlow GPU support is not available on native Windows for TensorFlow >= 2.11. Even if CUDA/cuDNN are installed, GPU will not be used. Please use WSL2 or the TensorFlow-DirectML plugin.
WARNING:tensorflow:5 out of the last 7 calls to <function TensorFlowTrainer.make_predict_function.<locals>.one_step_on_data_distributed at 0x000002288EC2BF60> triggered tf.function retracing. Tracing is expensive and the excessive number of tracings could be due to (1) creating @tf.function repeatedly in a loop, (2) passing tensors with different shapes, (3) passing Python objects instead of tensors. For (1), please define your @tf.function outside of the loop. For (2), @tf.function has reduce_retracing=True option that can avoid unnecessary retracing. For (3), please refer to https://www.tensorflow.org/guide/function#controlling_retracing and https://www.tensorflow.org/api_docs/python/tf/function for  more details.
WARNING:tensorflow:6 out of the last 8 calls to <function TensorFlowTrainer.make_predict_function.<locals>.one_step_on_data_distributed at 0x000002288EC2BF60> triggered tf.function retracing. Tracing is expensive and the excessive number of tracings could be due to (1) creating @tf.function repeatedly in a loop, (2) passing tensors with different shapes, (3) passing Python objects instead of tensors. For (1), please define your @tf.function outside of the loop. For (2), @tf.function has reduce_retracing=True option that can avoid unnecessary retracing. For (3), please refer to https://www.tensorflow.org/guide/function#controlling_retracing and https://www.tensorflow.org/api_docs/python/tf/function for  more details.
clgrid_20_sgd_momentum_cl_paper_s2036: 237 s, epochs used 100 100 100 100 100 100 100 100 100 100 100 100 100 100 100 100 100 100 100, loss 144238.1 (homogeneous 146289.3)
clgrid_20_adam_cl_start_s2036: 138 s, epochs used 0 150 75 39 34 37 26 19 0 46 0 28 5 0 0 0 0 0 0, loss 145916.8 (homogeneous 146289.3)
clgrid_20_nadam_cl_start_s2036: 134 s, epochs used 0 139 69 20 36 32 56 23 0 39 0 31 3 0 0 0 0 0 0, loss 145935.2 (homogeneous 146289.3)
clgrid_20-20-15_adadelta_cl_paper_s2036: 257 s, epochs used 100 100 100 100 100 100 100 100 100 100 100 100 100 100 100 100 100 100 100, loss 144466.5 (homogeneous 146289.3)
clgrid_20-20-15_adamax_cl_start_s2036: 167 s, epochs used 0 131 86 67 44 63 78 64 1 2 0 18 8 0 0 0 0 0 0, loss 145899.5 (homogeneous 146289.3)
clgrid_20-15-10_adagrad_cl_start_s2036: 486 s, epochs used 0 368 500 198 260 500 500 500 2 500 4 201 33 1 0 0 0 0 16, loss 145948.6 (homogeneous 146289.3)
clgrid_20_adadelta_cl_paper_s2037: 243 s, epochs used 100 100 100 100 100 100 100 100 100 100 100 100 100 100 100 100 100 100 100, loss 146085.0 (homogeneous 146289.3)
clgrid_20_nadam_cl_start_s2037: 147 s, epochs used 0 92 72 36 32 40 26 30 1 33 0 32 13 0 0 0 0 0 0, loss 145949.3 (homogeneous 146289.3)
==== 2026-10-09 15:51:21 start baseline.nncl.cl_grid slot 9
[1] 1200
WARNING: All log messages before absl::InitializeLog() is called are written to STDERR
I0000 00:00:1791553888.647748    7216 port.cc:153] oneDNN custom operations are on. You may see slightly different numerical results due to floating-point round-off errors from different computation orders. To turn them off, set the environment variable `TF_ENABLE_ONEDNN_OPTS=0`.
WARNING: All log messages before absl::InitializeLog() is called are written to STDERR
I0000 00:00:1791553892.833462    7216 port.cc:153] oneDNN custom operations are on. You may see slightly different numerical results due to floating-point round-off errors from different computation orders. To turn them off, set the environment variable `TF_ENABLE_ONEDNN_OPTS=0`.
WARNING:tensorflow:From C:\Users\26196425\Work\MASTER~3\env\Lib\site-packages\keras\src\backend\common\global_state.py:82: The name tf.reset_default_graph is deprecated. Please use tf.compat.v1.reset_default_graph instead.

WARNING:tensorflow:TensorFlow GPU support is not available on native Windows for TensorFlow >= 2.11. Even if CUDA/cuDNN are installed, GPU will not be used. Please use WSL2 or the TensorFlow-DirectML plugin.
WARNING:tensorflow:5 out of the last 7 calls to <function TensorFlowTrainer.make_predict_function.<locals>.one_step_on_data_distributed at 0x000002BF929FD4E0> triggered tf.function retracing. Tracing is expensive and the excessive number of tracings could be due to (1) creating @tf.function repeatedly in a loop, (2) passing tensors with different shapes, (3) passing Python objects instead of tensors. For (1), please define your @tf.function outside of the loop. For (2), @tf.function has reduce_retracing=True option that can avoid unnecessary retracing. For (3), please refer to https://www.tensorflow.org/guide/function#controlling_retracing and https://www.tensorflow.org/api_docs/python/tf/function for  more details.
WARNING:tensorflow:6 out of the last 8 calls to <function TensorFlowTrainer.make_predict_function.<locals>.one_step_on_data_distributed at 0x000002BF929FD4E0> triggered tf.function retracing. Tracing is expensive and the excessive number of tracings could be due to (1) creating @tf.function repeatedly in a loop, (2) passing tensors with different shapes, (3) passing Python objects instead of tensors. For (1), please define your @tf.function outside of the loop. For (2), @tf.function has reduce_retracing=True option that can avoid unnecessary retracing. For (3), please refer to https://www.tensorflow.org/guide/function#controlling_retracing and https://www.tensorflow.org/api_docs/python/tf/function for  more details.
clgrid_20-20-15_adadelta_cl_paper_s2037: 251 s, epochs used 100 100 100 100 100 100 100 100 100 100 100 100 100 100 100 100 100 100 100, loss 196494.3 (homogeneous 146289.3)
clgrid_20-20-15_adamax_cl_start_s2037: 191 s, epochs used 0 72 78 50 43 48 36 35 1 61 2 15 6 0 0 0 0 0 0, loss 145963.1 (homogeneous 146289.3)
clgrid_20-15-10_adadelta_cl_start_s2037: 185 s, epochs used 0 106 190 73 40 120 183 165 3 14 0 0 1 0 0 0 0 0 0, loss 145983.3 (homogeneous 146289.3)
clgrid_20-15-10_adamax_cl_paper_s2037: 252 s, epochs used 100 100 100 100 100 100 100 100 100 100 100 100 100 100 100 100 100 100 100, loss 144709.3 (homogeneous 146289.3)
clgrid_20_adadelta_cl_start_s2038: 138 s, epochs used 0 136 165 14 23 17 58 40 4 53 0 47 1 0 0 0 0 0 0, loss 145965.8 (homogeneous 146289.3)
clgrid_20_adamax_cl_start_s2038: 205 s, epochs used 0 54 219 17 34 16 91 121 1 9 0 26 2 0 0 0 0 0 0, loss 145987.0 (homogeneous 146289.3)
clgrid_20-20-15_adadelta_cl_paper_s2038: 256 s, epochs used 100 100 100 100 100 100 100 100 100 100 100 100 100 100 100 100 100 100 100, loss 140960.6 (homogeneous 146289.3)
clgrid_20-20-15_nadam_cl_paper_s2038: 270 s, epochs used 100 100 100 100 100 100 100 100 100 100 100 100 100 100 100 100 100 100 100, loss 142689.5 (homogeneous 146289.3)
==== 2026-10-09 16:24:42 start baseline.nncl.cl_grid slot 9
[1] 1200
WARNING: All log messages before absl::InitializeLog() is called are written to STDERR
I0000 00:00:1791555889.546183    5184 port.cc:153] oneDNN custom operations are on. You may see slightly different numerical results due to floating-point round-off errors from different computation orders. To turn them off, set the environment variable `TF_ENABLE_ONEDNN_OPTS=0`.
WARNING: All log messages before absl::InitializeLog() is called are written to STDERR
I0000 00:00:1791555893.606382    5184 port.cc:153] oneDNN custom operations are on. You may see slightly different numerical results due to floating-point round-off errors from different computation orders. To turn them off, set the environment variable `TF_ENABLE_ONEDNN_OPTS=0`.
WARNING:tensorflow:From C:\Users\26196425\Work\MASTER~3\env\Lib\site-packages\keras\src\backend\common\global_state.py:82: The name tf.reset_default_graph is deprecated. Please use tf.compat.v1.reset_default_graph instead.

WARNING:tensorflow:TensorFlow GPU support is not available on native Windows for TensorFlow >= 2.11. Even if CUDA/cuDNN are installed, GPU will not be used. Please use WSL2 or the TensorFlow-DirectML plugin.
WARNING:tensorflow:5 out of the last 7 calls to <function TensorFlowTrainer.make_predict_function.<locals>.one_step_on_data_distributed at 0x00000229093EF880> triggered tf.function retracing. Tracing is expensive and the excessive number of tracings could be due to (1) creating @tf.function repeatedly in a loop, (2) passing tensors with different shapes, (3) passing Python objects instead of tensors. For (1), please define your @tf.function outside of the loop. For (2), @tf.function has reduce_retracing=True option that can avoid unnecessary retracing. For (3), please refer to https://www.tensorflow.org/guide/function#controlling_retracing and https://www.tensorflow.org/api_docs/python/tf/function for  more details.
WARNING:tensorflow:6 out of the last 8 calls to <function TensorFlowTrainer.make_predict_function.<locals>.one_step_on_data_distributed at 0x00000229093EF880> triggered tf.function retracing. Tracing is expensive and the excessive number of tracings could be due to (1) creating @tf.function repeatedly in a loop, (2) passing tensors with different shapes, (3) passing Python objects instead of tensors. For (1), please define your @tf.function outside of the loop. For (2), @tf.function has reduce_retracing=True option that can avoid unnecessary retracing. For (3), please refer to https://www.tensorflow.org/guide/function#controlling_retracing and https://www.tensorflow.org/api_docs/python/tf/function for  more details.
clgrid_20-15-10_adam_cl_paper_s2038: 253 s, epochs used 100 100 100 100 100 100 100 100 100 100 100 100 100 100 100 100 100 100 100, loss 143878.7 (homogeneous 146289.3)
clgrid_20_sgd_nesterov_cl_paper_s2039: 237 s, epochs used 100 100 100 100 100 100 100 100 100 100 100 100 100 100 100 100 100 100 100, loss 144890.6 (homogeneous 146289.3)
clgrid_20_adamw_cl_start_s2039: 160 s, epochs used 0 69 69 33 30 44 51 83 0 26 0 10 5 22 0 0 0 0 0, loss 145952.5 (homogeneous 146289.3)
clgrid_20-20-15_sgd_nesterov_cl_paper_s2039: 244 s, epochs used 100 100 100 100 100 100 100 100 100 100 100 100 100 100 100 100 100 100 100, loss 145380.4 (homogeneous 146289.3)
clgrid_20-20-15_adamw_cl_paper_s2039: 262 s, epochs used 100 100 100 100 100 100 100 100 100 100 100 100 100 100 100 100 100 100 100, loss 143803.3 (homogeneous 146289.3)
clgrid_20-15-10_adagrad_cl_start_s2039: 255 s, epochs used 1 500 4 3 456 500 5 9 1 14 1 5 84 3 0 0 0 0 19, loss 145954.0 (homogeneous 146289.3)
clgrid_20-15-10_adamax_cl_start_s2039: 173 s, epochs used 7 119 92 64 73 107 74 60 1 65 0 2 17 15 0 0 0 0 0, loss 145839.7 (homogeneous 146289.3)
clgrid_20_adagrad_cl_start_s2040: 442 s, epochs used 0 326 500 41 478 64 340 500 1 499 0 2 500 1 0 0 0 0 2, loss 145970.0 (homogeneous 146289.3)
==== 2026-10-09 17:02:19 start baseline.nncl.cl_grid slot 9
[1] 1200
WARNING: All log messages before absl::InitializeLog() is called are written to STDERR
I0000 00:00:1791558146.352745    3580 port.cc:153] oneDNN custom operations are on. You may see slightly different numerical results due to floating-point round-off errors from different computation orders. To turn them off, set the environment variable `TF_ENABLE_ONEDNN_OPTS=0`.
WARNING: All log messages before absl::InitializeLog() is called are written to STDERR
I0000 00:00:1791558150.417433    3580 port.cc:153] oneDNN custom operations are on. You may see slightly different numerical results due to floating-point round-off errors from different computation orders. To turn them off, set the environment variable `TF_ENABLE_ONEDNN_OPTS=0`.
WARNING:tensorflow:From C:\Users\26196425\Work\MASTER~3\env\Lib\site-packages\keras\src\backend\common\global_state.py:82: The name tf.reset_default_graph is deprecated. Please use tf.compat.v1.reset_default_graph instead.

WARNING:tensorflow:TensorFlow GPU support is not available on native Windows for TensorFlow >= 2.11. Even if CUDA/cuDNN are installed, GPU will not be used. Please use WSL2 or the TensorFlow-DirectML plugin.
WARNING:tensorflow:5 out of the last 7 calls to <function TensorFlowTrainer.make_predict_function.<locals>.one_step_on_data_distributed at 0x000001A5E8DFD3A0> triggered tf.function retracing. Tracing is expensive and the excessive number of tracings could be due to (1) creating @tf.function repeatedly in a loop, (2) passing tensors with different shapes, (3) passing Python objects instead of tensors. For (1), please define your @tf.function outside of the loop. For (2), @tf.function has reduce_retracing=True option that can avoid unnecessary retracing. For (3), please refer to https://www.tensorflow.org/guide/function#controlling_retracing and https://www.tensorflow.org/api_docs/python/tf/function for  more details.
WARNING:tensorflow:6 out of the last 8 calls to <function TensorFlowTrainer.make_predict_function.<locals>.one_step_on_data_distributed at 0x000001A5E8DFD3A0> triggered tf.function retracing. Tracing is expensive and the excessive number of tracings could be due to (1) creating @tf.function repeatedly in a loop, (2) passing tensors with different shapes, (3) passing Python objects instead of tensors. For (1), please define your @tf.function outside of the loop. For (2), @tf.function has reduce_retracing=True option that can avoid unnecessary retracing. For (3), please refer to https://www.tensorflow.org/guide/function#controlling_retracing and https://www.tensorflow.org/api_docs/python/tf/function for  more details.
clgrid_20-20-15_adadelta_cl_start_s2040: 163 s, epochs used 0 29 115 37 268 46 57 69 0 6 0 1 51 1 0 0 0 0 0, loss 146054.1 (homogeneous 146289.3)
clgrid_20-20-15_adamw_cl_start_s2040: 161 s, epochs used 0 71 44 40 136 27 111 50 1 4 0 2 12 1 0 0 0 0 72, loss 145890.2 (homogeneous 146289.3)
clgrid_20-15-10_sgd_nesterov_cl_start_s2040: 466 s, epochs used 0 500 500 148 500 500 500 500 11 32 5 242 25 0 0 11 1 0 13, loss 146044.9 (homogeneous 146289.3)
clgrid_20_sgd_momentum_cl_start_s2041: 291 s, epochs used 5 59 500 124 22 23 500 500 4 21 9 20 215 0 0 0 0 0 0, loss 145868.4 (homogeneous 146289.3)
clgrid_20_adamax_cl_paper_s2041: 245 s, epochs used 100 100 100 100 100 100 100 100 100 100 100 100 100 100 100 100 100 100 100, loss 144864.6 (homogeneous 146289.3)
clgrid_20-20-15_adadelta_cl_start_s2041: 132 s, epochs used 3 24 138 48 23 91 38 60 0 18 2 3 0 0 0 0 0 0 0, loss 145977.5 (homogeneous 146289.3)
clgrid_20-20-15_adamw_cl_start_s2041: 148 s, epochs used 6 29 61 52 29 44 40 16 0 4 4 9 5 0 0 0 0 0 0, loss 145885.9 (homogeneous 146289.3)
clgrid_20-15-10_sgd_momentum_cl_start_s2041: 316 s, epochs used 0 256 500 100 18 44 500 500 10 54 9 11 60 16 0 0 0 0 0, loss 146050.3 (homogeneous 146289.3)
==== 2026-10-09 17:38:19 start baseline.nncl.cl_grid slot 9
[1] 1200
WARNING: All log messages before absl::InitializeLog() is called are written to STDERR
I0000 00:00:1791560306.293350   20300 port.cc:153] oneDNN custom operations are on. You may see slightly different numerical results due to floating-point round-off errors from different computation orders. To turn them off, set the environment variable `TF_ENABLE_ONEDNN_OPTS=0`.
WARNING: All log messages before absl::InitializeLog() is called are written to STDERR
I0000 00:00:1791560310.538963   20300 port.cc:153] oneDNN custom operations are on. You may see slightly different numerical results due to floating-point round-off errors from different computation orders. To turn them off, set the environment variable `TF_ENABLE_ONEDNN_OPTS=0`.
WARNING:tensorflow:From C:\Users\26196425\Work\MASTER~3\env\Lib\site-packages\keras\src\backend\common\global_state.py:82: The name tf.reset_default_graph is deprecated. Please use tf.compat.v1.reset_default_graph instead.

WARNING:tensorflow:TensorFlow GPU support is not available on native Windows for TensorFlow >= 2.11. Even if CUDA/cuDNN are installed, GPU will not be used. Please use WSL2 or the TensorFlow-DirectML plugin.
WARNING:tensorflow:5 out of the last 7 calls to <function TensorFlowTrainer.make_predict_function.<locals>.one_step_on_data_distributed at 0x0000024A7A2B7880> triggered tf.function retracing. Tracing is expensive and the excessive number of tracings could be due to (1) creating @tf.function repeatedly in a loop, (2) passing tensors with different shapes, (3) passing Python objects instead of tensors. For (1), please define your @tf.function outside of the loop. For (2), @tf.function has reduce_retracing=True option that can avoid unnecessary retracing. For (3), please refer to https://www.tensorflow.org/guide/function#controlling_retracing and https://www.tensorflow.org/api_docs/python/tf/function for  more details.
WARNING:tensorflow:6 out of the last 8 calls to <function TensorFlowTrainer.make_predict_function.<locals>.one_step_on_data_distributed at 0x0000024A7A2B7880> triggered tf.function retracing. Tracing is expensive and the excessive number of tracings could be due to (1) creating @tf.function repeatedly in a loop, (2) passing tensors with different shapes, (3) passing Python objects instead of tensors. For (1), please define your @tf.function outside of the loop. For (2), @tf.function has reduce_retracing=True option that can avoid unnecessary retracing. For (3), please refer to https://www.tensorflow.org/guide/function#controlling_retracing and https://www.tensorflow.org/api_docs/python/tf/function for  more details.
clgrid_20-15-10_adamax_cl_start_s2041: 177 s, epochs used 4 142 90 17 273 19 67 81 1 8 1 39 5 0 0 0 0 0 0, loss 145882.0 (homogeneous 146289.3)
clgrid_20_adagrad_cl_paper_s2042: 239 s, epochs used 100 100 100 100 100 100 100 100 100 100 100 100 100 100 100 100 100 100 100, loss 144419.1 (homogeneous 146289.3)
clgrid_20_nadam_cl_paper_s2042: 246 s, epochs used 100 100 100 100 100 100 100 100 100 100 100 100 100 100 100 100 100 100 100, loss 144470.3 (homogeneous 146289.3)
clgrid_20-20-15_adam_cl_paper_s2042: 253 s, epochs used 100 100 100 100 100 100 100 100 100 100 100 100 100 100 100 100 100 100 100, loss 142819.8 (homogeneous 146289.3)
clgrid_20-15-10_sgd_nesterov_cl_start_s2042: 331 s, epochs used 0 21 500 9 500 13 500 26 0 20 0 24 500 95 0 0 0 0 14, loss 146114.0 (homogeneous 146289.3)
clgrid_20-15-10_nadam_cl_start_s2042: 148 s, epochs used 7 123 69 45 41 46 50 29 1 42 0 1 22 5 0 0 0 0 0, loss 145745.7 (homogeneous 146289.3)
clgrid_20_adadelta_cl_start_s2043: 157 s, epochs used 0 126 160 48 29 42 148 165 2 5 0 0 1 0 0 0 0 0 0, loss 145977.4 (homogeneous 146289.3)
clgrid_20_adamax_cl_paper_s2043: 247 s, epochs used 100 100 100 100 100 100 100 100 100 100 100 100 100 100 100 100 100 100 100, loss 144705.1 (homogeneous 146289.3)
==== 2026-10-09 18:12:13 start baseline.nncl.cl_grid slot 9
[1] 1200
WARNING: All log messages before absl::InitializeLog() is called are written to STDERR
I0000 00:00:1791562362.125272   11620 port.cc:153] oneDNN custom operations are on. You may see slightly different numerical results due to floating-point round-off errors from different computation orders. To turn them off, set the environment variable `TF_ENABLE_ONEDNN_OPTS=0`.
WARNING: All log messages before absl::InitializeLog() is called are written to STDERR
I0000 00:00:1791562396.591517   11620 port.cc:153] oneDNN custom operations are on. You may see slightly different numerical results due to floating-point round-off errors from different computation orders. To turn them off, set the environment variable `TF_ENABLE_ONEDNN_OPTS=0`.
WARNING:tensorflow:From C:\Users\26196425\Work\MASTER~3\env\Lib\site-packages\keras\src\backend\common\global_state.py:82: The name tf.reset_default_graph is deprecated. Please use tf.compat.v1.reset_default_graph instead.

WARNING:tensorflow:TensorFlow GPU support is not available on native Windows for TensorFlow >= 2.11. Even if CUDA/cuDNN are installed, GPU will not be used. Please use WSL2 or the TensorFlow-DirectML plugin.
WARNING:tensorflow:5 out of the last 7 calls to <function TensorFlowTrainer.make_predict_function.<locals>.one_step_on_data_distributed at 0x000001CC32DE0B80> triggered tf.function retracing. Tracing is expensive and the excessive number of tracings could be due to (1) creating @tf.function repeatedly in a loop, (2) passing tensors with different shapes, (3) passing Python objects instead of tensors. For (1), please define your @tf.function outside of the loop. For (2), @tf.function has reduce_retracing=True option that can avoid unnecessary retracing. For (3), please refer to https://www.tensorflow.org/guide/function#controlling_retracing and https://www.tensorflow.org/api_docs/python/tf/function for  more details.
WARNING:tensorflow:6 out of the last 8 calls to <function TensorFlowTrainer.make_predict_function.<locals>.one_step_on_data_distributed at 0x000001CC32DE0B80> triggered tf.function retracing. Tracing is expensive and the excessive number of tracings could be due to (1) creating @tf.function repeatedly in a loop, (2) passing tensors with different shapes, (3) passing Python objects instead of tensors. For (1), please define your @tf.function outside of the loop. For (2), @tf.function has reduce_retracing=True option that can avoid unnecessary retracing. For (3), please refer to https://www.tensorflow.org/guide/function#controlling_retracing and https://www.tensorflow.org/api_docs/python/tf/function for  more details.
clgrid_20-20-15_rmsprop_cl_start_s2043: 156 s, epochs used 2 135 36 17 243 36 39 98 3 20 0 38 1 32 0 0 0 0 0, loss 145828.0 (homogeneous 146289.3)
clgrid_20-20-15_nadam_cl_start_s2043: 152 s, epochs used 6 41 40 22 121 25 30 32 1 13 0 43 6 0 0 0 0 0 0, loss 145920.7 (homogeneous 146289.3)
clgrid_20-15-10_adadelta_cl_start_s2043: 247 s, epochs used 8 165 159 23 54 190 249 111 1 206 1 138 1 0 0 0 0 0 0, loss 145860.9 (homogeneous 146289.3)
clgrid_20-15-10_adamax_cl_paper_s2043: 254 s, epochs used 100 100 100 100 100 100 100 100 100 100 100 100 100 100 100 100 100 100 100, loss 144674.2 (homogeneous 146289.3)
clgrid_20_adadelta_cl_start_s2044: 177 s, epochs used 0 78 138 34 219 81 138 112 2 97 0 1 0 0 0 0 0 0 0, loss 145975.6 (homogeneous 146289.3)
clgrid_20_adamw_cl_start_s2044: 158 s, epochs used 0 79 57 19 25 29 30 30 2 45 0 26 15 12 0 0 0 0 0, loss 145967.4 (homogeneous 146289.3)
clgrid_20-20-15_adagrad_cl_paper_s2044: 251 s, epochs used 100 100 100 100 100 100 100 100 100 100 100 100 100 100 100 100 100 100 100, loss 144478.0 (homogeneous 146289.3)
clgrid_20-20-15_adamax_cl_start_s2044: 144 s, epochs used 0 116 63 11 33 38 134 15 1 15 0 1 30 0 0 0 0 0 0, loss 145932.9 (homogeneous 146289.3)
==== 2026-10-09 18:43:15 start baseline.nncl.cl_grid slot 9
[1] 1200
WARNING: All log messages before absl::InitializeLog() is called are written to STDERR
I0000 00:00:1791564214.388738   14792 port.cc:153] oneDNN custom operations are on. You may see slightly different numerical results due to floating-point round-off errors from different computation orders. To turn them off, set the environment variable `TF_ENABLE_ONEDNN_OPTS=0`.
WARNING: All log messages before absl::InitializeLog() is called are written to STDERR
I0000 00:00:1791564248.854357   14792 port.cc:153] oneDNN custom operations are on. You may see slightly different numerical results due to floating-point round-off errors from different computation orders. To turn them off, set the environment variable `TF_ENABLE_ONEDNN_OPTS=0`.
WARNING:tensorflow:From C:\Users\26196425\Work\MASTER~3\env\Lib\site-packages\keras\src\backend\common\global_state.py:82: The name tf.reset_default_graph is deprecated. Please use tf.compat.v1.reset_default_graph instead.

WARNING:tensorflow:TensorFlow GPU support is not available on native Windows for TensorFlow >= 2.11. Even if CUDA/cuDNN are installed, GPU will not be used. Please use WSL2 or the TensorFlow-DirectML plugin.
WARNING:tensorflow:5 out of the last 7 calls to <function TensorFlowTrainer.make_predict_function.<locals>.one_step_on_data_distributed at 0x00000153B8684720> triggered tf.function retracing. Tracing is expensive and the excessive number of tracings could be due to (1) creating @tf.function repeatedly in a loop, (2) passing tensors with different shapes, (3) passing Python objects instead of tensors. For (1), please define your @tf.function outside of the loop. For (2), @tf.function has reduce_retracing=True option that can avoid unnecessary retracing. For (3), please refer to https://www.tensorflow.org/guide/function#controlling_retracing and https://www.tensorflow.org/api_docs/python/tf/function for  more details.
WARNING:tensorflow:6 out of the last 8 calls to <function TensorFlowTrainer.make_predict_function.<locals>.one_step_on_data_distributed at 0x00000153B8684720> triggered tf.function retracing. Tracing is expensive and the excessive number of tracings could be due to (1) creating @tf.function repeatedly in a loop, (2) passing tensors with different shapes, (3) passing Python objects instead of tensors. For (1), please define your @tf.function outside of the loop. For (2), @tf.function has reduce_retracing=True option that can avoid unnecessary retracing. For (3), please refer to https://www.tensorflow.org/guide/function#controlling_retracing and https://www.tensorflow.org/api_docs/python/tf/function for  more details.
clgrid_20-15-10_adagrad_cl_start_s2044: 536 s, epochs used 0 500 500 125 500 500 500 500 6 500 2 0 470 0 2 2 0 0 0, loss 145939.5 (homogeneous 146289.3)
clgrid_20_rmsprop_cl_paper_s2045: 240 s, epochs used 100 100 100 100 100 100 100 100 100 100 100 100 100 100 100 100 100 100 100, loss 144342.4 (homogeneous 146289.3)
clgrid_20-20-15_sgd_cl_paper_s2045: 241 s, epochs used 100 100 100 100 100 100 100 100 100 100 100 100 100 100 100 100 100 100 100, loss 145948.2 (homogeneous 146289.3)
clgrid_20-20-15_adam_cl_paper_s2045: 257 s, epochs used 100 100 100 100 100 100 100 100 100 100 100 100 100 100 100 100 100 100 100, loss 142722.7 (homogeneous 146289.3)
clgrid_20-15-10_adagrad_cl_paper_s2045: 246 s, epochs used 100 100 100 100 100 100 100 100 100 100 100 100 100 100 100 100 100 100 100, loss 144788.0 (homogeneous 146289.3)
clgrid_20-15-10_nadam_cl_paper_s2045: 267 s, epochs used 100 100 100 100 100 100 100 100 100 100 100 100 100 100 100 100 100 100 100, loss 143631.3 (homogeneous 146289.3)
