==== 2026-10-09 11:21:29 start baseline.nncl.cl_grid slot 12
[1] 1200
WARNING: All log messages before absl::InitializeLog() is called are written to STDERR
I0000 00:00:1791537697.487890   20156 port.cc:153] oneDNN custom operations are on. You may see slightly different numerical results due to floating-point round-off errors from different computation orders. To turn them off, set the environment variable `TF_ENABLE_ONEDNN_OPTS=0`.
WARNING: All log messages before absl::InitializeLog() is called are written to STDERR
I0000 00:00:1791537701.940039   20156 port.cc:153] oneDNN custom operations are on. You may see slightly different numerical results due to floating-point round-off errors from different computation orders. To turn them off, set the environment variable `TF_ENABLE_ONEDNN_OPTS=0`.
WARNING:tensorflow:From C:\Users\26196425\Work\MASTER~3\env\Lib\site-packages\keras\src\backend\common\global_state.py:82: The name tf.reset_default_graph is deprecated. Please use tf.compat.v1.reset_default_graph instead.

WARNING:tensorflow:TensorFlow GPU support is not available on native Windows for TensorFlow >= 2.11. Even if CUDA/cuDNN are installed, GPU will not be used. Please use WSL2 or the TensorFlow-DirectML plugin.
WARNING:tensorflow:5 out of the last 7 calls to <function TensorFlowTrainer.make_predict_function.<locals>.one_step_on_data_distributed at 0x00000204CD96B9C0> triggered tf.function retracing. Tracing is expensive and the excessive number of tracings could be due to (1) creating @tf.function repeatedly in a loop, (2) passing tensors with different shapes, (3) passing Python objects instead of tensors. For (1), please define your @tf.function outside of the loop. For (2), @tf.function has reduce_retracing=True option that can avoid unnecessary retracing. For (3), please refer to https://www.tensorflow.org/guide/function#controlling_retracing and https://www.tensorflow.org/api_docs/python/tf/function for  more details.
WARNING:tensorflow:6 out of the last 8 calls to <function TensorFlowTrainer.make_predict_function.<locals>.one_step_on_data_distributed at 0x00000204CD96B9C0> triggered tf.function retracing. Tracing is expensive and the excessive number of tracings could be due to (1) creating @tf.function repeatedly in a loop, (2) passing tensors with different shapes, (3) passing Python objects instead of tensors. For (1), please define your @tf.function outside of the loop. For (2), @tf.function has reduce_retracing=True option that can avoid unnecessary retracing. For (3), please refer to https://www.tensorflow.org/guide/function#controlling_retracing and https://www.tensorflow.org/api_docs/python/tf/function for  more details.
clgrid_20_adamw_cl_start_s2026: 149 s, epochs used 0 169 62 16 62 23 21 15 1 8 0 4 1 18 0 0 0 0 0, loss 145916.9 (homogeneous 146289.3)
clgrid_20-20-15_sgd_momentum_cl_paper_s2026: 244 s, epochs used 100 100 100 100 100 100 100 100 100 100 100 100 100 100 100 100 100 100 100, loss 144507.8 (homogeneous 146289.3)
clgrid_20-20-15_adam_cl_start_s2026: 143 s, epochs used 11 67 44 18 19 12 105 13 1 11 1 11 12 15 0 0 0 0 0, loss 145746.3 (homogeneous 146289.3)
clgrid_20-15-10_sgd_cl_paper_s2026: 241 s, epochs used 100 100 100 100 100 100 100 100 100 100 100 100 100 100 100 100 100 100 100, loss 146000.9 (homogeneous 146289.3)
clgrid_20-15-10_adam_cl_paper_s2026: 260 s, epochs used 100 100 100 100 100 100 100 100 100 100 100 100 100 100 100 100 100 100 100, loss 143858.3 (homogeneous 146289.3)
clgrid_20_sgd_nesterov_cl_paper_s2027: 245 s, epochs used 100 100 100 100 100 100 100 100 100 100 100 100 100 100 100 100 100 100 100, loss 144315.6 (homogeneous 146289.3)
clgrid_20_adamw_cl_paper_s2027: 245 s, epochs used 100 100 100 100 100 100 100 100 100 100 100 100 100 100 100 100 100 100 100, loss 144351.1 (homogeneous 146289.3)
clgrid_20-20-15_adagrad_cl_start_s2027: 400 s, epochs used 4 275 482 147 246 203 500 500 2 0 0 3 409 5 0 0 0 2 1, loss 145812.8 (homogeneous 146289.3)
==== 2026-10-09 11:57:25 start baseline.nncl.cl_grid slot 12
[1] 1200
WARNING: All log messages before absl::InitializeLog() is called are written to STDERR
I0000 00:00:1791539862.990130    6172 port.cc:153] oneDNN custom operations are on. You may see slightly different numerical results due to floating-point round-off errors from different computation orders. To turn them off, set the environment variable `TF_ENABLE_ONEDNN_OPTS=0`.
WARNING: All log messages before absl::InitializeLog() is called are written to STDERR
I0000 00:00:1791539892.487558    6172 port.cc:153] oneDNN custom operations are on. You may see slightly different numerical results due to floating-point round-off errors from different computation orders. To turn them off, set the environment variable `TF_ENABLE_ONEDNN_OPTS=0`.
WARNING:tensorflow:From C:\Users\26196425\Work\MASTER~3\env\Lib\site-packages\keras\src\backend\common\global_state.py:82: The name tf.reset_default_graph is deprecated. Please use tf.compat.v1.reset_default_graph instead.

WARNING:tensorflow:TensorFlow GPU support is not available on native Windows for TensorFlow >= 2.11. Even if CUDA/cuDNN are installed, GPU will not be used. Please use WSL2 or the TensorFlow-DirectML plugin.
WARNING:tensorflow:5 out of the last 7 calls to <function TensorFlowTrainer.make_predict_function.<locals>.one_step_on_data_distributed at 0x0000016756EC0360> triggered tf.function retracing. Tracing is expensive and the excessive number of tracings could be due to (1) creating @tf.function repeatedly in a loop, (2) passing tensors with different shapes, (3) passing Python objects instead of tensors. For (1), please define your @tf.function outside of the loop. For (2), @tf.function has reduce_retracing=True option that can avoid unnecessary retracing. For (3), please refer to https://www.tensorflow.org/guide/function#controlling_retracing and https://www.tensorflow.org/api_docs/python/tf/function for  more details.
WARNING:tensorflow:6 out of the last 8 calls to <function TensorFlowTrainer.make_predict_function.<locals>.one_step_on_data_distributed at 0x0000016756EC0360> triggered tf.function retracing. Tracing is expensive and the excessive number of tracings could be due to (1) creating @tf.function repeatedly in a loop, (2) passing tensors with different shapes, (3) passing Python objects instead of tensors. For (1), please define your @tf.function outside of the loop. For (2), @tf.function has reduce_retracing=True option that can avoid unnecessary retracing. For (3), please refer to https://www.tensorflow.org/guide/function#controlling_retracing and https://www.tensorflow.org/api_docs/python/tf/function for  more details.
clgrid_20-15-10_sgd_nesterov_cl_start_s2027: 377 s, epochs used 0 500 500 13 8 23 500 500 0 20 0 500 30 92 2 0 0 10 0, loss 146111.8 (homogeneous 146289.3)
clgrid_20_sgd_momentum_cl_paper_s2028: 245 s, epochs used 100 100 100 100 100 100 100 100 100 100 100 100 100 100 100 100 100 100 100, loss 143923.8 (homogeneous 146289.3)
clgrid_20_adam_cl_start_s2028: 170 s, epochs used 0 200 64 20 25 34 52 15 3 21 0 8 2 20 0 0 0 0 0, loss 145921.6 (homogeneous 146289.3)
clgrid_20-20-15_sgd_cl_paper_s2028: 239 s, epochs used 100 100 100 100 100 100 100 100 100 100 100 100 100 100 100 100 100 100 100, loss 145864.9 (homogeneous 146289.3)
clgrid_20-20-15_adam_cl_paper_s2028: 263 s, epochs used 100 100 100 100 100 100 100 100 100 100 100 100 100 100 100 100 100 100 100, loss 140227.0 (homogeneous 146289.3)
clgrid_20-15-10_sgd_momentum_cl_start_s2028: 445 s, epochs used 12 460 500 334 237 500 500 500 0 7 0 90 0 27 0 0 0 6 0, loss 145813.4 (homogeneous 146289.3)
clgrid_20_sgd_cl_start_s2029: 544 s, epochs used 0 500 500 164 500 344 500 500 15 217 13 421 283 81 0 0 0 0 41, loss 146033.2 (homogeneous 146289.3)
clgrid_20-20-15_adadelta_cl_paper_s2029: 260 s, epochs used 100 100 100 100 100 100 100 100 100 100 100 100 100 100 100 100 100 100 100, loss 144999.3 (homogeneous 146289.3)
==== 2026-10-09 12:44:01 start baseline.nncl.cl_grid slot 12
[1] 1200
WARNING: All log messages before absl::InitializeLog() is called are written to STDERR
I0000 00:00:1791542648.459896   18996 port.cc:153] oneDNN custom operations are on. You may see slightly different numerical results due to floating-point round-off errors from different computation orders. To turn them off, set the environment variable `TF_ENABLE_ONEDNN_OPTS=0`.
WARNING: All log messages before absl::InitializeLog() is called are written to STDERR
I0000 00:00:1791542652.522285   18996 port.cc:153] oneDNN custom operations are on. You may see slightly different numerical results due to floating-point round-off errors from different computation orders. To turn them off, set the environment variable `TF_ENABLE_ONEDNN_OPTS=0`.
WARNING:tensorflow:From C:\Users\26196425\Work\MASTER~3\env\Lib\site-packages\keras\src\backend\common\global_state.py:82: The name tf.reset_default_graph is deprecated. Please use tf.compat.v1.reset_default_graph instead.

WARNING:tensorflow:TensorFlow GPU support is not available on native Windows for TensorFlow >= 2.11. Even if CUDA/cuDNN are installed, GPU will not be used. Please use WSL2 or the TensorFlow-DirectML plugin.
WARNING:tensorflow:5 out of the last 7 calls to <function TensorFlowTrainer.make_predict_function.<locals>.one_step_on_data_distributed at 0x000001AE74F23A60> triggered tf.function retracing. Tracing is expensive and the excessive number of tracings could be due to (1) creating @tf.function repeatedly in a loop, (2) passing tensors with different shapes, (3) passing Python objects instead of tensors. For (1), please define your @tf.function outside of the loop. For (2), @tf.function has reduce_retracing=True option that can avoid unnecessary retracing. For (3), please refer to https://www.tensorflow.org/guide/function#controlling_retracing and https://www.tensorflow.org/api_docs/python/tf/function for  more details.
WARNING:tensorflow:6 out of the last 8 calls to <function TensorFlowTrainer.make_predict_function.<locals>.one_step_on_data_distributed at 0x000001AE74F23A60> triggered tf.function retracing. Tracing is expensive and the excessive number of tracings could be due to (1) creating @tf.function repeatedly in a loop, (2) passing tensors with different shapes, (3) passing Python objects instead of tensors. For (1), please define your @tf.function outside of the loop. For (2), @tf.function has reduce_retracing=True option that can avoid unnecessary retracing. For (3), please refer to https://www.tensorflow.org/guide/function#controlling_retracing and https://www.tensorflow.org/api_docs/python/tf/function for  more details.
clgrid_20-20-15_nadam_cl_paper_s2029: 260 s, epochs used 100 100 100 100 100 100 100 100 100 100 100 100 100 100 100 100 100 100 100, loss 142156.6 (homogeneous 146289.3)
clgrid_20-15-10_adam_cl_paper_s2029: 257 s, epochs used 100 100 100 100 100 100 100 100 100 100 100 100 100 100 100 100 100 100 100, loss 143858.7 (homogeneous 146289.3)
clgrid_20_sgd_nesterov_cl_start_s2030: 326 s, epochs used 0 177 196 99 104 143 500 500 9 500 9 0 24 0 9 3 0 0 9, loss 145987.3 (homogeneous 146289.3)
clgrid_20_nadam_cl_start_s2030: 119 s, epochs used 0 40 78 26 28 21 46 22 3 43 0 28 1 0 0 0 0 0 0, loss 145984.2 (homogeneous 146289.3)
clgrid_20-20-15_adagrad_cl_paper_s2030: 249 s, epochs used 100 100 100 100 100 100 100 100 100 100 100 100 100 100 100 100 100 100 100, loss 144517.0 (homogeneous 146289.3)
clgrid_20-20-15_adamw_cl_start_s2030: 173 s, epochs used 0 86 70 47 26 52 46 43 0 24 9 131 103 0 0 12 0 0 0, loss 145912.8 (homogeneous 146289.3)
clgrid_20-15-10_sgd_nesterov_cl_paper_s2030: 250 s, epochs used 100 100 100 100 100 100 100 100 100 100 100 100 100 100 100 100 100 100 100, loss 145062.2 (homogeneous 146289.3)
clgrid_20-15-10_adamw_cl_paper_s2030: 254 s, epochs used 100 100 100 100 100 100 100 100 100 100 100 100 100 100 100 100 100 100 100, loss 143914.2 (homogeneous 146289.3)
==== 2026-10-09 13:19:46 start baseline.nncl.cl_grid slot 12
[1] 1200
WARNING: All log messages before absl::InitializeLog() is called are written to STDERR
I0000 00:00:1791544793.412874   20396 port.cc:153] oneDNN custom operations are on. You may see slightly different numerical results due to floating-point round-off errors from different computation orders. To turn them off, set the environment variable `TF_ENABLE_ONEDNN_OPTS=0`.
WARNING: All log messages before absl::InitializeLog() is called are written to STDERR
I0000 00:00:1791544797.477369   20396 port.cc:153] oneDNN custom operations are on. You may see slightly different numerical results due to floating-point round-off errors from different computation orders. To turn them off, set the environment variable `TF_ENABLE_ONEDNN_OPTS=0`.
WARNING:tensorflow:From C:\Users\26196425\Work\MASTER~3\env\Lib\site-packages\keras\src\backend\common\global_state.py:82: The name tf.reset_default_graph is deprecated. Please use tf.compat.v1.reset_default_graph instead.

WARNING:tensorflow:TensorFlow GPU support is not available on native Windows for TensorFlow >= 2.11. Even if CUDA/cuDNN are installed, GPU will not be used. Please use WSL2 or the TensorFlow-DirectML plugin.
WARNING:tensorflow:5 out of the last 7 calls to <function TensorFlowTrainer.make_predict_function.<locals>.one_step_on_data_distributed at 0x000002B35EF97B00> triggered tf.function retracing. Tracing is expensive and the excessive number of tracings could be due to (1) creating @tf.function repeatedly in a loop, (2) passing tensors with different shapes, (3) passing Python objects instead of tensors. For (1), please define your @tf.function outside of the loop. For (2), @tf.function has reduce_retracing=True option that can avoid unnecessary retracing. For (3), please refer to https://www.tensorflow.org/guide/function#controlling_retracing and https://www.tensorflow.org/api_docs/python/tf/function for  more details.
WARNING:tensorflow:6 out of the last 8 calls to <function TensorFlowTrainer.make_predict_function.<locals>.one_step_on_data_distributed at 0x000002B35EF97B00> triggered tf.function retracing. Tracing is expensive and the excessive number of tracings could be due to (1) creating @tf.function repeatedly in a loop, (2) passing tensors with different shapes, (3) passing Python objects instead of tensors. For (1), please define your @tf.function outside of the loop. For (2), @tf.function has reduce_retracing=True option that can avoid unnecessary retracing. For (3), please refer to https://www.tensorflow.org/guide/function#controlling_retracing and https://www.tensorflow.org/api_docs/python/tf/function for  more details.
clgrid_20_adadelta_cl_start_s2031: 187 s, epochs used 0 97 126 56 31 159 150 133 2 137 0 1 0 0 0 0 0 0 0, loss 145965.9 (homogeneous 146289.3)
clgrid_20_adamw_cl_start_s2031: 186 s, epochs used 0 186 81 46 15 51 37 10 0 39 0 5 8 0 0 7 0 0 0, loss 145900.0 (homogeneous 146289.3)
clgrid_20-20-15_sgd_nesterov_cl_start_s2031: 353 s, epochs used 0 500 500 26 287 24 500 500 0 9 15 95 7 0 0 0 0 13 6, loss 146015.6 (homogeneous 146289.3)
clgrid_20-15-10_sgd_cl_start_s2031: 732 s, epochs used 0 500 500 414 500 500 500 500 22 500 0 500 500 500 0 0 0 71 111, loss 146189.9 (homogeneous 146289.3)
clgrid_20_rmsprop_cl_start_s2032: 236 s, epochs used 0 69 87 25 492 33 500 152 2 1 0 3 13 0 0 0 0 0 0, loss 145941.5 (homogeneous 146289.3)
clgrid_20-20-15_sgd_momentum_cl_paper_s2032: 248 s, epochs used 100 100 100 100 100 100 100 100 100 100 100 100 100 100 100 100 100 100 100, loss 144519.6 (homogeneous 146289.3)
clgrid_20-20-15_adam_cl_start_s2032: 149 s, epochs used 0 75 63 26 34 45 62 31 1 5 0 1 1 0 0 0 0 0 0, loss 145933.8 (homogeneous 146289.3)
clgrid_20-15-10_sgd_cl_start_s2032: 527 s, epochs used 9 500 500 500 262 120 500 500 0 500 10 246 0 0 0 0 0 57 51, loss 146098.6 (homogeneous 146289.3)
==== 2026-10-09 14:06:51 start baseline.nncl.cl_grid slot 12
[1] 1200
WARNING: All log messages before absl::InitializeLog() is called are written to STDERR
I0000 00:00:1791547632.830127    3704 port.cc:153] oneDNN custom operations are on. You may see slightly different numerical results due to floating-point round-off errors from different computation orders. To turn them off, set the environment variable `TF_ENABLE_ONEDNN_OPTS=0`.
WARNING: All log messages before absl::InitializeLog() is called are written to STDERR
I0000 00:00:1791547667.128227    3704 port.cc:153] oneDNN custom operations are on. You may see slightly different numerical results due to floating-point round-off errors from different computation orders. To turn them off, set the environment variable `TF_ENABLE_ONEDNN_OPTS=0`.
WARNING:tensorflow:From C:\Users\26196425\Work\MASTER~3\env\Lib\site-packages\keras\src\backend\common\global_state.py:82: The name tf.reset_default_graph is deprecated. Please use tf.compat.v1.reset_default_graph instead.

WARNING:tensorflow:TensorFlow GPU support is not available on native Windows for TensorFlow >= 2.11. Even if CUDA/cuDNN are installed, GPU will not be used. Please use WSL2 or the TensorFlow-DirectML plugin.
WARNING:tensorflow:5 out of the last 7 calls to <function TensorFlowTrainer.make_predict_function.<locals>.one_step_on_data_distributed at 0x000002D6B242FF60> triggered tf.function retracing. Tracing is expensive and the excessive number of tracings could be due to (1) creating @tf.function repeatedly in a loop, (2) passing tensors with different shapes, (3) passing Python objects instead of tensors. For (1), please define your @tf.function outside of the loop. For (2), @tf.function has reduce_retracing=True option that can avoid unnecessary retracing. For (3), please refer to https://www.tensorflow.org/guide/function#controlling_retracing and https://www.tensorflow.org/api_docs/python/tf/function for  more details.
WARNING:tensorflow:6 out of the last 8 calls to <function TensorFlowTrainer.make_predict_function.<locals>.one_step_on_data_distributed at 0x000002D6B242FF60> triggered tf.function retracing. Tracing is expensive and the excessive number of tracings could be due to (1) creating @tf.function repeatedly in a loop, (2) passing tensors with different shapes, (3) passing Python objects instead of tensors. For (1), please define your @tf.function outside of the loop. For (2), @tf.function has reduce_retracing=True option that can avoid unnecessary retracing. For (3), please refer to https://www.tensorflow.org/guide/function#controlling_retracing and https://www.tensorflow.org/api_docs/python/tf/function for  more details.
clgrid_20_sgd_nesterov_cl_paper_s2033: 241 s, epochs used 100 100 100 100 100 100 100 100 100 100 100 100 100 100 100 100 100 100 100, loss 144617.5 (homogeneous 146289.3)
clgrid_20_adamax_cl_start_s2033: 123 s, epochs used 0 46 123 13 42 39 40 15 1 21 0 5 10 0 0 0 0 0 0, loss 146025.3 (homogeneous 146289.3)
clgrid_20-20-15_sgd_nesterov_cl_paper_s2033: 258 s, epochs used 100 100 100 100 100 100 100 100 100 100 100 100 100 100 100 100 100 100 100, loss 145119.6 (homogeneous 146289.3)
clgrid_20-20-15_adamw_cl_paper_s2033: 255 s, epochs used 100 100 100 100 100 100 100 100 100 100 100 100 100 100 100 100 100 100 100, loss 143398.7 (homogeneous 146289.3)
clgrid_20-15-10_adadelta_cl_paper_s2033: 261 s, epochs used 100 100 100 100 100 100 100 100 100 100 100 100 100 100 100 100 100 100 100, loss 142790.0 (homogeneous 146289.3)
clgrid_20-15-10_adamax_cl_start_s2033: 159 s, epochs used 0 64 19 13 60 74 75 70 1 90 1 8 91 0 0 0 0 0 0, loss 146077.4 (homogeneous 146289.3)
clgrid_20_adagrad_cl_start_s2034: 268 s, epochs used 0 500 242 37 23 329 123 318 12 11 0 27 51 0 0 8 0 0 0, loss 145959.3 (homogeneous 146289.3)
clgrid_20_nadam_cl_start_s2034: 177 s, epochs used 0 121 81 26 24 229 38 24 4 41 0 11 11 0 0 0 0 0 0, loss 145946.0 (homogeneous 146289.3)
==== 2026-10-09 14:40:36 start baseline.nncl.cl_grid slot 12
[1] 1200
WARNING: All log messages before absl::InitializeLog() is called are written to STDERR
I0000 00:00:1791549643.323418   10072 port.cc:153] oneDNN custom operations are on. You may see slightly different numerical results due to floating-point round-off errors from different computation orders. To turn them off, set the environment variable `TF_ENABLE_ONEDNN_OPTS=0`.
WARNING: All log messages before absl::InitializeLog() is called are written to STDERR
I0000 00:00:1791549647.454748   10072 port.cc:153] oneDNN custom operations are on. You may see slightly different numerical results due to floating-point round-off errors from different computation orders. To turn them off, set the environment variable `TF_ENABLE_ONEDNN_OPTS=0`.
WARNING:tensorflow:From C:\Users\26196425\Work\MASTER~3\env\Lib\site-packages\keras\src\backend\common\global_state.py:82: The name tf.reset_default_graph is deprecated. Please use tf.compat.v1.reset_default_graph instead.

WARNING:tensorflow:TensorFlow GPU support is not available on native Windows for TensorFlow >= 2.11. Even if CUDA/cuDNN are installed, GPU will not be used. Please use WSL2 or the TensorFlow-DirectML plugin.
WARNING:tensorflow:5 out of the last 7 calls to <function TensorFlowTrainer.make_predict_function.<locals>.one_step_on_data_distributed at 0x000001C2110E53A0> triggered tf.function retracing. Tracing is expensive and the excessive number of tracings could be due to (1) creating @tf.function repeatedly in a loop, (2) passing tensors with different shapes, (3) passing Python objects instead of tensors. For (1), please define your @tf.function outside of the loop. For (2), @tf.function has reduce_retracing=True option that can avoid unnecessary retracing. For (3), please refer to https://www.tensorflow.org/guide/function#controlling_retracing and https://www.tensorflow.org/api_docs/python/tf/function for  more details.
WARNING:tensorflow:6 out of the last 8 calls to <function TensorFlowTrainer.make_predict_function.<locals>.one_step_on_data_distributed at 0x000001C2110E53A0> triggered tf.function retracing. Tracing is expensive and the excessive number of tracings could be due to (1) creating @tf.function repeatedly in a loop, (2) passing tensors with different shapes, (3) passing Python objects instead of tensors. For (1), please define your @tf.function outside of the loop. For (2), @tf.function has reduce_retracing=True option that can avoid unnecessary retracing. For (3), please refer to https://www.tensorflow.org/guide/function#controlling_retracing and https://www.tensorflow.org/api_docs/python/tf/function for  more details.
clgrid_20-20-15_adadelta_cl_start_s2034: 157 s, epochs used 0 34 90 42 25 25 226 46 4 7 0 46 39 0 0 0 0 0 0, loss 145977.6 (homogeneous 146289.3)
clgrid_20-20-15_adamw_cl_start_s2034: 125 s, epochs used 0 38 62 16 19 14 58 13 0 5 0 11 6 0 0 0 0 0 0, loss 145979.2 (homogeneous 146289.3)
clgrid_20-15-10_sgd_momentum_cl_paper_s2034: 243 s, epochs used 100 100 100 100 100 100 100 100 100 100 100 100 100 100 100 100 100 100 100, loss 145199.6 (homogeneous 146289.3)
clgrid_20-15-10_adam_cl_start_s2034: 136 s, epochs used 0 106 0 49 39 58 42 35 1 4 0 19 5 2 0 8 0 0 0, loss 145987.3 (homogeneous 146289.3)
clgrid_20_sgd_cl_start_s2035: 556 s, epochs used 0 500 500 500 500 500 500 500 34 133 33 0 500 30 10 6 0 0 55, loss 146061.7 (homogeneous 146289.3)
clgrid_20-20-15_adadelta_cl_start_s2035: 195 s, epochs used 0 23 211 63 252 6 205 125 1 1 0 23 48 0 0 0 0 0 0, loss 146004.7 (homogeneous 146289.3)
clgrid_20-20-15_adamw_cl_start_s2035: 151 s, epochs used 0 23 56 34 76 51 56 52 1 36 1 25 55 22 0 0 0 0 0, loss 145998.2 (homogeneous 146289.3)
clgrid_20-15-10_sgd_nesterov_cl_paper_s2035: 247 s, epochs used 100 100 100 100 100 100 100 100 100 100 100 100 100 100 100 100 100 100 100, loss 145268.5 (homogeneous 146289.3)
==== 2026-10-09 15:14:52 start baseline.nncl.cl_grid slot 12
[1] 1200
WARNING: All log messages before absl::InitializeLog() is called are written to STDERR
I0000 00:00:1791551698.863040   13588 port.cc:153] oneDNN custom operations are on. You may see slightly different numerical results due to floating-point round-off errors from different computation orders. To turn them off, set the environment variable `TF_ENABLE_ONEDNN_OPTS=0`.
WARNING: All log messages before absl::InitializeLog() is called are written to STDERR
I0000 00:00:1791551702.819957   13588 port.cc:153] oneDNN custom operations are on. You may see slightly different numerical results due to floating-point round-off errors from different computation orders. To turn them off, set the environment variable `TF_ENABLE_ONEDNN_OPTS=0`.
WARNING:tensorflow:From C:\Users\26196425\Work\MASTER~3\env\Lib\site-packages\keras\src\backend\common\global_state.py:82: The name tf.reset_default_graph is deprecated. Please use tf.compat.v1.reset_default_graph instead.

WARNING:tensorflow:TensorFlow GPU support is not available on native Windows for TensorFlow >= 2.11. Even if CUDA/cuDNN are installed, GPU will not be used. Please use WSL2 or the TensorFlow-DirectML plugin.
WARNING:tensorflow:5 out of the last 7 calls to <function TensorFlowTrainer.make_predict_function.<locals>.one_step_on_data_distributed at 0x000001A2F8213A60> triggered tf.function retracing. Tracing is expensive and the excessive number of tracings could be due to (1) creating @tf.function repeatedly in a loop, (2) passing tensors with different shapes, (3) passing Python objects instead of tensors. For (1), please define your @tf.function outside of the loop. For (2), @tf.function has reduce_retracing=True option that can avoid unnecessary retracing. For (3), please refer to https://www.tensorflow.org/guide/function#controlling_retracing and https://www.tensorflow.org/api_docs/python/tf/function for  more details.
WARNING:tensorflow:6 out of the last 8 calls to <function TensorFlowTrainer.make_predict_function.<locals>.one_step_on_data_distributed at 0x000001A2F8213A60> triggered tf.function retracing. Tracing is expensive and the excessive number of tracings could be due to (1) creating @tf.function repeatedly in a loop, (2) passing tensors with different shapes, (3) passing Python objects instead of tensors. For (1), please define your @tf.function outside of the loop. For (2), @tf.function has reduce_retracing=True option that can avoid unnecessary retracing. For (3), please refer to https://www.tensorflow.org/guide/function#controlling_retracing and https://www.tensorflow.org/api_docs/python/tf/function for  more details.
clgrid_20-15-10_adamw_cl_paper_s2035: 253 s, epochs used 100 100 100 100 100 100 100 100 100 100 100 100 100 100 100 100 100 100 100, loss 143866.6 (homogeneous 146289.3)
clgrid_20_adadelta_cl_start_s2036: 183 s, epochs used 0 279 116 50 40 51 168 96 2 165 0 0 0 0 0 0 0 0 0, loss 145935.3 (homogeneous 146289.3)
clgrid_20_adamw_cl_start_s2036: 140 s, epochs used 0 150 75 39 33 37 26 19 0 46 0 28 5 0 0 0 0 0 0, loss 145916.9 (homogeneous 146289.3)
clgrid_20-20-15_sgd_nesterov_cl_start_s2036: 398 s, epochs used 0 105 94 72 500 500 500 500 0 16 0 500 28 5 0 0 0 13 0, loss 146044.3 (homogeneous 146289.3)
clgrid_20-15-10_sgd_momentum_cl_paper_s2036: 248 s, epochs used 100 100 100 100 100 100 100 100 100 100 100 100 100 100 100 100 100 100 100, loss 145133.5 (homogeneous 146289.3)
clgrid_20-15-10_adam_cl_start_s2036: 141 s, epochs used 0 48 59 45 38 48 51 26 1 47 0 10 6 0 0 0 0 0 0, loss 145947.7 (homogeneous 146289.3)
clgrid_20-15-10_nadam_cl_start_s2036: 139 s, epochs used 0 50 57 43 34 50 48 26 1 55 1 19 6 2 0 3 0 0 0, loss 145941.0 (homogeneous 146289.3)
clgrid_20_sgd_nesterov_cl_start_s2037: 335 s, epochs used 0 239 464 93 117 386 500 440 8 0 7 0 35 0 0 4 0 0 7, loss 145983.8 (homogeneous 146289.3)
==== 2026-10-09 15:49:24 start baseline.nncl.cl_grid slot 12
[1] 1200
WARNING: All log messages before absl::InitializeLog() is called are written to STDERR
I0000 00:00:1791553770.882911   20176 port.cc:153] oneDNN custom operations are on. You may see slightly different numerical results due to floating-point round-off errors from different computation orders. To turn them off, set the environment variable `TF_ENABLE_ONEDNN_OPTS=0`.
WARNING: All log messages before absl::InitializeLog() is called are written to STDERR
I0000 00:00:1791553774.774624   20176 port.cc:153] oneDNN custom operations are on. You may see slightly different numerical results due to floating-point round-off errors from different computation orders. To turn them off, set the environment variable `TF_ENABLE_ONEDNN_OPTS=0`.
WARNING:tensorflow:From C:\Users\26196425\Work\MASTER~3\env\Lib\site-packages\keras\src\backend\common\global_state.py:82: The name tf.reset_default_graph is deprecated. Please use tf.compat.v1.reset_default_graph instead.

WARNING:tensorflow:TensorFlow GPU support is not available on native Windows for TensorFlow >= 2.11. Even if CUDA/cuDNN are installed, GPU will not be used. Please use WSL2 or the TensorFlow-DirectML plugin.
WARNING:tensorflow:5 out of the last 7 calls to <function TensorFlowTrainer.make_predict_function.<locals>.one_step_on_data_distributed at 0x00000291050C8360> triggered tf.function retracing. Tracing is expensive and the excessive number of tracings could be due to (1) creating @tf.function repeatedly in a loop, (2) passing tensors with different shapes, (3) passing Python objects instead of tensors. For (1), please define your @tf.function outside of the loop. For (2), @tf.function has reduce_retracing=True option that can avoid unnecessary retracing. For (3), please refer to https://www.tensorflow.org/guide/function#controlling_retracing and https://www.tensorflow.org/api_docs/python/tf/function for  more details.
WARNING:tensorflow:6 out of the last 8 calls to <function TensorFlowTrainer.make_predict_function.<locals>.one_step_on_data_distributed at 0x00000291050C8360> triggered tf.function retracing. Tracing is expensive and the excessive number of tracings could be due to (1) creating @tf.function repeatedly in a loop, (2) passing tensors with different shapes, (3) passing Python objects instead of tensors. For (1), please define your @tf.function outside of the loop. For (2), @tf.function has reduce_retracing=True option that can avoid unnecessary retracing. For (3), please refer to https://www.tensorflow.org/guide/function#controlling_retracing and https://www.tensorflow.org/api_docs/python/tf/function for  more details.
clgrid_20-20-15_sgd_momentum_cl_start_s2037: 419 s, epochs used 0 500 15 500 29 500 500 500 9 0 12 15 500 0 0 8 0 0 0, loss 146085.2 (homogeneous 146289.3)
clgrid_20-20-15_nadam_cl_start_s2037: 140 s, epochs used 0 49 51 33 29 33 25 24 1 39 3 23 33 0 0 0 0 0 0, loss 145956.3 (homogeneous 146289.3)
clgrid_20-15-10_adadelta_cl_paper_s2037: 258 s, epochs used 100 100 100 100 100 100 100 100 100 100 100 100 100 100 100 100 100 100 100, loss 141896.1 (homogeneous 146289.3)
clgrid_20-15-10_adamax_cl_start_s2037: 198 s, epochs used 0 94 0 63 43 56 59 43 1 50 2 52 2 0 8 0 1 0 58, loss 146016.3 (homogeneous 146289.3)
clgrid_20_rmsprop_cl_paper_s2038: 242 s, epochs used 100 100 100 100 100 100 100 100 100 100 100 100 100 100 100 100 100 100 100, loss 144330.1 (homogeneous 146289.3)
clgrid_20-20-15_sgd_nesterov_cl_paper_s2038: 252 s, epochs used 100 100 100 100 100 100 100 100 100 100 100 100 100 100 100 100 100 100 100, loss 145022.1 (homogeneous 146289.3)
clgrid_20-20-15_adamw_cl_paper_s2038: 257 s, epochs used 100 100 100 100 100 100 100 100 100 100 100 100 100 100 100 100 100 100 100, loss 143142.7 (homogeneous 146289.3)
clgrid_20-15-10_adadelta_cl_paper_s2038: 262 s, epochs used 100 100 100 100 100 100 100 100 100 100 100 100 100 100 100 100 100 100 100, loss 143090.7 (homogeneous 146289.3)
==== 2026-10-09 16:27:26 start baseline.nncl.cl_grid slot 12
[1] 1200
WARNING: All log messages before absl::InitializeLog() is called are written to STDERR
I0000 00:00:1791556052.788899   17820 port.cc:153] oneDNN custom operations are on. You may see slightly different numerical results due to floating-point round-off errors from different computation orders. To turn them off, set the environment variable `TF_ENABLE_ONEDNN_OPTS=0`.
WARNING: All log messages before absl::InitializeLog() is called are written to STDERR
I0000 00:00:1791556056.815638   17820 port.cc:153] oneDNN custom operations are on. You may see slightly different numerical results due to floating-point round-off errors from different computation orders. To turn them off, set the environment variable `TF_ENABLE_ONEDNN_OPTS=0`.
WARNING:tensorflow:From C:\Users\26196425\Work\MASTER~3\env\Lib\site-packages\keras\src\backend\common\global_state.py:82: The name tf.reset_default_graph is deprecated. Please use tf.compat.v1.reset_default_graph instead.

WARNING:tensorflow:TensorFlow GPU support is not available on native Windows for TensorFlow >= 2.11. Even if CUDA/cuDNN are installed, GPU will not be used. Please use WSL2 or the TensorFlow-DirectML plugin.
WARNING:tensorflow:5 out of the last 7 calls to <function TensorFlowTrainer.make_predict_function.<locals>.one_step_on_data_distributed at 0x0000022245DB7880> triggered tf.function retracing. Tracing is expensive and the excessive number of tracings could be due to (1) creating @tf.function repeatedly in a loop, (2) passing tensors with different shapes, (3) passing Python objects instead of tensors. For (1), please define your @tf.function outside of the loop. For (2), @tf.function has reduce_retracing=True option that can avoid unnecessary retracing. For (3), please refer to https://www.tensorflow.org/guide/function#controlling_retracing and https://www.tensorflow.org/api_docs/python/tf/function for  more details.
WARNING:tensorflow:6 out of the last 8 calls to <function TensorFlowTrainer.make_predict_function.<locals>.one_step_on_data_distributed at 0x0000022245DB7880> triggered tf.function retracing. Tracing is expensive and the excessive number of tracings could be due to (1) creating @tf.function repeatedly in a loop, (2) passing tensors with different shapes, (3) passing Python objects instead of tensors. For (1), please define your @tf.function outside of the loop. For (2), @tf.function has reduce_retracing=True option that can avoid unnecessary retracing. For (3), please refer to https://www.tensorflow.org/guide/function#controlling_retracing and https://www.tensorflow.org/api_docs/python/tf/function for  more details.
clgrid_20-15-10_adamax_cl_paper_s2038: 248 s, epochs used 100 100 100 100 100 100 100 100 100 100 100 100 100 100 100 100 100 100 100, loss 144810.8 (homogeneous 146289.3)
clgrid_20_rmsprop_cl_paper_s2039: 240 s, epochs used 100 100 100 100 100 100 100 100 100 100 100 100 100 100 100 100 100 100 100, loss 144614.8 (homogeneous 146289.3)
clgrid_20-20-15_sgd_momentum_cl_paper_s2039: 244 s, epochs used 100 100 100 100 100 100 100 100 100 100 100 100 100 100 100 100 100 100 100, loss 145387.0 (homogeneous 146289.3)
clgrid_20-20-15_adam_cl_start_s2039: 129 s, epochs used 3 35 46 25 32 59 51 18 0 41 0 16 29 0 0 0 0 0 0, loss 145934.4 (homogeneous 146289.3)
clgrid_20-20-15_nadam_cl_start_s2039: 147 s, epochs used 3 36 46 25 29 66 52 20 1 41 3 22 27 0 0 0 0 0 0, loss 145933.2 (homogeneous 146289.3)
clgrid_20-15-10_adadelta_cl_paper_s2039: 250 s, epochs used 100 100 100 100 100 100 100 100 100 100 100 100 100 100 100 100 100 100 100, loss 138707.1 (homogeneous 146289.3)
clgrid_20_sgd_cl_paper_s2040: 230 s, epochs used 100 100 100 100 100 100 100 100 100 100 100 100 100 100 100 100 100 100 100, loss 145723.0 (homogeneous 146289.3)
clgrid_20_rmsprop_cl_start_s2040: 139 s, epochs used 0 95 79 29 108 18 67 1 0 88 0 48 27 0 0 0 0 0 0, loss 145957.4 (homogeneous 146289.3)
==== 2026-10-09 16:58:34 start baseline.nncl.cl_grid slot 12
[1] 1200
WARNING: All log messages before absl::InitializeLog() is called are written to STDERR
I0000 00:00:1791557920.768657   12848 port.cc:153] oneDNN custom operations are on. You may see slightly different numerical results due to floating-point round-off errors from different computation orders. To turn them off, set the environment variable `TF_ENABLE_ONEDNN_OPTS=0`.
WARNING: All log messages before absl::InitializeLog() is called are written to STDERR
I0000 00:00:1791557924.739342   12848 port.cc:153] oneDNN custom operations are on. You may see slightly different numerical results due to floating-point round-off errors from different computation orders. To turn them off, set the environment variable `TF_ENABLE_ONEDNN_OPTS=0`.
WARNING:tensorflow:From C:\Users\26196425\Work\MASTER~3\env\Lib\site-packages\keras\src\backend\common\global_state.py:82: The name tf.reset_default_graph is deprecated. Please use tf.compat.v1.reset_default_graph instead.

WARNING:tensorflow:TensorFlow GPU support is not available on native Windows for TensorFlow >= 2.11. Even if CUDA/cuDNN are installed, GPU will not be used. Please use WSL2 or the TensorFlow-DirectML plugin.
WARNING:tensorflow:5 out of the last 7 calls to <function TensorFlowTrainer.make_predict_function.<locals>.one_step_on_data_distributed at 0x000001ED9CBA3A60> triggered tf.function retracing. Tracing is expensive and the excessive number of tracings could be due to (1) creating @tf.function repeatedly in a loop, (2) passing tensors with different shapes, (3) passing Python objects instead of tensors. For (1), please define your @tf.function outside of the loop. For (2), @tf.function has reduce_retracing=True option that can avoid unnecessary retracing. For (3), please refer to https://www.tensorflow.org/guide/function#controlling_retracing and https://www.tensorflow.org/api_docs/python/tf/function for  more details.
WARNING:tensorflow:6 out of the last 8 calls to <function TensorFlowTrainer.make_predict_function.<locals>.one_step_on_data_distributed at 0x000001ED9CBA3A60> triggered tf.function retracing. Tracing is expensive and the excessive number of tracings could be due to (1) creating @tf.function repeatedly in a loop, (2) passing tensors with different shapes, (3) passing Python objects instead of tensors. For (1), please define your @tf.function outside of the loop. For (2), @tf.function has reduce_retracing=True option that can avoid unnecessary retracing. For (3), please refer to https://www.tensorflow.org/guide/function#controlling_retracing and https://www.tensorflow.org/api_docs/python/tf/function for  more details.
clgrid_20_nadam_cl_paper_s2040: 245 s, epochs used 100 100 100 100 100 100 100 100 100 100 100 100 100 100 100 100 100 100 100, loss 144614.2 (homogeneous 146289.3)
clgrid_20-20-15_adam_cl_paper_s2040: 259 s, epochs used 100 100 100 100 100 100 100 100 100 100 100 100 100 100 100 100 100 100 100, loss 143003.9 (homogeneous 146289.3)
clgrid_20-15-10_sgd_cl_start_s2040: 663 s, epochs used 0 500 500 500 500 500 500 500 56 500 18 500 500 0 0 55 2 0 83, loss 146203.2 (homogeneous 146289.3)
clgrid_20_rmsprop_cl_paper_s2041: 237 s, epochs used 100 100 100 100 100 100 100 100 100 100 100 100 100 100 100 100 100 100 100, loss 144296.8 (homogeneous 146289.3)
clgrid_20-20-15_sgd_cl_start_s2041: 602 s, epochs used 10 500 500 500 500 500 500 500 0 500 46 88 500 9 0 0 0 0 5, loss 146050.5 (homogeneous 146289.3)
clgrid_20-15-10_adadelta_cl_start_s2041: 218 s, epochs used 3 92 22 19 500 238 32 217 1 24 0 0 2 0 0 0 0 0 0, loss 145981.0 (homogeneous 146289.3)
clgrid_20-15-10_adamax_cl_paper_s2041: 252 s, epochs used 100 100 100 100 100 100 100 100 100 100 100 100 100 100 100 100 100 100 100, loss 144879.3 (homogeneous 146289.3)
clgrid_20_rmsprop_cl_paper_s2042: 243 s, epochs used 100 100 100 100 100 100 100 100 100 100 100 100 100 100 100 100 100 100 100, loss 144288.7 (homogeneous 146289.3)
==== 2026-10-09 17:47:31 start baseline.nncl.cl_grid slot 12
[1] 1200
WARNING: All log messages before absl::InitializeLog() is called are written to STDERR
I0000 00:00:1791560858.255206   20092 port.cc:153] oneDNN custom operations are on. You may see slightly different numerical results due to floating-point round-off errors from different computation orders. To turn them off, set the environment variable `TF_ENABLE_ONEDNN_OPTS=0`.
WARNING: All log messages before absl::InitializeLog() is called are written to STDERR
I0000 00:00:1791560862.137968   20092 port.cc:153] oneDNN custom operations are on. You may see slightly different numerical results due to floating-point round-off errors from different computation orders. To turn them off, set the environment variable `TF_ENABLE_ONEDNN_OPTS=0`.
WARNING:tensorflow:From C:\Users\26196425\Work\MASTER~3\env\Lib\site-packages\keras\src\backend\common\global_state.py:82: The name tf.reset_default_graph is deprecated. Please use tf.compat.v1.reset_default_graph instead.

WARNING:tensorflow:TensorFlow GPU support is not available on native Windows for TensorFlow >= 2.11. Even if CUDA/cuDNN are installed, GPU will not be used. Please use WSL2 or the TensorFlow-DirectML plugin.
WARNING:tensorflow:5 out of the last 7 calls to <function TensorFlowTrainer.make_predict_function.<locals>.one_step_on_data_distributed at 0x000002642696C4A0> triggered tf.function retracing. Tracing is expensive and the excessive number of tracings could be due to (1) creating @tf.function repeatedly in a loop, (2) passing tensors with different shapes, (3) passing Python objects instead of tensors. For (1), please define your @tf.function outside of the loop. For (2), @tf.function has reduce_retracing=True option that can avoid unnecessary retracing. For (3), please refer to https://www.tensorflow.org/guide/function#controlling_retracing and https://www.tensorflow.org/api_docs/python/tf/function for  more details.
WARNING:tensorflow:6 out of the last 8 calls to <function TensorFlowTrainer.make_predict_function.<locals>.one_step_on_data_distributed at 0x000002642696C4A0> triggered tf.function retracing. Tracing is expensive and the excessive number of tracings could be due to (1) creating @tf.function repeatedly in a loop, (2) passing tensors with different shapes, (3) passing Python objects instead of tensors. For (1), please define your @tf.function outside of the loop. For (2), @tf.function has reduce_retracing=True option that can avoid unnecessary retracing. For (3), please refer to https://www.tensorflow.org/guide/function#controlling_retracing and https://www.tensorflow.org/api_docs/python/tf/function for  more details.
clgrid_20-20-15_sgd_momentum_cl_start_s2042: 176 s, epochs used 0 24 12 11 36 217 500 24 7 23 4 24 72 10 3 0 0 0 0, loss 146190.6 (homogeneous 146289.3)
clgrid_20-20-15_adam_cl_start_s2042: 145 s, epochs used 0 77 68 59 41 48 43 42 1 5 0 1 10 0 0 4 0 0 0, loss 145932.2 (homogeneous 146289.3)
clgrid_20-15-10_sgd_cl_paper_s2042: 233 s, epochs used 100 100 100 100 100 100 100 100 100 100 100 100 100 100 100 100 100 100 100, loss 145781.5 (homogeneous 146289.3)
clgrid_20-15-10_rmsprop_cl_start_s2042: 159 s, epochs used 2 164 74 44 33 91 66 37 2 19 0 21 70 6 0 44 0 0 0, loss 145745.8 (homogeneous 146289.3)
clgrid_20-15-10_nadam_cl_paper_s2042: 269 s, epochs used 100 100 100 100 100 100 100 100 100 100 100 100 100 100 100 100 100 100 100, loss 143779.0 (homogeneous 146289.3)
clgrid_20_adam_cl_paper_s2043: 243 s, epochs used 100 100 100 100 100 100 100 100 100 100 100 100 100 100 100 100 100 100 100, loss 144408.7 (homogeneous 146289.3)
clgrid_20-20-15_sgd_nesterov_cl_start_s2043: 374 s, epochs used 6 20 19 403 500 500 500 500 2 121 3 0 56 0 0 0 0 6 11, loss 146091.0 (homogeneous 146289.3)
clgrid_20-15-10_sgd_momentum_cl_start_s2043: 475 s, epochs used 0 500 500 318 500 500 500 500 11 76 10 0 38 0 0 5 0 9 0, loss 146041.5 (homogeneous 146289.3)
==== 2026-10-09 18:25:51 start baseline.nncl.cl_grid slot 12
[1] 1200
WARNING: All log messages before absl::InitializeLog() is called are written to STDERR
I0000 00:00:1791563158.972644   13180 port.cc:153] oneDNN custom operations are on. You may see slightly different numerical results due to floating-point round-off errors from different computation orders. To turn them off, set the environment variable `TF_ENABLE_ONEDNN_OPTS=0`.
WARNING: All log messages before absl::InitializeLog() is called are written to STDERR
I0000 00:00:1791563163.057730   13180 port.cc:153] oneDNN custom operations are on. You may see slightly different numerical results due to floating-point round-off errors from different computation orders. To turn them off, set the environment variable `TF_ENABLE_ONEDNN_OPTS=0`.
WARNING:tensorflow:From C:\Users\26196425\Work\MASTER~3\env\Lib\site-packages\keras\src\backend\common\global_state.py:82: The name tf.reset_default_graph is deprecated. Please use tf.compat.v1.reset_default_graph instead.

WARNING:tensorflow:TensorFlow GPU support is not available on native Windows for TensorFlow >= 2.11. Even if CUDA/cuDNN are installed, GPU will not be used. Please use WSL2 or the TensorFlow-DirectML plugin.
WARNING:tensorflow:5 out of the last 7 calls to <function TensorFlowTrainer.make_predict_function.<locals>.one_step_on_data_distributed at 0x00000225E8EBFF60> triggered tf.function retracing. Tracing is expensive and the excessive number of tracings could be due to (1) creating @tf.function repeatedly in a loop, (2) passing tensors with different shapes, (3) passing Python objects instead of tensors. For (1), please define your @tf.function outside of the loop. For (2), @tf.function has reduce_retracing=True option that can avoid unnecessary retracing. For (3), please refer to https://www.tensorflow.org/guide/function#controlling_retracing and https://www.tensorflow.org/api_docs/python/tf/function for  more details.
WARNING:tensorflow:6 out of the last 8 calls to <function TensorFlowTrainer.make_predict_function.<locals>.one_step_on_data_distributed at 0x00000225E8EBFF60> triggered tf.function retracing. Tracing is expensive and the excessive number of tracings could be due to (1) creating @tf.function repeatedly in a loop, (2) passing tensors with different shapes, (3) passing Python objects instead of tensors. For (1), please define your @tf.function outside of the loop. For (2), @tf.function has reduce_retracing=True option that can avoid unnecessary retracing. For (3), please refer to https://www.tensorflow.org/guide/function#controlling_retracing and https://www.tensorflow.org/api_docs/python/tf/function for  more details.
clgrid_20_sgd_momentum_cl_paper_s2044: 234 s, epochs used 100 100 100 100 100 100 100 100 100 100 100 100 100 100 100 100 100 100 100, loss 144530.8 (homogeneous 146289.3)
clgrid_20_adam_cl_start_s2044: 154 s, epochs used 0 79 57 19 25 29 30 30 2 45 0 26 15 12 0 0 0 0 0, loss 145967.4 (homogeneous 146289.3)
clgrid_20_nadam_cl_start_s2044: 140 s, epochs used 0 86 62 20 29 32 30 30 3 43 2 3 102 0 0 0 0 0 0, loss 145963.7 (homogeneous 146289.3)
clgrid_20-20-15_adadelta_cl_start_s2044: 181 s, epochs used 0 146 92 52 25 143 141 19 6 93 2 1 55 0 0 0 0 0 0, loss 145952.1 (homogeneous 146289.3)
clgrid_20-20-15_adamw_cl_start_s2044: 130 s, epochs used 0 77 45 9 24 28 69 10 0 28 0 1 17 0 0 0 0 0 0, loss 145934.3 (homogeneous 146289.3)
clgrid_20-15-10_sgd_momentum_cl_start_s2044: 415 s, epochs used 0 500 0 343 500 500 500 500 26 17 4 0 19 0 15 28 0 0 0, loss 146059.4 (homogeneous 146289.3)
clgrid_20-15-10_nadam_cl_paper_s2044: 262 s, epochs used 100 100 100 100 100 100 100 100 100 100 100 100 100 100 100 100 100 100 100, loss 144188.6 (homogeneous 146289.3)
clgrid_20_adam_cl_paper_s2045: 244 s, epochs used 100 100 100 100 100 100 100 100 100 100 100 100 100 100 100 100 100 100 100, loss 144422.0 (homogeneous 146289.3)
==== 2026-10-09 18:59:01 start baseline.nncl.cl_grid slot 12
[1] 1200
WARNING: All log messages before absl::InitializeLog() is called are written to STDERR
I0000 00:00:1791565148.391177   12032 port.cc:153] oneDNN custom operations are on. You may see slightly different numerical results due to floating-point round-off errors from different computation orders. To turn them off, set the environment variable `TF_ENABLE_ONEDNN_OPTS=0`.
WARNING: All log messages before absl::InitializeLog() is called are written to STDERR
I0000 00:00:1791565152.586918   12032 port.cc:153] oneDNN custom operations are on. You may see slightly different numerical results due to floating-point round-off errors from different computation orders. To turn them off, set the environment variable `TF_ENABLE_ONEDNN_OPTS=0`.
WARNING:tensorflow:From C:\Users\26196425\Work\MASTER~3\env\Lib\site-packages\keras\src\backend\common\global_state.py:82: The name tf.reset_default_graph is deprecated. Please use tf.compat.v1.reset_default_graph instead.

WARNING:tensorflow:TensorFlow GPU support is not available on native Windows for TensorFlow >= 2.11. Even if CUDA/cuDNN are installed, GPU will not be used. Please use WSL2 or the TensorFlow-DirectML plugin.
WARNING:tensorflow:5 out of the last 7 calls to <function TensorFlowTrainer.make_predict_function.<locals>.one_step_on_data_distributed at 0x000002F562E604A0> triggered tf.function retracing. Tracing is expensive and the excessive number of tracings could be due to (1) creating @tf.function repeatedly in a loop, (2) passing tensors with different shapes, (3) passing Python objects instead of tensors. For (1), please define your @tf.function outside of the loop. For (2), @tf.function has reduce_retracing=True option that can avoid unnecessary retracing. For (3), please refer to https://www.tensorflow.org/guide/function#controlling_retracing and https://www.tensorflow.org/api_docs/python/tf/function for  more details.
WARNING:tensorflow:6 out of the last 8 calls to <function TensorFlowTrainer.make_predict_function.<locals>.one_step_on_data_distributed at 0x000002F562E604A0> triggered tf.function retracing. Tracing is expensive and the excessive number of tracings could be due to (1) creating @tf.function repeatedly in a loop, (2) passing tensors with different shapes, (3) passing Python objects instead of tensors. For (1), please define your @tf.function outside of the loop. For (2), @tf.function has reduce_retracing=True option that can avoid unnecessary retracing. For (3), please refer to https://www.tensorflow.org/guide/function#controlling_retracing and https://www.tensorflow.org/api_docs/python/tf/function for  more details.
clgrid_20-20-15_sgd_momentum_cl_start_s2045: 257 s, epochs used 0 500 14 34 500 4 22 500 7 0 8 47 9 0 0 0 0 7 0, loss 146109.4 (homogeneous 146289.3)
clgrid_20-20-15_adamw_cl_paper_s2045: 254 s, epochs used 100 100 100 100 100 100 100 100 100 100 100 100 100 100 100 100 100 100 100, loss 142725.7 (homogeneous 146289.3)
clgrid_20-15-10_adadelta_cl_start_s2045: 184 s, epochs used 0 158 194 35 28 0 233 119 3 2 0 20 0 0 0 0 0 0 0, loss 146005.1 (homogeneous 146289.3)
clgrid_20-15-10_nadam_cl_start_s2045: 155 s, epochs used 0 76 72 44 25 1 106 64 1 73 0 1 29 0 0 0 0 0 0, loss 145950.4 (homogeneous 146289.3)
