==== 2026-10-08 19:27:50 start baseline.nncl.grid slot 10
[1] 1200
WARNING: All log messages before absl::InitializeLog() is called are written to STDERR
I0000 00:00:1791480477.210383   14660 port.cc:153] oneDNN custom operations are on. You may see slightly different numerical results due to floating-point round-off errors from different computation orders. To turn them off, set the environment variable `TF_ENABLE_ONEDNN_OPTS=0`.
WARNING: All log messages before absl::InitializeLog() is called are written to STDERR
I0000 00:00:1791480480.895177   14660 port.cc:153] oneDNN custom operations are on. You may see slightly different numerical results due to floating-point round-off errors from different computation orders. To turn them off, set the environment variable `TF_ENABLE_ONEDNN_OPTS=0`.
WARNING:tensorflow:From C:\Users\26196425\Work\MASTER~3\env\Lib\site-packages\keras\src\backend\common\global_state.py:82: The name tf.reset_default_graph is deprecated. Please use tf.compat.v1.reset_default_graph instead.

WARNING:tensorflow:TensorFlow GPU support is not available on native Windows for TensorFlow >= 2.11. Even if CUDA/cuDNN are installed, GPU will not be used. Please use WSL2 or the TensorFlow-DirectML plugin.
WARNING:tensorflow:5 out of the last 7 calls to <function TensorFlowTrainer.make_predict_function.<locals>.one_step_on_data_distributed at 0x0000016EA6D3F880> triggered tf.function retracing. Tracing is expensive and the excessive number of tracings could be due to (1) creating @tf.function repeatedly in a loop, (2) passing tensors with different shapes, (3) passing Python objects instead of tensors. For (1), please define your @tf.function outside of the loop. For (2), @tf.function has reduce_retracing=True option that can avoid unnecessary retracing. For (3), please refer to https://www.tensorflow.org/guide/function#controlling_retracing and https://www.tensorflow.org/api_docs/python/tf/function for  more details.
WARNING:tensorflow:6 out of the last 8 calls to <function TensorFlowTrainer.make_predict_function.<locals>.one_step_on_data_distributed at 0x0000016EA6D3F880> triggered tf.function retracing. Tracing is expensive and the excessive number of tracings could be due to (1) creating @tf.function repeatedly in a loop, (2) passing tensors with different shapes, (3) passing Python objects instead of tensors. For (1), please define your @tf.function outside of the loop. For (2), @tf.function has reduce_retracing=True option that can avoid unnecessary retracing. For (3), please refer to https://www.tensorflow.org/guide/function#controlling_retracing and https://www.tensorflow.org/api_docs/python/tf/function for  more details.
grid_20_adam_paper_s2026: 243 s, epochs used 100 100 100 100 100 100 100 100 100 100 100 100 100 100 100 100 100 100 100, loss 147300.4 (homogeneous 146289.3)
grid_20-20-15_sgd_paper_s2026: 236 s, epochs used 100 100 100 100 100 100 100 100 100 100 100 100 100 100 100 100 100 100 100, loss 148468.6 (homogeneous 146289.3)
grid_20-20-15_adagrad_early_stop_s2026: 857 s, epochs used 14 137 323 500 62 500 500 500 500 231 500 500 500 500 500 500 64 500 29, loss 145369.4 (homogeneous 146289.3)
grid_20-15-10_adagrad_early_stop_s2026: 961 s, epochs used 12 167 297 166 437 500 500 500 500 270 500 500 500 500 500 500 300 500 500, loss 145928.5 (homogeneous 146289.3)
grid_20_adagrad_paper_s2027: 241 s, epochs used 100 100 100 100 100 100 100 100 100 100 100 100 100 100 100 100 100 100 100, loss 144694.7 (homogeneous 146289.3)
grid_20_rmsprop_early_stop_s2027: 789 s, epochs used 86 113 101 142 82 500 500 499 500 488 500 500 105 115 499 500 121 499 500, loss 146340.8 (homogeneous 146289.3)
grid_20-20-15_adadelta_paper_s2027: 254 s, epochs used 100 100 100 100 100 100 100 100 100 100 100 100 100 100 100 100 100 100 100, loss 104265.4 (homogeneous 146289.3)
grid_20-20-15_adam_early_stop_s2027: 859 s, epochs used 73 178 191 222 76 500 500 500 500 199 500 500 500 500 500 500 81 500 77, loss 145232.8 (homogeneous 146289.3)
==== 2026-10-08 20:45:14 start baseline.nncl.grid slot 10
[1] 1200
WARNING: All log messages before absl::InitializeLog() is called are written to STDERR
I0000 00:00:1791485121.497503   18200 port.cc:153] oneDNN custom operations are on. You may see slightly different numerical results due to floating-point round-off errors from different computation orders. To turn them off, set the environment variable `TF_ENABLE_ONEDNN_OPTS=0`.
WARNING: All log messages before absl::InitializeLog() is called are written to STDERR
I0000 00:00:1791485125.805844   18200 port.cc:153] oneDNN custom operations are on. You may see slightly different numerical results due to floating-point round-off errors from different computation orders. To turn them off, set the environment variable `TF_ENABLE_ONEDNN_OPTS=0`.
WARNING:tensorflow:From C:\Users\26196425\Work\MASTER~3\env\Lib\site-packages\keras\src\backend\common\global_state.py:82: The name tf.reset_default_graph is deprecated. Please use tf.compat.v1.reset_default_graph instead.

WARNING:tensorflow:TensorFlow GPU support is not available on native Windows for TensorFlow >= 2.11. Even if CUDA/cuDNN are installed, GPU will not be used. Please use WSL2 or the TensorFlow-DirectML plugin.
WARNING:tensorflow:5 out of the last 7 calls to <function TensorFlowTrainer.make_predict_function.<locals>.one_step_on_data_distributed at 0x000001E1D54EF740> triggered tf.function retracing. Tracing is expensive and the excessive number of tracings could be due to (1) creating @tf.function repeatedly in a loop, (2) passing tensors with different shapes, (3) passing Python objects instead of tensors. For (1), please define your @tf.function outside of the loop. For (2), @tf.function has reduce_retracing=True option that can avoid unnecessary retracing. For (3), please refer to https://www.tensorflow.org/guide/function#controlling_retracing and https://www.tensorflow.org/api_docs/python/tf/function for  more details.
WARNING:tensorflow:6 out of the last 8 calls to <function TensorFlowTrainer.make_predict_function.<locals>.one_step_on_data_distributed at 0x000001E1D54EF740> triggered tf.function retracing. Tracing is expensive and the excessive number of tracings could be due to (1) creating @tf.function repeatedly in a loop, (2) passing tensors with different shapes, (3) passing Python objects instead of tensors. For (1), please define your @tf.function outside of the loop. For (2), @tf.function has reduce_retracing=True option that can avoid unnecessary retracing. For (3), please refer to https://www.tensorflow.org/guide/function#controlling_retracing and https://www.tensorflow.org/api_docs/python/tf/function for  more details.
grid_20-15-10_adam_paper_s2027: 254 s, epochs used 100 100 100 100 100 100 100 100 100 100 100 100 100 100 100 100 100 100 100, loss 147401.7 (homogeneous 146289.3)
grid_20-15-10_adamax_paper_s2027: 252 s, epochs used 100 100 100 100 100 100 100 100 100 100 100 100 100 100 100 100 100 100 100, loss 158858.0 (homogeneous 146289.3)
grid_20_sgd_momentum_paper_s2028: 236 s, epochs used 100 100 100 100 100 100 100 100 100 100 100 100 100 100 100 100 100 100 100, loss 143809.4 (homogeneous 146289.3)
grid_20_adagrad_early_stop_s2028: 886 s, epochs used 33 116 220 280 500 500 500 500 500 500 500 500 500 500 500 500 67 500 16, loss 147090.6 (homogeneous 146289.3)
grid_20-20-15_adagrad_early_stop_s2028: 951 s, epochs used 12 130 500 419 500 107 500 500 500 500 500 500 500 500 500 500 26 500 500, loss 146280.1 (homogeneous 146289.3)
grid_20-15-10_adadelta_paper_s2028: 250 s, epochs used 100 100 100 100 100 100 100 100 100 100 100 100 100 100 100 100 100 100 100, loss 138490.8 (homogeneous 146289.3)
grid_20-15-10_adam_early_stop_s2028: 746 s, epochs used 72 98 63 40 43 150 500 500 500 15 500 500 500 500 500 500 204 500 93, loss 145995.8 (homogeneous 146289.3)
grid_20_rmsprop_early_stop_s2029: 786 s, epochs used 100 342 254 132 90 89 491 490 492 286 499 499 494 500 95 93 499 355 498, loss 145939.9 (homogeneous 146289.3)
==== 2026-10-08 22:01:48 start baseline.nncl.grid slot 10
[1] 1200
WARNING: All log messages before absl::InitializeLog() is called are written to STDERR
I0000 00:00:1791489715.603884   17612 port.cc:153] oneDNN custom operations are on. You may see slightly different numerical results due to floating-point round-off errors from different computation orders. To turn them off, set the environment variable `TF_ENABLE_ONEDNN_OPTS=0`.
WARNING: All log messages before absl::InitializeLog() is called are written to STDERR
I0000 00:00:1791489719.809312   17612 port.cc:153] oneDNN custom operations are on. You may see slightly different numerical results due to floating-point round-off errors from different computation orders. To turn them off, set the environment variable `TF_ENABLE_ONEDNN_OPTS=0`.
WARNING:tensorflow:From C:\Users\26196425\Work\MASTER~3\env\Lib\site-packages\keras\src\backend\common\global_state.py:82: The name tf.reset_default_graph is deprecated. Please use tf.compat.v1.reset_default_graph instead.

WARNING:tensorflow:TensorFlow GPU support is not available on native Windows for TensorFlow >= 2.11. Even if CUDA/cuDNN are installed, GPU will not be used. Please use WSL2 or the TensorFlow-DirectML plugin.
WARNING:tensorflow:5 out of the last 7 calls to <function TensorFlowTrainer.make_predict_function.<locals>.one_step_on_data_distributed at 0x0000028E8C7F14E0> triggered tf.function retracing. Tracing is expensive and the excessive number of tracings could be due to (1) creating @tf.function repeatedly in a loop, (2) passing tensors with different shapes, (3) passing Python objects instead of tensors. For (1), please define your @tf.function outside of the loop. For (2), @tf.function has reduce_retracing=True option that can avoid unnecessary retracing. For (3), please refer to https://www.tensorflow.org/guide/function#controlling_retracing and https://www.tensorflow.org/api_docs/python/tf/function for  more details.
WARNING:tensorflow:6 out of the last 8 calls to <function TensorFlowTrainer.make_predict_function.<locals>.one_step_on_data_distributed at 0x0000028E8C7F14E0> triggered tf.function retracing. Tracing is expensive and the excessive number of tracings could be due to (1) creating @tf.function repeatedly in a loop, (2) passing tensors with different shapes, (3) passing Python objects instead of tensors. For (1), please define your @tf.function outside of the loop. For (2), @tf.function has reduce_retracing=True option that can avoid unnecessary retracing. For (3), please refer to https://www.tensorflow.org/guide/function#controlling_retracing and https://www.tensorflow.org/api_docs/python/tf/function for  more details.
grid_20-20-15_adadelta_paper_s2029: 249 s, epochs used 100 100 100 100 100 100 100 100 100 100 100 100 100 100 100 100 100 100 100, loss 106142.8 (homogeneous 146289.3)
grid_20-20-15_adam_paper_s2029: 253 s, epochs used 100 100 100 100 100 100 100 100 100 100 100 100 100 100 100 100 100 100 100, loss 146115.2 (homogeneous 146289.3)
grid_20-20-15_adamax_early_stop_s2029: 1039 s, epochs used 127 74 500 500 500 500 500 500 500 500 500 500 500 500 500 500 500 500 156, loss 146169.1 (homogeneous 146289.3)
grid_20_sgd_paper_s2030: 234 s, epochs used 100 100 100 100 100 100 100 100 100 100 100 100 100 100 100 100 100 100 100, loss 156962.2 (homogeneous 146289.3)
grid_20_adagrad_early_stop_s2030: 1077 s, epochs used 24 500 500 143 500 455 500 500 500 500 500 500 500 500 500 500 500 500 500, loss 148104.1 (homogeneous 146289.3)
grid_20-20-15_adadelta_early_stop_s2030: 263 s, epochs used 32 91 72 163 38 73 77 81 86 85 86 87 89 89 86 90 87 90 50, loss 146445.2 (homogeneous 146289.3)
grid_20-20-15_adamax_paper_s2030: 259 s, epochs used 100 100 100 100 100 100 100 100 100 100 100 100 100 100 100 100 100 100 100, loss 145948.1 (homogeneous 146289.3)
grid_20-15-10_sgd_momentum_paper_s2030: 243 s, epochs used 100 100 100 100 100 100 100 100 100 100 100 100 100 100 100 100 100 100 100, loss 144915.5 (homogeneous 146289.3)
==== 2026-10-08 23:06:08 start baseline.nncl.grid slot 10
[1] 1200
WARNING: All log messages before absl::InitializeLog() is called are written to STDERR
I0000 00:00:1791493587.484373   18636 port.cc:153] oneDNN custom operations are on. You may see slightly different numerical results due to floating-point round-off errors from different computation orders. To turn them off, set the environment variable `TF_ENABLE_ONEDNN_OPTS=0`.
WARNING: All log messages before absl::InitializeLog() is called are written to STDERR
I0000 00:00:1791493621.947435   18636 port.cc:153] oneDNN custom operations are on. You may see slightly different numerical results due to floating-point round-off errors from different computation orders. To turn them off, set the environment variable `TF_ENABLE_ONEDNN_OPTS=0`.
WARNING:tensorflow:From C:\Users\26196425\Work\MASTER~3\env\Lib\site-packages\keras\src\backend\common\global_state.py:82: The name tf.reset_default_graph is deprecated. Please use tf.compat.v1.reset_default_graph instead.

WARNING:tensorflow:TensorFlow GPU support is not available on native Windows for TensorFlow >= 2.11. Even if CUDA/cuDNN are installed, GPU will not be used. Please use WSL2 or the TensorFlow-DirectML plugin.
WARNING:tensorflow:5 out of the last 7 calls to <function TensorFlowTrainer.make_predict_function.<locals>.one_step_on_data_distributed at 0x000001FA29A0D3A0> triggered tf.function retracing. Tracing is expensive and the excessive number of tracings could be due to (1) creating @tf.function repeatedly in a loop, (2) passing tensors with different shapes, (3) passing Python objects instead of tensors. For (1), please define your @tf.function outside of the loop. For (2), @tf.function has reduce_retracing=True option that can avoid unnecessary retracing. For (3), please refer to https://www.tensorflow.org/guide/function#controlling_retracing and https://www.tensorflow.org/api_docs/python/tf/function for  more details.
WARNING:tensorflow:6 out of the last 8 calls to <function TensorFlowTrainer.make_predict_function.<locals>.one_step_on_data_distributed at 0x000001FA29A0D3A0> triggered tf.function retracing. Tracing is expensive and the excessive number of tracings could be due to (1) creating @tf.function repeatedly in a loop, (2) passing tensors with different shapes, (3) passing Python objects instead of tensors. For (1), please define your @tf.function outside of the loop. For (2), @tf.function has reduce_retracing=True option that can avoid unnecessary retracing. For (3), please refer to https://www.tensorflow.org/guide/function#controlling_retracing and https://www.tensorflow.org/api_docs/python/tf/function for  more details.
grid_20-15-10_adadelta_early_stop_s2030: 260 s, epochs used 45 141 127 109 95 86 82 89 88 87 84 87 84 81 84 79 44 89 1, loss 145545.5 (homogeneous 146289.3)
grid_20-15-10_adamax_paper_s2030: 251 s, epochs used 100 100 100 100 100 100 100 100 100 100 100 100 100 100 100 100 100 100 100, loss 146045.3 (homogeneous 146289.3)
grid_20_sgd_momentum_paper_s2031: 235 s, epochs used 100 100 100 100 100 100 100 100 100 100 100 100 100 100 100 100 100 100 100, loss 144337.9 (homogeneous 146289.3)
grid_20_adadelta_paper_s2031: 245 s, epochs used 100 100 100 100 100 100 100 100 100 100 100 100 100 100 100 100 100 100 100, loss 146593.1 (homogeneous 146289.3)
grid_20_adam_early_stop_s2031: 900 s, epochs used 123 375 141 500 110 282 500 500 500 500 500 500 500 500 500 500 500 108 4, loss 147011.4 (homogeneous 146289.3)
grid_20-20-15_adam_paper_s2031: 257 s, epochs used 100 100 100 100 100 100 100 100 100 100 100 100 100 100 100 100 100 100 100, loss 143793.4 (homogeneous 146289.3)
grid_20-20-15_adamax_early_stop_s2031: 938 s, epochs used 71 179 374 227 500 500 500 500 500 61 500 500 500 500 500 500 27 500 500, loss 146019.8 (homogeneous 146289.3)
grid_20_sgd_early_stop_s2032: 1004 s, epochs used 110 199 500 500 500 500 500 500 500 351 500 500 500 500 500 500 460 500 156, loss 145554.1 (homogeneous 146289.3)
==== 2026-10-09 00:19:07 start baseline.nncl.grid slot 10
[1] 1200
WARNING: All log messages before absl::InitializeLog() is called are written to STDERR
I0000 00:00:1791497955.410381   18856 port.cc:153] oneDNN custom operations are on. You may see slightly different numerical results due to floating-point round-off errors from different computation orders. To turn them off, set the environment variable `TF_ENABLE_ONEDNN_OPTS=0`.
WARNING: All log messages before absl::InitializeLog() is called are written to STDERR
I0000 00:00:1791497960.168067   18856 port.cc:153] oneDNN custom operations are on. You may see slightly different numerical results due to floating-point round-off errors from different computation orders. To turn them off, set the environment variable `TF_ENABLE_ONEDNN_OPTS=0`.
WARNING:tensorflow:From C:\Users\26196425\Work\MASTER~3\env\Lib\site-packages\keras\src\backend\common\global_state.py:82: The name tf.reset_default_graph is deprecated. Please use tf.compat.v1.reset_default_graph instead.

WARNING:tensorflow:TensorFlow GPU support is not available on native Windows for TensorFlow >= 2.11. Even if CUDA/cuDNN are installed, GPU will not be used. Please use WSL2 or the TensorFlow-DirectML plugin.
WARNING:tensorflow:5 out of the last 7 calls to <function TensorFlowTrainer.make_predict_function.<locals>.one_step_on_data_distributed at 0x00000196722A04A0> triggered tf.function retracing. Tracing is expensive and the excessive number of tracings could be due to (1) creating @tf.function repeatedly in a loop, (2) passing tensors with different shapes, (3) passing Python objects instead of tensors. For (1), please define your @tf.function outside of the loop. For (2), @tf.function has reduce_retracing=True option that can avoid unnecessary retracing. For (3), please refer to https://www.tensorflow.org/guide/function#controlling_retracing and https://www.tensorflow.org/api_docs/python/tf/function for  more details.
WARNING:tensorflow:6 out of the last 8 calls to <function TensorFlowTrainer.make_predict_function.<locals>.one_step_on_data_distributed at 0x00000196722A04A0> triggered tf.function retracing. Tracing is expensive and the excessive number of tracings could be due to (1) creating @tf.function repeatedly in a loop, (2) passing tensors with different shapes, (3) passing Python objects instead of tensors. For (1), please define your @tf.function outside of the loop. For (2), @tf.function has reduce_retracing=True option that can avoid unnecessary retracing. For (3), please refer to https://www.tensorflow.org/guide/function#controlling_retracing and https://www.tensorflow.org/api_docs/python/tf/function for  more details.
grid_20-20-15_sgd_nesterov_paper_s2032: 243 s, epochs used 100 100 100 100 100 100 100 100 100 100 100 100 100 100 100 100 100 100 100, loss 116393.7 (homogeneous 146289.3)
grid_20-20-15_rmsprop_paper_s2032: 242 s, epochs used 100 100 100 100 100 100 100 100 100 100 100 100 100 100 100 100 100 100 100, loss 140248.0 (homogeneous 146289.3)
grid_20-20-15_adamw_early_stop_s2032: 756 s, epochs used 71 269 181 183 391 80 500 500 500 83 500 259 500 500 500 500 58 30 229, loss 145873.3 (homogeneous 146289.3)
grid_20-15-10_adam_early_stop_s2032: 701 s, epochs used 63 145 215 112 39 58 500 500 500 67 500 500 500 500 500 500 25 49 1, loss 147097.0 (homogeneous 146289.3)
grid_20_rmsprop_paper_s2033: 240 s, epochs used 100 100 100 100 100 100 100 100 100 100 100 100 100 100 100 100 100 100 100, loss 144943.4 (homogeneous 146289.3)
grid_20_adamax_paper_s2033: 248 s, epochs used 100 100 100 100 100 100 100 100 100 100 100 100 100 100 100 100 100 100 100, loss 149393.5 (homogeneous 146289.3)
grid_20-20-15_sgd_momentum_early_stop_s2033: 718 s, epochs used 22 66 350 190 100 51 500 500 500 51 500 500 500 500 76 500 111 500 22, loss 146053.1 (homogeneous 146289.3)
grid_20-20-15_adamax_early_stop_s2033: 926 s, epochs used 128 155 147 125 411 500 500 500 500 500 500 500 500 500 500 500 141 500 112, loss 145450.1 (homogeneous 146289.3)
==== 2026-10-09 01:30:53 start baseline.nncl.grid slot 10
[1] 1200
WARNING: All log messages before absl::InitializeLog() is called are written to STDERR
I0000 00:00:1791502260.818489   14320 port.cc:153] oneDNN custom operations are on. You may see slightly different numerical results due to floating-point round-off errors from different computation orders. To turn them off, set the environment variable `TF_ENABLE_ONEDNN_OPTS=0`.
WARNING: All log messages before absl::InitializeLog() is called are written to STDERR
I0000 00:00:1791502264.977992   14320 port.cc:153] oneDNN custom operations are on. You may see slightly different numerical results due to floating-point round-off errors from different computation orders. To turn them off, set the environment variable `TF_ENABLE_ONEDNN_OPTS=0`.
WARNING:tensorflow:From C:\Users\26196425\Work\MASTER~3\env\Lib\site-packages\keras\src\backend\common\global_state.py:82: The name tf.reset_default_graph is deprecated. Please use tf.compat.v1.reset_default_graph instead.

WARNING:tensorflow:TensorFlow GPU support is not available on native Windows for TensorFlow >= 2.11. Even if CUDA/cuDNN are installed, GPU will not be used. Please use WSL2 or the TensorFlow-DirectML plugin.
WARNING:tensorflow:5 out of the last 7 calls to <function TensorFlowTrainer.make_predict_function.<locals>.one_step_on_data_distributed at 0x0000021822ECFA60> triggered tf.function retracing. Tracing is expensive and the excessive number of tracings could be due to (1) creating @tf.function repeatedly in a loop, (2) passing tensors with different shapes, (3) passing Python objects instead of tensors. For (1), please define your @tf.function outside of the loop. For (2), @tf.function has reduce_retracing=True option that can avoid unnecessary retracing. For (3), please refer to https://www.tensorflow.org/guide/function#controlling_retracing and https://www.tensorflow.org/api_docs/python/tf/function for  more details.
WARNING:tensorflow:6 out of the last 8 calls to <function TensorFlowTrainer.make_predict_function.<locals>.one_step_on_data_distributed at 0x0000021822ECFA60> triggered tf.function retracing. Tracing is expensive and the excessive number of tracings could be due to (1) creating @tf.function repeatedly in a loop, (2) passing tensors with different shapes, (3) passing Python objects instead of tensors. For (1), please define your @tf.function outside of the loop. For (2), @tf.function has reduce_retracing=True option that can avoid unnecessary retracing. For (3), please refer to https://www.tensorflow.org/guide/function#controlling_retracing and https://www.tensorflow.org/api_docs/python/tf/function for  more details.
grid_20-15-10_nadam_early_stop_s2033: 862 s, epochs used 111 480 191 79 500 448 500 500 500 223 500 423 500 500 500 500 70 87 31, loss 145385.6 (homogeneous 146289.3)
grid_20_adamax_paper_s2034: 241 s, epochs used 100 100 100 100 100 100 100 100 100 100 100 100 100 100 100 100 100 100 100, loss 167789.7 (homogeneous 146289.3)
grid_20-20-15_sgd_momentum_paper_s2034: 244 s, epochs used 100 100 100 100 100 100 100 100 100 100 100 100 100 100 100 100 100 100 100, loss 144972.9 (homogeneous 146289.3)
grid_20-20-15_adadelta_early_stop_s2034: 384 s, epochs used 61 33 90 120 126 130 132 134 137 123 137 141 137 141 138 138 138 140 350, loss 145185.4 (homogeneous 146289.3)
grid_20-20-15_adamw_early_stop_s2034: 903 s, epochs used 97 50 61 232 484 500 500 500 500 60 500 500 500 500 500 500 342 500 139, loss 145136.3 (homogeneous 146289.3)
grid_20-15-10_adamw_early_stop_s2034: 1068 s, epochs used 82 305 500 475 500 500 500 500 500 500 500 500 500 500 500 500 127 500 500, loss 145020.1 (homogeneous 146289.3)
grid_20_adamw_early_stop_s2035: 964 s, epochs used 98 157 500 330 134 500 500 500 500 500 500 500 500 500 500 500 63 500 279, loss 148073.6 (homogeneous 146289.3)
grid_20-20-15_nadam_paper_s2035: 265 s, epochs used 100 100 100 100 100 100 100 100 100 100 100 100 100 100 100 100 100 100 100, loss 144391.6 (homogeneous 146289.3)
==== 2026-10-09 02:57:19 start baseline.nncl.grid slot 10
[1] 1200
WARNING: All log messages before absl::InitializeLog() is called are written to STDERR
I0000 00:00:1791507458.788918   14320 port.cc:153] oneDNN custom operations are on. You may see slightly different numerical results due to floating-point round-off errors from different computation orders. To turn them off, set the environment variable `TF_ENABLE_ONEDNN_OPTS=0`.
WARNING: All log messages before absl::InitializeLog() is called are written to STDERR
I0000 00:00:1791507493.683605   14320 port.cc:153] oneDNN custom operations are on. You may see slightly different numerical results due to floating-point round-off errors from different computation orders. To turn them off, set the environment variable `TF_ENABLE_ONEDNN_OPTS=0`.
WARNING:tensorflow:From C:\Users\26196425\Work\MASTER~3\env\Lib\site-packages\keras\src\backend\common\global_state.py:82: The name tf.reset_default_graph is deprecated. Please use tf.compat.v1.reset_default_graph instead.

WARNING:tensorflow:TensorFlow GPU support is not available on native Windows for TensorFlow >= 2.11. Even if CUDA/cuDNN are installed, GPU will not be used. Please use WSL2 or the TensorFlow-DirectML plugin.
WARNING:tensorflow:5 out of the last 7 calls to <function TensorFlowTrainer.make_predict_function.<locals>.one_step_on_data_distributed at 0x000001E2D3AB4360> triggered tf.function retracing. Tracing is expensive and the excessive number of tracings could be due to (1) creating @tf.function repeatedly in a loop, (2) passing tensors with different shapes, (3) passing Python objects instead of tensors. For (1), please define your @tf.function outside of the loop. For (2), @tf.function has reduce_retracing=True option that can avoid unnecessary retracing. For (3), please refer to https://www.tensorflow.org/guide/function#controlling_retracing and https://www.tensorflow.org/api_docs/python/tf/function for  more details.
WARNING:tensorflow:6 out of the last 8 calls to <function TensorFlowTrainer.make_predict_function.<locals>.one_step_on_data_distributed at 0x000001E2D3AB4360> triggered tf.function retracing. Tracing is expensive and the excessive number of tracings could be due to (1) creating @tf.function repeatedly in a loop, (2) passing tensors with different shapes, (3) passing Python objects instead of tensors. For (1), please define your @tf.function outside of the loop. For (2), @tf.function has reduce_retracing=True option that can avoid unnecessary retracing. For (3), please refer to https://www.tensorflow.org/guide/function#controlling_retracing and https://www.tensorflow.org/api_docs/python/tf/function for  more details.
grid_20-15-10_sgd_nesterov_early_stop_s2035: 984 s, epochs used 10 500 500 249 500 500 500 500 500 500 500 469 500 500 500 500 275 500 18, loss 146678.8 (homogeneous 146289.3)
grid_20_adagrad_early_stop_s2036: 905 s, epochs used 52 333 422 64 500 500 500 500 500 500 500 500 500 500 500 500 49 500 12, loss 146236.3 (homogeneous 146289.3)
grid_20-20-15_adadelta_paper_s2036: 255 s, epochs used 100 100 100 100 100 100 100 100 100 100 100 100 100 100 100 100 100 100 100, loss 138663.7 (homogeneous 146289.3)
grid_20-20-15_adam_paper_s2036: 254 s, epochs used 100 100 100 100 100 100 100 100 100 100 100 100 100 100 100 100 100 100 100, loss 145293.1 (homogeneous 146289.3)
grid_20-20-15_nadam_paper_s2036: 267 s, epochs used 100 100 100 100 100 100 100 100 100 100 100 100 100 100 100 100 100 100 100, loss 145090.4 (homogeneous 146289.3)
grid_20-15-10_adagrad_paper_s2036: 242 s, epochs used 100 100 100 100 100 100 100 100 100 100 100 100 100 100 100 100 100 100 100, loss 141042.3 (homogeneous 146289.3)
grid_20-15-10_rmsprop_early_stop_s2036: 510 s, epochs used 67 239 83 75 229 498 63 495 407 256 481 62 58 60 57 61 68 495 17, loss 144768.8 (homogeneous 146289.3)
grid_20_sgd_momentum_paper_s2037: 237 s, epochs used 100 100 100 100 100 100 100 100 100 100 100 100 100 100 100 100 100 100 100, loss 144464.7 (homogeneous 146289.3)
==== 2026-10-09 04:03:14 start baseline.nncl.grid slot 10
[1] 1200
WARNING: All log messages before absl::InitializeLog() is called are written to STDERR
I0000 00:00:1791511401.560657    5560 port.cc:153] oneDNN custom operations are on. You may see slightly different numerical results due to floating-point round-off errors from different computation orders. To turn them off, set the environment variable `TF_ENABLE_ONEDNN_OPTS=0`.
WARNING: All log messages before absl::InitializeLog() is called are written to STDERR
I0000 00:00:1791511406.145603    5560 port.cc:153] oneDNN custom operations are on. You may see slightly different numerical results due to floating-point round-off errors from different computation orders. To turn them off, set the environment variable `TF_ENABLE_ONEDNN_OPTS=0`.
WARNING:tensorflow:From C:\Users\26196425\Work\MASTER~3\env\Lib\site-packages\keras\src\backend\common\global_state.py:82: The name tf.reset_default_graph is deprecated. Please use tf.compat.v1.reset_default_graph instead.

WARNING:tensorflow:TensorFlow GPU support is not available on native Windows for TensorFlow >= 2.11. Even if CUDA/cuDNN are installed, GPU will not be used. Please use WSL2 or the TensorFlow-DirectML plugin.
WARNING:tensorflow:5 out of the last 7 calls to <function TensorFlowTrainer.make_predict_function.<locals>.one_step_on_data_distributed at 0x000001AA188584A0> triggered tf.function retracing. Tracing is expensive and the excessive number of tracings could be due to (1) creating @tf.function repeatedly in a loop, (2) passing tensors with different shapes, (3) passing Python objects instead of tensors. For (1), please define your @tf.function outside of the loop. For (2), @tf.function has reduce_retracing=True option that can avoid unnecessary retracing. For (3), please refer to https://www.tensorflow.org/guide/function#controlling_retracing and https://www.tensorflow.org/api_docs/python/tf/function for  more details.
WARNING:tensorflow:6 out of the last 8 calls to <function TensorFlowTrainer.make_predict_function.<locals>.one_step_on_data_distributed at 0x000001AA188584A0> triggered tf.function retracing. Tracing is expensive and the excessive number of tracings could be due to (1) creating @tf.function repeatedly in a loop, (2) passing tensors with different shapes, (3) passing Python objects instead of tensors. For (1), please define your @tf.function outside of the loop. For (2), @tf.function has reduce_retracing=True option that can avoid unnecessary retracing. For (3), please refer to https://www.tensorflow.org/guide/function#controlling_retracing and https://www.tensorflow.org/api_docs/python/tf/function for  more details.
grid_20_adadelta_early_stop_s2037: 506 s, epochs used 69 93 193 471 182 183 181 182 183 183 180 180 180 176 178 180 428 179 185, loss 146156.7 (homogeneous 146289.3)
grid_20_nadam_paper_s2037: 250 s, epochs used 100 100 100 100 100 100 100 100 100 100 100 100 100 100 100 100 100 100 100, loss 151105.1 (homogeneous 146289.3)
grid_20-20-15_sgd_nesterov_early_stop_s2037: 934 s, epochs used 30 68 500 314 59 500 500 500 500 498 500 500 500 500 500 500 500 500 43, loss 145567.3 (homogeneous 146289.3)
grid_20-15-10_sgd_nesterov_early_stop_s2037: 946 s, epochs used 10 500 500 449 500 500 500 500 500 500 500 500 500 500 500 500 113 62 17, loss 146620.1 (homogeneous 146289.3)
grid_20_sgd_nesterov_paper_s2038: 236 s, epochs used 100 100 100 100 100 100 100 100 100 100 100 100 100 100 100 100 100 100 100, loss 144737.5 (homogeneous 146289.3)
grid_20_rmsprop_paper_s2038: 238 s, epochs used 100 100 100 100 100 100 100 100 100 100 100 100 100 100 100 100 100 100 100, loss 147070.5 (homogeneous 146289.3)
grid_20_adamw_early_stop_s2038: 881 s, epochs used 158 231 370 195 163 161 500 500 500 500 500 500 500 500 500 500 185 500 121, loss 146105.5 (homogeneous 146289.3)
grid_20-20-15_adam_early_stop_s2038: 629 s, epochs used 57 155 75 43 31 500 169 236 259 40 500 500 500 500 500 500 31 31 19, loss 147073.1 (homogeneous 146289.3)
==== 2026-10-09 05:23:42 start baseline.nncl.grid slot 10
[1] 1200
WARNING: All log messages before absl::InitializeLog() is called are written to STDERR
I0000 00:00:1791516229.897762   11312 port.cc:153] oneDNN custom operations are on. You may see slightly different numerical results due to floating-point round-off errors from different computation orders. To turn them off, set the environment variable `TF_ENABLE_ONEDNN_OPTS=0`.
WARNING: All log messages before absl::InitializeLog() is called are written to STDERR
I0000 00:00:1791516234.274339   11312 port.cc:153] oneDNN custom operations are on. You may see slightly different numerical results due to floating-point round-off errors from different computation orders. To turn them off, set the environment variable `TF_ENABLE_ONEDNN_OPTS=0`.
WARNING:tensorflow:From C:\Users\26196425\Work\MASTER~3\env\Lib\site-packages\keras\src\backend\common\global_state.py:82: The name tf.reset_default_graph is deprecated. Please use tf.compat.v1.reset_default_graph instead.

WARNING:tensorflow:TensorFlow GPU support is not available on native Windows for TensorFlow >= 2.11. Even if CUDA/cuDNN are installed, GPU will not be used. Please use WSL2 or the TensorFlow-DirectML plugin.
WARNING:tensorflow:5 out of the last 7 calls to <function TensorFlowTrainer.make_predict_function.<locals>.one_step_on_data_distributed at 0x000001D4915F54E0> triggered tf.function retracing. Tracing is expensive and the excessive number of tracings could be due to (1) creating @tf.function repeatedly in a loop, (2) passing tensors with different shapes, (3) passing Python objects instead of tensors. For (1), please define your @tf.function outside of the loop. For (2), @tf.function has reduce_retracing=True option that can avoid unnecessary retracing. For (3), please refer to https://www.tensorflow.org/guide/function#controlling_retracing and https://www.tensorflow.org/api_docs/python/tf/function for  more details.
WARNING:tensorflow:6 out of the last 8 calls to <function TensorFlowTrainer.make_predict_function.<locals>.one_step_on_data_distributed at 0x000001D4915F54E0> triggered tf.function retracing. Tracing is expensive and the excessive number of tracings could be due to (1) creating @tf.function repeatedly in a loop, (2) passing tensors with different shapes, (3) passing Python objects instead of tensors. For (1), please define your @tf.function outside of the loop. For (2), @tf.function has reduce_retracing=True option that can avoid unnecessary retracing. For (3), please refer to https://www.tensorflow.org/guide/function#controlling_retracing and https://www.tensorflow.org/api_docs/python/tf/function for  more details.
grid_20-15-10_adadelta_early_stop_s2038: 436 s, epochs used 62 94 117 140 150 153 158 156 160 162 159 162 160 158 158 161 169 160 351, loss 144920.4 (homogeneous 146289.3)
grid_20-15-10_nadam_paper_s2038: 261 s, epochs used 100 100 100 100 100 100 100 100 100 100 100 100 100 100 100 100 100 100 100, loss 145574.8 (homogeneous 146289.3)
grid_20_sgd_nesterov_paper_s2039: 238 s, epochs used 100 100 100 100 100 100 100 100 100 100 100 100 100 100 100 100 100 100 100, loss 144874.1 (homogeneous 146289.3)
grid_20_rmsprop_paper_s2039: 238 s, epochs used 100 100 100 100 100 100 100 100 100 100 100 100 100 100 100 100 100 100 100, loss 151180.8 (homogeneous 146289.3)
grid_20_adamw_paper_s2039: 249 s, epochs used 100 100 100 100 100 100 100 100 100 100 100 100 100 100 100 100 100 100 100, loss 158127.7 (homogeneous 146289.3)
grid_20_nadam_early_stop_s2039: 1020 s, epochs used 176 299 318 275 500 500 500 500 500 500 500 500 500 500 500 500 166 500 500, loss 145190.1 (homogeneous 146289.3)
grid_20-15-10_sgd_early_stop_s2039: 1136 s, epochs used 195 500 500 500 500 500 500 500 500 500 500 500 500 500 500 500 500 500 500, loss 146208.4 (homogeneous 146289.3)
grid_20_sgd_nesterov_paper_s2040: 242 s, epochs used 100 100 100 100 100 100 100 100 100 100 100 100 100 100 100 100 100 100 100, loss 143914.9 (homogeneous 146289.3)
==== 2026-10-09 06:31:15 start baseline.nncl.grid slot 10
[1] 1200
WARNING: All log messages before absl::InitializeLog() is called are written to STDERR
I0000 00:00:1791520282.387603   16292 port.cc:153] oneDNN custom operations are on. You may see slightly different numerical results due to floating-point round-off errors from different computation orders. To turn them off, set the environment variable `TF_ENABLE_ONEDNN_OPTS=0`.
WARNING: All log messages before absl::InitializeLog() is called are written to STDERR
I0000 00:00:1791520286.517639   16292 port.cc:153] oneDNN custom operations are on. You may see slightly different numerical results due to floating-point round-off errors from different computation orders. To turn them off, set the environment variable `TF_ENABLE_ONEDNN_OPTS=0`.
WARNING:tensorflow:From C:\Users\26196425\Work\MASTER~3\env\Lib\site-packages\keras\src\backend\common\global_state.py:82: The name tf.reset_default_graph is deprecated. Please use tf.compat.v1.reset_default_graph instead.

WARNING:tensorflow:TensorFlow GPU support is not available on native Windows for TensorFlow >= 2.11. Even if CUDA/cuDNN are installed, GPU will not be used. Please use WSL2 or the TensorFlow-DirectML plugin.
WARNING:tensorflow:5 out of the last 7 calls to <function TensorFlowTrainer.make_predict_function.<locals>.one_step_on_data_distributed at 0x0000026D0FA3F920> triggered tf.function retracing. Tracing is expensive and the excessive number of tracings could be due to (1) creating @tf.function repeatedly in a loop, (2) passing tensors with different shapes, (3) passing Python objects instead of tensors. For (1), please define your @tf.function outside of the loop. For (2), @tf.function has reduce_retracing=True option that can avoid unnecessary retracing. For (3), please refer to https://www.tensorflow.org/guide/function#controlling_retracing and https://www.tensorflow.org/api_docs/python/tf/function for  more details.
WARNING:tensorflow:6 out of the last 8 calls to <function TensorFlowTrainer.make_predict_function.<locals>.one_step_on_data_distributed at 0x0000026D0FA3F920> triggered tf.function retracing. Tracing is expensive and the excessive number of tracings could be due to (1) creating @tf.function repeatedly in a loop, (2) passing tensors with different shapes, (3) passing Python objects instead of tensors. For (1), please define your @tf.function outside of the loop. For (2), @tf.function has reduce_retracing=True option that can avoid unnecessary retracing. For (3), please refer to https://www.tensorflow.org/guide/function#controlling_retracing and https://www.tensorflow.org/api_docs/python/tf/function for  more details.
grid_20_rmsprop_paper_s2040: 233 s, epochs used 100 100 100 100 100 100 100 100 100 100 100 100 100 100 100 100 100 100 100, loss 148826.2 (homogeneous 146289.3)
grid_20_adamw_paper_s2040: 246 s, epochs used 100 100 100 100 100 100 100 100 100 100 100 100 100 100 100 100 100 100 100, loss 154862.1 (homogeneous 146289.3)
grid_20_nadam_early_stop_s2040: 1063 s, epochs used 114 308 500 500 500 500 500 500 500 276 500 500 500 500 500 500 494 500 500, loss 147916.1 (homogeneous 146289.3)
grid_20-15-10_sgd_momentum_paper_s2040: 246 s, epochs used 100 100 100 100 100 100 100 100 100 100 100 100 100 100 100 100 100 100 100, loss 144838.1 (homogeneous 146289.3)
grid_20-15-10_adadelta_early_stop_s2040: 313 s, epochs used 35 115 75 71 76 96 97 99 103 77 105 106 105 107 100 102 231 178 111, loss 146079.7 (homogeneous 146289.3)
grid_20-15-10_adamw_early_stop_s2040: 851 s, epochs used 80 140 356 142 500 500 500 500 500 138 500 500 500 500 500 500 234 74 9, loss 145444.6 (homogeneous 146289.3)
grid_20_adamw_paper_s2041: 248 s, epochs used 100 100 100 100 100 100 100 100 100 100 100 100 100 100 100 100 100 100 100, loss 159297.5 (homogeneous 146289.3)
grid_20-20-15_sgd_paper_s2041: 234 s, epochs used 100 100 100 100 100 100 100 100 100 100 100 100 100 100 100 100 100 100 100, loss 149682.4 (homogeneous 146289.3)
==== 2026-10-09 07:32:12 start baseline.nncl.grid slot 10
[1] 1200
WARNING: All log messages before absl::InitializeLog() is called are written to STDERR
I0000 00:00:1791523940.375849   16804 port.cc:153] oneDNN custom operations are on. You may see slightly different numerical results due to floating-point round-off errors from different computation orders. To turn them off, set the environment variable `TF_ENABLE_ONEDNN_OPTS=0`.
WARNING: All log messages before absl::InitializeLog() is called are written to STDERR
I0000 00:00:1791523944.670714   16804 port.cc:153] oneDNN custom operations are on. You may see slightly different numerical results due to floating-point round-off errors from different computation orders. To turn them off, set the environment variable `TF_ENABLE_ONEDNN_OPTS=0`.
WARNING:tensorflow:From C:\Users\26196425\Work\MASTER~3\env\Lib\site-packages\keras\src\backend\common\global_state.py:82: The name tf.reset_default_graph is deprecated. Please use tf.compat.v1.reset_default_graph instead.

WARNING:tensorflow:TensorFlow GPU support is not available on native Windows for TensorFlow >= 2.11. Even if CUDA/cuDNN are installed, GPU will not be used. Please use WSL2 or the TensorFlow-DirectML plugin.
WARNING:tensorflow:5 out of the last 7 calls to <function TensorFlowTrainer.make_predict_function.<locals>.one_step_on_data_distributed at 0x00000264693D04A0> triggered tf.function retracing. Tracing is expensive and the excessive number of tracings could be due to (1) creating @tf.function repeatedly in a loop, (2) passing tensors with different shapes, (3) passing Python objects instead of tensors. For (1), please define your @tf.function outside of the loop. For (2), @tf.function has reduce_retracing=True option that can avoid unnecessary retracing. For (3), please refer to https://www.tensorflow.org/guide/function#controlling_retracing and https://www.tensorflow.org/api_docs/python/tf/function for  more details.
WARNING:tensorflow:6 out of the last 8 calls to <function TensorFlowTrainer.make_predict_function.<locals>.one_step_on_data_distributed at 0x00000264693D04A0> triggered tf.function retracing. Tracing is expensive and the excessive number of tracings could be due to (1) creating @tf.function repeatedly in a loop, (2) passing tensors with different shapes, (3) passing Python objects instead of tensors. For (1), please define your @tf.function outside of the loop. For (2), @tf.function has reduce_retracing=True option that can avoid unnecessary retracing. For (3), please refer to https://www.tensorflow.org/guide/function#controlling_retracing and https://www.tensorflow.org/api_docs/python/tf/function for  more details.
grid_20-20-15_sgd_nesterov_early_stop_s2041: 950 s, epochs used 15 369 500 263 500 500 500 500 500 500 500 500 500 500 500 500 21 58 500, loss 146533.0 (homogeneous 146289.3)
grid_20-15-10_adagrad_paper_s2041: 247 s, epochs used 100 100 100 100 100 100 100 100 100 100 100 100 100 100 100 100 100 100 100, loss 139610.0 (homogeneous 146289.3)
grid_20-15-10_rmsprop_early_stop_s2041: 476 s, epochs used 44 51 126 65 497 492 81 85 316 36 84 57 71 351 56 70 65 489 499, loss 146506.6 (homogeneous 146289.3)
grid_20_sgd_paper_s2042: 230 s, epochs used 100 100 100 100 100 100 100 100 100 100 100 100 100 100 100 100 100 100 100, loss 151547.8 (homogeneous 146289.3)
grid_20_adagrad_early_stop_s2042: 1100 s, epochs used 31 482 500 498 500 500 500 500 500 500 500 500 500 500 500 500 500 500 500, loss 147188.8 (homogeneous 146289.3)
grid_20-20-15_rmsprop_early_stop_s2042: 392 s, epochs used 49 67 96 57 18 94 63 272 182 106 102 300 63 342 101 335 74 104 340, loss 145908.9 (homogeneous 146289.3)
grid_20-20-15_nadam_paper_s2042: 263 s, epochs used 100 100 100 100 100 100 100 100 100 100 100 100 100 100 100 100 100 100 100, loss 145494.9 (homogeneous 146289.3)
grid_20-15-10_adadelta_paper_s2042: 249 s, epochs used 100 100 100 100 100 100 100 100 100 100 100 100 100 100 100 100 100 100 100, loss 140847.9 (homogeneous 146289.3)
==== 2026-10-09 08:40:45 start baseline.nncl.grid slot 10
[1] 1200
WARNING: All log messages before absl::InitializeLog() is called are written to STDERR
I0000 00:00:1791528052.684625    9284 port.cc:153] oneDNN custom operations are on. You may see slightly different numerical results due to floating-point round-off errors from different computation orders. To turn them off, set the environment variable `TF_ENABLE_ONEDNN_OPTS=0`.
WARNING: All log messages before absl::InitializeLog() is called are written to STDERR
I0000 00:00:1791528056.904063    9284 port.cc:153] oneDNN custom operations are on. You may see slightly different numerical results due to floating-point round-off errors from different computation orders. To turn them off, set the environment variable `TF_ENABLE_ONEDNN_OPTS=0`.
WARNING:tensorflow:From C:\Users\26196425\Work\MASTER~3\env\Lib\site-packages\keras\src\backend\common\global_state.py:82: The name tf.reset_default_graph is deprecated. Please use tf.compat.v1.reset_default_graph instead.

WARNING:tensorflow:TensorFlow GPU support is not available on native Windows for TensorFlow >= 2.11. Even if CUDA/cuDNN are installed, GPU will not be used. Please use WSL2 or the TensorFlow-DirectML plugin.
WARNING:tensorflow:5 out of the last 7 calls to <function TensorFlowTrainer.make_predict_function.<locals>.one_step_on_data_distributed at 0x00000205CE5EF880> triggered tf.function retracing. Tracing is expensive and the excessive number of tracings could be due to (1) creating @tf.function repeatedly in a loop, (2) passing tensors with different shapes, (3) passing Python objects instead of tensors. For (1), please define your @tf.function outside of the loop. For (2), @tf.function has reduce_retracing=True option that can avoid unnecessary retracing. For (3), please refer to https://www.tensorflow.org/guide/function#controlling_retracing and https://www.tensorflow.org/api_docs/python/tf/function for  more details.
WARNING:tensorflow:6 out of the last 8 calls to <function TensorFlowTrainer.make_predict_function.<locals>.one_step_on_data_distributed at 0x00000205CE5EF880> triggered tf.function retracing. Tracing is expensive and the excessive number of tracings could be due to (1) creating @tf.function repeatedly in a loop, (2) passing tensors with different shapes, (3) passing Python objects instead of tensors. For (1), please define your @tf.function outside of the loop. For (2), @tf.function has reduce_retracing=True option that can avoid unnecessary retracing. For (3), please refer to https://www.tensorflow.org/guide/function#controlling_retracing and https://www.tensorflow.org/api_docs/python/tf/function for  more details.
grid_20-15-10_adam_paper_s2042: 250 s, epochs used 100 100 100 100 100 100 100 100 100 100 100 100 100 100 100 100 100 100 100, loss 145532.9 (homogeneous 146289.3)
grid_20-15-10_nadam_early_stop_s2042: 861 s, epochs used 92 303 154 205 500 92 500 500 500 500 500 500 500 500 500 500 59 126 200, loss 145577.6 (homogeneous 146289.3)
grid_20_adamax_early_stop_s2043: 1003 s, epochs used 183 349 500 294 500 500 500 500 500 500 500 500 500 500 500 500 303 500 68, loss 146595.7 (homogeneous 146289.3)
grid_20-15-10_sgd_paper_s2043: 238 s, epochs used 100 100 100 100 100 100 100 100 100 100 100 100 100 100 100 100 100 100 100, loss 150732.1 (homogeneous 146289.3)
grid_20-15-10_adagrad_paper_s2043: 251 s, epochs used 100 100 100 100 100 100 100 100 100 100 100 100 100 100 100 100 100 100 100, loss 136697.7 (homogeneous 146289.3)
grid_20-15-10_rmsprop_early_stop_s2043: 642 s, epochs used 53 59 101 106 486 478 98 97 438 464 85 85 500 493 85 492 84 486 189, loss 146204.3 (homogeneous 146289.3)
grid_20_adagrad_paper_s2044: 236 s, epochs used 100 100 100 100 100 100 100 100 100 100 100 100 100 100 100 100 100 100 100, loss 144894.5 (homogeneous 146289.3)
grid_20_rmsprop_early_stop_s2044: 819 s, epochs used 109 499 184 155 500 127 499 500 500 499 500 500 495 498 499 113 323 103 1, loss 146970.7 (homogeneous 146289.3)
==== 2026-10-09 09:56:26 start baseline.nncl.grid slot 10
[1] 1200
WARNING: All log messages before absl::InitializeLog() is called are written to STDERR
I0000 00:00:1791532593.426569   16476 port.cc:153] oneDNN custom operations are on. You may see slightly different numerical results due to floating-point round-off errors from different computation orders. To turn them off, set the environment variable `TF_ENABLE_ONEDNN_OPTS=0`.
WARNING: All log messages before absl::InitializeLog() is called are written to STDERR
I0000 00:00:1791532597.782740   16476 port.cc:153] oneDNN custom operations are on. You may see slightly different numerical results due to floating-point round-off errors from different computation orders. To turn them off, set the environment variable `TF_ENABLE_ONEDNN_OPTS=0`.
WARNING:tensorflow:From C:\Users\26196425\Work\MASTER~3\env\Lib\site-packages\keras\src\backend\common\global_state.py:82: The name tf.reset_default_graph is deprecated. Please use tf.compat.v1.reset_default_graph instead.

WARNING:tensorflow:TensorFlow GPU support is not available on native Windows for TensorFlow >= 2.11. Even if CUDA/cuDNN are installed, GPU will not be used. Please use WSL2 or the TensorFlow-DirectML plugin.
WARNING:tensorflow:5 out of the last 7 calls to <function TensorFlowTrainer.make_predict_function.<locals>.one_step_on_data_distributed at 0x00000187291F14E0> triggered tf.function retracing. Tracing is expensive and the excessive number of tracings could be due to (1) creating @tf.function repeatedly in a loop, (2) passing tensors with different shapes, (3) passing Python objects instead of tensors. For (1), please define your @tf.function outside of the loop. For (2), @tf.function has reduce_retracing=True option that can avoid unnecessary retracing. For (3), please refer to https://www.tensorflow.org/guide/function#controlling_retracing and https://www.tensorflow.org/api_docs/python/tf/function for  more details.
WARNING:tensorflow:6 out of the last 8 calls to <function TensorFlowTrainer.make_predict_function.<locals>.one_step_on_data_distributed at 0x00000187291F14E0> triggered tf.function retracing. Tracing is expensive and the excessive number of tracings could be due to (1) creating @tf.function repeatedly in a loop, (2) passing tensors with different shapes, (3) passing Python objects instead of tensors. For (1), please define your @tf.function outside of the loop. For (2), @tf.function has reduce_retracing=True option that can avoid unnecessary retracing. For (3), please refer to https://www.tensorflow.org/guide/function#controlling_retracing and https://www.tensorflow.org/api_docs/python/tf/function for  more details.
grid_20-20-15_adadelta_paper_s2044: 253 s, epochs used 100 100 100 100 100 100 100 100 100 100 100 100 100 100 100 100 100 100 100, loss 107375.6 (homogeneous 146289.3)
grid_20-20-15_adam_paper_s2044: 254 s, epochs used 100 100 100 100 100 100 100 100 100 100 100 100 100 100 100 100 100 100 100, loss 144924.6 (homogeneous 146289.3)
grid_20-15-10_sgd_paper_s2044: 237 s, epochs used 100 100 100 100 100 100 100 100 100 100 100 100 100 100 100 100 100 100 100, loss 151487.4 (homogeneous 146289.3)
grid_20-15-10_adagrad_early_stop_s2044: 1010 s, epochs used 26 38 500 500 500 500 500 500 500 473 500 500 500 500 500 500 58 500 500, loss 146633.6 (homogeneous 146289.3)
grid_20_adagrad_early_stop_s2045: 1092 s, epochs used 34 90 500 493 500 500 500 500 500 500 500 500 500 500 500 500 340 500 500, loss 147034.7 (homogeneous 146289.3)
grid_20-20-15_adadelta_early_stop_s2045: 356 s, epochs used 40 91 100 107 111 109 109 110 112 58 110 112 108 114 114 115 99 114 187, loss 145993.0 (homogeneous 146289.3)
grid_20-20-15_adam_early_stop_s2045: 964 s, epochs used 83 51 393 128 500 500 500 500 500 500 500 500 500 500 500 500 128 65 89, loss 145471.9 (homogeneous 146289.3)
grid_20-15-10_adamw_paper_s2045: 262 s, epochs used 100 100 100 100 100 100 100 100 100 100 100 100 100 100 100 100 100 100 100, loss 145554.4 (homogeneous 146289.3)
