==== 2026-10-08 19:02:49 start baseline.nncl.grid slot 12
[1] 1200
WARNING: All log messages before absl::InitializeLog() is called are written to STDERR
I0000 00:00:1791478977.493030    9500 port.cc:153] oneDNN custom operations are on. You may see slightly different numerical results due to floating-point round-off errors from different computation orders. To turn them off, set the environment variable `TF_ENABLE_ONEDNN_OPTS=0`.
WARNING: All log messages before absl::InitializeLog() is called are written to STDERR
I0000 00:00:1791478982.490937    9500 port.cc:153] oneDNN custom operations are on. You may see slightly different numerical results due to floating-point round-off errors from different computation orders. To turn them off, set the environment variable `TF_ENABLE_ONEDNN_OPTS=0`.
WARNING:tensorflow:From C:\Users\26196425\Work\MASTER~3\env\Lib\site-packages\keras\src\backend\common\global_state.py:82: The name tf.reset_default_graph is deprecated. Please use tf.compat.v1.reset_default_graph instead.

WARNING:tensorflow:TensorFlow GPU support is not available on native Windows for TensorFlow >= 2.11. Even if CUDA/cuDNN are installed, GPU will not be used. Please use WSL2 or the TensorFlow-DirectML plugin.
WARNING:tensorflow:5 out of the last 7 calls to <function TensorFlowTrainer.make_predict_function.<locals>.one_step_on_data_distributed at 0x000002D5A1BC3740> triggered tf.function retracing. Tracing is expensive and the excessive number of tracings could be due to (1) creating @tf.function repeatedly in a loop, (2) passing tensors with different shapes, (3) passing Python objects instead of tensors. For (1), please define your @tf.function outside of the loop. For (2), @tf.function has reduce_retracing=True option that can avoid unnecessary retracing. For (3), please refer to https://www.tensorflow.org/guide/function#controlling_retracing and https://www.tensorflow.org/api_docs/python/tf/function for  more details.
WARNING:tensorflow:6 out of the last 8 calls to <function TensorFlowTrainer.make_predict_function.<locals>.one_step_on_data_distributed at 0x000002D5A1BC3740> triggered tf.function retracing. Tracing is expensive and the excessive number of tracings could be due to (1) creating @tf.function repeatedly in a loop, (2) passing tensors with different shapes, (3) passing Python objects instead of tensors. For (1), please define your @tf.function outside of the loop. For (2), @tf.function has reduce_retracing=True option that can avoid unnecessary retracing. For (3), please refer to https://www.tensorflow.org/guide/function#controlling_retracing and https://www.tensorflow.org/api_docs/python/tf/function for  more details.
grid_20_sgd_early_stop_s2026: 1020 s, epochs used 76 500 500 500 435 500 500 500 500 500 500 500 500 500 500 500 121 500 11, loss 146304.7 (homogeneous 146289.3)
grid_20_adagrad_early_stop_s2026: 916 s, epochs used 34 328 183 500 30 500 500 500 500 443 500 500 500 500 500 500 293 500 1, loss 146914.4 (homogeneous 146289.3)
grid_20-20-15_adagrad_paper_s2026: 243 s, epochs used 100 100 100 100 100 100 100 100 100 100 100 100 100 100 100 100 100 100 100, loss 96981.7 (homogeneous 146289.3)
grid_20-20-15_rmsprop_paper_s2026: 247 s, epochs used 100 100 100 100 100 100 100 100 100 100 100 100 100 100 100 100 100 100 100, loss 115822.2 (homogeneous 146289.3)
grid_20-20-15_adamw_early_stop_s2026: 888 s, epochs used 42 167 283 440 129 500 500 500 500 237 500 500 500 500 500 500 125 500 40, loss 147020.5 (homogeneous 146289.3)
grid_20-15-10_adamax_paper_s2026: 253 s, epochs used 100 100 100 100 100 100 100 100 100 100 100 100 100 100 100 100 100 100 100, loss 145903.7 (homogeneous 146289.3)
grid_20_sgd_momentum_paper_s2027: 236 s, epochs used 100 100 100 100 100 100 100 100 100 100 100 100 100 100 100 100 100 100 100, loss 144442.5 (homogeneous 146289.3)
grid_20_adadelta_early_stop_s2027: 463 s, epochs used 56 132 126 176 168 180 187 189 190 191 188 187 185 184 182 188 193 196 226, loss 147795.0 (homogeneous 146289.3)
==== 2026-10-08 20:17:36 start baseline.nncl.grid slot 12
[1] 1200
WARNING: All log messages before absl::InitializeLog() is called are written to STDERR
I0000 00:00:1791483463.706894    9176 port.cc:153] oneDNN custom operations are on. You may see slightly different numerical results due to floating-point round-off errors from different computation orders. To turn them off, set the environment variable `TF_ENABLE_ONEDNN_OPTS=0`.
WARNING: All log messages before absl::InitializeLog() is called are written to STDERR
I0000 00:00:1791483468.225617    9176 port.cc:153] oneDNN custom operations are on. You may see slightly different numerical results due to floating-point round-off errors from different computation orders. To turn them off, set the environment variable `TF_ENABLE_ONEDNN_OPTS=0`.
WARNING:tensorflow:From C:\Users\26196425\Work\MASTER~3\env\Lib\site-packages\keras\src\backend\common\global_state.py:82: The name tf.reset_default_graph is deprecated. Please use tf.compat.v1.reset_default_graph instead.

WARNING:tensorflow:TensorFlow GPU support is not available on native Windows for TensorFlow >= 2.11. Even if CUDA/cuDNN are installed, GPU will not be used. Please use WSL2 or the TensorFlow-DirectML plugin.
WARNING:tensorflow:5 out of the last 7 calls to <function TensorFlowTrainer.make_predict_function.<locals>.one_step_on_data_distributed at 0x00000297F5103BA0> triggered tf.function retracing. Tracing is expensive and the excessive number of tracings could be due to (1) creating @tf.function repeatedly in a loop, (2) passing tensors with different shapes, (3) passing Python objects instead of tensors. For (1), please define your @tf.function outside of the loop. For (2), @tf.function has reduce_retracing=True option that can avoid unnecessary retracing. For (3), please refer to https://www.tensorflow.org/guide/function#controlling_retracing and https://www.tensorflow.org/api_docs/python/tf/function for  more details.
WARNING:tensorflow:6 out of the last 8 calls to <function TensorFlowTrainer.make_predict_function.<locals>.one_step_on_data_distributed at 0x00000297F5103BA0> triggered tf.function retracing. Tracing is expensive and the excessive number of tracings could be due to (1) creating @tf.function repeatedly in a loop, (2) passing tensors with different shapes, (3) passing Python objects instead of tensors. For (1), please define your @tf.function outside of the loop. For (2), @tf.function has reduce_retracing=True option that can avoid unnecessary retracing. For (3), please refer to https://www.tensorflow.org/guide/function#controlling_retracing and https://www.tensorflow.org/api_docs/python/tf/function for  more details.
grid_20_adamax_early_stop_s2027: 1049 s, epochs used 123 216 426 500 500 500 500 500 500 500 500 500 500 500 500 500 500 500 426, loss 147413.0 (homogeneous 146289.3)
grid_20-20-15_nadam_paper_s2027: 261 s, epochs used 100 100 100 100 100 100 100 100 100 100 100 100 100 100 100 100 100 100 100, loss 144544.7 (homogeneous 146289.3)
grid_20-15-10_sgd_nesterov_paper_s2027: 242 s, epochs used 100 100 100 100 100 100 100 100 100 100 100 100 100 100 100 100 100 100 100, loss 145384.7 (homogeneous 146289.3)
grid_20-15-10_rmsprop_paper_s2027: 249 s, epochs used 100 100 100 100 100 100 100 100 100 100 100 100 100 100 100 100 100 100 100, loss 144347.6 (homogeneous 146289.3)
grid_20-15-10_adamw_early_stop_s2027: 1143 s, epochs used 95 500 500 500 500 500 500 500 500 500 500 500 500 500 500 500 500 500 500, loss 145422.8 (homogeneous 146289.3)
grid_20_adamax_early_stop_s2028: 1027 s, epochs used 123 244 500 500 500 500 500 500 500 500 500 500 500 500 500 500 108 500 359, loss 147410.6 (homogeneous 146289.3)
grid_20-15-10_sgd_momentum_early_stop_s2028: 688 s, epochs used 18 58 52 42 49 500 500 500 500 13 500 500 500 500 500 500 16 37 15, loss 146115.2 (homogeneous 146289.3)
grid_20-15-10_adamax_early_stop_s2028: 831 s, epochs used 92 500 170 54 60 338 500 500 500 22 500 500 500 500 500 500 45 500 135, loss 146085.2 (homogeneous 146289.3)
==== 2026-10-08 21:53:10 start baseline.nncl.grid slot 12
[1] 1200
WARNING: All log messages before absl::InitializeLog() is called are written to STDERR
I0000 00:00:1791489198.030283   14904 port.cc:153] oneDNN custom operations are on. You may see slightly different numerical results due to floating-point round-off errors from different computation orders. To turn them off, set the environment variable `TF_ENABLE_ONEDNN_OPTS=0`.
WARNING: All log messages before absl::InitializeLog() is called are written to STDERR
I0000 00:00:1791489202.071516   14904 port.cc:153] oneDNN custom operations are on. You may see slightly different numerical results due to floating-point round-off errors from different computation orders. To turn them off, set the environment variable `TF_ENABLE_ONEDNN_OPTS=0`.
WARNING:tensorflow:From C:\Users\26196425\Work\MASTER~3\env\Lib\site-packages\keras\src\backend\common\global_state.py:82: The name tf.reset_default_graph is deprecated. Please use tf.compat.v1.reset_default_graph instead.

WARNING:tensorflow:TensorFlow GPU support is not available on native Windows for TensorFlow >= 2.11. Even if CUDA/cuDNN are installed, GPU will not be used. Please use WSL2 or the TensorFlow-DirectML plugin.
WARNING:tensorflow:5 out of the last 7 calls to <function TensorFlowTrainer.make_predict_function.<locals>.one_step_on_data_distributed at 0x0000023B25D4FA60> triggered tf.function retracing. Tracing is expensive and the excessive number of tracings could be due to (1) creating @tf.function repeatedly in a loop, (2) passing tensors with different shapes, (3) passing Python objects instead of tensors. For (1), please define your @tf.function outside of the loop. For (2), @tf.function has reduce_retracing=True option that can avoid unnecessary retracing. For (3), please refer to https://www.tensorflow.org/guide/function#controlling_retracing and https://www.tensorflow.org/api_docs/python/tf/function for  more details.
WARNING:tensorflow:6 out of the last 8 calls to <function TensorFlowTrainer.make_predict_function.<locals>.one_step_on_data_distributed at 0x0000023B25D4FA60> triggered tf.function retracing. Tracing is expensive and the excessive number of tracings could be due to (1) creating @tf.function repeatedly in a loop, (2) passing tensors with different shapes, (3) passing Python objects instead of tensors. For (1), please define your @tf.function outside of the loop. For (2), @tf.function has reduce_retracing=True option that can avoid unnecessary retracing. For (3), please refer to https://www.tensorflow.org/guide/function#controlling_retracing and https://www.tensorflow.org/api_docs/python/tf/function for  more details.
grid_20_adamax_paper_s2029: 238 s, epochs used 100 100 100 100 100 100 100 100 100 100 100 100 100 100 100 100 100 100 100, loss 152026.5 (homogeneous 146289.3)
grid_20-20-15_sgd_momentum_paper_s2029: 244 s, epochs used 100 100 100 100 100 100 100 100 100 100 100 100 100 100 100 100 100 100 100, loss 143968.3 (homogeneous 146289.3)
grid_20-20-15_adadelta_early_stop_s2029: 344 s, epochs used 47 43 101 116 120 123 126 129 128 127 131 129 130 132 128 124 127 135 185, loss 145779.6 (homogeneous 146289.3)
grid_20-20-15_adamw_early_stop_s2029: 952 s, epochs used 84 52 500 345 500 500 500 500 500 425 500 500 500 500 500 500 500 46 123, loss 145883.8 (homogeneous 146289.3)
grid_20-15-10_adamw_early_stop_s2029: 771 s, epochs used 73 56 78 69 48 51 500 500 500 58 500 500 500 500 500 500 34 500 500, loss 145525.6 (homogeneous 146289.3)
grid_20_adam_early_stop_s2030: 1020 s, epochs used 84 500 500 227 500 500 500 500 500 500 500 500 500 500 500 500 475 500 1, loss 148418.4 (homogeneous 146289.3)
grid_20-20-15_adam_paper_s2030: 264 s, epochs used 100 100 100 100 100 100 100 100 100 100 100 100 100 100 100 100 100 100 100, loss 144623.0 (homogeneous 146289.3)
grid_20-15-10_sgd_paper_s2030: 235 s, epochs used 100 100 100 100 100 100 100 100 100 100 100 100 100 100 100 100 100 100 100, loss 148839.1 (homogeneous 146289.3)
==== 2026-10-08 23:04:52 start baseline.nncl.grid slot 12
[1] 1200
WARNING: All log messages before absl::InitializeLog() is called are written to STDERR
I0000 00:00:1791493499.623044   14400 port.cc:153] oneDNN custom operations are on. You may see slightly different numerical results due to floating-point round-off errors from different computation orders. To turn them off, set the environment variable `TF_ENABLE_ONEDNN_OPTS=0`.
WARNING: All log messages before absl::InitializeLog() is called are written to STDERR
I0000 00:00:1791493503.745360   14400 port.cc:153] oneDNN custom operations are on. You may see slightly different numerical results due to floating-point round-off errors from different computation orders. To turn them off, set the environment variable `TF_ENABLE_ONEDNN_OPTS=0`.
WARNING:tensorflow:From C:\Users\26196425\Work\MASTER~3\env\Lib\site-packages\keras\src\backend\common\global_state.py:82: The name tf.reset_default_graph is deprecated. Please use tf.compat.v1.reset_default_graph instead.

WARNING:tensorflow:TensorFlow GPU support is not available on native Windows for TensorFlow >= 2.11. Even if CUDA/cuDNN are installed, GPU will not be used. Please use WSL2 or the TensorFlow-DirectML plugin.
WARNING:tensorflow:5 out of the last 7 calls to <function TensorFlowTrainer.make_predict_function.<locals>.one_step_on_data_distributed at 0x00000226B2BF14E0> triggered tf.function retracing. Tracing is expensive and the excessive number of tracings could be due to (1) creating @tf.function repeatedly in a loop, (2) passing tensors with different shapes, (3) passing Python objects instead of tensors. For (1), please define your @tf.function outside of the loop. For (2), @tf.function has reduce_retracing=True option that can avoid unnecessary retracing. For (3), please refer to https://www.tensorflow.org/guide/function#controlling_retracing and https://www.tensorflow.org/api_docs/python/tf/function for  more details.
WARNING:tensorflow:6 out of the last 8 calls to <function TensorFlowTrainer.make_predict_function.<locals>.one_step_on_data_distributed at 0x00000226B2BF14E0> triggered tf.function retracing. Tracing is expensive and the excessive number of tracings could be due to (1) creating @tf.function repeatedly in a loop, (2) passing tensors with different shapes, (3) passing Python objects instead of tensors. For (1), please define your @tf.function outside of the loop. For (2), @tf.function has reduce_retracing=True option that can avoid unnecessary retracing. For (3), please refer to https://www.tensorflow.org/guide/function#controlling_retracing and https://www.tensorflow.org/api_docs/python/tf/function for  more details.
grid_20-15-10_adadelta_paper_s2030: 249 s, epochs used 100 100 100 100 100 100 100 100 100 100 100 100 100 100 100 100 100 100 100, loss 142663.2 (homogeneous 146289.3)
grid_20-15-10_adamw_paper_s2030: 256 s, epochs used 100 100 100 100 100 100 100 100 100 100 100 100 100 100 100 100 100 100 100, loss 145216.2 (homogeneous 146289.3)
grid_20_sgd_paper_s2031: 235 s, epochs used 100 100 100 100 100 100 100 100 100 100 100 100 100 100 100 100 100 100 100, loss 154672.9 (homogeneous 146289.3)
grid_20_sgd_nesterov_paper_s2031: 235 s, epochs used 100 100 100 100 100 100 100 100 100 100 100 100 100 100 100 100 100 100 100, loss 144160.0 (homogeneous 146289.3)
grid_20_rmsprop_paper_s2031: 242 s, epochs used 100 100 100 100 100 100 100 100 100 100 100 100 100 100 100 100 100 100 100, loss 145245.4 (homogeneous 146289.3)
grid_20_adamw_early_stop_s2031: 892 s, epochs used 123 376 142 500 110 298 500 500 500 500 500 500 500 500 500 500 500 108 4, loss 147011.2 (homogeneous 146289.3)
grid_20-20-15_adamw_early_stop_s2031: 814 s, epochs used 56 100 177 139 500 40 500 500 404 36 500 500 500 500 500 500 21 500 277, loss 145751.8 (homogeneous 146289.3)
grid_20-15-10_adam_early_stop_s2031: 674 s, epochs used 90 33 73 71 92 83 500 500 500 123 500 500 500 500 500 500 52 58 30, loss 145849.1 (homogeneous 146289.3)
==== 2026-10-09 00:08:28 start baseline.nncl.grid slot 12
[1] 1200
WARNING: All log messages before absl::InitializeLog() is called are written to STDERR
I0000 00:00:1791497315.891927   11800 port.cc:153] oneDNN custom operations are on. You may see slightly different numerical results due to floating-point round-off errors from different computation orders. To turn them off, set the environment variable `TF_ENABLE_ONEDNN_OPTS=0`.
WARNING: All log messages before absl::InitializeLog() is called are written to STDERR
I0000 00:00:1791497320.887802   11800 port.cc:153] oneDNN custom operations are on. You may see slightly different numerical results due to floating-point round-off errors from different computation orders. To turn them off, set the environment variable `TF_ENABLE_ONEDNN_OPTS=0`.
WARNING:tensorflow:From C:\Users\26196425\Work\MASTER~3\env\Lib\site-packages\keras\src\backend\common\global_state.py:82: The name tf.reset_default_graph is deprecated. Please use tf.compat.v1.reset_default_graph instead.

WARNING:tensorflow:TensorFlow GPU support is not available on native Windows for TensorFlow >= 2.11. Even if CUDA/cuDNN are installed, GPU will not be used. Please use WSL2 or the TensorFlow-DirectML plugin.
WARNING:tensorflow:5 out of the last 7 calls to <function TensorFlowTrainer.make_predict_function.<locals>.one_step_on_data_distributed at 0x0000028453A67920> triggered tf.function retracing. Tracing is expensive and the excessive number of tracings could be due to (1) creating @tf.function repeatedly in a loop, (2) passing tensors with different shapes, (3) passing Python objects instead of tensors. For (1), please define your @tf.function outside of the loop. For (2), @tf.function has reduce_retracing=True option that can avoid unnecessary retracing. For (3), please refer to https://www.tensorflow.org/guide/function#controlling_retracing and https://www.tensorflow.org/api_docs/python/tf/function for  more details.
WARNING:tensorflow:6 out of the last 8 calls to <function TensorFlowTrainer.make_predict_function.<locals>.one_step_on_data_distributed at 0x0000028453A67920> triggered tf.function retracing. Tracing is expensive and the excessive number of tracings could be due to (1) creating @tf.function repeatedly in a loop, (2) passing tensors with different shapes, (3) passing Python objects instead of tensors. For (1), please define your @tf.function outside of the loop. For (2), @tf.function has reduce_retracing=True option that can avoid unnecessary retracing. For (3), please refer to https://www.tensorflow.org/guide/function#controlling_retracing and https://www.tensorflow.org/api_docs/python/tf/function for  more details.
grid_20_rmsprop_early_stop_s2032: 747 s, epochs used 86 58 81 198 499 399 500 499 500 499 499 500 499 500 92 493 78 107 11, loss 146347.5 (homogeneous 146289.3)
grid_20-20-15_adagrad_early_stop_s2032: 974 s, epochs used 17 244 234 370 500 500 500 500 500 500 500 458 500 500 500 500 34 500 500, loss 145771.0 (homogeneous 146289.3)
grid_20-15-10_adadelta_early_stop_s2032: 356 s, epochs used 35 99 94 123 44 81 139 140 141 142 142 140 141 140 140 141 22 143 285, loss 146874.5 (homogeneous 146289.3)
grid_20-15-10_adamax_paper_s2032: 255 s, epochs used 100 100 100 100 100 100 100 100 100 100 100 100 100 100 100 100 100 100 100, loss 146236.5 (homogeneous 146289.3)
grid_20_sgd_nesterov_paper_s2033: 243 s, epochs used 100 100 100 100 100 100 100 100 100 100 100 100 100 100 100 100 100 100 100, loss 143790.8 (homogeneous 146289.3)
grid_20_rmsprop_early_stop_s2033: 747 s, epochs used 78 72 78 163 499 499 499 500 500 102 499 89 500 500 500 89 81 89 500, loss 146123.5 (homogeneous 146289.3)
grid_20-20-15_adagrad_early_stop_s2033: 906 s, epochs used 30 500 439 144 64 500 500 500 500 500 500 500 500 500 500 500 62 500 11, loss 145360.1 (homogeneous 146289.3)
grid_20-15-10_adadelta_paper_s2033: 261 s, epochs used 100 100 100 100 100 100 100 100 100 100 100 100 100 100 100 100 100 100 100, loss 144491.9 (homogeneous 146289.3)
==== 2026-10-09 01:26:59 start baseline.nncl.grid slot 12
[1] 1200
WARNING: All log messages before absl::InitializeLog() is called are written to STDERR
I0000 00:00:1791502026.824258   11952 port.cc:153] oneDNN custom operations are on. You may see slightly different numerical results due to floating-point round-off errors from different computation orders. To turn them off, set the environment variable `TF_ENABLE_ONEDNN_OPTS=0`.
WARNING: All log messages before absl::InitializeLog() is called are written to STDERR
I0000 00:00:1791502031.120044   11952 port.cc:153] oneDNN custom operations are on. You may see slightly different numerical results due to floating-point round-off errors from different computation orders. To turn them off, set the environment variable `TF_ENABLE_ONEDNN_OPTS=0`.
WARNING:tensorflow:From C:\Users\26196425\Work\MASTER~3\env\Lib\site-packages\keras\src\backend\common\global_state.py:82: The name tf.reset_default_graph is deprecated. Please use tf.compat.v1.reset_default_graph instead.

WARNING:tensorflow:TensorFlow GPU support is not available on native Windows for TensorFlow >= 2.11. Even if CUDA/cuDNN are installed, GPU will not be used. Please use WSL2 or the TensorFlow-DirectML plugin.
WARNING:tensorflow:5 out of the last 7 calls to <function TensorFlowTrainer.make_predict_function.<locals>.one_step_on_data_distributed at 0x000002D091013A60> triggered tf.function retracing. Tracing is expensive and the excessive number of tracings could be due to (1) creating @tf.function repeatedly in a loop, (2) passing tensors with different shapes, (3) passing Python objects instead of tensors. For (1), please define your @tf.function outside of the loop. For (2), @tf.function has reduce_retracing=True option that can avoid unnecessary retracing. For (3), please refer to https://www.tensorflow.org/guide/function#controlling_retracing and https://www.tensorflow.org/api_docs/python/tf/function for  more details.
WARNING:tensorflow:6 out of the last 8 calls to <function TensorFlowTrainer.make_predict_function.<locals>.one_step_on_data_distributed at 0x000002D091013A60> triggered tf.function retracing. Tracing is expensive and the excessive number of tracings could be due to (1) creating @tf.function repeatedly in a loop, (2) passing tensors with different shapes, (3) passing Python objects instead of tensors. For (1), please define your @tf.function outside of the loop. For (2), @tf.function has reduce_retracing=True option that can avoid unnecessary retracing. For (3), please refer to https://www.tensorflow.org/guide/function#controlling_retracing and https://www.tensorflow.org/api_docs/python/tf/function for  more details.
grid_20-15-10_adamw_paper_s2033: 251 s, epochs used 100 100 100 100 100 100 100 100 100 100 100 100 100 100 100 100 100 100 100, loss 145862.9 (homogeneous 146289.3)
grid_20_sgd_paper_s2034: 234 s, epochs used 100 100 100 100 100 100 100 100 100 100 100 100 100 100 100 100 100 100 100, loss 154636.7 (homogeneous 146289.3)
grid_20_sgd_nesterov_paper_s2034: 237 s, epochs used 100 100 100 100 100 100 100 100 100 100 100 100 100 100 100 100 100 100 100, loss 143528.9 (homogeneous 146289.3)
grid_20_rmsprop_paper_s2034: 241 s, epochs used 100 100 100 100 100 100 100 100 100 100 100 100 100 100 100 100 100 100 100, loss 145497.8 (homogeneous 146289.3)
grid_20_adamw_early_stop_s2034: 1053 s, epochs used 128 500 500 500 500 500 500 500 500 500 500 500 500 500 500 500 500 500 15, loss 146507.3 (homogeneous 146289.3)
grid_20-20-15_nadam_paper_s2034: 264 s, epochs used 100 100 100 100 100 100 100 100 100 100 100 100 100 100 100 100 100 100 100, loss 145173.5 (homogeneous 146289.3)
grid_20-15-10_sgd_nesterov_early_stop_s2034: 934 s, epochs used 34 493 500 500 68 500 500 500 500 500 500 500 500 500 500 500 27 500 6, loss 145288.0 (homogeneous 146289.3)
grid_20_sgd_momentum_early_stop_s2035: 744 s, epochs used 30 51 44 91 45 500 500 500 500 500 500 500 500 500 500 500 76 42 23, loss 145652.1 (homogeneous 146289.3)
==== 2026-10-09 02:36:30 start baseline.nncl.grid slot 12
[1] 1200
WARNING: All log messages before absl::InitializeLog() is called are written to STDERR
I0000 00:00:1791506197.900772   17648 port.cc:153] oneDNN custom operations are on. You may see slightly different numerical results due to floating-point round-off errors from different computation orders. To turn them off, set the environment variable `TF_ENABLE_ONEDNN_OPTS=0`.
WARNING: All log messages before absl::InitializeLog() is called are written to STDERR
I0000 00:00:1791506202.218778   17648 port.cc:153] oneDNN custom operations are on. You may see slightly different numerical results due to floating-point round-off errors from different computation orders. To turn them off, set the environment variable `TF_ENABLE_ONEDNN_OPTS=0`.
WARNING:tensorflow:From C:\Users\26196425\Work\MASTER~3\env\Lib\site-packages\keras\src\backend\common\global_state.py:82: The name tf.reset_default_graph is deprecated. Please use tf.compat.v1.reset_default_graph instead.

WARNING:tensorflow:TensorFlow GPU support is not available on native Windows for TensorFlow >= 2.11. Even if CUDA/cuDNN are installed, GPU will not be used. Please use WSL2 or the TensorFlow-DirectML plugin.
WARNING:tensorflow:5 out of the last 7 calls to <function TensorFlowTrainer.make_predict_function.<locals>.one_step_on_data_distributed at 0x000001C8B40FFBA0> triggered tf.function retracing. Tracing is expensive and the excessive number of tracings could be due to (1) creating @tf.function repeatedly in a loop, (2) passing tensors with different shapes, (3) passing Python objects instead of tensors. For (1), please define your @tf.function outside of the loop. For (2), @tf.function has reduce_retracing=True option that can avoid unnecessary retracing. For (3), please refer to https://www.tensorflow.org/guide/function#controlling_retracing and https://www.tensorflow.org/api_docs/python/tf/function for  more details.
WARNING:tensorflow:6 out of the last 8 calls to <function TensorFlowTrainer.make_predict_function.<locals>.one_step_on_data_distributed at 0x000001C8B40FFBA0> triggered tf.function retracing. Tracing is expensive and the excessive number of tracings could be due to (1) creating @tf.function repeatedly in a loop, (2) passing tensors with different shapes, (3) passing Python objects instead of tensors. For (1), please define your @tf.function outside of the loop. For (2), @tf.function has reduce_retracing=True option that can avoid unnecessary retracing. For (3), please refer to https://www.tensorflow.org/guide/function#controlling_retracing and https://www.tensorflow.org/api_docs/python/tf/function for  more details.
grid_20_adamax_paper_s2035: 239 s, epochs used 100 100 100 100 100 100 100 100 100 100 100 100 100 100 100 100 100 100 100, loss 151801.2 (homogeneous 146289.3)
grid_20-20-15_sgd_nesterov_paper_s2035: 244 s, epochs used 100 100 100 100 100 100 100 100 100 100 100 100 100 100 100 100 100 100 100, loss 144034.0 (homogeneous 146289.3)
grid_20-20-15_rmsprop_paper_s2035: 245 s, epochs used 100 100 100 100 100 100 100 100 100 100 100 100 100 100 100 100 100 100 100, loss 136296.9 (homogeneous 146289.3)
grid_20-20-15_adamw_paper_s2035: 253 s, epochs used 100 100 100 100 100 100 100 100 100 100 100 100 100 100 100 100 100 100 100, loss 144548.0 (homogeneous 146289.3)
grid_20-15-10_sgd_paper_s2035: 232 s, epochs used 100 100 100 100 100 100 100 100 100 100 100 100 100 100 100 100 100 100 100, loss 151975.5 (homogeneous 146289.3)
grid_20-15-10_adadelta_paper_s2035: 259 s, epochs used 100 100 100 100 100 100 100 100 100 100 100 100 100 100 100 100 100 100 100, loss 144694.6 (homogeneous 146289.3)
grid_20-15-10_adamw_early_stop_s2035: 1032 s, epochs used 47 255 500 500 500 500 500 500 500 500 500 500 500 500 500 500 500 1 500, loss 153582.0 (homogeneous 146289.3)
grid_20_adamw_early_stop_s2036: 910 s, epochs used 127 296 377 141 500 500 500 500 500 500 500 500 500 500 500 500 89 110 55, loss 146466.2 (homogeneous 146289.3)
==== 2026-10-09 03:37:14 start baseline.nncl.grid slot 12
[1] 1200
WARNING: All log messages before absl::InitializeLog() is called are written to STDERR
I0000 00:00:1791509841.774792   15372 port.cc:153] oneDNN custom operations are on. You may see slightly different numerical results due to floating-point round-off errors from different computation orders. To turn them off, set the environment variable `TF_ENABLE_ONEDNN_OPTS=0`.
WARNING: All log messages before absl::InitializeLog() is called are written to STDERR
I0000 00:00:1791509846.340460   15372 port.cc:153] oneDNN custom operations are on. You may see slightly different numerical results due to floating-point round-off errors from different computation orders. To turn them off, set the environment variable `TF_ENABLE_ONEDNN_OPTS=0`.
WARNING:tensorflow:From C:\Users\26196425\Work\MASTER~3\env\Lib\site-packages\keras\src\backend\common\global_state.py:82: The name tf.reset_default_graph is deprecated. Please use tf.compat.v1.reset_default_graph instead.

WARNING:tensorflow:TensorFlow GPU support is not available on native Windows for TensorFlow >= 2.11. Even if CUDA/cuDNN are installed, GPU will not be used. Please use WSL2 or the TensorFlow-DirectML plugin.
WARNING:tensorflow:5 out of the last 7 calls to <function TensorFlowTrainer.make_predict_function.<locals>.one_step_on_data_distributed at 0x000002A9D9AB7880> triggered tf.function retracing. Tracing is expensive and the excessive number of tracings could be due to (1) creating @tf.function repeatedly in a loop, (2) passing tensors with different shapes, (3) passing Python objects instead of tensors. For (1), please define your @tf.function outside of the loop. For (2), @tf.function has reduce_retracing=True option that can avoid unnecessary retracing. For (3), please refer to https://www.tensorflow.org/guide/function#controlling_retracing and https://www.tensorflow.org/api_docs/python/tf/function for  more details.
WARNING:tensorflow:6 out of the last 8 calls to <function TensorFlowTrainer.make_predict_function.<locals>.one_step_on_data_distributed at 0x000002A9D9AB7880> triggered tf.function retracing. Tracing is expensive and the excessive number of tracings could be due to (1) creating @tf.function repeatedly in a loop, (2) passing tensors with different shapes, (3) passing Python objects instead of tensors. For (1), please define your @tf.function outside of the loop. For (2), @tf.function has reduce_retracing=True option that can avoid unnecessary retracing. For (3), please refer to https://www.tensorflow.org/guide/function#controlling_retracing and https://www.tensorflow.org/api_docs/python/tf/function for  more details.
grid_20-20-15_adamax_paper_s2036: 246 s, epochs used 100 100 100 100 100 100 100 100 100 100 100 100 100 100 100 100 100 100 100, loss 147608.7 (homogeneous 146289.3)
grid_20-15-10_sgd_momentum_early_stop_s2036: 872 s, epochs used 16 500 500 310 53 500 500 500 500 500 500 500 500 500 500 500 63 15 18, loss 145693.5 (homogeneous 146289.3)
grid_20_sgd_paper_s2037: 233 s, epochs used 100 100 100 100 100 100 100 100 100 100 100 100 100 100 100 100 100 100 100, loss 155725.3 (homogeneous 146289.3)
grid_20_adagrad_early_stop_s2037: 960 s, epochs used 62 148 374 143 500 500 500 500 500 183 500 500 500 500 500 500 500 500 500, loss 145779.2 (homogeneous 146289.3)
grid_20-20-15_adagrad_early_stop_s2037: 1005 s, epochs used 16 69 479 291 500 500 500 500 500 318 500 500 500 500 500 500 500 500 500, loss 145980.8 (homogeneous 146289.3)
grid_20-15-10_adadelta_paper_s2037: 254 s, epochs used 100 100 100 100 100 100 100 100 100 100 100 100 100 100 100 100 100 100 100, loss 128382.0 (homogeneous 146289.3)
grid_20-15-10_adam_paper_s2037: 252 s, epochs used 100 100 100 100 100 100 100 100 100 100 100 100 100 100 100 100 100 100 100, loss 145831.5 (homogeneous 146289.3)
grid_20-15-10_adamax_early_stop_s2037: 978 s, epochs used 62 500 500 500 500 500 500 500 500 500 500 500 500 500 500 500 124 46 30, loss 148060.8 (homogeneous 146289.3)
==== 2026-10-09 05:01:00 start baseline.nncl.grid slot 12
[1] 1200
WARNING: All log messages before absl::InitializeLog() is called are written to STDERR
I0000 00:00:1791514867.396281   17140 port.cc:153] oneDNN custom operations are on. You may see slightly different numerical results due to floating-point round-off errors from different computation orders. To turn them off, set the environment variable `TF_ENABLE_ONEDNN_OPTS=0`.
WARNING: All log messages before absl::InitializeLog() is called are written to STDERR
I0000 00:00:1791514871.670073   17140 port.cc:153] oneDNN custom operations are on. You may see slightly different numerical results due to floating-point round-off errors from different computation orders. To turn them off, set the environment variable `TF_ENABLE_ONEDNN_OPTS=0`.
WARNING:tensorflow:From C:\Users\26196425\Work\MASTER~3\env\Lib\site-packages\keras\src\backend\common\global_state.py:82: The name tf.reset_default_graph is deprecated. Please use tf.compat.v1.reset_default_graph instead.

WARNING:tensorflow:TensorFlow GPU support is not available on native Windows for TensorFlow >= 2.11. Even if CUDA/cuDNN are installed, GPU will not be used. Please use WSL2 or the TensorFlow-DirectML plugin.
WARNING:tensorflow:5 out of the last 7 calls to <function TensorFlowTrainer.make_predict_function.<locals>.one_step_on_data_distributed at 0x0000017307FA7B00> triggered tf.function retracing. Tracing is expensive and the excessive number of tracings could be due to (1) creating @tf.function repeatedly in a loop, (2) passing tensors with different shapes, (3) passing Python objects instead of tensors. For (1), please define your @tf.function outside of the loop. For (2), @tf.function has reduce_retracing=True option that can avoid unnecessary retracing. For (3), please refer to https://www.tensorflow.org/guide/function#controlling_retracing and https://www.tensorflow.org/api_docs/python/tf/function for  more details.
WARNING:tensorflow:6 out of the last 8 calls to <function TensorFlowTrainer.make_predict_function.<locals>.one_step_on_data_distributed at 0x0000017307FA7B00> triggered tf.function retracing. Tracing is expensive and the excessive number of tracings could be due to (1) creating @tf.function repeatedly in a loop, (2) passing tensors with different shapes, (3) passing Python objects instead of tensors. For (1), please define your @tf.function outside of the loop. For (2), @tf.function has reduce_retracing=True option that can avoid unnecessary retracing. For (3), please refer to https://www.tensorflow.org/guide/function#controlling_retracing and https://www.tensorflow.org/api_docs/python/tf/function for  more details.
grid_20_nadam_early_stop_s2038: 891 s, epochs used 158 233 358 199 174 170 500 500 500 500 500 500 500 500 500 500 179 500 135, loss 146185.3 (homogeneous 146289.3)
grid_20-20-15_nadam_paper_s2038: 266 s, epochs used 100 100 100 100 100 100 100 100 100 100 100 100 100 100 100 100 100 100 100, loss 145238.5 (homogeneous 146289.3)
grid_20-15-10_sgd_nesterov_paper_s2038: 244 s, epochs used 100 100 100 100 100 100 100 100 100 100 100 100 100 100 100 100 100 100 100, loss 144492.0 (homogeneous 146289.3)
grid_20-15-10_adam_paper_s2038: 267 s, epochs used 100 100 100 100 100 100 100 100 100 100 100 100 100 100 100 100 100 100 100, loss 145510.5 (homogeneous 146289.3)
grid_20-15-10_adamax_early_stop_s2038: 1122 s, epochs used 142 302 485 500 500 500 500 500 500 500 500 500 500 500 500 500 479 500 500, loss 145348.6 (homogeneous 146289.3)
grid_20-20-15_sgd_paper_s2039: 240 s, epochs used 100 100 100 100 100 100 100 100 100 100 100 100 100 100 100 100 100 100 100, loss 149316.4 (homogeneous 146289.3)
grid_20-20-15_adagrad_early_stop_s2039: 1042 s, epochs used 12 500 500 500 500 500 500 500 500 500 500 500 500 500 500 500 383 500 45, loss 145983.6 (homogeneous 146289.3)
grid_20-15-10_adadelta_paper_s2039: 258 s, epochs used 100 100 100 100 100 100 100 100 100 100 100 100 100 100 100 100 100 100 100, loss 142127.3 (homogeneous 146289.3)
==== 2026-10-09 06:17:15 start baseline.nncl.grid slot 12
[1] 1200
WARNING: All log messages before absl::InitializeLog() is called are written to STDERR
I0000 00:00:1791519443.133143   16832 port.cc:153] oneDNN custom operations are on. You may see slightly different numerical results due to floating-point round-off errors from different computation orders. To turn them off, set the environment variable `TF_ENABLE_ONEDNN_OPTS=0`.
WARNING: All log messages before absl::InitializeLog() is called are written to STDERR
I0000 00:00:1791519447.464906   16832 port.cc:153] oneDNN custom operations are on. You may see slightly different numerical results due to floating-point round-off errors from different computation orders. To turn them off, set the environment variable `TF_ENABLE_ONEDNN_OPTS=0`.
WARNING:tensorflow:From C:\Users\26196425\Work\MASTER~3\env\Lib\site-packages\keras\src\backend\common\global_state.py:82: The name tf.reset_default_graph is deprecated. Please use tf.compat.v1.reset_default_graph instead.

WARNING:tensorflow:TensorFlow GPU support is not available on native Windows for TensorFlow >= 2.11. Even if CUDA/cuDNN are installed, GPU will not be used. Please use WSL2 or the TensorFlow-DirectML plugin.
WARNING:tensorflow:5 out of the last 7 calls to <function TensorFlowTrainer.make_predict_function.<locals>.one_step_on_data_distributed at 0x000001DF5CBDF880> triggered tf.function retracing. Tracing is expensive and the excessive number of tracings could be due to (1) creating @tf.function repeatedly in a loop, (2) passing tensors with different shapes, (3) passing Python objects instead of tensors. For (1), please define your @tf.function outside of the loop. For (2), @tf.function has reduce_retracing=True option that can avoid unnecessary retracing. For (3), please refer to https://www.tensorflow.org/guide/function#controlling_retracing and https://www.tensorflow.org/api_docs/python/tf/function for  more details.
WARNING:tensorflow:6 out of the last 8 calls to <function TensorFlowTrainer.make_predict_function.<locals>.one_step_on_data_distributed at 0x000001DF5CBDF880> triggered tf.function retracing. Tracing is expensive and the excessive number of tracings could be due to (1) creating @tf.function repeatedly in a loop, (2) passing tensors with different shapes, (3) passing Python objects instead of tensors. For (1), please define your @tf.function outside of the loop. For (2), @tf.function has reduce_retracing=True option that can avoid unnecessary retracing. For (3), please refer to https://www.tensorflow.org/guide/function#controlling_retracing and https://www.tensorflow.org/api_docs/python/tf/function for  more details.
grid_20-15-10_adam_paper_s2039: 251 s, epochs used 100 100 100 100 100 100 100 100 100 100 100 100 100 100 100 100 100 100 100, loss 146331.0 (homogeneous 146289.3)
grid_20-15-10_nadam_paper_s2039: 263 s, epochs used 100 100 100 100 100 100 100 100 100 100 100 100 100 100 100 100 100 100 100, loss 146490.4 (homogeneous 146289.3)
grid_20_sgd_nesterov_early_stop_s2040: 822 s, epochs used 16 430 500 219 53 93 500 500 500 211 500 500 500 500 500 500 500 46 41, loss 146439.5 (homogeneous 146289.3)
grid_20-20-15_sgd_paper_s2040: 233 s, epochs used 100 100 100 100 100 100 100 100 100 100 100 100 100 100 100 100 100 100 100, loss 147209.1 (homogeneous 146289.3)
grid_20-20-15_adagrad_paper_s2040: 249 s, epochs used 100 100 100 100 100 100 100 100 100 100 100 100 100 100 100 100 100 100 100, loss 120205.1 (homogeneous 146289.3)
grid_20-20-15_rmsprop_early_stop_s2040: 272 s, epochs used 46 47 71 55 106 88 89 131 52 88 42 41 110 124 159 138 134 101 53, loss 145528.2 (homogeneous 146289.3)
grid_20-20-15_adamax_early_stop_s2040: 944 s, epochs used 93 144 247 119 500 500 500 500 500 500 500 500 500 500 500 500 73 500 264, loss 145972.5 (homogeneous 146289.3)
grid_20_sgd_paper_s2041: 237 s, epochs used 100 100 100 100 100 100 100 100 100 100 100 100 100 100 100 100 100 100 100, loss 149986.6 (homogeneous 146289.3)
==== 2026-10-09 07:15:45 start baseline.nncl.grid slot 12
[1] 1200
WARNING: All log messages before absl::InitializeLog() is called are written to STDERR
I0000 00:00:1791522952.366135   18448 port.cc:153] oneDNN custom operations are on. You may see slightly different numerical results due to floating-point round-off errors from different computation orders. To turn them off, set the environment variable `TF_ENABLE_ONEDNN_OPTS=0`.
WARNING: All log messages before absl::InitializeLog() is called are written to STDERR
I0000 00:00:1791522956.626072   18448 port.cc:153] oneDNN custom operations are on. You may see slightly different numerical results due to floating-point round-off errors from different computation orders. To turn them off, set the environment variable `TF_ENABLE_ONEDNN_OPTS=0`.
WARNING:tensorflow:From C:\Users\26196425\Work\MASTER~3\env\Lib\site-packages\keras\src\backend\common\global_state.py:82: The name tf.reset_default_graph is deprecated. Please use tf.compat.v1.reset_default_graph instead.

WARNING:tensorflow:TensorFlow GPU support is not available on native Windows for TensorFlow >= 2.11. Even if CUDA/cuDNN are installed, GPU will not be used. Please use WSL2 or the TensorFlow-DirectML plugin.
WARNING:tensorflow:5 out of the last 7 calls to <function TensorFlowTrainer.make_predict_function.<locals>.one_step_on_data_distributed at 0x000002241042F740> triggered tf.function retracing. Tracing is expensive and the excessive number of tracings could be due to (1) creating @tf.function repeatedly in a loop, (2) passing tensors with different shapes, (3) passing Python objects instead of tensors. For (1), please define your @tf.function outside of the loop. For (2), @tf.function has reduce_retracing=True option that can avoid unnecessary retracing. For (3), please refer to https://www.tensorflow.org/guide/function#controlling_retracing and https://www.tensorflow.org/api_docs/python/tf/function for  more details.
WARNING:tensorflow:6 out of the last 8 calls to <function TensorFlowTrainer.make_predict_function.<locals>.one_step_on_data_distributed at 0x000002241042F740> triggered tf.function retracing. Tracing is expensive and the excessive number of tracings could be due to (1) creating @tf.function repeatedly in a loop, (2) passing tensors with different shapes, (3) passing Python objects instead of tensors. For (1), please define your @tf.function outside of the loop. For (2), @tf.function has reduce_retracing=True option that can avoid unnecessary retracing. For (3), please refer to https://www.tensorflow.org/guide/function#controlling_retracing and https://www.tensorflow.org/api_docs/python/tf/function for  more details.
grid_20_adagrad_paper_s2041: 232 s, epochs used 100 100 100 100 100 100 100 100 100 100 100 100 100 100 100 100 100 100 100, loss 146561.2 (homogeneous 146289.3)
grid_20_adam_paper_s2041: 241 s, epochs used 100 100 100 100 100 100 100 100 100 100 100 100 100 100 100 100 100 100 100, loss 159312.9 (homogeneous 146289.3)
grid_20_adamax_paper_s2041: 246 s, epochs used 100 100 100 100 100 100 100 100 100 100 100 100 100 100 100 100 100 100 100, loss 173845.3 (homogeneous 146289.3)
grid_20-20-15_sgd_momentum_paper_s2041: 240 s, epochs used 100 100 100 100 100 100 100 100 100 100 100 100 100 100 100 100 100 100 100, loss 144687.0 (homogeneous 146289.3)
grid_20-20-15_adagrad_early_stop_s2041: 1070 s, epochs used 17 149 428 500 500 500 500 500 500 500 500 500 500 500 500 500 500 500 500, loss 146300.5 (homogeneous 146289.3)
grid_20-15-10_rmsprop_paper_s2041: 246 s, epochs used 100 100 100 100 100 100 100 100 100 100 100 100 100 100 100 100 100 100 100, loss 142919.5 (homogeneous 146289.3)
grid_20-15-10_adamw_paper_s2041: 254 s, epochs used 100 100 100 100 100 100 100 100 100 100 100 100 100 100 100 100 100 100 100, loss 145542.4 (homogeneous 146289.3)
grid_20-15-10_nadam_early_stop_s2041: 783 s, epochs used 59 113 128 96 485 500 500 500 500 48 500 462 500 500 500 500 79 30 49, loss 146974.4 (homogeneous 146289.3)
==== 2026-10-09 08:14:27 start baseline.nncl.grid slot 12
[1] 1200
WARNING: All log messages before absl::InitializeLog() is called are written to STDERR
I0000 00:00:1791526475.112643    2976 port.cc:153] oneDNN custom operations are on. You may see slightly different numerical results due to floating-point round-off errors from different computation orders. To turn them off, set the environment variable `TF_ENABLE_ONEDNN_OPTS=0`.
WARNING: All log messages before absl::InitializeLog() is called are written to STDERR
I0000 00:00:1791526479.520568    2976 port.cc:153] oneDNN custom operations are on. You may see slightly different numerical results due to floating-point round-off errors from different computation orders. To turn them off, set the environment variable `TF_ENABLE_ONEDNN_OPTS=0`.
WARNING:tensorflow:From C:\Users\26196425\Work\MASTER~3\env\Lib\site-packages\keras\src\backend\common\global_state.py:82: The name tf.reset_default_graph is deprecated. Please use tf.compat.v1.reset_default_graph instead.

WARNING:tensorflow:TensorFlow GPU support is not available on native Windows for TensorFlow >= 2.11. Even if CUDA/cuDNN are installed, GPU will not be used. Please use WSL2 or the TensorFlow-DirectML plugin.
WARNING:tensorflow:5 out of the last 7 calls to <function TensorFlowTrainer.make_predict_function.<locals>.one_step_on_data_distributed at 0x00000221DC1A3B00> triggered tf.function retracing. Tracing is expensive and the excessive number of tracings could be due to (1) creating @tf.function repeatedly in a loop, (2) passing tensors with different shapes, (3) passing Python objects instead of tensors. For (1), please define your @tf.function outside of the loop. For (2), @tf.function has reduce_retracing=True option that can avoid unnecessary retracing. For (3), please refer to https://www.tensorflow.org/guide/function#controlling_retracing and https://www.tensorflow.org/api_docs/python/tf/function for  more details.
WARNING:tensorflow:6 out of the last 8 calls to <function TensorFlowTrainer.make_predict_function.<locals>.one_step_on_data_distributed at 0x00000221DC1A3B00> triggered tf.function retracing. Tracing is expensive and the excessive number of tracings could be due to (1) creating @tf.function repeatedly in a loop, (2) passing tensors with different shapes, (3) passing Python objects instead of tensors. For (1), please define your @tf.function outside of the loop. For (2), @tf.function has reduce_retracing=True option that can avoid unnecessary retracing. For (3), please refer to https://www.tensorflow.org/guide/function#controlling_retracing and https://www.tensorflow.org/api_docs/python/tf/function for  more details.
grid_20_nadam_early_stop_s2042: 1002 s, epochs used 105 344 318 494 500 500 500 500 500 500 500 500 500 500 500 500 500 500 1, loss 148068.2 (homogeneous 146289.3)
grid_20-15-10_sgd_early_stop_s2042: 1081 s, epochs used 149 500 500 500 500 500 500 500 500 500 500 500 500 500 500 500 358 500 500, loss 146360.3 (homogeneous 146289.3)
grid_20_sgd_nesterov_early_stop_s2043: 929 s, epochs used 22 36 499 500 500 500 500 500 500 500 500 500 500 500 500 500 500 12 33, loss 146611.3 (homogeneous 146289.3)
grid_20-20-15_sgd_nesterov_paper_s2043: 246 s, epochs used 100 100 100 100 100 100 100 100 100 100 100 100 100 100 100 100 100 100 100, loss 136979.2 (homogeneous 146289.3)
grid_20-20-15_adadelta_early_stop_s2043: 348 s, epochs used 37 84 92 122 49 136 138 137 137 139 139 140 138 139 138 142 156 139 23, loss 146564.9 (homogeneous 146289.3)
grid_20-20-15_adamax_early_stop_s2043: 967 s, epochs used 85 500 272 500 124 500 500 500 500 500 500 500 500 500 500 500 158 500 62, loss 146563.7 (homogeneous 146289.3)
grid_20-15-10_nadam_early_stop_s2043: 914 s, epochs used 91 93 273 240 500 500 500 500 500 129 500 500 500 500 500 500 156 500 165, loss 146221.2 (homogeneous 146289.3)
grid_20_nadam_paper_s2044: 251 s, epochs used 100 100 100 100 100 100 100 100 100 100 100 100 100 100 100 100 100 100 100, loss 155980.7 (homogeneous 146289.3)
==== 2026-10-09 09:53:43 start baseline.nncl.grid slot 12
[1] 1200
WARNING: All log messages before absl::InitializeLog() is called are written to STDERR
I0000 00:00:1791532430.448931    9896 port.cc:153] oneDNN custom operations are on. You may see slightly different numerical results due to floating-point round-off errors from different computation orders. To turn them off, set the environment variable `TF_ENABLE_ONEDNN_OPTS=0`.
WARNING: All log messages before absl::InitializeLog() is called are written to STDERR
I0000 00:00:1791532434.853104    9896 port.cc:153] oneDNN custom operations are on. You may see slightly different numerical results due to floating-point round-off errors from different computation orders. To turn them off, set the environment variable `TF_ENABLE_ONEDNN_OPTS=0`.
WARNING:tensorflow:From C:\Users\26196425\Work\MASTER~3\env\Lib\site-packages\keras\src\backend\common\global_state.py:82: The name tf.reset_default_graph is deprecated. Please use tf.compat.v1.reset_default_graph instead.

WARNING:tensorflow:TensorFlow GPU support is not available on native Windows for TensorFlow >= 2.11. Even if CUDA/cuDNN are installed, GPU will not be used. Please use WSL2 or the TensorFlow-DirectML plugin.
WARNING:tensorflow:5 out of the last 7 calls to <function TensorFlowTrainer.make_predict_function.<locals>.one_step_on_data_distributed at 0x000001A179FA44A0> triggered tf.function retracing. Tracing is expensive and the excessive number of tracings could be due to (1) creating @tf.function repeatedly in a loop, (2) passing tensors with different shapes, (3) passing Python objects instead of tensors. For (1), please define your @tf.function outside of the loop. For (2), @tf.function has reduce_retracing=True option that can avoid unnecessary retracing. For (3), please refer to https://www.tensorflow.org/guide/function#controlling_retracing and https://www.tensorflow.org/api_docs/python/tf/function for  more details.
WARNING:tensorflow:6 out of the last 8 calls to <function TensorFlowTrainer.make_predict_function.<locals>.one_step_on_data_distributed at 0x000001A179FA44A0> triggered tf.function retracing. Tracing is expensive and the excessive number of tracings could be due to (1) creating @tf.function repeatedly in a loop, (2) passing tensors with different shapes, (3) passing Python objects instead of tensors. For (1), please define your @tf.function outside of the loop. For (2), @tf.function has reduce_retracing=True option that can avoid unnecessary retracing. For (3), please refer to https://www.tensorflow.org/guide/function#controlling_retracing and https://www.tensorflow.org/api_docs/python/tf/function for  more details.
grid_20-20-15_sgd_nesterov_early_stop_s2044: 720 s, epochs used 24 500 500 252 68 87 500 500 500 50 500 69 500 500 71 500 500 48 31, loss 145463.5 (homogeneous 146289.3)
grid_20-15-10_sgd_early_stop_s2044: 1092 s, epochs used 100 500 500 500 500 500 500 500 500 500 500 500 500 500 500 500 500 500 500, loss 147336.0 (homogeneous 146289.3)
grid_20_sgd_momentum_early_stop_s2045: 841 s, epochs used 15 51 67 71 500 500 500 500 500 45 500 500 500 500 500 500 312 500 15, loss 147415.2 (homogeneous 146289.3)
grid_20_nadam_paper_s2045: 258 s, epochs used 100 100 100 100 100 100 100 100 100 100 100 100 100 100 100 100 100 100 100, loss 149595.8 (homogeneous 146289.3)
grid_20-20-15_sgd_nesterov_early_stop_s2045: 933 s, epochs used 14 500 500 91 76 500 500 500 500 21 500 500 500 500 500 500 79 500 96, loss 146931.1 (homogeneous 146289.3)
grid_20-15-10_sgd_nesterov_paper_s2045: 262 s, epochs used 100 100 100 100 100 100 100 100 100 100 100 100 100 100 100 100 100 100 100, loss 144732.2 (homogeneous 146289.3)
grid_20-15-10_rmsprop_paper_s2045: 250 s, epochs used 100 100 100 100 100 100 100 100 100 100 100 100 100 100 100 100 100 100 100, loss 142754.6 (homogeneous 146289.3)
grid_20-15-10_adamw_early_stop_s2045: 708 s, epochs used 82 245 198 94 42 54 500 500 500 52 500 500 500 500 500 500 19 40 43, loss 146128.5 (homogeneous 146289.3)
