==== 2026-10-09 11:17:29 start baseline.nncl.cl_grid slot 6
[1] 1200
WARNING: All log messages before absl::InitializeLog() is called are written to STDERR
I0000 00:00:1791537455.872204   14612 port.cc:153] oneDNN custom operations are on. You may see slightly different numerical results due to floating-point round-off errors from different computation orders. To turn them off, set the environment variable `TF_ENABLE_ONEDNN_OPTS=0`.
WARNING: All log messages before absl::InitializeLog() is called are written to STDERR
I0000 00:00:1791537459.693467   14612 port.cc:153] oneDNN custom operations are on. You may see slightly different numerical results due to floating-point round-off errors from different computation orders. To turn them off, set the environment variable `TF_ENABLE_ONEDNN_OPTS=0`.
WARNING:tensorflow:From C:\Users\26196425\Work\MASTER~3\env\Lib\site-packages\keras\src\backend\common\global_state.py:82: The name tf.reset_default_graph is deprecated. Please use tf.compat.v1.reset_default_graph instead.

WARNING:tensorflow:TensorFlow GPU support is not available on native Windows for TensorFlow >= 2.11. Even if CUDA/cuDNN are installed, GPU will not be used. Please use WSL2 or the TensorFlow-DirectML plugin.
WARNING:tensorflow:5 out of the last 7 calls to <function TensorFlowTrainer.make_predict_function.<locals>.one_step_on_data_distributed at 0x0000018348B07880> triggered tf.function retracing. Tracing is expensive and the excessive number of tracings could be due to (1) creating @tf.function repeatedly in a loop, (2) passing tensors with different shapes, (3) passing Python objects instead of tensors. For (1), please define your @tf.function outside of the loop. For (2), @tf.function has reduce_retracing=True option that can avoid unnecessary retracing. For (3), please refer to https://www.tensorflow.org/guide/function#controlling_retracing and https://www.tensorflow.org/api_docs/python/tf/function for  more details.
WARNING:tensorflow:6 out of the last 8 calls to <function TensorFlowTrainer.make_predict_function.<locals>.one_step_on_data_distributed at 0x0000018348B07880> triggered tf.function retracing. Tracing is expensive and the excessive number of tracings could be due to (1) creating @tf.function repeatedly in a loop, (2) passing tensors with different shapes, (3) passing Python objects instead of tensors. For (1), please define your @tf.function outside of the loop. For (2), @tf.function has reduce_retracing=True option that can avoid unnecessary retracing. For (3), please refer to https://www.tensorflow.org/guide/function#controlling_retracing and https://www.tensorflow.org/api_docs/python/tf/function for  more details.
clgrid_20_adadelta_cl_paper_s2026: 251 s, epochs used 100 100 100 100 100 100 100 100 100 100 100 100 100 100 100 100 100 100 100, loss 146540.3 (homogeneous 146289.3)
clgrid_20_adamax_cl_paper_s2026: 247 s, epochs used 100 100 100 100 100 100 100 100 100 100 100 100 100 100 100 100 100 100 100, loss 144691.5 (homogeneous 146289.3)
clgrid_20-20-15_adadelta_cl_start_s2026: 151 s, epochs used 7 46 90 19 19 27 136 120 4 23 0 48 1 0 0 0 0 0 0, loss 145787.5 (homogeneous 146289.3)
clgrid_20-20-15_adamw_cl_paper_s2026: 263 s, epochs used 100 100 100 100 100 100 100 100 100 100 100 100 100 100 100 100 100 100 100, loss 141963.8 (homogeneous 146289.3)
clgrid_20-15-10_adadelta_cl_paper_s2026: 259 s, epochs used 100 100 100 100 100 100 100 100 100 100 100 100 100 100 100 100 100 100 100, loss 141594.9 (homogeneous 146289.3)
clgrid_20-15-10_adamax_cl_start_s2026: 204 s, epochs used 3 70 96 68 282 68 55 55 1 120 0 6 30 0 0 0 1 0 0, loss 145880.0 (homogeneous 146289.3)
clgrid_20_adadelta_cl_paper_s2027: 248 s, epochs used 100 100 100 100 100 100 100 100 100 100 100 100 100 100 100 100 100 100 100, loss 146363.5 (homogeneous 146289.3)
clgrid_20-20-15_sgd_momentum_cl_paper_s2027: 246 s, epochs used 100 100 100 100 100 100 100 100 100 100 100 100 100 100 100 100 100 100 100, loss 145011.4 (homogeneous 146289.3)
==== 2026-10-09 11:52:45 start baseline.nncl.cl_grid slot 6
[1] 1200
WARNING: All log messages before absl::InitializeLog() is called are written to STDERR
I0000 00:00:1791539572.296224    2248 port.cc:153] oneDNN custom operations are on. You may see slightly different numerical results due to floating-point round-off errors from different computation orders. To turn them off, set the environment variable `TF_ENABLE_ONEDNN_OPTS=0`.
WARNING: All log messages before absl::InitializeLog() is called are written to STDERR
I0000 00:00:1791539576.752171    2248 port.cc:153] oneDNN custom operations are on. You may see slightly different numerical results due to floating-point round-off errors from different computation orders. To turn them off, set the environment variable `TF_ENABLE_ONEDNN_OPTS=0`.
WARNING:tensorflow:From C:\Users\26196425\Work\MASTER~3\env\Lib\site-packages\keras\src\backend\common\global_state.py:82: The name tf.reset_default_graph is deprecated. Please use tf.compat.v1.reset_default_graph instead.

WARNING:tensorflow:TensorFlow GPU support is not available on native Windows for TensorFlow >= 2.11. Even if CUDA/cuDNN are installed, GPU will not be used. Please use WSL2 or the TensorFlow-DirectML plugin.
WARNING:tensorflow:5 out of the last 7 calls to <function TensorFlowTrainer.make_predict_function.<locals>.one_step_on_data_distributed at 0x000001A38C4DB740> triggered tf.function retracing. Tracing is expensive and the excessive number of tracings could be due to (1) creating @tf.function repeatedly in a loop, (2) passing tensors with different shapes, (3) passing Python objects instead of tensors. For (1), please define your @tf.function outside of the loop. For (2), @tf.function has reduce_retracing=True option that can avoid unnecessary retracing. For (3), please refer to https://www.tensorflow.org/guide/function#controlling_retracing and https://www.tensorflow.org/api_docs/python/tf/function for  more details.
WARNING:tensorflow:6 out of the last 8 calls to <function TensorFlowTrainer.make_predict_function.<locals>.one_step_on_data_distributed at 0x000001A38C4DB740> triggered tf.function retracing. Tracing is expensive and the excessive number of tracings could be due to (1) creating @tf.function repeatedly in a loop, (2) passing tensors with different shapes, (3) passing Python objects instead of tensors. For (1), please define your @tf.function outside of the loop. For (2), @tf.function has reduce_retracing=True option that can avoid unnecessary retracing. For (3), please refer to https://www.tensorflow.org/guide/function#controlling_retracing and https://www.tensorflow.org/api_docs/python/tf/function for  more details.
clgrid_20-20-15_adam_cl_start_s2027: 146 s, epochs used 10 77 52 33 40 29 33 46 0 48 0 1 18 2 0 0 0 0 0, loss 145781.2 (homogeneous 146289.3)
clgrid_20-20-15_nadam_cl_start_s2027: 151 s, epochs used 10 77 52 32 39 27 48 48 2 44 2 100 21 3 0 5 0 0 0, loss 145789.6 (homogeneous 146289.3)
clgrid_20-15-10_adadelta_cl_paper_s2027: 255 s, epochs used 100 100 100 100 100 100 100 100 100 100 100 100 100 100 100 100 100 100 100, loss 144160.1 (homogeneous 146289.3)
clgrid_20-15-10_adamax_cl_start_s2027: 205 s, epochs used 0 134 87 62 299 64 54 86 1 76 0 24 11 11 0 0 0 0 0, loss 145854.8 (homogeneous 146289.3)
clgrid_20_adagrad_cl_start_s2028: 391 s, epochs used 0 151 356 44 31 500 90 500 2 500 2 29 500 1 0 0 0 0 2, loss 145978.0 (homogeneous 146289.3)
clgrid_20-20-15_sgd_nesterov_cl_start_s2028: 506 s, epochs used 0 500 500 279 500 40 500 500 6 28 0 268 500 31 0 0 0 0 0, loss 145971.0 (homogeneous 146289.3)
clgrid_20-15-10_sgd_nesterov_cl_start_s2028: 444 s, epochs used 11 460 500 332 234 500 500 500 0 6 0 89 0 26 0 0 0 5 9, loss 145817.2 (homogeneous 146289.3)
clgrid_20_adagrad_cl_paper_s2029: 246 s, epochs used 100 100 100 100 100 100 100 100 100 100 100 100 100 100 100 100 100 100 100, loss 144421.1 (homogeneous 146289.3)
==== 2026-10-09 12:36:07 start baseline.nncl.cl_grid slot 6
[1] 1200
WARNING: All log messages before absl::InitializeLog() is called are written to STDERR
I0000 00:00:1791542174.297492   18052 port.cc:153] oneDNN custom operations are on. You may see slightly different numerical results due to floating-point round-off errors from different computation orders. To turn them off, set the environment variable `TF_ENABLE_ONEDNN_OPTS=0`.
WARNING: All log messages before absl::InitializeLog() is called are written to STDERR
I0000 00:00:1791542178.291125   18052 port.cc:153] oneDNN custom operations are on. You may see slightly different numerical results due to floating-point round-off errors from different computation orders. To turn them off, set the environment variable `TF_ENABLE_ONEDNN_OPTS=0`.
WARNING:tensorflow:From C:\Users\26196425\Work\MASTER~3\env\Lib\site-packages\keras\src\backend\common\global_state.py:82: The name tf.reset_default_graph is deprecated. Please use tf.compat.v1.reset_default_graph instead.

WARNING:tensorflow:TensorFlow GPU support is not available on native Windows for TensorFlow >= 2.11. Even if CUDA/cuDNN are installed, GPU will not be used. Please use WSL2 or the TensorFlow-DirectML plugin.
WARNING:tensorflow:5 out of the last 7 calls to <function TensorFlowTrainer.make_predict_function.<locals>.one_step_on_data_distributed at 0x000001F6017E5580> triggered tf.function retracing. Tracing is expensive and the excessive number of tracings could be due to (1) creating @tf.function repeatedly in a loop, (2) passing tensors with different shapes, (3) passing Python objects instead of tensors. For (1), please define your @tf.function outside of the loop. For (2), @tf.function has reduce_retracing=True option that can avoid unnecessary retracing. For (3), please refer to https://www.tensorflow.org/guide/function#controlling_retracing and https://www.tensorflow.org/api_docs/python/tf/function for  more details.
WARNING:tensorflow:6 out of the last 8 calls to <function TensorFlowTrainer.make_predict_function.<locals>.one_step_on_data_distributed at 0x000001F6017E5580> triggered tf.function retracing. Tracing is expensive and the excessive number of tracings could be due to (1) creating @tf.function repeatedly in a loop, (2) passing tensors with different shapes, (3) passing Python objects instead of tensors. For (1), please define your @tf.function outside of the loop. For (2), @tf.function has reduce_retracing=True option that can avoid unnecessary retracing. For (3), please refer to https://www.tensorflow.org/guide/function#controlling_retracing and https://www.tensorflow.org/api_docs/python/tf/function for  more details.
clgrid_20-20-15_sgd_cl_paper_s2029: 237 s, epochs used 100 100 100 100 100 100 100 100 100 100 100 100 100 100 100 100 100 100 100, loss 145765.7 (homogeneous 146289.3)
clgrid_20-20-15_rmsprop_cl_start_s2029: 178 s, epochs used 0 100 51 7 455 18 70 43 0 2 0 42 16 8 4 0 0 0 0, loss 145888.7 (homogeneous 146289.3)
clgrid_20-20-15_adamax_cl_start_s2029: 140 s, epochs used 0 130 70 12 37 18 45 32 1 7 1 23 21 4 0 0 0 0 0, loss 145929.8 (homogeneous 146289.3)
clgrid_20-15-10_sgd_nesterov_cl_start_s2029: 251 s, epochs used 0 6 32 16 500 254 17 500 0 32 0 117 15 79 0 0 0 0 16, loss 146237.2 (homogeneous 146289.3)
clgrid_20-15-10_adamax_cl_paper_s2029: 256 s, epochs used 100 100 100 100 100 100 100 100 100 100 100 100 100 100 100 100 100 100 100, loss 144918.4 (homogeneous 146289.3)
clgrid_20_rmsprop_cl_paper_s2030: 241 s, epochs used 100 100 100 100 100 100 100 100 100 100 100 100 100 100 100 100 100 100 100, loss 144361.9 (homogeneous 146289.3)
clgrid_20-20-15_sgd_cl_start_s2030: 640 s, epochs used 0 500 500 500 500 500 500 500 0 465 0 469 500 7 16 0 0 0 27, loss 146153.2 (homogeneous 146289.3)
clgrid_20-15-10_adadelta_cl_paper_s2030: 258 s, epochs used 100 100 100 100 100 100 100 100 100 100 100 100 100 100 100 100 100 100 100, loss 152386.1 (homogeneous 146289.3)
==== 2026-10-09 13:16:22 start baseline.nncl.cl_grid slot 6
[1] 1200
WARNING: All log messages before absl::InitializeLog() is called are written to STDERR
I0000 00:00:1791544589.128116    8236 port.cc:153] oneDNN custom operations are on. You may see slightly different numerical results due to floating-point round-off errors from different computation orders. To turn them off, set the environment variable `TF_ENABLE_ONEDNN_OPTS=0`.
WARNING: All log messages before absl::InitializeLog() is called are written to STDERR
I0000 00:00:1791544593.065699    8236 port.cc:153] oneDNN custom operations are on. You may see slightly different numerical results due to floating-point round-off errors from different computation orders. To turn them off, set the environment variable `TF_ENABLE_ONEDNN_OPTS=0`.
WARNING:tensorflow:From C:\Users\26196425\Work\MASTER~3\env\Lib\site-packages\keras\src\backend\common\global_state.py:82: The name tf.reset_default_graph is deprecated. Please use tf.compat.v1.reset_default_graph instead.

WARNING:tensorflow:TensorFlow GPU support is not available on native Windows for TensorFlow >= 2.11. Even if CUDA/cuDNN are installed, GPU will not be used. Please use WSL2 or the TensorFlow-DirectML plugin.
WARNING:tensorflow:5 out of the last 7 calls to <function TensorFlowTrainer.make_predict_function.<locals>.one_step_on_data_distributed at 0x000001C17A79F740> triggered tf.function retracing. Tracing is expensive and the excessive number of tracings could be due to (1) creating @tf.function repeatedly in a loop, (2) passing tensors with different shapes, (3) passing Python objects instead of tensors. For (1), please define your @tf.function outside of the loop. For (2), @tf.function has reduce_retracing=True option that can avoid unnecessary retracing. For (3), please refer to https://www.tensorflow.org/guide/function#controlling_retracing and https://www.tensorflow.org/api_docs/python/tf/function for  more details.
WARNING:tensorflow:6 out of the last 8 calls to <function TensorFlowTrainer.make_predict_function.<locals>.one_step_on_data_distributed at 0x000001C17A79F740> triggered tf.function retracing. Tracing is expensive and the excessive number of tracings could be due to (1) creating @tf.function repeatedly in a loop, (2) passing tensors with different shapes, (3) passing Python objects instead of tensors. For (1), please define your @tf.function outside of the loop. For (2), @tf.function has reduce_retracing=True option that can avoid unnecessary retracing. For (3), please refer to https://www.tensorflow.org/guide/function#controlling_retracing and https://www.tensorflow.org/api_docs/python/tf/function for  more details.
clgrid_20-15-10_adamax_cl_start_s2030: 173 s, epochs used 0 52 99 42 211 82 128 53 1 26 1 52 19 8 0 0 1 0 0, loss 145962.3 (homogeneous 146289.3)
clgrid_20_adadelta_cl_paper_s2031: 245 s, epochs used 100 100 100 100 100 100 100 100 100 100 100 100 100 100 100 100 100 100 100, loss 145971.8 (homogeneous 146289.3)
clgrid_20_nadam_cl_paper_s2031: 248 s, epochs used 100 100 100 100 100 100 100 100 100 100 100 100 100 100 100 100 100 100 100, loss 144565.3 (homogeneous 146289.3)
clgrid_20-20-15_rmsprop_cl_start_s2031: 164 s, epochs used 0 74 68 28 23 82 126 133 2 1 0 3 173 0 0 0 0 0 0, loss 145919.0 (homogeneous 146289.3)
clgrid_20-20-15_adamax_cl_paper_s2031: 260 s, epochs used 100 100 100 100 100 100 100 100 100 100 100 100 100 100 100 100 100 100 100, loss 144502.7 (homogeneous 146289.3)
clgrid_20-15-10_rmsprop_cl_paper_s2031: 252 s, epochs used 100 100 100 100 100 100 100 100 100 100 100 100 100 100 100 100 100 100 100, loss 143685.2 (homogeneous 146289.3)
clgrid_20_sgd_cl_paper_s2032: 237 s, epochs used 100 100 100 100 100 100 100 100 100 100 100 100 100 100 100 100 100 100 100, loss 145614.5 (homogeneous 146289.3)
clgrid_20_adam_cl_paper_s2032: 242 s, epochs used 100 100 100 100 100 100 100 100 100 100 100 100 100 100 100 100 100 100 100, loss 144657.8 (homogeneous 146289.3)
==== 2026-10-09 13:50:36 start baseline.nncl.cl_grid slot 6
[1] 1200
WARNING: All log messages before absl::InitializeLog() is called are written to STDERR
I0000 00:00:1791546643.635872   19132 port.cc:153] oneDNN custom operations are on. You may see slightly different numerical results due to floating-point round-off errors from different computation orders. To turn them off, set the environment variable `TF_ENABLE_ONEDNN_OPTS=0`.
WARNING: All log messages before absl::InitializeLog() is called are written to STDERR
I0000 00:00:1791546647.650529   19132 port.cc:153] oneDNN custom operations are on. You may see slightly different numerical results due to floating-point round-off errors from different computation orders. To turn them off, set the environment variable `TF_ENABLE_ONEDNN_OPTS=0`.
WARNING:tensorflow:From C:\Users\26196425\Work\MASTER~3\env\Lib\site-packages\keras\src\backend\common\global_state.py:82: The name tf.reset_default_graph is deprecated. Please use tf.compat.v1.reset_default_graph instead.

WARNING:tensorflow:TensorFlow GPU support is not available on native Windows for TensorFlow >= 2.11. Even if CUDA/cuDNN are installed, GPU will not be used. Please use WSL2 or the TensorFlow-DirectML plugin.
WARNING:tensorflow:5 out of the last 7 calls to <function TensorFlowTrainer.make_predict_function.<locals>.one_step_on_data_distributed at 0x000001B7225B0360> triggered tf.function retracing. Tracing is expensive and the excessive number of tracings could be due to (1) creating @tf.function repeatedly in a loop, (2) passing tensors with different shapes, (3) passing Python objects instead of tensors. For (1), please define your @tf.function outside of the loop. For (2), @tf.function has reduce_retracing=True option that can avoid unnecessary retracing. For (3), please refer to https://www.tensorflow.org/guide/function#controlling_retracing and https://www.tensorflow.org/api_docs/python/tf/function for  more details.
WARNING:tensorflow:6 out of the last 8 calls to <function TensorFlowTrainer.make_predict_function.<locals>.one_step_on_data_distributed at 0x000001B7225B0360> triggered tf.function retracing. Tracing is expensive and the excessive number of tracings could be due to (1) creating @tf.function repeatedly in a loop, (2) passing tensors with different shapes, (3) passing Python objects instead of tensors. For (1), please define your @tf.function outside of the loop. For (2), @tf.function has reduce_retracing=True option that can avoid unnecessary retracing. For (3), please refer to https://www.tensorflow.org/guide/function#controlling_retracing and https://www.tensorflow.org/api_docs/python/tf/function for  more details.
clgrid_20-20-15_sgd_nesterov_cl_start_s2032: 375 s, epochs used 0 500 500 164 308 27 500 500 4 24 6 22 23 4 0 1 0 0 9, loss 145986.0 (homogeneous 146289.3)
clgrid_20-15-10_sgd_cl_paper_s2032: 243 s, epochs used 100 100 100 100 100 100 100 100 100 100 100 100 100 100 100 100 100 100 100, loss 146060.5 (homogeneous 146289.3)
clgrid_20-15-10_rmsprop_cl_start_s2032: 145 s, epochs used 1 104 66 42 31 68 121 41 2 77 0 3 2 0 0 0 0 0 0, loss 145881.9 (homogeneous 146289.3)
clgrid_20-15-10_adamax_cl_paper_s2032: 270 s, epochs used 100 100 100 100 100 100 100 100 100 100 100 100 100 100 100 100 100 100 100, loss 144989.5 (homogeneous 146289.3)
clgrid_20_rmsprop_cl_paper_s2033: 245 s, epochs used 100 100 100 100 100 100 100 100 100 100 100 100 100 100 100 100 100 100 100, loss 144486.1 (homogeneous 146289.3)
clgrid_20-20-15_sgd_cl_paper_s2033: 261 s, epochs used 100 100 100 100 100 100 100 100 100 100 100 100 100 100 100 100 100 100 100, loss 146026.0 (homogeneous 146289.3)
clgrid_20-20-15_adam_cl_paper_s2033: 257 s, epochs used 100 100 100 100 100 100 100 100 100 100 100 100 100 100 100 100 100 100 100, loss 143396.8 (homogeneous 146289.3)
clgrid_20-15-10_adagrad_cl_paper_s2033: 250 s, epochs used 100 100 100 100 100 100 100 100 100 100 100 100 100 100 100 100 100 100 100, loss 144722.0 (homogeneous 146289.3)
==== 2026-10-09 14:28:16 start baseline.nncl.cl_grid slot 6
[1] 1200
WARNING: All log messages before absl::InitializeLog() is called are written to STDERR
I0000 00:00:1791548903.586263   13036 port.cc:153] oneDNN custom operations are on. You may see slightly different numerical results due to floating-point round-off errors from different computation orders. To turn them off, set the environment variable `TF_ENABLE_ONEDNN_OPTS=0`.
WARNING: All log messages before absl::InitializeLog() is called are written to STDERR
I0000 00:00:1791548907.693057   13036 port.cc:153] oneDNN custom operations are on. You may see slightly different numerical results due to floating-point round-off errors from different computation orders. To turn them off, set the environment variable `TF_ENABLE_ONEDNN_OPTS=0`.
WARNING:tensorflow:From C:\Users\26196425\Work\MASTER~3\env\Lib\site-packages\keras\src\backend\common\global_state.py:82: The name tf.reset_default_graph is deprecated. Please use tf.compat.v1.reset_default_graph instead.

WARNING:tensorflow:TensorFlow GPU support is not available on native Windows for TensorFlow >= 2.11. Even if CUDA/cuDNN are installed, GPU will not be used. Please use WSL2 or the TensorFlow-DirectML plugin.
WARNING:tensorflow:5 out of the last 7 calls to <function TensorFlowTrainer.make_predict_function.<locals>.one_step_on_data_distributed at 0x00000200D8E27920> triggered tf.function retracing. Tracing is expensive and the excessive number of tracings could be due to (1) creating @tf.function repeatedly in a loop, (2) passing tensors with different shapes, (3) passing Python objects instead of tensors. For (1), please define your @tf.function outside of the loop. For (2), @tf.function has reduce_retracing=True option that can avoid unnecessary retracing. For (3), please refer to https://www.tensorflow.org/guide/function#controlling_retracing and https://www.tensorflow.org/api_docs/python/tf/function for  more details.
WARNING:tensorflow:6 out of the last 8 calls to <function TensorFlowTrainer.make_predict_function.<locals>.one_step_on_data_distributed at 0x00000200D8E27920> triggered tf.function retracing. Tracing is expensive and the excessive number of tracings could be due to (1) creating @tf.function repeatedly in a loop, (2) passing tensors with different shapes, (3) passing Python objects instead of tensors. For (1), please define your @tf.function outside of the loop. For (2), @tf.function has reduce_retracing=True option that can avoid unnecessary retracing. For (3), please refer to https://www.tensorflow.org/guide/function#controlling_retracing and https://www.tensorflow.org/api_docs/python/tf/function for  more details.
clgrid_20-15-10_adamw_cl_start_s2033: 147 s, epochs used 0 45 72 10 43 52 36 51 1 59 0 7 28 0 0 0 0 0 0, loss 146027.1 (homogeneous 146289.3)
clgrid_20_sgd_nesterov_cl_start_s2034: 441 s, epochs used 0 500 500 109 56 500 343 500 0 500 3 56 152 2 0 0 0 0 0, loss 145976.1 (homogeneous 146289.3)
clgrid_20-20-15_sgd_nesterov_cl_paper_s2034: 245 s, epochs used 100 100 100 100 100 100 100 100 100 100 100 100 100 100 100 100 100 100 100, loss 145096.6 (homogeneous 146289.3)
clgrid_20-20-15_adamw_cl_paper_s2034: 262 s, epochs used 100 100 100 100 100 100 100 100 100 100 100 100 100 100 100 100 100 100 100, loss 142742.6 (homogeneous 146289.3)
clgrid_20-15-10_adagrad_cl_start_s2034: 243 s, epochs used 0 500 0 115 300 1 0 500 8 7 0 0 21 5 1 4 0 0 0, loss 146076.5 (homogeneous 146289.3)
clgrid_20-15-10_nadam_cl_start_s2034: 181 s, epochs used 0 105 70 49 38 144 39 32 1 1 1 21 78 3 0 5 0 0 0, loss 145897.9 (homogeneous 146289.3)
clgrid_20_rmsprop_cl_paper_s2035: 243 s, epochs used 100 100 100 100 100 100 100 100 100 100 100 100 100 100 100 100 100 100 100, loss 144387.3 (homogeneous 146289.3)
clgrid_20-20-15_sgd_cl_paper_s2035: 238 s, epochs used 100 100 100 100 100 100 100 100 100 100 100 100 100 100 100 100 100 100 100, loss 146066.3 (homogeneous 146289.3)
==== 2026-10-09 15:05:35 start baseline.nncl.cl_grid slot 6
[1] 1200
WARNING: All log messages before absl::InitializeLog() is called are written to STDERR
I0000 00:00:1791551143.075884   15820 port.cc:153] oneDNN custom operations are on. You may see slightly different numerical results due to floating-point round-off errors from different computation orders. To turn them off, set the environment variable `TF_ENABLE_ONEDNN_OPTS=0`.
WARNING: All log messages before absl::InitializeLog() is called are written to STDERR
I0000 00:00:1791551147.144868   15820 port.cc:153] oneDNN custom operations are on. You may see slightly different numerical results due to floating-point round-off errors from different computation orders. To turn them off, set the environment variable `TF_ENABLE_ONEDNN_OPTS=0`.
WARNING:tensorflow:From C:\Users\26196425\Work\MASTER~3\env\Lib\site-packages\keras\src\backend\common\global_state.py:82: The name tf.reset_default_graph is deprecated. Please use tf.compat.v1.reset_default_graph instead.

WARNING:tensorflow:TensorFlow GPU support is not available on native Windows for TensorFlow >= 2.11. Even if CUDA/cuDNN are installed, GPU will not be used. Please use WSL2 or the TensorFlow-DirectML plugin.
WARNING:tensorflow:5 out of the last 7 calls to <function TensorFlowTrainer.make_predict_function.<locals>.one_step_on_data_distributed at 0x000001B2AACEF880> triggered tf.function retracing. Tracing is expensive and the excessive number of tracings could be due to (1) creating @tf.function repeatedly in a loop, (2) passing tensors with different shapes, (3) passing Python objects instead of tensors. For (1), please define your @tf.function outside of the loop. For (2), @tf.function has reduce_retracing=True option that can avoid unnecessary retracing. For (3), please refer to https://www.tensorflow.org/guide/function#controlling_retracing and https://www.tensorflow.org/api_docs/python/tf/function for  more details.
WARNING:tensorflow:6 out of the last 8 calls to <function TensorFlowTrainer.make_predict_function.<locals>.one_step_on_data_distributed at 0x000001B2AACEF880> triggered tf.function retracing. Tracing is expensive and the excessive number of tracings could be due to (1) creating @tf.function repeatedly in a loop, (2) passing tensors with different shapes, (3) passing Python objects instead of tensors. For (1), please define your @tf.function outside of the loop. For (2), @tf.function has reduce_retracing=True option that can avoid unnecessary retracing. For (3), please refer to https://www.tensorflow.org/guide/function#controlling_retracing and https://www.tensorflow.org/api_docs/python/tf/function for  more details.
clgrid_20-20-15_adam_cl_paper_s2035: 251 s, epochs used 100 100 100 100 100 100 100 100 100 100 100 100 100 100 100 100 100 100 100, loss 142738.8 (homogeneous 146289.3)
clgrid_20-15-10_sgd_nesterov_cl_start_s2035: 288 s, epochs used 0 59 500 28 500 41 500 76 12 58 13 0 69 13 4 0 0 0 13, loss 146140.7 (homogeneous 146289.3)
clgrid_20-15-10_adamax_cl_start_s2035: 157 s, epochs used 0 36 99 15 64 81 229 64 1 9 2 8 9 8 0 0 0 0 0, loss 146032.4 (homogeneous 146289.3)
clgrid_20_sgd_nesterov_cl_start_s2036: 391 s, epochs used 0 28 20 12 243 443 500 500 0 500 2 500 52 2 0 0 0 0 0, loss 146095.5 (homogeneous 146289.3)
clgrid_20-20-15_sgd_nesterov_cl_paper_s2036: 251 s, epochs used 100 100 100 100 100 100 100 100 100 100 100 100 100 100 100 100 100 100 100, loss 144111.7 (homogeneous 146289.3)
clgrid_20-20-15_adamw_cl_paper_s2036: 260 s, epochs used 100 100 100 100 100 100 100 100 100 100 100 100 100 100 100 100 100 100 100, loss 142687.5 (homogeneous 146289.3)
clgrid_20-15-10_adagrad_cl_paper_s2036: 243 s, epochs used 100 100 100 100 100 100 100 100 100 100 100 100 100 100 100 100 100 100 100, loss 144259.0 (homogeneous 146289.3)
clgrid_20-15-10_adamw_cl_start_s2036: 147 s, epochs used 0 48 59 45 38 48 51 26 1 47 0 10 6 0 0 0 0 0 0, loss 145947.7 (homogeneous 146289.3)
==== 2026-10-09 15:42:40 start baseline.nncl.cl_grid slot 6
[1] 1200
WARNING: All log messages before absl::InitializeLog() is called are written to STDERR
I0000 00:00:1791553368.095235   10552 port.cc:153] oneDNN custom operations are on. You may see slightly different numerical results due to floating-point round-off errors from different computation orders. To turn them off, set the environment variable `TF_ENABLE_ONEDNN_OPTS=0`.
WARNING: All log messages before absl::InitializeLog() is called are written to STDERR
I0000 00:00:1791553386.560338   10552 port.cc:153] oneDNN custom operations are on. You may see slightly different numerical results due to floating-point round-off errors from different computation orders. To turn them off, set the environment variable `TF_ENABLE_ONEDNN_OPTS=0`.
WARNING:tensorflow:From C:\Users\26196425\Work\MASTER~3\env\Lib\site-packages\keras\src\backend\common\global_state.py:82: The name tf.reset_default_graph is deprecated. Please use tf.compat.v1.reset_default_graph instead.

WARNING:tensorflow:TensorFlow GPU support is not available on native Windows for TensorFlow >= 2.11. Even if CUDA/cuDNN are installed, GPU will not be used. Please use WSL2 or the TensorFlow-DirectML plugin.
WARNING:tensorflow:5 out of the last 7 calls to <function TensorFlowTrainer.make_predict_function.<locals>.one_step_on_data_distributed at 0x000001A01A42FE20> triggered tf.function retracing. Tracing is expensive and the excessive number of tracings could be due to (1) creating @tf.function repeatedly in a loop, (2) passing tensors with different shapes, (3) passing Python objects instead of tensors. For (1), please define your @tf.function outside of the loop. For (2), @tf.function has reduce_retracing=True option that can avoid unnecessary retracing. For (3), please refer to https://www.tensorflow.org/guide/function#controlling_retracing and https://www.tensorflow.org/api_docs/python/tf/function for  more details.
WARNING:tensorflow:6 out of the last 8 calls to <function TensorFlowTrainer.make_predict_function.<locals>.one_step_on_data_distributed at 0x000001A01A42FE20> triggered tf.function retracing. Tracing is expensive and the excessive number of tracings could be due to (1) creating @tf.function repeatedly in a loop, (2) passing tensors with different shapes, (3) passing Python objects instead of tensors. For (1), please define your @tf.function outside of the loop. For (2), @tf.function has reduce_retracing=True option that can avoid unnecessary retracing. For (3), please refer to https://www.tensorflow.org/guide/function#controlling_retracing and https://www.tensorflow.org/api_docs/python/tf/function for  more details.
clgrid_20_sgd_momentum_cl_start_s2037: 327 s, epochs used 0 239 454 94 114 379 500 437 9 0 8 0 34 0 0 5 0 0 7, loss 145983.8 (homogeneous 146289.3)
clgrid_20-20-15_sgd_cl_paper_s2037: 236 s, epochs used 100 100 100 100 100 100 100 100 100 100 100 100 100 100 100 100 100 100 100, loss 145914.4 (homogeneous 146289.3)
clgrid_20-20-15_adam_cl_paper_s2037: 252 s, epochs used 100 100 100 100 100 100 100 100 100 100 100 100 100 100 100 100 100 100 100, loss 140830.8 (homogeneous 146289.3)
clgrid_20-15-10_sgd_nesterov_cl_paper_s2037: 247 s, epochs used 100 100 100 100 100 100 100 100 100 100 100 100 100 100 100 100 100 100 100, loss 144809.1 (homogeneous 146289.3)
clgrid_20-15-10_adamw_cl_paper_s2037: 260 s, epochs used 100 100 100 100 100 100 100 100 100 100 100 100 100 100 100 100 100 100 100, loss 143607.0 (homogeneous 146289.3)
clgrid_20_adagrad_cl_start_s2038: 259 s, epochs used 0 22 500 8 23 60 500 500 0 13 2 39 5 1 0 0 0 0 0, loss 146005.3 (homogeneous 146289.3)
clgrid_20-20-15_sgd_cl_start_s2038: 700 s, epochs used 0 500 500 500 500 500 500 500 40 500 85 498 500 157 0 0 1 0 67, loss 146089.6 (homogeneous 146289.3)
clgrid_20-15-10_rmsprop_cl_paper_s2038: 247 s, epochs used 100 100 100 100 100 100 100 100 100 100 100 100 100 100 100 100 100 100 100, loss 143330.4 (homogeneous 146289.3)
==== 2026-10-09 16:28:42 start baseline.nncl.cl_grid slot 6
[1] 1200
WARNING: All log messages before absl::InitializeLog() is called are written to STDERR
I0000 00:00:1791556129.705492    5212 port.cc:153] oneDNN custom operations are on. You may see slightly different numerical results due to floating-point round-off errors from different computation orders. To turn them off, set the environment variable `TF_ENABLE_ONEDNN_OPTS=0`.
WARNING: All log messages before absl::InitializeLog() is called are written to STDERR
I0000 00:00:1791556133.798464    5212 port.cc:153] oneDNN custom operations are on. You may see slightly different numerical results due to floating-point round-off errors from different computation orders. To turn them off, set the environment variable `TF_ENABLE_ONEDNN_OPTS=0`.
WARNING:tensorflow:From C:\Users\26196425\Work\MASTER~3\env\Lib\site-packages\keras\src\backend\common\global_state.py:82: The name tf.reset_default_graph is deprecated. Please use tf.compat.v1.reset_default_graph instead.

WARNING:tensorflow:TensorFlow GPU support is not available on native Windows for TensorFlow >= 2.11. Even if CUDA/cuDNN are installed, GPU will not be used. Please use WSL2 or the TensorFlow-DirectML plugin.
WARNING:tensorflow:5 out of the last 7 calls to <function TensorFlowTrainer.make_predict_function.<locals>.one_step_on_data_distributed at 0x0000012B0E92FE20> triggered tf.function retracing. Tracing is expensive and the excessive number of tracings could be due to (1) creating @tf.function repeatedly in a loop, (2) passing tensors with different shapes, (3) passing Python objects instead of tensors. For (1), please define your @tf.function outside of the loop. For (2), @tf.function has reduce_retracing=True option that can avoid unnecessary retracing. For (3), please refer to https://www.tensorflow.org/guide/function#controlling_retracing and https://www.tensorflow.org/api_docs/python/tf/function for  more details.
WARNING:tensorflow:6 out of the last 8 calls to <function TensorFlowTrainer.make_predict_function.<locals>.one_step_on_data_distributed at 0x0000012B0E92FE20> triggered tf.function retracing. Tracing is expensive and the excessive number of tracings could be due to (1) creating @tf.function repeatedly in a loop, (2) passing tensors with different shapes, (3) passing Python objects instead of tensors. For (1), please define your @tf.function outside of the loop. For (2), @tf.function has reduce_retracing=True option that can avoid unnecessary retracing. For (3), please refer to https://www.tensorflow.org/guide/function#controlling_retracing and https://www.tensorflow.org/api_docs/python/tf/function for  more details.
clgrid_20_sgd_momentum_cl_start_s2039: 310 s, epochs used 0 264 280 51 71 39 391 500 3 500 6 15 42 10 0 0 0 0 12, loss 145977.8 (homogeneous 146289.3)
clgrid_20_adamax_cl_paper_s2039: 242 s, epochs used 100 100 100 100 100 100 100 100 100 100 100 100 100 100 100 100 100 100 100, loss 145059.5 (homogeneous 146289.3)
clgrid_20-20-15_adadelta_cl_paper_s2039: 252 s, epochs used 100 100 100 100 100 100 100 100 100 100 100 100 100 100 100 100 100 100 100, loss 143120.4 (homogeneous 146289.3)
clgrid_20-20-15_nadam_cl_paper_s2039: 269 s, epochs used 100 100 100 100 100 100 100 100 100 100 100 100 100 100 100 100 100 100 100, loss 143590.2 (homogeneous 146289.3)
clgrid_20-15-10_rmsprop_cl_start_s2039: 195 s, epochs used 3 63 57 31 51 202 330 152 5 2 0 44 51 0 0 0 0 0 0, loss 145834.9 (homogeneous 146289.3)
clgrid_20_sgd_momentum_cl_paper_s2040: 240 s, epochs used 100 100 100 100 100 100 100 100 100 100 100 100 100 100 100 100 100 100 100, loss 144631.5 (homogeneous 146289.3)
clgrid_20_adam_cl_start_s2040: 156 s, epochs used 0 124 70 33 267 12 40 54 1 17 0 1 4 0 0 0 0 0 0, loss 145904.6 (homogeneous 146289.3)
clgrid_20-20-15_sgd_cl_start_s2040: 593 s, epochs used 0 500 500 500 500 500 500 500 4 500 0 143 8 208 0 0 0 0 147, loss 146170.7 (homogeneous 146289.3)
==== 2026-10-09 17:10:03 start baseline.nncl.cl_grid slot 6
[1] 1200
WARNING: All log messages before absl::InitializeLog() is called are written to STDERR
I0000 00:00:1791558610.928615   18460 port.cc:153] oneDNN custom operations are on. You may see slightly different numerical results due to floating-point round-off errors from different computation orders. To turn them off, set the environment variable `TF_ENABLE_ONEDNN_OPTS=0`.
WARNING: All log messages before absl::InitializeLog() is called are written to STDERR
I0000 00:00:1791558614.831788   18460 port.cc:153] oneDNN custom operations are on. You may see slightly different numerical results due to floating-point round-off errors from different computation orders. To turn them off, set the environment variable `TF_ENABLE_ONEDNN_OPTS=0`.
WARNING:tensorflow:From C:\Users\26196425\Work\MASTER~3\env\Lib\site-packages\keras\src\backend\common\global_state.py:82: The name tf.reset_default_graph is deprecated. Please use tf.compat.v1.reset_default_graph instead.

WARNING:tensorflow:TensorFlow GPU support is not available on native Windows for TensorFlow >= 2.11. Even if CUDA/cuDNN are installed, GPU will not be used. Please use WSL2 or the TensorFlow-DirectML plugin.
WARNING:tensorflow:5 out of the last 7 calls to <function TensorFlowTrainer.make_predict_function.<locals>.one_step_on_data_distributed at 0x00000286A59094E0> triggered tf.function retracing. Tracing is expensive and the excessive number of tracings could be due to (1) creating @tf.function repeatedly in a loop, (2) passing tensors with different shapes, (3) passing Python objects instead of tensors. For (1), please define your @tf.function outside of the loop. For (2), @tf.function has reduce_retracing=True option that can avoid unnecessary retracing. For (3), please refer to https://www.tensorflow.org/guide/function#controlling_retracing and https://www.tensorflow.org/api_docs/python/tf/function for  more details.
WARNING:tensorflow:6 out of the last 8 calls to <function TensorFlowTrainer.make_predict_function.<locals>.one_step_on_data_distributed at 0x00000286A59094E0> triggered tf.function retracing. Tracing is expensive and the excessive number of tracings could be due to (1) creating @tf.function repeatedly in a loop, (2) passing tensors with different shapes, (3) passing Python objects instead of tensors. For (1), please define your @tf.function outside of the loop. For (2), @tf.function has reduce_retracing=True option that can avoid unnecessary retracing. For (3), please refer to https://www.tensorflow.org/guide/function#controlling_retracing and https://www.tensorflow.org/api_docs/python/tf/function for  more details.
clgrid_20-15-10_adadelta_cl_start_s2040: 201 s, epochs used 0 108 162 105 53 117 235 99 1 107 0 2 1 0 0 0 0 0 0, loss 145999.1 (homogeneous 146289.3)
clgrid_20-15-10_adamw_cl_start_s2040: 162 s, epochs used 0 76 67 55 187 33 76 43 1 25 0 10 12 0 0 0 0 0 0, loss 145858.2 (homogeneous 146289.3)
clgrid_20_sgd_nesterov_cl_paper_s2041: 238 s, epochs used 100 100 100 100 100 100 100 100 100 100 100 100 100 100 100 100 100 100 100, loss 144560.6 (homogeneous 146289.3)
clgrid_20_adamw_cl_paper_s2041: 244 s, epochs used 100 100 100 100 100 100 100 100 100 100 100 100 100 100 100 100 100 100 100, loss 144444.6 (homogeneous 146289.3)
clgrid_20-20-15_adagrad_cl_start_s2041: 422 s, epochs used 1 43 500 204 68 500 500 500 0 43 2 51 427 0 0 0 0 0 0, loss 145923.4 (homogeneous 146289.3)
clgrid_20-15-10_adagrad_cl_paper_s2041: 246 s, epochs used 100 100 100 100 100 100 100 100 100 100 100 100 100 100 100 100 100 100 100, loss 144378.2 (homogeneous 146289.3)
clgrid_20-15-10_adamw_cl_start_s2041: 145 s, epochs used 2 86 64 14 163 13 21 57 1 6 1 24 2 0 0 0 0 0 0, loss 145903.0 (homogeneous 146289.3)
clgrid_20_sgd_nesterov_cl_start_s2042: 314 s, epochs used 0 500 17 10 114 23 469 469 1 18 1 22 500 6 0 0 0 0 6, loss 146057.1 (homogeneous 146289.3)
==== 2026-10-09 17:46:55 start baseline.nncl.cl_grid slot 6
[1] 1200
WARNING: All log messages before absl::InitializeLog() is called are written to STDERR
I0000 00:00:1791560822.335325    9904 port.cc:153] oneDNN custom operations are on. You may see slightly different numerical results due to floating-point round-off errors from different computation orders. To turn them off, set the environment variable `TF_ENABLE_ONEDNN_OPTS=0`.
WARNING: All log messages before absl::InitializeLog() is called are written to STDERR
I0000 00:00:1791560826.640076    9904 port.cc:153] oneDNN custom operations are on. You may see slightly different numerical results due to floating-point round-off errors from different computation orders. To turn them off, set the environment variable `TF_ENABLE_ONEDNN_OPTS=0`.
WARNING:tensorflow:From C:\Users\26196425\Work\MASTER~3\env\Lib\site-packages\keras\src\backend\common\global_state.py:82: The name tf.reset_default_graph is deprecated. Please use tf.compat.v1.reset_default_graph instead.

WARNING:tensorflow:TensorFlow GPU support is not available on native Windows for TensorFlow >= 2.11. Even if CUDA/cuDNN are installed, GPU will not be used. Please use WSL2 or the TensorFlow-DirectML plugin.
WARNING:tensorflow:5 out of the last 7 calls to <function TensorFlowTrainer.make_predict_function.<locals>.one_step_on_data_distributed at 0x00000195ABBE1580> triggered tf.function retracing. Tracing is expensive and the excessive number of tracings could be due to (1) creating @tf.function repeatedly in a loop, (2) passing tensors with different shapes, (3) passing Python objects instead of tensors. For (1), please define your @tf.function outside of the loop. For (2), @tf.function has reduce_retracing=True option that can avoid unnecessary retracing. For (3), please refer to https://www.tensorflow.org/guide/function#controlling_retracing and https://www.tensorflow.org/api_docs/python/tf/function for  more details.
WARNING:tensorflow:6 out of the last 8 calls to <function TensorFlowTrainer.make_predict_function.<locals>.one_step_on_data_distributed at 0x00000195ABBE1580> triggered tf.function retracing. Tracing is expensive and the excessive number of tracings could be due to (1) creating @tf.function repeatedly in a loop, (2) passing tensors with different shapes, (3) passing Python objects instead of tensors. For (1), please define your @tf.function outside of the loop. For (2), @tf.function has reduce_retracing=True option that can avoid unnecessary retracing. For (3), please refer to https://www.tensorflow.org/guide/function#controlling_retracing and https://www.tensorflow.org/api_docs/python/tf/function for  more details.
clgrid_20-20-15_sgd_cl_start_s2042: 554 s, epochs used 0 500 73 500 500 500 500 500 21 200 8 500 500 40 4 0 0 0 0, loss 146166.4 (homogeneous 146289.3)
clgrid_20-15-10_adadelta_cl_start_s2042: 158 s, epochs used 4 36 42 48 39 287 37 30 2 7 0 31 1 0 0 0 0 0 0, loss 145928.7 (homogeneous 146289.3)
clgrid_20-15-10_adamw_cl_start_s2042: 151 s, epochs used 4 127 67 53 43 49 56 25 1 6 0 2 27 6 0 0 0 0 0, loss 145788.3 (homogeneous 146289.3)
clgrid_20_sgd_momentum_cl_start_s2043: 237 s, epochs used 0 41 500 25 123 51 413 259 2 36 7 0 30 0 0 0 0 7 13, loss 146057.9 (homogeneous 146289.3)
clgrid_20_adamw_cl_paper_s2043: 245 s, epochs used 100 100 100 100 100 100 100 100 100 100 100 100 100 100 100 100 100 100 100, loss 144409.0 (homogeneous 146289.3)
clgrid_20-20-15_adadelta_cl_start_s2043: 148 s, epochs used 2 33 38 37 162 52 43 43 3 14 0 38 1 0 0 0 0 0 0, loss 146029.8 (homogeneous 146289.3)
clgrid_20-20-15_adamw_cl_start_s2043: 142 s, epochs used 5 46 43 19 130 23 33 35 0 12 0 7 3 9 0 0 0 0 0, loss 145928.0 (homogeneous 146289.3)
clgrid_20-15-10_sgd_momentum_cl_paper_s2043: 247 s, epochs used 100 100 100 100 100 100 100 100 100 100 100 100 100 100 100 100 100 100 100, loss 145215.4 (homogeneous 146289.3)
==== 2026-10-09 18:22:07 start baseline.nncl.cl_grid slot 6
[1] 1200
WARNING: All log messages before absl::InitializeLog() is called are written to STDERR
I0000 00:00:1791562934.090005   10012 port.cc:153] oneDNN custom operations are on. You may see slightly different numerical results due to floating-point round-off errors from different computation orders. To turn them off, set the environment variable `TF_ENABLE_ONEDNN_OPTS=0`.
WARNING: All log messages before absl::InitializeLog() is called are written to STDERR
I0000 00:00:1791562938.103802   10012 port.cc:153] oneDNN custom operations are on. You may see slightly different numerical results due to floating-point round-off errors from different computation orders. To turn them off, set the environment variable `TF_ENABLE_ONEDNN_OPTS=0`.
WARNING:tensorflow:From C:\Users\26196425\Work\MASTER~3\env\Lib\site-packages\keras\src\backend\common\global_state.py:82: The name tf.reset_default_graph is deprecated. Please use tf.compat.v1.reset_default_graph instead.

WARNING:tensorflow:TensorFlow GPU support is not available on native Windows for TensorFlow >= 2.11. Even if CUDA/cuDNN are installed, GPU will not be used. Please use WSL2 or the TensorFlow-DirectML plugin.
WARNING:tensorflow:5 out of the last 7 calls to <function TensorFlowTrainer.make_predict_function.<locals>.one_step_on_data_distributed at 0x0000027A830EF880> triggered tf.function retracing. Tracing is expensive and the excessive number of tracings could be due to (1) creating @tf.function repeatedly in a loop, (2) passing tensors with different shapes, (3) passing Python objects instead of tensors. For (1), please define your @tf.function outside of the loop. For (2), @tf.function has reduce_retracing=True option that can avoid unnecessary retracing. For (3), please refer to https://www.tensorflow.org/guide/function#controlling_retracing and https://www.tensorflow.org/api_docs/python/tf/function for  more details.
WARNING:tensorflow:6 out of the last 8 calls to <function TensorFlowTrainer.make_predict_function.<locals>.one_step_on_data_distributed at 0x0000027A830EF880> triggered tf.function retracing. Tracing is expensive and the excessive number of tracings could be due to (1) creating @tf.function repeatedly in a loop, (2) passing tensors with different shapes, (3) passing Python objects instead of tensors. For (1), please define your @tf.function outside of the loop. For (2), @tf.function has reduce_retracing=True option that can avoid unnecessary retracing. For (3), please refer to https://www.tensorflow.org/guide/function#controlling_retracing and https://www.tensorflow.org/api_docs/python/tf/function for  more details.
clgrid_20-15-10_adam_cl_start_s2043: 145 s, epochs used 10 103 75 18 40 49 42 64 1 7 1 59 48 0 0 0 0 0 0, loss 145831.3 (homogeneous 146289.3)
clgrid_20_sgd_cl_paper_s2044: 232 s, epochs used 100 100 100 100 100 100 100 100 100 100 100 100 100 100 100 100 100 100 100, loss 145597.9 (homogeneous 146289.3)
clgrid_20_rmsprop_cl_start_s2044: 195 s, epochs used 0 86 97 22 499 57 44 56 0 115 0 5 14 34 0 0 0 0 0, loss 145939.8 (homogeneous 146289.3)
clgrid_20_nadam_cl_paper_s2044: 248 s, epochs used 100 100 100 100 100 100 100 100 100 100 100 100 100 100 100 100 100 100 100, loss 144497.3 (homogeneous 146289.3)
clgrid_20-20-15_rmsprop_cl_start_s2044: 152 s, epochs used 0 88 53 8 241 58 130 25 2 3 0 4 15 0 0 0 0 0 0, loss 145896.9 (homogeneous 146289.3)
clgrid_20-20-15_nadam_cl_paper_s2044: 264 s, epochs used 100 100 100 100 100 100 100 100 100 100 100 100 100 100 100 100 100 100 100, loss 142991.8 (homogeneous 146289.3)
clgrid_20-15-10_rmsprop_cl_start_s2044: 235 s, epochs used 0 116 71 42 477 113 392 86 2 1 4 26 25 0 0 4 0 0 0, loss 145857.8 (homogeneous 146289.3)
clgrid_20_sgd_cl_start_s2045: 609 s, epochs used 0 500 500 500 500 500 500 500 20 218 33 500 500 10 0 0 0 0 0, loss 146060.6 (homogeneous 146289.3)
==== 2026-10-09 19:00:28 start baseline.nncl.cl_grid slot 6
[1] 1200
WARNING: All log messages before absl::InitializeLog() is called are written to STDERR
I0000 00:00:1791565235.719545   19544 port.cc:153] oneDNN custom operations are on. You may see slightly different numerical results due to floating-point round-off errors from different computation orders. To turn them off, set the environment variable `TF_ENABLE_ONEDNN_OPTS=0`.
WARNING: All log messages before absl::InitializeLog() is called are written to STDERR
I0000 00:00:1791565240.108675   19544 port.cc:153] oneDNN custom operations are on. You may see slightly different numerical results due to floating-point round-off errors from different computation orders. To turn them off, set the environment variable `TF_ENABLE_ONEDNN_OPTS=0`.
WARNING:tensorflow:From C:\Users\26196425\Work\MASTER~3\env\Lib\site-packages\keras\src\backend\common\global_state.py:82: The name tf.reset_default_graph is deprecated. Please use tf.compat.v1.reset_default_graph instead.

WARNING:tensorflow:TensorFlow GPU support is not available on native Windows for TensorFlow >= 2.11. Even if CUDA/cuDNN are installed, GPU will not be used. Please use WSL2 or the TensorFlow-DirectML plugin.
WARNING:tensorflow:5 out of the last 7 calls to <function TensorFlowTrainer.make_predict_function.<locals>.one_step_on_data_distributed at 0x000001487ED98720> triggered tf.function retracing. Tracing is expensive and the excessive number of tracings could be due to (1) creating @tf.function repeatedly in a loop, (2) passing tensors with different shapes, (3) passing Python objects instead of tensors. For (1), please define your @tf.function outside of the loop. For (2), @tf.function has reduce_retracing=True option that can avoid unnecessary retracing. For (3), please refer to https://www.tensorflow.org/guide/function#controlling_retracing and https://www.tensorflow.org/api_docs/python/tf/function for  more details.
WARNING:tensorflow:6 out of the last 8 calls to <function TensorFlowTrainer.make_predict_function.<locals>.one_step_on_data_distributed at 0x000001487ED98720> triggered tf.function retracing. Tracing is expensive and the excessive number of tracings could be due to (1) creating @tf.function repeatedly in a loop, (2) passing tensors with different shapes, (3) passing Python objects instead of tensors. For (1), please define your @tf.function outside of the loop. For (2), @tf.function has reduce_retracing=True option that can avoid unnecessary retracing. For (3), please refer to https://www.tensorflow.org/guide/function#controlling_retracing and https://www.tensorflow.org/api_docs/python/tf/function for  more details.
clgrid_20-20-15_adagrad_cl_paper_s2045: 245 s, epochs used 100 100 100 100 100 100 100 100 100 100 100 100 100 100 100 100 100 100 100, loss 143826.2 (homogeneous 146289.3)
clgrid_20-15-10_sgd_cl_paper_s2045: 234 s, epochs used 100 100 100 100 100 100 100 100 100 100 100 100 100 100 100 100 100 100 100, loss 146092.1 (homogeneous 146289.3)
clgrid_20-15-10_rmsprop_cl_start_s2045: 187 s, epochs used 0 84 158 41 20 173 245 101 19 2 0 20 0 0 0 0 0 0 0, loss 145933.4 (homogeneous 146289.3)
