==== 2026-10-09 11:14:14 start baseline.nncl.cl_grid slot 7
[1] 1200
WARNING: All log messages before absl::InitializeLog() is called are written to STDERR
I0000 00:00:1791537261.368738   18736 port.cc:153] oneDNN custom operations are on. You may see slightly different numerical results due to floating-point round-off errors from different computation orders. To turn them off, set the environment variable `TF_ENABLE_ONEDNN_OPTS=0`.
WARNING: All log messages before absl::InitializeLog() is called are written to STDERR
I0000 00:00:1791537265.215815   18736 port.cc:153] oneDNN custom operations are on. You may see slightly different numerical results due to floating-point round-off errors from different computation orders. To turn them off, set the environment variable `TF_ENABLE_ONEDNN_OPTS=0`.
WARNING:tensorflow:From C:\Users\26196425\Work\MASTER~3\env\Lib\site-packages\keras\src\backend\common\global_state.py:82: The name tf.reset_default_graph is deprecated. Please use tf.compat.v1.reset_default_graph instead.

WARNING:tensorflow:TensorFlow GPU support is not available on native Windows for TensorFlow >= 2.11. Even if CUDA/cuDNN are installed, GPU will not be used. Please use WSL2 or the TensorFlow-DirectML plugin.
WARNING:tensorflow:5 out of the last 7 calls to <function TensorFlowTrainer.make_predict_function.<locals>.one_step_on_data_distributed at 0x0000021A8005BC40> triggered tf.function retracing. Tracing is expensive and the excessive number of tracings could be due to (1) creating @tf.function repeatedly in a loop, (2) passing tensors with different shapes, (3) passing Python objects instead of tensors. For (1), please define your @tf.function outside of the loop. For (2), @tf.function has reduce_retracing=True option that can avoid unnecessary retracing. For (3), please refer to https://www.tensorflow.org/guide/function#controlling_retracing and https://www.tensorflow.org/api_docs/python/tf/function for  more details.
WARNING:tensorflow:6 out of the last 8 calls to <function TensorFlowTrainer.make_predict_function.<locals>.one_step_on_data_distributed at 0x0000021A8005BC40> triggered tf.function retracing. Tracing is expensive and the excessive number of tracings could be due to (1) creating @tf.function repeatedly in a loop, (2) passing tensors with different shapes, (3) passing Python objects instead of tensors. For (1), please define your @tf.function outside of the loop. For (2), @tf.function has reduce_retracing=True option that can avoid unnecessary retracing. For (3), please refer to https://www.tensorflow.org/guide/function#controlling_retracing and https://www.tensorflow.org/api_docs/python/tf/function for  more details.
clgrid_20_sgd_nesterov_cl_paper_s2026: 237 s, epochs used 100 100 100 100 100 100 100 100 100 100 100 100 100 100 100 100 100 100 100, loss 144256.9 (homogeneous 146289.3)
clgrid_20_rmsprop_cl_paper_s2026: 251 s, epochs used 100 100 100 100 100 100 100 100 100 100 100 100 100 100 100 100 100 100 100, loss 144068.4 (homogeneous 146289.3)
clgrid_20_nadam_cl_paper_s2026: 250 s, epochs used 100 100 100 100 100 100 100 100 100 100 100 100 100 100 100 100 100 100 100, loss 144214.9 (homogeneous 146289.3)
clgrid_20-20-15_rmsprop_cl_paper_s2026: 247 s, epochs used 100 100 100 100 100 100 100 100 100 100 100 100 100 100 100 100 100 100 100, loss 141471.5 (homogeneous 146289.3)
clgrid_20-15-10_sgd_cl_start_s2026: 460 s, epochs used 0 500 500 74 500 500 500 500 18 0 14 3 21 1 0 0 0 201 46, loss 146167.5 (homogeneous 146289.3)
clgrid_20_sgd_momentum_cl_paper_s2027: 246 s, epochs used 100 100 100 100 100 100 100 100 100 100 100 100 100 100 100 100 100 100 100, loss 144331.0 (homogeneous 146289.3)
clgrid_20_adam_cl_start_s2027: 147 s, epochs used 0 218 73 38 41 21 23 37 1 26 0 19 5 0 0 0 0 0 0, loss 145873.4 (homogeneous 146289.3)
clgrid_20-20-15_sgd_cl_paper_s2027: 239 s, epochs used 100 100 100 100 100 100 100 100 100 100 100 100 100 100 100 100 100 100 100, loss 146004.7 (homogeneous 146289.3)
==== 2026-10-09 11:52:14 start baseline.nncl.cl_grid slot 7
[1] 1200
WARNING: All log messages before absl::InitializeLog() is called are written to STDERR
I0000 00:00:1791539541.445918   16852 port.cc:153] oneDNN custom operations are on. You may see slightly different numerical results due to floating-point round-off errors from different computation orders. To turn them off, set the environment variable `TF_ENABLE_ONEDNN_OPTS=0`.
WARNING: All log messages before absl::InitializeLog() is called are written to STDERR
I0000 00:00:1791539545.345422   16852 port.cc:153] oneDNN custom operations are on. You may see slightly different numerical results due to floating-point round-off errors from different computation orders. To turn them off, set the environment variable `TF_ENABLE_ONEDNN_OPTS=0`.
WARNING:tensorflow:From C:\Users\26196425\Work\MASTER~3\env\Lib\site-packages\keras\src\backend\common\global_state.py:82: The name tf.reset_default_graph is deprecated. Please use tf.compat.v1.reset_default_graph instead.

WARNING:tensorflow:TensorFlow GPU support is not available on native Windows for TensorFlow >= 2.11. Even if CUDA/cuDNN are installed, GPU will not be used. Please use WSL2 or the TensorFlow-DirectML plugin.
WARNING:tensorflow:5 out of the last 7 calls to <function TensorFlowTrainer.make_predict_function.<locals>.one_step_on_data_distributed at 0x000001B73BDEF740> triggered tf.function retracing. Tracing is expensive and the excessive number of tracings could be due to (1) creating @tf.function repeatedly in a loop, (2) passing tensors with different shapes, (3) passing Python objects instead of tensors. For (1), please define your @tf.function outside of the loop. For (2), @tf.function has reduce_retracing=True option that can avoid unnecessary retracing. For (3), please refer to https://www.tensorflow.org/guide/function#controlling_retracing and https://www.tensorflow.org/api_docs/python/tf/function for  more details.
WARNING:tensorflow:6 out of the last 8 calls to <function TensorFlowTrainer.make_predict_function.<locals>.one_step_on_data_distributed at 0x000001B73BDEF740> triggered tf.function retracing. Tracing is expensive and the excessive number of tracings could be due to (1) creating @tf.function repeatedly in a loop, (2) passing tensors with different shapes, (3) passing Python objects instead of tensors. For (1), please define your @tf.function outside of the loop. For (2), @tf.function has reduce_retracing=True option that can avoid unnecessary retracing. For (3), please refer to https://www.tensorflow.org/guide/function#controlling_retracing and https://www.tensorflow.org/api_docs/python/tf/function for  more details.
clgrid_20-20-15_adam_cl_paper_s2027: 254 s, epochs used 100 100 100 100 100 100 100 100 100 100 100 100 100 100 100 100 100 100 100, loss 142889.6 (homogeneous 146289.3)
clgrid_20-15-10_sgd_momentum_cl_start_s2027: 313 s, epochs used 0 500 500 13 8 22 500 29 0 21 0 500 31 34 3 0 0 10 0, loss 146113.4 (homogeneous 146289.3)
clgrid_20-15-10_adamw_cl_paper_s2027: 260 s, epochs used 100 100 100 100 100 100 100 100 100 100 100 100 100 100 100 100 100 100 100, loss 143965.3 (homogeneous 146289.3)
clgrid_20_adadelta_cl_paper_s2028: 250 s, epochs used 100 100 100 100 100 100 100 100 100 100 100 100 100 100 100 100 100 100 100, loss 142808.2 (homogeneous 146289.3)
clgrid_20_nadam_cl_start_s2028: 189 s, epochs used 0 197 67 26 29 37 26 21 2 26 2 3 4 0 0 0 0 0 0, loss 145909.0 (homogeneous 146289.3)
clgrid_20-20-15_adadelta_cl_paper_s2028: 261 s, epochs used 100 100 100 100 100 100 100 100 100 100 100 100 100 100 100 100 100 100 100, loss 149447.1 (homogeneous 146289.3)
clgrid_20-20-15_adamax_cl_start_s2028: 159 s, epochs used 0 65 67 38 34 59 73 73 1 3 0 15 148 1 0 0 0 0 0, loss 145953.0 (homogeneous 146289.3)
clgrid_20-15-10_adadelta_cl_paper_s2028: 259 s, epochs used 100 100 100 100 100 100 100 100 100 100 100 100 100 100 100 100 100 100 100, loss 144579.0 (homogeneous 146289.3)
==== 2026-10-09 12:28:49 start baseline.nncl.cl_grid slot 7
[1] 1200
WARNING: All log messages before absl::InitializeLog() is called are written to STDERR
I0000 00:00:1791541748.418325    9192 port.cc:153] oneDNN custom operations are on. You may see slightly different numerical results due to floating-point round-off errors from different computation orders. To turn them off, set the environment variable `TF_ENABLE_ONEDNN_OPTS=0`.
WARNING: All log messages before absl::InitializeLog() is called are written to STDERR
I0000 00:00:1791541781.854253    9192 port.cc:153] oneDNN custom operations are on. You may see slightly different numerical results due to floating-point round-off errors from different computation orders. To turn them off, set the environment variable `TF_ENABLE_ONEDNN_OPTS=0`.
WARNING:tensorflow:From C:\Users\26196425\Work\MASTER~3\env\Lib\site-packages\keras\src\backend\common\global_state.py:82: The name tf.reset_default_graph is deprecated. Please use tf.compat.v1.reset_default_graph instead.

WARNING:tensorflow:TensorFlow GPU support is not available on native Windows for TensorFlow >= 2.11. Even if CUDA/cuDNN are installed, GPU will not be used. Please use WSL2 or the TensorFlow-DirectML plugin.
WARNING:tensorflow:5 out of the last 7 calls to <function TensorFlowTrainer.make_predict_function.<locals>.one_step_on_data_distributed at 0x000001B72ECDB880> triggered tf.function retracing. Tracing is expensive and the excessive number of tracings could be due to (1) creating @tf.function repeatedly in a loop, (2) passing tensors with different shapes, (3) passing Python objects instead of tensors. For (1), please define your @tf.function outside of the loop. For (2), @tf.function has reduce_retracing=True option that can avoid unnecessary retracing. For (3), please refer to https://www.tensorflow.org/guide/function#controlling_retracing and https://www.tensorflow.org/api_docs/python/tf/function for  more details.
WARNING:tensorflow:6 out of the last 8 calls to <function TensorFlowTrainer.make_predict_function.<locals>.one_step_on_data_distributed at 0x000001B72ECDB880> triggered tf.function retracing. Tracing is expensive and the excessive number of tracings could be due to (1) creating @tf.function repeatedly in a loop, (2) passing tensors with different shapes, (3) passing Python objects instead of tensors. For (1), please define your @tf.function outside of the loop. For (2), @tf.function has reduce_retracing=True option that can avoid unnecessary retracing. For (3), please refer to https://www.tensorflow.org/guide/function#controlling_retracing and https://www.tensorflow.org/api_docs/python/tf/function for  more details.
clgrid_20-15-10_nadam_cl_start_s2028: 140 s, epochs used 7 59 61 27 29 89 58 25 3 23 3 11 26 0 0 0 0 0 0, loss 145888.9 (homogeneous 146289.3)
clgrid_20_adadelta_cl_start_s2029: 134 s, epochs used 0 144 128 46 21 11 26 90 2 5 0 1 1 0 0 0 0 0 0, loss 145971.7 (homogeneous 146289.3)
clgrid_20_adamw_cl_start_s2029: 125 s, epochs used 0 149 61 13 25 11 24 10 0 21 0 5 2 0 0 0 0 0 0, loss 145940.2 (homogeneous 146289.3)
clgrid_20-20-15_sgd_nesterov_cl_paper_s2029: 248 s, epochs used 100 100 100 100 100 100 100 100 100 100 100 100 100 100 100 100 100 100 100, loss 144816.5 (homogeneous 146289.3)
clgrid_20-20-15_adamw_cl_paper_s2029: 260 s, epochs used 100 100 100 100 100 100 100 100 100 100 100 100 100 100 100 100 100 100 100, loss 142564.5 (homogeneous 146289.3)
clgrid_20-15-10_adadelta_cl_paper_s2029: 254 s, epochs used 100 100 100 100 100 100 100 100 100 100 100 100 100 100 100 100 100 100 100, loss 138919.7 (homogeneous 146289.3)
clgrid_20-15-10_nadam_cl_start_s2029: 174 s, epochs used 0 107 80 64 45 114 72 32 3 15 3 27 40 3 0 5 0 0 0, loss 145888.6 (homogeneous 146289.3)
clgrid_20_adadelta_cl_start_s2030: 170 s, epochs used 0 36 39 30 476 27 102 110 2 37 0 2 1 0 0 0 0 0 0, loss 145990.8 (homogeneous 146289.3)
==== 2026-10-09 12:59:02 start baseline.nncl.cl_grid slot 7
[1] 1200
WARNING: All log messages before absl::InitializeLog() is called are written to STDERR
I0000 00:00:1791543560.847232    5220 port.cc:153] oneDNN custom operations are on. You may see slightly different numerical results due to floating-point round-off errors from different computation orders. To turn them off, set the environment variable `TF_ENABLE_ONEDNN_OPTS=0`.
WARNING: All log messages before absl::InitializeLog() is called are written to STDERR
I0000 00:00:1791543588.349112    5220 port.cc:153] oneDNN custom operations are on. You may see slightly different numerical results due to floating-point round-off errors from different computation orders. To turn them off, set the environment variable `TF_ENABLE_ONEDNN_OPTS=0`.
WARNING:tensorflow:From C:\Users\26196425\Work\MASTER~3\env\Lib\site-packages\keras\src\backend\common\global_state.py:82: The name tf.reset_default_graph is deprecated. Please use tf.compat.v1.reset_default_graph instead.

WARNING:tensorflow:TensorFlow GPU support is not available on native Windows for TensorFlow >= 2.11. Even if CUDA/cuDNN are installed, GPU will not be used. Please use WSL2 or the TensorFlow-DirectML plugin.
WARNING:tensorflow:5 out of the last 7 calls to <function TensorFlowTrainer.make_predict_function.<locals>.one_step_on_data_distributed at 0x000001AC1D29FA60> triggered tf.function retracing. Tracing is expensive and the excessive number of tracings could be due to (1) creating @tf.function repeatedly in a loop, (2) passing tensors with different shapes, (3) passing Python objects instead of tensors. For (1), please define your @tf.function outside of the loop. For (2), @tf.function has reduce_retracing=True option that can avoid unnecessary retracing. For (3), please refer to https://www.tensorflow.org/guide/function#controlling_retracing and https://www.tensorflow.org/api_docs/python/tf/function for  more details.
WARNING:tensorflow:6 out of the last 8 calls to <function TensorFlowTrainer.make_predict_function.<locals>.one_step_on_data_distributed at 0x000001AC1D29FA60> triggered tf.function retracing. Tracing is expensive and the excessive number of tracings could be due to (1) creating @tf.function repeatedly in a loop, (2) passing tensors with different shapes, (3) passing Python objects instead of tensors. For (1), please define your @tf.function outside of the loop. For (2), @tf.function has reduce_retracing=True option that can avoid unnecessary retracing. For (3), please refer to https://www.tensorflow.org/guide/function#controlling_retracing and https://www.tensorflow.org/api_docs/python/tf/function for  more details.
clgrid_20_nadam_cl_paper_s2030: 245 s, epochs used 100 100 100 100 100 100 100 100 100 100 100 100 100 100 100 100 100 100 100, loss 144506.1 (homogeneous 146289.3)
clgrid_20-20-15_adam_cl_paper_s2030: 253 s, epochs used 100 100 100 100 100 100 100 100 100 100 100 100 100 100 100 100 100 100 100, loss 143585.8 (homogeneous 146289.3)
clgrid_20-15-10_sgd_cl_start_s2030: 519 s, epochs used 0 500 500 500 500 500 500 500 0 8 0 0 500 1 0 0 0 0 0, loss 146188.9 (homogeneous 146289.3)
clgrid_20_sgd_momentum_cl_paper_s2031: 240 s, epochs used 100 100 100 100 100 100 100 100 100 100 100 100 100 100 100 100 100 100 100, loss 144466.6 (homogeneous 146289.3)
clgrid_20_adam_cl_start_s2031: 188 s, epochs used 0 186 81 46 15 51 37 10 0 39 0 5 8 0 0 7 0 0 0, loss 145900.0 (homogeneous 146289.3)
