==== 2026-10-08 15:45:03 git add -A
==== 2026-10-08 15:47:13 git diff --cached --quiet
==== 2026-10-08 15:47:14 git commit --quiet -m "final run: smoke test passed (code 5f04581, STATISVM7)"
==== 2026-10-08 15:47:33 git push --quiet origin HEAD
==== 2026-10-08 15:47:58 git add -A
==== 2026-10-08 15:48:03 git diff --cached --quiet
==== 2026-10-08 15:48:08 git commit --quiet -m "final run: stage 0 complete (code 5f04581, STATISVM7)"
==== 2026-10-08 15:48:13 git push --quiet origin HEAD
==== 2026-10-08 15:52:38 git add -A
==== 2026-10-08 15:52:53 git diff --cached --quiet
==== 2026-10-08 15:52:58 git commit --quiet -m "final run: stage 1 complete (code 5f04581, STATISVM7)"
==== 2026-10-08 15:53:04 git push --quiet origin HEAD
==== 2026-10-08 16:30:24 git add -A
==== 2026-10-08 16:30:29 git diff --cached --quiet
==== 2026-10-08 16:30:34 git commit --quiet -m "final run: stage 2 complete (code 5f04581, STATISVM7)"
==== 2026-10-08 16:30:39 git push --quiet origin HEAD
==== 2026-10-08 19:35:07 git add -A
==== 2026-10-08 19:35:38 git diff --cached --quiet
==== 2026-10-08 19:35:43 git commit --quiet -m "final run: stage 3 complete (code 5f04581, STATISVM7)"
==== 2026-10-08 19:35:48 git push --quiet origin HEAD
==== 2026-10-09 01:35:12 git add -A
