==== 2026-10-10 15:52:32 start long_reporting.nncl.grid slot 1
[1] 1200
WARNING: All log messages before absl::InitializeLog() is called are written to STDERR
I0000 00:00:1791640359.250764   19100 port.cc:153] oneDNN custom operations are on. You may see slightly different numerical results due to floating-point round-off errors from different computation orders. To turn them off, set the environment variable `TF_ENABLE_ONEDNN_OPTS=0`.
WARNING: All log messages before absl::InitializeLog() is called are written to STDERR
I0000 00:00:1791640363.285989   19100 port.cc:153] oneDNN custom operations are on. You may see slightly different numerical results due to floating-point round-off errors from different computation orders. To turn them off, set the environment variable `TF_ENABLE_ONEDNN_OPTS=0`.
WARNING:tensorflow:From C:\Users\26196425\Work\MASTER~3\env\Lib\site-packages\keras\src\backend\common\global_state.py:82: The name tf.reset_default_graph is deprecated. Please use tf.compat.v1.reset_default_graph instead.

WARNING:tensorflow:TensorFlow GPU support is not available on native Windows for TensorFlow >= 2.11. Even if CUDA/cuDNN are installed, GPU will not be used. Please use WSL2 or the TensorFlow-DirectML plugin.
WARNING:tensorflow:5 out of the last 7 calls to <function TensorFlowTrainer.make_predict_function.<locals>.one_step_on_data_distributed at 0x000002AD9AF1BCE0> triggered tf.function retracing. Tracing is expensive and the excessive number of tracings could be due to (1) creating @tf.function repeatedly in a loop, (2) passing tensors with different shapes, (3) passing Python objects instead of tensors. For (1), please define your @tf.function outside of the loop. For (2), @tf.function has reduce_retracing=True option that can avoid unnecessary retracing. For (3), please refer to https://www.tensorflow.org/guide/function#controlling_retracing and https://www.tensorflow.org/api_docs/python/tf/function for  more details.
WARNING:tensorflow:6 out of the last 8 calls to <function TensorFlowTrainer.make_predict_function.<locals>.one_step_on_data_distributed at 0x000002AD9AF1BCE0> triggered tf.function retracing. Tracing is expensive and the excessive number of tracings could be due to (1) creating @tf.function repeatedly in a loop, (2) passing tensors with different shapes, (3) passing Python objects instead of tensors. For (1), please define your @tf.function outside of the loop. For (2), @tf.function has reduce_retracing=True option that can avoid unnecessary retracing. For (3), please refer to https://www.tensorflow.org/guide/function#controlling_retracing and https://www.tensorflow.org/api_docs/python/tf/function for  more details.
grid_20_sgd_nesterov_paper_s2026: 238 s, epochs used 100 100 100 100 100 100 100 100 100 100 100 100 100 100 100 100 100 100 100, loss 205651.8 (homogeneous 238619.0)
grid_20_adam_early_stop_s2026: 842 s, epochs used 108 500 469 387 500 58 50 500 123 333 500 500 500 500 500 500 500 54 32, loss 240270.5 (homogeneous 238619.0)
grid_20-20-15_adam_paper_s2026: 261 s, epochs used 100 100 100 100 100 100 100 100 100 100 100 100 100 100 100 100 100 100 100, loss 232083.3 (homogeneous 238619.0)
grid_20-20-15_nadam_early_stop_s2026: 820 s, epochs used 44 119 135 500 330 113 162 500 249 271 500 500 500 500 500 500 126 500 81, loss 240194.3 (homogeneous 238619.0)
grid_20-15-10_adamax_early_stop_s2026: 1061 s, epochs used 90 431 433 500 500 457 500 500 281 500 500 500 500 500 500 500 499 500 73, loss 238412.9 (homogeneous 238619.0)
grid_20-20-15_sgd_paper_s2027: 240 s, epochs used 100 100 100 100 100 100 100 100 100 100 100 100 100 100 100 100 100 100 100, loss 241847.0 (homogeneous 238619.0)
grid_20-20-15_adadelta_paper_s2027: 260 s, epochs used 100 100 100 100 100 100 100 100 100 100 100 100 100 100 100 100 100 100 100, loss 189998.4 (homogeneous 238619.0)
grid_20-20-15_adam_paper_s2027: 265 s, epochs used 100 100 100 100 100 100 100 100 100 100 100 100 100 100 100 100 100 100 100, loss 236452.0 (homogeneous 238619.0)
==== 2026-10-10 17:03:03 start long_reporting.nncl.grid slot 1
[1] 1200
WARNING: All log messages before absl::InitializeLog() is called are written to STDERR
I0000 00:00:1791644590.549601   14452 port.cc:153] oneDNN custom operations are on. You may see slightly different numerical results due to floating-point round-off errors from different computation orders. To turn them off, set the environment variable `TF_ENABLE_ONEDNN_OPTS=0`.
WARNING: All log messages before absl::InitializeLog() is called are written to STDERR
I0000 00:00:1791644594.588037   14452 port.cc:153] oneDNN custom operations are on. You may see slightly different numerical results due to floating-point round-off errors from different computation orders. To turn them off, set the environment variable `TF_ENABLE_ONEDNN_OPTS=0`.
WARNING:tensorflow:From C:\Users\26196425\Work\MASTER~3\env\Lib\site-packages\keras\src\backend\common\global_state.py:82: The name tf.reset_default_graph is deprecated. Please use tf.compat.v1.reset_default_graph instead.

WARNING:tensorflow:TensorFlow GPU support is not available on native Windows for TensorFlow >= 2.11. Even if CUDA/cuDNN are installed, GPU will not be used. Please use WSL2 or the TensorFlow-DirectML plugin.
WARNING:tensorflow:5 out of the last 7 calls to <function TensorFlowTrainer.make_predict_function.<locals>.one_step_on_data_distributed at 0x000002046F7AB880> triggered tf.function retracing. Tracing is expensive and the excessive number of tracings could be due to (1) creating @tf.function repeatedly in a loop, (2) passing tensors with different shapes, (3) passing Python objects instead of tensors. For (1), please define your @tf.function outside of the loop. For (2), @tf.function has reduce_retracing=True option that can avoid unnecessary retracing. For (3), please refer to https://www.tensorflow.org/guide/function#controlling_retracing and https://www.tensorflow.org/api_docs/python/tf/function for  more details.
WARNING:tensorflow:6 out of the last 8 calls to <function TensorFlowTrainer.make_predict_function.<locals>.one_step_on_data_distributed at 0x000002046F7AB880> triggered tf.function retracing. Tracing is expensive and the excessive number of tracings could be due to (1) creating @tf.function repeatedly in a loop, (2) passing tensors with different shapes, (3) passing Python objects instead of tensors. For (1), please define your @tf.function outside of the loop. For (2), @tf.function has reduce_retracing=True option that can avoid unnecessary retracing. For (3), please refer to https://www.tensorflow.org/guide/function#controlling_retracing and https://www.tensorflow.org/api_docs/python/tf/function for  more details.
grid_20-20-15_adamax_early_stop_s2027: 1009 s, epochs used 92 276 500 184 500 500 500 500 500 423 500 500 500 500 500 500 500 500 55, loss 238168.8 (homogeneous 238619.0)
grid_20-15-10_nadam_early_stop_s2027: 1010 s, epochs used 112 91 500 500 500 500 500 500 319 500 500 500 500 500 500 500 500 158 94, loss 238449.3 (homogeneous 238619.0)
grid_20_nadam_early_stop_s2028: 839 s, epochs used 80 328 56 347 178 500 500 500 240 500 500 500 500 500 500 500 76 127 87, loss 242249.8 (homogeneous 238619.0)
grid_20-15-10_sgd_early_stop_s2028: 961 s, epochs used 61 500 500 255 500 500 500 500 169 188 500 500 500 500 500 500 191 239 500, loss 238688.9 (homogeneous 238619.0)
grid_20_sgd_nesterov_early_stop_s2029: 861 s, epochs used 16 500 500 368 500 105 92 500 500 500 500 500 500 500 500 30 500 32 57, loss 239070.6 (homogeneous 238619.0)
grid_20-20-15_sgd_nesterov_paper_s2029: 253 s, epochs used 100 100 100 100 100 100 100 100 100 100 100 100 100 100 100 100 100 100 100, loss 299793.4 (homogeneous 238619.0)
grid_20-20-15_rmsprop_early_stop_s2029: 405 s, epochs used 57 62 45 239 117 91 445 95 95 79 358 94 79 254 291 81 146 50 105, loss 237725.1 (homogeneous 238619.0)
grid_20-15-10_sgd_momentum_paper_s2029: 249 s, epochs used 100 100 100 100 100 100 100 100 100 100 100 100 100 100 100 100 100 100 100, loss 231074.6 (homogeneous 238619.0)
==== 2026-10-10 18:40:14 start long_reporting.nncl.grid slot 1
[1] 1200
WARNING: All log messages before absl::InitializeLog() is called are written to STDERR
I0000 00:00:1791650421.654015   13120 port.cc:153] oneDNN custom operations are on. You may see slightly different numerical results due to floating-point round-off errors from different computation orders. To turn them off, set the environment variable `TF_ENABLE_ONEDNN_OPTS=0`.
WARNING: All log messages before absl::InitializeLog() is called are written to STDERR
I0000 00:00:1791650439.527595   13120 port.cc:153] oneDNN custom operations are on. You may see slightly different numerical results due to floating-point round-off errors from different computation orders. To turn them off, set the environment variable `TF_ENABLE_ONEDNN_OPTS=0`.
WARNING:tensorflow:From C:\Users\26196425\Work\MASTER~3\env\Lib\site-packages\keras\src\backend\common\global_state.py:82: The name tf.reset_default_graph is deprecated. Please use tf.compat.v1.reset_default_graph instead.

WARNING:tensorflow:TensorFlow GPU support is not available on native Windows for TensorFlow >= 2.11. Even if CUDA/cuDNN are installed, GPU will not be used. Please use WSL2 or the TensorFlow-DirectML plugin.
WARNING:tensorflow:5 out of the last 7 calls to <function TensorFlowTrainer.make_predict_function.<locals>.one_step_on_data_distributed at 0x000002778A7F14E0> triggered tf.function retracing. Tracing is expensive and the excessive number of tracings could be due to (1) creating @tf.function repeatedly in a loop, (2) passing tensors with different shapes, (3) passing Python objects instead of tensors. For (1), please define your @tf.function outside of the loop. For (2), @tf.function has reduce_retracing=True option that can avoid unnecessary retracing. For (3), please refer to https://www.tensorflow.org/guide/function#controlling_retracing and https://www.tensorflow.org/api_docs/python/tf/function for  more details.
WARNING:tensorflow:6 out of the last 8 calls to <function TensorFlowTrainer.make_predict_function.<locals>.one_step_on_data_distributed at 0x000002778A7F14E0> triggered tf.function retracing. Tracing is expensive and the excessive number of tracings could be due to (1) creating @tf.function repeatedly in a loop, (2) passing tensors with different shapes, (3) passing Python objects instead of tensors. For (1), please define your @tf.function outside of the loop. For (2), @tf.function has reduce_retracing=True option that can avoid unnecessary retracing. For (3), please refer to https://www.tensorflow.org/guide/function#controlling_retracing and https://www.tensorflow.org/api_docs/python/tf/function for  more details.
grid_20-15-10_adadelta_paper_s2029: 252 s, epochs used 100 100 100 100 100 100 100 100 100 100 100 100 100 100 100 100 100 100 100, loss 190065.1 (homogeneous 238619.0)
grid_20-15-10_adam_early_stop_s2029: 608 s, epochs used 78 421 257 38 97 46 50 500 90 55 500 268 461 500 500 500 37 56 27, loss 238056.1 (homogeneous 238619.0)
grid_20_adadelta_early_stop_s2030: 458 s, epochs used 36 500 169 93 157 500 149 145 143 142 140 141 137 142 137 138 155 228 1, loss 245428.0 (homogeneous 238619.0)
grid_20-20-15_sgd_early_stop_s2030: 1061 s, epochs used 45 500 500 500 500 345 403 500 500 500 500 500 500 500 500 500 500 319 500, loss 238800.5 (homogeneous 238619.0)
grid_20-15-10_adagrad_paper_s2030: 244 s, epochs used 100 100 100 100 100 100 100 100 100 100 100 100 100 100 100 100 100 100 100, loss 215073.6 (homogeneous 238619.0)
grid_20-15-10_adam_paper_s2030: 260 s, epochs used 100 100 100 100 100 100 100 100 100 100 100 100 100 100 100 100 100 100 100, loss 237646.8 (homogeneous 238619.0)
