==== 2026-10-10 15:53:55 start long_reporting.nncl.grid slot 4
[1] 1200
WARNING: All log messages before absl::InitializeLog() is called are written to STDERR
I0000 00:00:1791640442.175124    6108 port.cc:153] oneDNN custom operations are on. You may see slightly different numerical results due to floating-point round-off errors from different computation orders. To turn them off, set the environment variable `TF_ENABLE_ONEDNN_OPTS=0`.
WARNING: All log messages before absl::InitializeLog() is called are written to STDERR
I0000 00:00:1791640446.143635    6108 port.cc:153] oneDNN custom operations are on. You may see slightly different numerical results due to floating-point round-off errors from different computation orders. To turn them off, set the environment variable `TF_ENABLE_ONEDNN_OPTS=0`.
WARNING:tensorflow:From C:\Users\26196425\Work\MASTER~3\env\Lib\site-packages\keras\src\backend\common\global_state.py:82: The name tf.reset_default_graph is deprecated. Please use tf.compat.v1.reset_default_graph instead.

WARNING:tensorflow:TensorFlow GPU support is not available on native Windows for TensorFlow >= 2.11. Even if CUDA/cuDNN are installed, GPU will not be used. Please use WSL2 or the TensorFlow-DirectML plugin.
WARNING:tensorflow:5 out of the last 7 calls to <function TensorFlowTrainer.make_predict_function.<locals>.one_step_on_data_distributed at 0x0000025B0FA07880> triggered tf.function retracing. Tracing is expensive and the excessive number of tracings could be due to (1) creating @tf.function repeatedly in a loop, (2) passing tensors with different shapes, (3) passing Python objects instead of tensors. For (1), please define your @tf.function outside of the loop. For (2), @tf.function has reduce_retracing=True option that can avoid unnecessary retracing. For (3), please refer to https://www.tensorflow.org/guide/function#controlling_retracing and https://www.tensorflow.org/api_docs/python/tf/function for  more details.
WARNING:tensorflow:6 out of the last 8 calls to <function TensorFlowTrainer.make_predict_function.<locals>.one_step_on_data_distributed at 0x0000025B0FA07880> triggered tf.function retracing. Tracing is expensive and the excessive number of tracings could be due to (1) creating @tf.function repeatedly in a loop, (2) passing tensors with different shapes, (3) passing Python objects instead of tensors. For (1), please define your @tf.function outside of the loop. For (2), @tf.function has reduce_retracing=True option that can avoid unnecessary retracing. For (3), please refer to https://www.tensorflow.org/guide/function#controlling_retracing and https://www.tensorflow.org/api_docs/python/tf/function for  more details.
grid_20_adadelta_early_stop_s2026: 426 s, epochs used 51 429 157 137 128 115 55 79 100 101 98 91 95 82 103 94 101 500 499, loss 241394.8 (homogeneous 238619.0)
grid_20_nadam_early_stop_s2026: 881 s, epochs used 111 500 453 330 495 423 57 500 125 279 500 500 500 500 500 500 500 62 37, loss 240145.2 (homogeneous 238619.0)
grid_20-15-10_sgd_paper_s2026: 242 s, epochs used 100 100 100 100 100 100 100 100 100 100 100 100 100 100 100 100 100 100 100, loss 240809.4 (homogeneous 238619.0)
grid_20-15-10_adagrad_early_stop_s2026: 967 s, epochs used 13 140 176 495 500 281 500 500 191 261 500 500 500 500 500 500 500 500 500, loss 238940.2 (homogeneous 238619.0)
grid_20_adadelta_paper_s2027: 254 s, epochs used 100 100 100 100 100 100 100 100 100 100 100 100 100 100 100 100 100 100 100, loss 235978.9 (homogeneous 238619.0)
grid_20_adam_early_stop_s2027: 969 s, epochs used 105 185 182 500 496 447 500 500 294 500 500 500 500 500 500 500 500 172 275, loss 241273.4 (homogeneous 238619.0)
grid_20-20-15_adam_early_stop_s2027: 867 s, epochs used 73 146 371 113 313 94 500 500 224 195 500 453 499 500 500 500 500 500 41, loss 237830.7 (homogeneous 238619.0)
grid_20-15-10_adam_paper_s2027: 262 s, epochs used 100 100 100 100 100 100 100 100 100 100 100 100 100 100 100 100 100 100 100, loss 240251.7 (homogeneous 238619.0)
==== 2026-10-10 17:18:35 start long_reporting.nncl.grid slot 4
[1] 1200
WARNING: All log messages before absl::InitializeLog() is called are written to STDERR
I0000 00:00:1791645522.328142   17316 port.cc:153] oneDNN custom operations are on. You may see slightly different numerical results due to floating-point round-off errors from different computation orders. To turn them off, set the environment variable `TF_ENABLE_ONEDNN_OPTS=0`.
WARNING: All log messages before absl::InitializeLog() is called are written to STDERR
I0000 00:00:1791645526.695083   17316 port.cc:153] oneDNN custom operations are on. You may see slightly different numerical results due to floating-point round-off errors from different computation orders. To turn them off, set the environment variable `TF_ENABLE_ONEDNN_OPTS=0`.
WARNING:tensorflow:From C:\Users\26196425\Work\MASTER~3\env\Lib\site-packages\keras\src\backend\common\global_state.py:82: The name tf.reset_default_graph is deprecated. Please use tf.compat.v1.reset_default_graph instead.

WARNING:tensorflow:TensorFlow GPU support is not available on native Windows for TensorFlow >= 2.11. Even if CUDA/cuDNN are installed, GPU will not be used. Please use WSL2 or the TensorFlow-DirectML plugin.
WARNING:tensorflow:5 out of the last 7 calls to <function TensorFlowTrainer.make_predict_function.<locals>.one_step_on_data_distributed at 0x000002956A2B7740> triggered tf.function retracing. Tracing is expensive and the excessive number of tracings could be due to (1) creating @tf.function repeatedly in a loop, (2) passing tensors with different shapes, (3) passing Python objects instead of tensors. For (1), please define your @tf.function outside of the loop. For (2), @tf.function has reduce_retracing=True option that can avoid unnecessary retracing. For (3), please refer to https://www.tensorflow.org/guide/function#controlling_retracing and https://www.tensorflow.org/api_docs/python/tf/function for  more details.
WARNING:tensorflow:6 out of the last 8 calls to <function TensorFlowTrainer.make_predict_function.<locals>.one_step_on_data_distributed at 0x000002956A2B7740> triggered tf.function retracing. Tracing is expensive and the excessive number of tracings could be due to (1) creating @tf.function repeatedly in a loop, (2) passing tensors with different shapes, (3) passing Python objects instead of tensors. For (1), please define your @tf.function outside of the loop. For (2), @tf.function has reduce_retracing=True option that can avoid unnecessary retracing. For (3), please refer to https://www.tensorflow.org/guide/function#controlling_retracing and https://www.tensorflow.org/api_docs/python/tf/function for  more details.
grid_20-15-10_adamax_paper_s2027: 255 s, epochs used 100 100 100 100 100 100 100 100 100 100 100 100 100 100 100 100 100 100 100, loss 250501.3 (homogeneous 238619.0)
grid_20_sgd_momentum_early_stop_s2028: 684 s, epochs used 11 78 500 55 48 500 500 500 80 62 500 500 500 500 500 500 17 19 6, loss 241013.8 (homogeneous 238619.0)
grid_20_adamax_paper_s2028: 248 s, epochs used 100 100 100 100 100 100 100 100 100 100 100 100 100 100 100 100 100 100 100, loss 242788.1 (homogeneous 238619.0)
grid_20-20-15_sgd_momentum_early_stop_s2028: 497 s, epochs used 11 13 62 136 238 39 500 22 95 22 500 337 399 138 500 500 75 30 25, loss 240022.2 (homogeneous 238619.0)
grid_20-20-15_adamw_early_stop_s2028: 774 s, epochs used 38 85 279 364 272 153 133 500 238 500 500 500 500 500 500 500 68 107 77, loss 242176.1 (homogeneous 238619.0)
grid_20-15-10_adamw_early_stop_s2028: 535 s, epochs used 79 64 89 44 80 46 182 500 16 17 431 409 269 500 500 500 19 20 62, loss 238962.6 (homogeneous 238619.0)
grid_20_rmsprop_paper_s2029: 243 s, epochs used 100 100 100 100 100 100 100 100 100 100 100 100 100 100 100 100 100 100 100, loss 241164.3 (homogeneous 238619.0)
grid_20_adamax_early_stop_s2029: 1025 s, epochs used 149 500 500 500 260 500 500 500 417 500 500 500 500 500 500 500 500 212 15, loss 241281.2 (homogeneous 238619.0)
==== 2026-10-10 18:33:28 start long_reporting.nncl.grid slot 4
[1] 1200
WARNING: All log messages before absl::InitializeLog() is called are written to STDERR
I0000 00:00:1791650016.083508    1996 port.cc:153] oneDNN custom operations are on. You may see slightly different numerical results due to floating-point round-off errors from different computation orders. To turn them off, set the environment variable `TF_ENABLE_ONEDNN_OPTS=0`.
WARNING: All log messages before absl::InitializeLog() is called are written to STDERR
I0000 00:00:1791650020.087733    1996 port.cc:153] oneDNN custom operations are on. You may see slightly different numerical results due to floating-point round-off errors from different computation orders. To turn them off, set the environment variable `TF_ENABLE_ONEDNN_OPTS=0`.
WARNING:tensorflow:From C:\Users\26196425\Work\MASTER~3\env\Lib\site-packages\keras\src\backend\common\global_state.py:82: The name tf.reset_default_graph is deprecated. Please use tf.compat.v1.reset_default_graph instead.

WARNING:tensorflow:TensorFlow GPU support is not available on native Windows for TensorFlow >= 2.11. Even if CUDA/cuDNN are installed, GPU will not be used. Please use WSL2 or the TensorFlow-DirectML plugin.
WARNING:tensorflow:5 out of the last 7 calls to <function TensorFlowTrainer.make_predict_function.<locals>.one_step_on_data_distributed at 0x000002EB961D3A60> triggered tf.function retracing. Tracing is expensive and the excessive number of tracings could be due to (1) creating @tf.function repeatedly in a loop, (2) passing tensors with different shapes, (3) passing Python objects instead of tensors. For (1), please define your @tf.function outside of the loop. For (2), @tf.function has reduce_retracing=True option that can avoid unnecessary retracing. For (3), please refer to https://www.tensorflow.org/guide/function#controlling_retracing and https://www.tensorflow.org/api_docs/python/tf/function for  more details.
WARNING:tensorflow:6 out of the last 8 calls to <function TensorFlowTrainer.make_predict_function.<locals>.one_step_on_data_distributed at 0x000002EB961D3A60> triggered tf.function retracing. Tracing is expensive and the excessive number of tracings could be due to (1) creating @tf.function repeatedly in a loop, (2) passing tensors with different shapes, (3) passing Python objects instead of tensors. For (1), please define your @tf.function outside of the loop. For (2), @tf.function has reduce_retracing=True option that can avoid unnecessary retracing. For (3), please refer to https://www.tensorflow.org/guide/function#controlling_retracing and https://www.tensorflow.org/api_docs/python/tf/function for  more details.
grid_20-20-15_nadam_paper_s2029: 264 s, epochs used 100 100 100 100 100 100 100 100 100 100 100 100 100 100 100 100 100 100 100, loss 238126.0 (homogeneous 238619.0)
grid_20-15-10_sgd_nesterov_early_stop_s2029: 867 s, epochs used 14 500 500 500 500 40 83 500 215 500 500 500 500 500 500 500 66 500 2, loss 238422.2 (homogeneous 238619.0)
grid_20_sgd_nesterov_early_stop_s2030: 572 s, epochs used 11 500 74 52 64 83 73 75 90 61 500 500 500 500 500 500 60 79 69, loss 240340.6 (homogeneous 238619.0)
grid_20_nadam_early_stop_s2030: 994 s, epochs used 86 500 500 170 468 500 500 500 233 500 500 500 500 500 500 500 500 500 1, loss 242870.9 (homogeneous 238619.0)
