==== 2026-10-08 19:03:45 start long_reporting.bccnn.masking.analysis slot 8
  n_vali vali_masked
1    210           0
[1] origin   dev      payment  mu_ccODP deviance
<0 rows> (or 0-length row.names)
   reserve   bias_pct    loss_in   loss_out 
17968.0707     2.6585   460.6027   552.6017 
Key: <cells>
    cells seeds steps_mean steps_sd steps_min steps_median steps_max vali_start
   <char> <int>      <num>    <num>     <num>        <num>     <num>      <num>
1:    all    20      152.5 259.9784         2            2       747   840.0285
2: masked    20      152.5 259.9784         2            2       747   840.0285
   vali_decrease_pct_mean bias_pct_mean bias_pct_sd loss_in_mean loss_out_mean
                    <num>         <num>       <num>        <num>         <num>
1:                 0.8121        2.5981      0.1998     461.6229      552.0444
2:                 0.8121        2.5981      0.1998     461.6229      552.0444
   loss_out_sd
         <num>
1:      2.4058
2:      2.4058
   seeds steps_changed steps_diff_mean steps_diff_max reserve_changed
   <int>         <int>           <num>          <num>           <num>
1:    20             0               0              0               0
   bias_pct_diff_mean bias_pct_diff_max loss_out_diff_mean
                <num>             <num>              <num>
1:                  0                 0                  0
