==== 2026-10-10 15:54:31 start long_reporting.nncl.grid slot 2
[1] 1200
WARNING: All log messages before absl::InitializeLog() is called are written to STDERR
I0000 00:00:1791640478.104129   17988 port.cc:153] oneDNN custom operations are on. You may see slightly different numerical results due to floating-point round-off errors from different computation orders. To turn them off, set the environment variable `TF_ENABLE_ONEDNN_OPTS=0`.
WARNING: All log messages before absl::InitializeLog() is called are written to STDERR
I0000 00:00:1791640481.894062   17988 port.cc:153] oneDNN custom operations are on. You may see slightly different numerical results due to floating-point round-off errors from different computation orders. To turn them off, set the environment variable `TF_ENABLE_ONEDNN_OPTS=0`.
WARNING:tensorflow:From C:\Users\26196425\Work\MASTER~3\env\Lib\site-packages\keras\src\backend\common\global_state.py:82: The name tf.reset_default_graph is deprecated. Please use tf.compat.v1.reset_default_graph instead.

WARNING:tensorflow:TensorFlow GPU support is not available on native Windows for TensorFlow >= 2.11. Even if CUDA/cuDNN are installed, GPU will not be used. Please use WSL2 or the TensorFlow-DirectML plugin.
WARNING:tensorflow:5 out of the last 7 calls to <function TensorFlowTrainer.make_predict_function.<locals>.one_step_on_data_distributed at 0x000001199466FF60> triggered tf.function retracing. Tracing is expensive and the excessive number of tracings could be due to (1) creating @tf.function repeatedly in a loop, (2) passing tensors with different shapes, (3) passing Python objects instead of tensors. For (1), please define your @tf.function outside of the loop. For (2), @tf.function has reduce_retracing=True option that can avoid unnecessary retracing. For (3), please refer to https://www.tensorflow.org/guide/function#controlling_retracing and https://www.tensorflow.org/api_docs/python/tf/function for  more details.
WARNING:tensorflow:6 out of the last 8 calls to <function TensorFlowTrainer.make_predict_function.<locals>.one_step_on_data_distributed at 0x000001199466FF60> triggered tf.function retracing. Tracing is expensive and the excessive number of tracings could be due to (1) creating @tf.function repeatedly in a loop, (2) passing tensors with different shapes, (3) passing Python objects instead of tensors. For (1), please define your @tf.function outside of the loop. For (2), @tf.function has reduce_retracing=True option that can avoid unnecessary retracing. For (3), please refer to https://www.tensorflow.org/guide/function#controlling_retracing and https://www.tensorflow.org/api_docs/python/tf/function for  more details.
grid_20_rmsprop_paper_s2026: 245 s, epochs used 100 100 100 100 100 100 100 100 100 100 100 100 100 100 100 100 100 100 100, loss 238729.9 (homogeneous 238619.0)
grid_20_adamax_early_stop_s2026: 952 s, epochs used 129 500 500 500 500 500 77 500 294 500 500 500 500 500 500 500 500 82 40, loss 240501.5 (homogeneous 238619.0)
grid_20-20-15_adamax_early_stop_s2026: 1033 s, epochs used 49 234 401 500 500 301 500 500 500 500 500 500 500 500 500 500 359 500 191, loss 241096.9 (homogeneous 238619.0)
grid_20_sgd_early_stop_s2027: 1059 s, epochs used 76 500 500 500 500 500 500 500 500 500 500 500 500 500 500 500 500 500 11, loss 241478.5 (homogeneous 238619.0)
grid_20-20-15_sgd_early_stop_s2027: 1121 s, epochs used 45 500 500 500 500 500 500 500 500 500 500 500 500 500 500 500 500 500 500, loss 239813.1 (homogeneous 238619.0)
grid_20-15-10_adadelta_paper_s2027: 255 s, epochs used 100 100 100 100 100 100 100 100 100 100 100 100 100 100 100 100 100 100 100, loss 230224.0 (homogeneous 238619.0)
grid_20-15-10_adam_early_stop_s2027: 986 s, epochs used 110 85 500 500 500 500 500 500 317 500 500 500 500 500 500 500 500 148 89, loss 238455.6 (homogeneous 238619.0)
grid_20_adam_early_stop_s2028: 786 s, epochs used 77 286 48 384 187 500 500 500 225 500 500 500 500 500 500 69 73 121 69, loss 242242.0 (homogeneous 238619.0)
==== 2026-10-10 17:45:26 start long_reporting.nncl.grid slot 2
[1] 1200
WARNING: All log messages before absl::InitializeLog() is called are written to STDERR
I0000 00:00:1791647133.291463   17864 port.cc:153] oneDNN custom operations are on. You may see slightly different numerical results due to floating-point round-off errors from different computation orders. To turn them off, set the environment variable `TF_ENABLE_ONEDNN_OPTS=0`.
WARNING: All log messages before absl::InitializeLog() is called are written to STDERR
I0000 00:00:1791647137.406069   17864 port.cc:153] oneDNN custom operations are on. You may see slightly different numerical results due to floating-point round-off errors from different computation orders. To turn them off, set the environment variable `TF_ENABLE_ONEDNN_OPTS=0`.
WARNING:tensorflow:From C:\Users\26196425\Work\MASTER~3\env\Lib\site-packages\keras\src\backend\common\global_state.py:82: The name tf.reset_default_graph is deprecated. Please use tf.compat.v1.reset_default_graph instead.

WARNING:tensorflow:TensorFlow GPU support is not available on native Windows for TensorFlow >= 2.11. Even if CUDA/cuDNN are installed, GPU will not be used. Please use WSL2 or the TensorFlow-DirectML plugin.
WARNING:tensorflow:5 out of the last 7 calls to <function TensorFlowTrainer.make_predict_function.<locals>.one_step_on_data_distributed at 0x00000169727C0B80> triggered tf.function retracing. Tracing is expensive and the excessive number of tracings could be due to (1) creating @tf.function repeatedly in a loop, (2) passing tensors with different shapes, (3) passing Python objects instead of tensors. For (1), please define your @tf.function outside of the loop. For (2), @tf.function has reduce_retracing=True option that can avoid unnecessary retracing. For (3), please refer to https://www.tensorflow.org/guide/function#controlling_retracing and https://www.tensorflow.org/api_docs/python/tf/function for  more details.
WARNING:tensorflow:6 out of the last 8 calls to <function TensorFlowTrainer.make_predict_function.<locals>.one_step_on_data_distributed at 0x00000169727C0B80> triggered tf.function retracing. Tracing is expensive and the excessive number of tracings could be due to (1) creating @tf.function repeatedly in a loop, (2) passing tensors with different shapes, (3) passing Python objects instead of tensors. For (1), please define your @tf.function outside of the loop. For (2), @tf.function has reduce_retracing=True option that can avoid unnecessary retracing. For (3), please refer to https://www.tensorflow.org/guide/function#controlling_retracing and https://www.tensorflow.org/api_docs/python/tf/function for  more details.
grid_20-20-15_rmsprop_paper_s2028: 246 s, epochs used 100 100 100 100 100 100 100 100 100 100 100 100 100 100 100 100 100 100 100, loss 207937.7 (homogeneous 238619.0)
grid_20-20-15_adamax_early_stop_s2028: 975 s, epochs used 47 135 500 500 500 375 500 500 500 500 500 500 500 500 500 500 288 244 92, loss 242269.0 (homogeneous 238619.0)
grid_20_sgd_early_stop_s2029: 1112 s, epochs used 97 500 500 500 500 500 500 500 500 500 500 500 500 500 500 500 500 500 500, loss 239688.4 (homogeneous 238619.0)
grid_20-20-15_adadelta_paper_s2029: 259 s, epochs used 100 100 100 100 100 100 100 100 100 100 100 100 100 100 100 100 100 100 100, loss 190846.0 (homogeneous 238619.0)
grid_20-20-15_adamw_paper_s2029: 260 s, epochs used 100 100 100 100 100 100 100 100 100 100 100 100 100 100 100 100 100 100 100, loss 238370.9 (homogeneous 238619.0)
grid_20-15-10_sgd_early_stop_s2029: 1008 s, epochs used 67 500 500 500 500 500 500 500 500 500 500 500 500 500 500 500 500 18 4, loss 238861.8 (homogeneous 238619.0)
grid_20_sgd_momentum_early_stop_s2030: 363 s, epochs used 12 64 77 58 66 82 79 75 92 63 500 500 103 68 500 72 63 50 70, loss 240756.0 (homogeneous 238619.0)
grid_20_adamw_paper_s2030: 254 s, epochs used 100 100 100 100 100 100 100 100 100 100 100 100 100 100 100 100 100 100 100, loss 243065.7 (homogeneous 238619.0)
==== 2026-10-10 19:03:58 start long_reporting.nncl.grid slot 2
[1] 1200
WARNING: All log messages before absl::InitializeLog() is called are written to STDERR
I0000 00:00:1791651858.644260   19164 port.cc:153] oneDNN custom operations are on. You may see slightly different numerical results due to floating-point round-off errors from different computation orders. To turn them off, set the environment variable `TF_ENABLE_ONEDNN_OPTS=0`.
WARNING: All log messages before absl::InitializeLog() is called are written to STDERR
I0000 00:00:1791651893.166596   19164 port.cc:153] oneDNN custom operations are on. You may see slightly different numerical results due to floating-point round-off errors from different computation orders. To turn them off, set the environment variable `TF_ENABLE_ONEDNN_OPTS=0`.
WARNING:tensorflow:From C:\Users\26196425\Work\MASTER~3\env\Lib\site-packages\keras\src\backend\common\global_state.py:82: The name tf.reset_default_graph is deprecated. Please use tf.compat.v1.reset_default_graph instead.

WARNING:tensorflow:TensorFlow GPU support is not available on native Windows for TensorFlow >= 2.11. Even if CUDA/cuDNN are installed, GPU will not be used. Please use WSL2 or the TensorFlow-DirectML plugin.
WARNING:tensorflow:5 out of the last 7 calls to <function TensorFlowTrainer.make_predict_function.<locals>.one_step_on_data_distributed at 0x000002189637C4A0> triggered tf.function retracing. Tracing is expensive and the excessive number of tracings could be due to (1) creating @tf.function repeatedly in a loop, (2) passing tensors with different shapes, (3) passing Python objects instead of tensors. For (1), please define your @tf.function outside of the loop. For (2), @tf.function has reduce_retracing=True option that can avoid unnecessary retracing. For (3), please refer to https://www.tensorflow.org/guide/function#controlling_retracing and https://www.tensorflow.org/api_docs/python/tf/function for  more details.
WARNING:tensorflow:6 out of the last 8 calls to <function TensorFlowTrainer.make_predict_function.<locals>.one_step_on_data_distributed at 0x000002189637C4A0> triggered tf.function retracing. Tracing is expensive and the excessive number of tracings could be due to (1) creating @tf.function repeatedly in a loop, (2) passing tensors with different shapes, (3) passing Python objects instead of tensors. For (1), please define your @tf.function outside of the loop. For (2), @tf.function has reduce_retracing=True option that can avoid unnecessary retracing. For (3), please refer to https://www.tensorflow.org/guide/function#controlling_retracing and https://www.tensorflow.org/api_docs/python/tf/function for  more details.
grid_20-20-15_sgd_momentum_paper_s2030: 243 s, epochs used 100 100 100 100 100 100 100 100 100 100 100 100 100 100 100 100 100 100 100, loss 233016.4 (homogeneous 238619.0)
grid_20-20-15_adagrad_early_stop_s2030: 679 s, epochs used 9 98 297 129 500 20 26 500 200 204 500 500 500 500 500 500 62 17 181, loss 239832.2 (homogeneous 238619.0)
grid_20-15-10_sgd_momentum_paper_s2030: 246 s, epochs used 100 100 100 100 100 100 100 100 100 100 100 100 100 100 100 100 100 100 100, loss 237285.8 (homogeneous 238619.0)
grid_20-15-10_adadelta_early_stop_s2030: 342 s, epochs used 37 254 139 124 119 106 99 94 89 230 86 83 83 87 86 84 299 103 1, loss 237942.7 (homogeneous 238619.0)
