==== 2026-10-10 15:53:24 start long_reporting.nncl.grid slot 10
[1] 1200
WARNING: All log messages before absl::InitializeLog() is called are written to STDERR
I0000 00:00:1791640411.207319   16488 port.cc:153] oneDNN custom operations are on. You may see slightly different numerical results due to floating-point round-off errors from different computation orders. To turn them off, set the environment variable `TF_ENABLE_ONEDNN_OPTS=0`.
WARNING: All log messages before absl::InitializeLog() is called are written to STDERR
I0000 00:00:1791640415.263357   16488 port.cc:153] oneDNN custom operations are on. You may see slightly different numerical results due to floating-point round-off errors from different computation orders. To turn them off, set the environment variable `TF_ENABLE_ONEDNN_OPTS=0`.
WARNING:tensorflow:From C:\Users\26196425\Work\MASTER~3\env\Lib\site-packages\keras\src\backend\common\global_state.py:82: The name tf.reset_default_graph is deprecated. Please use tf.compat.v1.reset_default_graph instead.

WARNING:tensorflow:TensorFlow GPU support is not available on native Windows for TensorFlow >= 2.11. Even if CUDA/cuDNN are installed, GPU will not be used. Please use WSL2 or the TensorFlow-DirectML plugin.
WARNING:tensorflow:5 out of the last 7 calls to <function TensorFlowTrainer.make_predict_function.<locals>.one_step_on_data_distributed at 0x000002410005BE20> triggered tf.function retracing. Tracing is expensive and the excessive number of tracings could be due to (1) creating @tf.function repeatedly in a loop, (2) passing tensors with different shapes, (3) passing Python objects instead of tensors. For (1), please define your @tf.function outside of the loop. For (2), @tf.function has reduce_retracing=True option that can avoid unnecessary retracing. For (3), please refer to https://www.tensorflow.org/guide/function#controlling_retracing and https://www.tensorflow.org/api_docs/python/tf/function for  more details.
WARNING:tensorflow:6 out of the last 8 calls to <function TensorFlowTrainer.make_predict_function.<locals>.one_step_on_data_distributed at 0x000002410005BE20> triggered tf.function retracing. Tracing is expensive and the excessive number of tracings could be due to (1) creating @tf.function repeatedly in a loop, (2) passing tensors with different shapes, (3) passing Python objects instead of tensors. For (1), please define your @tf.function outside of the loop. For (2), @tf.function has reduce_retracing=True option that can avoid unnecessary retracing. For (3), please refer to https://www.tensorflow.org/guide/function#controlling_retracing and https://www.tensorflow.org/api_docs/python/tf/function for  more details.
grid_20_adagrad_early_stop_s2026: 914 s, epochs used 37 500 440 500 500 36 34 500 309 500 500 500 500 500 500 500 500 500 1, loss 240255.4 (homogeneous 238619.0)
grid_20-20-15_adagrad_paper_s2026: 248 s, epochs used 100 100 100 100 100 100 100 100 100 100 100 100 100 100 100 100 100 100 100, loss 189896.4 (homogeneous 238619.0)
grid_20-20-15_adamw_paper_s2026: 261 s, epochs used 100 100 100 100 100 100 100 100 100 100 100 100 100 100 100 100 100 100 100, loss 232104.2 (homogeneous 238619.0)
grid_20-15-10_sgd_momentum_early_stop_s2026: 780 s, epochs used 25 30 383 500 65 45 500 500 318 500 500 500 500 500 500 67 500 23 15, loss 239010.0 (homogeneous 238619.0)
grid_20_sgd_paper_s2027: 239 s, epochs used 100 100 100 100 100 100 100 100 100 100 100 100 100 100 100 100 100 100 100, loss 249534.5 (homogeneous 238619.0)
grid_20_adagrad_early_stop_s2027: 970 s, epochs used 37 197 398 500 500 103 500 500 344 500 500 500 500 500 500 500 500 500 3, loss 241323.6 (homogeneous 238619.0)
grid_20-20-15_adagrad_early_stop_s2027: 881 s, epochs used 13 106 500 89 424 65 500 500 299 166 500 500 500 500 500 500 500 500 245, loss 238943.3 (homogeneous 238619.0)
grid_20-15-10_sgd_nesterov_paper_s2027: 248 s, epochs used 100 100 100 100 100 100 100 100 100 100 100 100 100 100 100 100 100 100 100, loss 237673.0 (homogeneous 238619.0)
==== 2026-10-10 17:12:40 start long_reporting.nncl.grid slot 10
[1] 1200
WARNING: All log messages before absl::InitializeLog() is called are written to STDERR
I0000 00:00:1791645167.914174    8720 port.cc:153] oneDNN custom operations are on. You may see slightly different numerical results due to floating-point round-off errors from different computation orders. To turn them off, set the environment variable `TF_ENABLE_ONEDNN_OPTS=0`.
WARNING: All log messages before absl::InitializeLog() is called are written to STDERR
I0000 00:00:1791645172.124414    8720 port.cc:153] oneDNN custom operations are on. You may see slightly different numerical results due to floating-point round-off errors from different computation orders. To turn them off, set the environment variable `TF_ENABLE_ONEDNN_OPTS=0`.
WARNING:tensorflow:From C:\Users\26196425\Work\MASTER~3\env\Lib\site-packages\keras\src\backend\common\global_state.py:82: The name tf.reset_default_graph is deprecated. Please use tf.compat.v1.reset_default_graph instead.

WARNING:tensorflow:TensorFlow GPU support is not available on native Windows for TensorFlow >= 2.11. Even if CUDA/cuDNN are installed, GPU will not be used. Please use WSL2 or the TensorFlow-DirectML plugin.
WARNING:tensorflow:5 out of the last 7 calls to <function TensorFlowTrainer.make_predict_function.<locals>.one_step_on_data_distributed at 0x00000159A5E60900> triggered tf.function retracing. Tracing is expensive and the excessive number of tracings could be due to (1) creating @tf.function repeatedly in a loop, (2) passing tensors with different shapes, (3) passing Python objects instead of tensors. For (1), please define your @tf.function outside of the loop. For (2), @tf.function has reduce_retracing=True option that can avoid unnecessary retracing. For (3), please refer to https://www.tensorflow.org/guide/function#controlling_retracing and https://www.tensorflow.org/api_docs/python/tf/function for  more details.
WARNING:tensorflow:6 out of the last 8 calls to <function TensorFlowTrainer.make_predict_function.<locals>.one_step_on_data_distributed at 0x00000159A5E60900> triggered tf.function retracing. Tracing is expensive and the excessive number of tracings could be due to (1) creating @tf.function repeatedly in a loop, (2) passing tensors with different shapes, (3) passing Python objects instead of tensors. For (1), please define your @tf.function outside of the loop. For (2), @tf.function has reduce_retracing=True option that can avoid unnecessary retracing. For (3), please refer to https://www.tensorflow.org/guide/function#controlling_retracing and https://www.tensorflow.org/api_docs/python/tf/function for  more details.
grid_20-15-10_rmsprop_paper_s2027: 244 s, epochs used 100 100 100 100 100 100 100 100 100 100 100 100 100 100 100 100 100 100 100, loss 236014.3 (homogeneous 238619.0)
grid_20-15-10_adamw_early_stop_s2027: 988 s, epochs used 110 85 500 500 500 500 500 500 319 500 500 500 500 500 500 500 500 148 89, loss 238455.0 (homogeneous 238619.0)
grid_20_adamw_early_stop_s2028: 777 s, epochs used 77 286 48 385 187 500 500 500 225 500 500 500 500 500 500 69 73 121 69, loss 242242.6 (homogeneous 238619.0)
grid_20-20-15_adam_early_stop_s2028: 775 s, epochs used 38 85 280 363 271 153 133 500 237 500 500 500 500 500 500 500 68 107 77, loss 242177.5 (homogeneous 238619.0)
grid_20-15-10_adam_paper_s2028: 257 s, epochs used 100 100 100 100 100 100 100 100 100 100 100 100 100 100 100 100 100 100 100, loss 238080.7 (homogeneous 238619.0)
grid_20-15-10_nadam_early_stop_s2028: 556 s, epochs used 73 161 85 48 218 110 24 500 65 22 410 364 245 500 500 500 25 25 64, loss 238961.1 (homogeneous 238619.0)
grid_20_adamax_paper_s2029: 250 s, epochs used 100 100 100 100 100 100 100 100 100 100 100 100 100 100 100 100 100 100 100, loss 247650.8 (homogeneous 238619.0)
grid_20-20-15_sgd_early_stop_s2029: 1121 s, epochs used 103 500 500 500 500 500 500 500 500 500 500 500 500 500 500 500 500 277 500, loss 239187.5 (homogeneous 238619.0)
==== 2026-10-10 18:39:44 start long_reporting.nncl.grid slot 10
[1] 1200
WARNING: All log messages before absl::InitializeLog() is called are written to STDERR
I0000 00:00:1791650407.493588    2808 port.cc:153] oneDNN custom operations are on. You may see slightly different numerical results due to floating-point round-off errors from different computation orders. To turn them off, set the environment variable `TF_ENABLE_ONEDNN_OPTS=0`.
WARNING: All log messages before absl::InitializeLog() is called are written to STDERR
I0000 00:00:1791650439.526696    2808 port.cc:153] oneDNN custom operations are on. You may see slightly different numerical results due to floating-point round-off errors from different computation orders. To turn them off, set the environment variable `TF_ENABLE_ONEDNN_OPTS=0`.
WARNING:tensorflow:From C:\Users\26196425\Work\MASTER~3\env\Lib\site-packages\keras\src\backend\common\global_state.py:82: The name tf.reset_default_graph is deprecated. Please use tf.compat.v1.reset_default_graph instead.

WARNING:tensorflow:TensorFlow GPU support is not available on native Windows for TensorFlow >= 2.11. Even if CUDA/cuDNN are installed, GPU will not be used. Please use WSL2 or the TensorFlow-DirectML plugin.
WARNING:tensorflow:5 out of the last 7 calls to <function TensorFlowTrainer.make_predict_function.<locals>.one_step_on_data_distributed at 0x0000020E814A0400> triggered tf.function retracing. Tracing is expensive and the excessive number of tracings could be due to (1) creating @tf.function repeatedly in a loop, (2) passing tensors with different shapes, (3) passing Python objects instead of tensors. For (1), please define your @tf.function outside of the loop. For (2), @tf.function has reduce_retracing=True option that can avoid unnecessary retracing. For (3), please refer to https://www.tensorflow.org/guide/function#controlling_retracing and https://www.tensorflow.org/api_docs/python/tf/function for  more details.
WARNING:tensorflow:6 out of the last 8 calls to <function TensorFlowTrainer.make_predict_function.<locals>.one_step_on_data_distributed at 0x0000020E814A0400> triggered tf.function retracing. Tracing is expensive and the excessive number of tracings could be due to (1) creating @tf.function repeatedly in a loop, (2) passing tensors with different shapes, (3) passing Python objects instead of tensors. For (1), please define your @tf.function outside of the loop. For (2), @tf.function has reduce_retracing=True option that can avoid unnecessary retracing. For (3), please refer to https://www.tensorflow.org/guide/function#controlling_retracing and https://www.tensorflow.org/api_docs/python/tf/function for  more details.
grid_20-15-10_adagrad_early_stop_s2029: 939 s, epochs used 18 500 450 500 422 204 376 500 146 500 500 475 500 500 500 500 500 366 1, loss 238225.2 (homogeneous 238619.0)
grid_20_rmsprop_paper_s2030: 248 s, epochs used 100 100 100 100 100 100 100 100 100 100 100 100 100 100 100 100 100 100 100, loss 239398.1 (homogeneous 238619.0)
grid_20_adamax_early_stop_s2030: 1024 s, epochs used 95 500 500 223 500 500 500 500 440 500 500 500 500 500 500 500 500 500 1, loss 243634.2 (homogeneous 238619.0)
grid_20-20-15_nadam_early_stop_s2030: 607 s, epochs used 51 128 160 33 246 24 56 500 136 25 500 331 471 500 500 500 90 33 16, loss 239743.1 (homogeneous 238619.0)
grid_20-15-10_adamw_paper_s2030: 264 s, epochs used 100 100 100 100 100 100 100 100 100 100 100 100 100 100 100 100 100 100 100, loss 237649.8 (homogeneous 238619.0)
