==== 2026-10-10 15:57:29 start long_reporting.nncl.grid slot 7
[1] 1200
WARNING: All log messages before absl::InitializeLog() is called are written to STDERR
I0000 00:00:1791640656.249743    9648 port.cc:153] oneDNN custom operations are on. You may see slightly different numerical results due to floating-point round-off errors from different computation orders. To turn them off, set the environment variable `TF_ENABLE_ONEDNN_OPTS=0`.
WARNING: All log messages before absl::InitializeLog() is called are written to STDERR
I0000 00:00:1791640660.528098    9648 port.cc:153] oneDNN custom operations are on. You may see slightly different numerical results due to floating-point round-off errors from different computation orders. To turn them off, set the environment variable `TF_ENABLE_ONEDNN_OPTS=0`.
WARNING:tensorflow:From C:\Users\26196425\Work\MASTER~3\env\Lib\site-packages\keras\src\backend\common\global_state.py:82: The name tf.reset_default_graph is deprecated. Please use tf.compat.v1.reset_default_graph instead.

WARNING:tensorflow:TensorFlow GPU support is not available on native Windows for TensorFlow >= 2.11. Even if CUDA/cuDNN are installed, GPU will not be used. Please use WSL2 or the TensorFlow-DirectML plugin.
WARNING:tensorflow:5 out of the last 7 calls to <function TensorFlowTrainer.make_predict_function.<locals>.one_step_on_data_distributed at 0x0000019BCC45BBA0> triggered tf.function retracing. Tracing is expensive and the excessive number of tracings could be due to (1) creating @tf.function repeatedly in a loop, (2) passing tensors with different shapes, (3) passing Python objects instead of tensors. For (1), please define your @tf.function outside of the loop. For (2), @tf.function has reduce_retracing=True option that can avoid unnecessary retracing. For (3), please refer to https://www.tensorflow.org/guide/function#controlling_retracing and https://www.tensorflow.org/api_docs/python/tf/function for  more details.
WARNING:tensorflow:6 out of the last 8 calls to <function TensorFlowTrainer.make_predict_function.<locals>.one_step_on_data_distributed at 0x0000019BCC45BBA0> triggered tf.function retracing. Tracing is expensive and the excessive number of tracings could be due to (1) creating @tf.function repeatedly in a loop, (2) passing tensors with different shapes, (3) passing Python objects instead of tensors. For (1), please define your @tf.function outside of the loop. For (2), @tf.function has reduce_retracing=True option that can avoid unnecessary retracing. For (3), please refer to https://www.tensorflow.org/guide/function#controlling_retracing and https://www.tensorflow.org/api_docs/python/tf/function for  more details.
grid_20_adamw_early_stop_s2026: 839 s, epochs used 108 500 471 386 500 58 50 500 123 332 500 500 500 500 500 500 500 54 32, loss 240272.1 (homogeneous 238619.0)
grid_20-20-15_adam_early_stop_s2026: 739 s, epochs used 42 113 129 500 312 116 161 500 235 253 500 500 500 500 500 500 116 38 78, loss 240496.9 (homogeneous 238619.0)
grid_20-15-10_rmsprop_early_stop_s2026: 634 s, epochs used 41 90 92 138 252 100 379 496 82 84 410 212 347 445 489 412 498 163 41, loss 238613.8 (homogeneous 238619.0)
grid_20_sgd_momentum_early_stop_s2027: 924 s, epochs used 12 279 500 500 500 45 81 500 467 500 500 500 500 500 500 500 500 500 6, loss 241962.5 (homogeneous 238619.0)
grid_20-20-15_sgd_momentum_early_stop_s2027: 689 s, epochs used 9 29 500 56 74 44 157 500 500 410 500 79 500 500 500 500 376 41 31, loss 240777.4 (homogeneous 238619.0)
grid_20-20-15_nadam_paper_s2027: 266 s, epochs used 100 100 100 100 100 100 100 100 100 100 100 100 100 100 100 100 100 100 100, loss 236202.5 (homogeneous 238619.0)
grid_20-15-10_adagrad_paper_s2027: 246 s, epochs used 100 100 100 100 100 100 100 100 100 100 100 100 100 100 100 100 100 100 100, loss 231814.0 (homogeneous 238619.0)
grid_20-15-10_rmsprop_early_stop_s2027: 684 s, epochs used 68 59 291 260 181 135 122 93 72 490 489 238 500 500 499 491 499 85 56, loss 238024.9 (homogeneous 238619.0)
==== 2026-10-10 17:25:15 start long_reporting.nncl.grid slot 7
[1] 1200
WARNING: All log messages before absl::InitializeLog() is called are written to STDERR
I0000 00:00:1791645922.328822    1232 port.cc:153] oneDNN custom operations are on. You may see slightly different numerical results due to floating-point round-off errors from different computation orders. To turn them off, set the environment variable `TF_ENABLE_ONEDNN_OPTS=0`.
WARNING: All log messages before absl::InitializeLog() is called are written to STDERR
I0000 00:00:1791645926.357274    1232 port.cc:153] oneDNN custom operations are on. You may see slightly different numerical results due to floating-point round-off errors from different computation orders. To turn them off, set the environment variable `TF_ENABLE_ONEDNN_OPTS=0`.
WARNING:tensorflow:From C:\Users\26196425\Work\MASTER~3\env\Lib\site-packages\keras\src\backend\common\global_state.py:82: The name tf.reset_default_graph is deprecated. Please use tf.compat.v1.reset_default_graph instead.

WARNING:tensorflow:TensorFlow GPU support is not available on native Windows for TensorFlow >= 2.11. Even if CUDA/cuDNN are installed, GPU will not be used. Please use WSL2 or the TensorFlow-DirectML plugin.
WARNING:tensorflow:5 out of the last 7 calls to <function TensorFlowTrainer.make_predict_function.<locals>.one_step_on_data_distributed at 0x0000026139437F60> triggered tf.function retracing. Tracing is expensive and the excessive number of tracings could be due to (1) creating @tf.function repeatedly in a loop, (2) passing tensors with different shapes, (3) passing Python objects instead of tensors. For (1), please define your @tf.function outside of the loop. For (2), @tf.function has reduce_retracing=True option that can avoid unnecessary retracing. For (3), please refer to https://www.tensorflow.org/guide/function#controlling_retracing and https://www.tensorflow.org/api_docs/python/tf/function for  more details.
WARNING:tensorflow:6 out of the last 8 calls to <function TensorFlowTrainer.make_predict_function.<locals>.one_step_on_data_distributed at 0x0000026139437F60> triggered tf.function retracing. Tracing is expensive and the excessive number of tracings could be due to (1) creating @tf.function repeatedly in a loop, (2) passing tensors with different shapes, (3) passing Python objects instead of tensors. For (1), please define your @tf.function outside of the loop. For (2), @tf.function has reduce_retracing=True option that can avoid unnecessary retracing. For (3), please refer to https://www.tensorflow.org/guide/function#controlling_retracing and https://www.tensorflow.org/api_docs/python/tf/function for  more details.
grid_20_adagrad_paper_s2028: 235 s, epochs used 100 100 100 100 100 100 100 100 100 100 100 100 100 100 100 100 100 100 100, loss 236276.7 (homogeneous 238619.0)
grid_20_rmsprop_paper_s2028: 244 s, epochs used 100 100 100 100 100 100 100 100 100 100 100 100 100 100 100 100 100 100 100, loss 238631.8 (homogeneous 238619.0)
grid_20_adamw_paper_s2028: 247 s, epochs used 100 100 100 100 100 100 100 100 100 100 100 100 100 100 100 100 100 100 100, loss 241051.9 (homogeneous 238619.0)
grid_20-20-15_sgd_early_stop_s2028: 1059 s, epochs used 50 184 500 500 500 500 364 500 500 500 500 500 500 500 500 500 500 457 500, loss 239600.7 (homogeneous 238619.0)
grid_20-15-10_adadelta_paper_s2028: 255 s, epochs used 100 100 100 100 100 100 100 100 100 100 100 100 100 100 100 100 100 100 100, loss 191024.6 (homogeneous 238619.0)
grid_20-15-10_adam_early_stop_s2028: 526 s, epochs used 79 64 88 44 80 46 184 500 16 17 429 409 268 500 500 500 19 20 62, loss 238962.6 (homogeneous 238619.0)
grid_20_adagrad_early_stop_s2029: 927 s, epochs used 50 500 500 500 350 77 85 500 388 500 500 500 500 500 500 500 500 500 109, loss 240732.0 (homogeneous 238619.0)
grid_20-20-15_adadelta_early_stop_s2029: 341 s, epochs used 41 113 75 96 113 116 122 124 125 123 127 125 128 129 127 124 159 92 114, loss 238630.7 (homogeneous 238619.0)
==== 2026-10-10 18:32:38 start long_reporting.nncl.grid slot 7
[1] 1200
WARNING: All log messages before absl::InitializeLog() is called are written to STDERR
I0000 00:00:1791649965.916877   19040 port.cc:153] oneDNN custom operations are on. You may see slightly different numerical results due to floating-point round-off errors from different computation orders. To turn them off, set the environment variable `TF_ENABLE_ONEDNN_OPTS=0`.
WARNING: All log messages before absl::InitializeLog() is called are written to STDERR
I0000 00:00:1791649969.893858   19040 port.cc:153] oneDNN custom operations are on. You may see slightly different numerical results due to floating-point round-off errors from different computation orders. To turn them off, set the environment variable `TF_ENABLE_ONEDNN_OPTS=0`.
WARNING:tensorflow:From C:\Users\26196425\Work\MASTER~3\env\Lib\site-packages\keras\src\backend\common\global_state.py:82: The name tf.reset_default_graph is deprecated. Please use tf.compat.v1.reset_default_graph instead.

WARNING:tensorflow:TensorFlow GPU support is not available on native Windows for TensorFlow >= 2.11. Even if CUDA/cuDNN are installed, GPU will not be used. Please use WSL2 or the TensorFlow-DirectML plugin.
WARNING:tensorflow:5 out of the last 7 calls to <function TensorFlowTrainer.make_predict_function.<locals>.one_step_on_data_distributed at 0x0000027C53DB7880> triggered tf.function retracing. Tracing is expensive and the excessive number of tracings could be due to (1) creating @tf.function repeatedly in a loop, (2) passing tensors with different shapes, (3) passing Python objects instead of tensors. For (1), please define your @tf.function outside of the loop. For (2), @tf.function has reduce_retracing=True option that can avoid unnecessary retracing. For (3), please refer to https://www.tensorflow.org/guide/function#controlling_retracing and https://www.tensorflow.org/api_docs/python/tf/function for  more details.
WARNING:tensorflow:6 out of the last 8 calls to <function TensorFlowTrainer.make_predict_function.<locals>.one_step_on_data_distributed at 0x0000027C53DB7880> triggered tf.function retracing. Tracing is expensive and the excessive number of tracings could be due to (1) creating @tf.function repeatedly in a loop, (2) passing tensors with different shapes, (3) passing Python objects instead of tensors. For (1), please define your @tf.function outside of the loop. For (2), @tf.function has reduce_retracing=True option that can avoid unnecessary retracing. For (3), please refer to https://www.tensorflow.org/guide/function#controlling_retracing and https://www.tensorflow.org/api_docs/python/tf/function for  more details.
grid_20-20-15_adamax_paper_s2029: 252 s, epochs used 100 100 100 100 100 100 100 100 100 100 100 100 100 100 100 100 100 100 100, loss 241006.1 (homogeneous 238619.0)
grid_20-15-10_sgd_momentum_early_stop_s2029: 756 s, epochs used 22 23 500 500 500 40 82 500 206 60 500 500 500 500 500 500 20 500 3, loss 239298.5 (homogeneous 238619.0)
grid_20_sgd_early_stop_s2030: 1042 s, epochs used 42 500 500 490 500 500 500 500 500 500 500 500 500 500 500 500 500 500 1, loss 242159.6 (homogeneous 238619.0)
grid_20-20-15_sgd_nesterov_early_stop_s2030: 796 s, epochs used 9 24 500 31 500 36 45 500 446 466 500 500 500 500 500 500 98 30 413, loss 238672.8 (homogeneous 238619.0)
grid_20-15-10_sgd_nesterov_paper_s2030: 250 s, epochs used 100 100 100 100 100 100 100 100 100 100 100 100 100 100 100 100 100 100 100, loss 234154.0 (homogeneous 238619.0)
grid_20-15-10_rmsprop_early_stop_s2030: 480 s, epochs used 57 176 100 136 87 94 66 343 64 339 235 228 196 305 290 264 318 67 1, loss 237980.9 (homogeneous 238619.0)
