==== 2026-10-08 15:47:58 start long_reporting.bccnn.fit.claims_split_refit slot 9
WARNING: All log messages before absl::InitializeLog() is called are written to STDERR
I0000 00:00:1791467284.394498    2420 port.cc:153] oneDNN custom operations are on. You may see slightly different numerical results due to floating-point round-off errors from different computation orders. To turn them off, set the environment variable `TF_ENABLE_ONEDNN_OPTS=0`.
WARNING: All log messages before absl::InitializeLog() is called are written to STDERR
I0000 00:00:1791467287.630456    2420 port.cc:153] oneDNN custom operations are on. You may see slightly different numerical results due to floating-point round-off errors from different computation orders. To turn them off, set the environment variable `TF_ENABLE_ONEDNN_OPTS=0`.
WARNING:tensorflow:From C:\Users\26196425\Work\MASTER~3\env\Lib\site-packages\keras\src\backend\common\global_state.py:82: The name tf.reset_default_graph is deprecated. Please use tf.compat.v1.reset_default_graph instead.

WARNING:tensorflow:TensorFlow GPU support is not available on native Windows for TensorFlow >= 2.11. Even if CUDA/cuDNN are installed, GPU will not be used. Please use WSL2 or the TensorFlow-DirectML plugin.
      early_stopping final_fit total
clock           73.9      38.2 112.1
keras           58.2      37.6  95.8
                                                    quantity        value
1                                              true reserves 1.750276e+04
2                                        CL reserves (ccODP) 1.796807e+04
3                                             bCCNN reserves 1.796595e+04
4                                                    bias CL 4.653150e+02
5                                                 bias bCCNN 4.631977e+02
6                                                bias CL (%) 2.658524e+00
7                                             bias bCCNN (%) 2.646427e+00
8                                       in-sample loss ccODP 4.606027e+02
9                                       in-sample loss bCCNN 4.606261e+02
10                                  out-of-sample loss ccODP 5.526017e+02
11                                  out-of-sample loss bCCNN 5.525261e+02
12                                          dispersion ccODP 2.693583e+00
13                                          dispersion bCCNN 2.675986e+00
14                                    gradient descent steps 6.630000e+02
15 payments after the last development period (not modelled) 1.354694e+03
16                                       amounts in units of 1.000000e+06
                                                      quantity         value
1                               validation run length (epochs) 1000.00000000
2                             step with lowest validation loss  663.00000000
3                                 steps used for the final fit  663.00000000
4          in-sample deviance without dropout at start (ccODP)  348.58249515
5         in-sample deviance without dropout at the steps used  348.62819990
6                             validation loss at start (ccODP)  840.02854810
7                            validation loss at the steps used  834.54073551
8              decrease in-sample deviance without dropout (%)   -0.01311160
9  decrease in-sample training loss with dropout (%, Figure 2)    0.05323044
10                  decrease out-of-sample validation loss (%)    0.65328882
