==== 2026-10-10 15:52:37 start long_reporting.nncl.grid slot 6
[1] 1200
WARNING: All log messages before absl::InitializeLog() is called are written to STDERR
I0000 00:00:1791640364.776119   18768 port.cc:153] oneDNN custom operations are on. You may see slightly different numerical results due to floating-point round-off errors from different computation orders. To turn them off, set the environment variable `TF_ENABLE_ONEDNN_OPTS=0`.
WARNING: All log messages before absl::InitializeLog() is called are written to STDERR
I0000 00:00:1791640368.665418   18768 port.cc:153] oneDNN custom operations are on. You may see slightly different numerical results due to floating-point round-off errors from different computation orders. To turn them off, set the environment variable `TF_ENABLE_ONEDNN_OPTS=0`.
WARNING:tensorflow:From C:\Users\26196425\Work\MASTER~3\env\Lib\site-packages\keras\src\backend\common\global_state.py:82: The name tf.reset_default_graph is deprecated. Please use tf.compat.v1.reset_default_graph instead.

WARNING:tensorflow:TensorFlow GPU support is not available on native Windows for TensorFlow >= 2.11. Even if CUDA/cuDNN are installed, GPU will not be used. Please use WSL2 or the TensorFlow-DirectML plugin.
WARNING:tensorflow:5 out of the last 7 calls to <function TensorFlowTrainer.make_predict_function.<locals>.one_step_on_data_distributed at 0x0000027A3F55BCE0> triggered tf.function retracing. Tracing is expensive and the excessive number of tracings could be due to (1) creating @tf.function repeatedly in a loop, (2) passing tensors with different shapes, (3) passing Python objects instead of tensors. For (1), please define your @tf.function outside of the loop. For (2), @tf.function has reduce_retracing=True option that can avoid unnecessary retracing. For (3), please refer to https://www.tensorflow.org/guide/function#controlling_retracing and https://www.tensorflow.org/api_docs/python/tf/function for  more details.
WARNING:tensorflow:6 out of the last 8 calls to <function TensorFlowTrainer.make_predict_function.<locals>.one_step_on_data_distributed at 0x0000027A3F55BCE0> triggered tf.function retracing. Tracing is expensive and the excessive number of tracings could be due to (1) creating @tf.function repeatedly in a loop, (2) passing tensors with different shapes, (3) passing Python objects instead of tensors. For (1), please define your @tf.function outside of the loop. For (2), @tf.function has reduce_retracing=True option that can avoid unnecessary retracing. For (3), please refer to https://www.tensorflow.org/guide/function#controlling_retracing and https://www.tensorflow.org/api_docs/python/tf/function for  more details.
grid_20_sgd_nesterov_early_stop_s2026: 873 s, epochs used 15 364 500 500 500 33 44 500 500 500 500 500 500 500 500 500 500 39 5, loss 238700.4 (homogeneous 238619.0)
grid_20-20-15_sgd_nesterov_early_stop_s2026: 543 s, epochs used 8 183 45 68 42 60 500 500 65 49 500 44 500 500 500 500 12 9 12, loss 239657.7 (homogeneous 238619.0)
grid_20-15-10_sgd_early_stop_s2026: 1112 s, epochs used 56 500 500 500 500 500 500 500 500 500 500 500 500 500 500 500 500 500 500, loss 239509.1 (homogeneous 238619.0)
grid_20_sgd_nesterov_early_stop_s2027: 935 s, epochs used 12 276 500 500 500 43 77 500 458 500 500 500 500 500 500 500 500 500 5, loss 241008.0 (homogeneous 238619.0)
grid_20-20-15_sgd_nesterov_paper_s2027: 247 s, epochs used 100 100 100 100 100 100 100 100 100 100 100 100 100 100 100 100 100 100 100, loss 225095.9 (homogeneous 238619.0)
grid_20-20-15_rmsprop_paper_s2027: 251 s, epochs used 100 100 100 100 100 100 100 100 100 100 100 100 100 100 100 100 100 100 100, loss 225380.5 (homogeneous 238619.0)
grid_20-20-15_adamw_paper_s2027: 261 s, epochs used 100 100 100 100 100 100 100 100 100 100 100 100 100 100 100 100 100 100 100, loss 236455.0 (homogeneous 238619.0)
grid_20-15-10_sgd_early_stop_s2027: 1131 s, epochs used 228 500 500 500 500 500 500 500 500 500 500 500 500 500 500 500 500 482 500, loss 238495.6 (homogeneous 238619.0)
==== 2026-10-10 17:25:20 start long_reporting.nncl.grid slot 6
[1] 1200
WARNING: All log messages before absl::InitializeLog() is called are written to STDERR
I0000 00:00:1791645927.630465   19588 port.cc:153] oneDNN custom operations are on. You may see slightly different numerical results due to floating-point round-off errors from different computation orders. To turn them off, set the environment variable `TF_ENABLE_ONEDNN_OPTS=0`.
WARNING: All log messages before absl::InitializeLog() is called are written to STDERR
I0000 00:00:1791645931.690201   19588 port.cc:153] oneDNN custom operations are on. You may see slightly different numerical results due to floating-point round-off errors from different computation orders. To turn them off, set the environment variable `TF_ENABLE_ONEDNN_OPTS=0`.
WARNING:tensorflow:From C:\Users\26196425\Work\MASTER~3\env\Lib\site-packages\keras\src\backend\common\global_state.py:82: The name tf.reset_default_graph is deprecated. Please use tf.compat.v1.reset_default_graph instead.

WARNING:tensorflow:TensorFlow GPU support is not available on native Windows for TensorFlow >= 2.11. Even if CUDA/cuDNN are installed, GPU will not be used. Please use WSL2 or the TensorFlow-DirectML plugin.
WARNING:tensorflow:5 out of the last 7 calls to <function TensorFlowTrainer.make_predict_function.<locals>.one_step_on_data_distributed at 0x000002355643FF60> triggered tf.function retracing. Tracing is expensive and the excessive number of tracings could be due to (1) creating @tf.function repeatedly in a loop, (2) passing tensors with different shapes, (3) passing Python objects instead of tensors. For (1), please define your @tf.function outside of the loop. For (2), @tf.function has reduce_retracing=True option that can avoid unnecessary retracing. For (3), please refer to https://www.tensorflow.org/guide/function#controlling_retracing and https://www.tensorflow.org/api_docs/python/tf/function for  more details.
WARNING:tensorflow:6 out of the last 8 calls to <function TensorFlowTrainer.make_predict_function.<locals>.one_step_on_data_distributed at 0x000002355643FF60> triggered tf.function retracing. Tracing is expensive and the excessive number of tracings could be due to (1) creating @tf.function repeatedly in a loop, (2) passing tensors with different shapes, (3) passing Python objects instead of tensors. For (1), please define your @tf.function outside of the loop. For (2), @tf.function has reduce_retracing=True option that can avoid unnecessary retracing. For (3), please refer to https://www.tensorflow.org/guide/function#controlling_retracing and https://www.tensorflow.org/api_docs/python/tf/function for  more details.
grid_20_adagrad_early_stop_s2028: 979 s, epochs used 21 500 500 500 260 500 500 500 220 500 500 500 500 500 500 500 500 500 13, loss 242170.5 (homogeneous 238619.0)
grid_20-20-15_adagrad_early_stop_s2028: 800 s, epochs used 9 25 347 484 269 89 76 500 199 500 500 500 500 500 500 500 122 62 500, loss 240738.6 (homogeneous 238619.0)
grid_20-15-10_adagrad_early_stop_s2028: 790 s, epochs used 16 79 197 111 500 224 499 500 11 500 500 500 500 500 500 500 500 13 3, loss 238981.5 (homogeneous 238619.0)
grid_20_adagrad_paper_s2029: 241 s, epochs used 100 100 100 100 100 100 100 100 100 100 100 100 100 100 100 100 100 100 100, loss 237611.7 (homogeneous 238619.0)
grid_20_adam_early_stop_s2029: 826 s, epochs used 123 500 500 96 143 272 500 500 228 500 154 426 500 500 387 500 500 101 14, loss 241354.5 (homogeneous 238619.0)
grid_20-20-15_rmsprop_paper_s2029: 257 s, epochs used 100 100 100 100 100 100 100 100 100 100 100 100 100 100 100 100 100 100 100, loss 225374.2 (homogeneous 238619.0)
grid_20-20-15_adamw_early_stop_s2029: 862 s, epochs used 67 59 91 471 256 168 500 500 367 500 500 500 500 500 500 500 500 54 100, loss 239215.0 (homogeneous 238619.0)
grid_20-15-10_adamax_paper_s2029: 261 s, epochs used 100 100 100 100 100 100 100 100 100 100 100 100 100 100 100 100 100 100 100, loss 238715.7 (homogeneous 238619.0)
==== 2026-10-10 18:52:29 start long_reporting.nncl.grid slot 6
[1] 1200
WARNING: All log messages before absl::InitializeLog() is called are written to STDERR
I0000 00:00:1791651156.195192    8884 port.cc:153] oneDNN custom operations are on. You may see slightly different numerical results due to floating-point round-off errors from different computation orders. To turn them off, set the environment variable `TF_ENABLE_ONEDNN_OPTS=0`.
WARNING: All log messages before absl::InitializeLog() is called are written to STDERR
I0000 00:00:1791651160.381539    8884 port.cc:153] oneDNN custom operations are on. You may see slightly different numerical results due to floating-point round-off errors from different computation orders. To turn them off, set the environment variable `TF_ENABLE_ONEDNN_OPTS=0`.
WARNING:tensorflow:From C:\Users\26196425\Work\MASTER~3\env\Lib\site-packages\keras\src\backend\common\global_state.py:82: The name tf.reset_default_graph is deprecated. Please use tf.compat.v1.reset_default_graph instead.

WARNING:tensorflow:TensorFlow GPU support is not available on native Windows for TensorFlow >= 2.11. Even if CUDA/cuDNN are installed, GPU will not be used. Please use WSL2 or the TensorFlow-DirectML plugin.
WARNING:tensorflow:5 out of the last 7 calls to <function TensorFlowTrainer.make_predict_function.<locals>.one_step_on_data_distributed at 0x00000209ECB37EC0> triggered tf.function retracing. Tracing is expensive and the excessive number of tracings could be due to (1) creating @tf.function repeatedly in a loop, (2) passing tensors with different shapes, (3) passing Python objects instead of tensors. For (1), please define your @tf.function outside of the loop. For (2), @tf.function has reduce_retracing=True option that can avoid unnecessary retracing. For (3), please refer to https://www.tensorflow.org/guide/function#controlling_retracing and https://www.tensorflow.org/api_docs/python/tf/function for  more details.
WARNING:tensorflow:6 out of the last 8 calls to <function TensorFlowTrainer.make_predict_function.<locals>.one_step_on_data_distributed at 0x00000209ECB37EC0> triggered tf.function retracing. Tracing is expensive and the excessive number of tracings could be due to (1) creating @tf.function repeatedly in a loop, (2) passing tensors with different shapes, (3) passing Python objects instead of tensors. For (1), please define your @tf.function outside of the loop. For (2), @tf.function has reduce_retracing=True option that can avoid unnecessary retracing. For (3), please refer to https://www.tensorflow.org/guide/function#controlling_retracing and https://www.tensorflow.org/api_docs/python/tf/function for  more details.
grid_20_sgd_nesterov_paper_s2030: 235 s, epochs used 100 100 100 100 100 100 100 100 100 100 100 100 100 100 100 100 100 100 100, loss 232103.9 (homogeneous 238619.0)
grid_20_rmsprop_early_stop_s2030: 803 s, epochs used 71 116 388 112 122 500 314 500 139 500 499 499 496 125 500 500 499 499 1, loss 242837.4 (homogeneous 238619.0)
grid_20-20-15_adadelta_paper_s2030: 258 s, epochs used 100 100 100 100 100 100 100 100 100 100 100 100 100 100 100 100 100 100 100, loss 193554.0 (homogeneous 238619.0)
grid_20-20-15_adam_paper_s2030: 257 s, epochs used 100 100 100 100 100 100 100 100 100 100 100 100 100 100 100 100 100 100 100, loss 237386.5 (homogeneous 238619.0)
grid_20-15-10_sgd_paper_s2030: 245 s, epochs used 100 100 100 100 100 100 100 100 100 100 100 100 100 100 100 100 100 100 100, loss 241159.3 (homogeneous 238619.0)
grid_20-15-10_adadelta_paper_s2030: 263 s, epochs used 100 100 100 100 100 100 100 100 100 100 100 100 100 100 100 100 100 100 100, loss 191323.2 (homogeneous 238619.0)
