==== 2026-10-08 18:15:59 start long_reporting.bccnn.bootstrap.rolling_origin_refit.analysis slot 3
                        refits     seconds per refit (median) 
                       1000.00                           1.91 
           hours of all refits seconds per Keras fit (median) 
                          0.58                           1.21 
       hours of all Keras fits 
                          0.34 
               method   phi  reserve boot_mean process_sd estimation_sd   rmsep
1  ccODP, phi pearson 2.767 17968.07  17962.89    222.973       508.454 555.196
2 ccODP, phi deviance 2.694 17968.07  17992.61    219.997       491.440 538.435
3 bCCNN, phi deviance 2.649 17953.56  17964.26    218.062       469.267 517.457
  mc_se    cv     true    bias
1 9.960 0.031 17502.76 465.315
2 9.648 0.030 17502.76 465.315
3 9.540 0.029 17502.76 450.801
  model phi_estimate      phi  reserve process_sd    rmsep
1 ccODP      pearson 2.766951 17968.07   222.9726 555.1957
2 ccODP     deviance 2.693583 17968.07   219.9966 538.4347
3 bCCNN      pearson 2.720692 17953.56   221.0115       NA
4 bCCNN     deviance 2.648551 17953.56   218.0617 517.4574
