==== 2026-10-10 08:51:00 start si_calendar.nncl.cl_grid slot 12
[1] 1200
WARNING: All log messages before absl::InitializeLog() is called are written to STDERR
I0000 00:00:1791615067.174638    6800 port.cc:153] oneDNN custom operations are on. You may see slightly different numerical results due to floating-point round-off errors from different computation orders. To turn them off, set the environment variable `TF_ENABLE_ONEDNN_OPTS=0`.
WARNING: All log messages before absl::InitializeLog() is called are written to STDERR
I0000 00:00:1791615071.209310    6800 port.cc:153] oneDNN custom operations are on. You may see slightly different numerical results due to floating-point round-off errors from different computation orders. To turn them off, set the environment variable `TF_ENABLE_ONEDNN_OPTS=0`.
WARNING:tensorflow:From C:\Users\26196425\Work\MASTER~3\env\Lib\site-packages\keras\src\backend\common\global_state.py:82: The name tf.reset_default_graph is deprecated. Please use tf.compat.v1.reset_default_graph instead.

WARNING:tensorflow:TensorFlow GPU support is not available on native Windows for TensorFlow >= 2.11. Even if CUDA/cuDNN are installed, GPU will not be used. Please use WSL2 or the TensorFlow-DirectML plugin.
WARNING:tensorflow:5 out of the last 7 calls to <function TensorFlowTrainer.make_predict_function.<locals>.one_step_on_data_distributed at 0x0000025C16F53EC0> triggered tf.function retracing. Tracing is expensive and the excessive number of tracings could be due to (1) creating @tf.function repeatedly in a loop, (2) passing tensors with different shapes, (3) passing Python objects instead of tensors. For (1), please define your @tf.function outside of the loop. For (2), @tf.function has reduce_retracing=True option that can avoid unnecessary retracing. For (3), please refer to https://www.tensorflow.org/guide/function#controlling_retracing and https://www.tensorflow.org/api_docs/python/tf/function for  more details.
WARNING:tensorflow:6 out of the last 8 calls to <function TensorFlowTrainer.make_predict_function.<locals>.one_step_on_data_distributed at 0x0000025C16F53EC0> triggered tf.function retracing. Tracing is expensive and the excessive number of tracings could be due to (1) creating @tf.function repeatedly in a loop, (2) passing tensors with different shapes, (3) passing Python objects instead of tensors. For (1), please define your @tf.function outside of the loop. For (2), @tf.function has reduce_retracing=True option that can avoid unnecessary retracing. For (3), please refer to https://www.tensorflow.org/guide/function#controlling_retracing and https://www.tensorflow.org/api_docs/python/tf/function for  more details.
clgrid_20_sgd_cl_start_s2026: 486 s, epochs used 0 115 500 172 500 478 500 500 6 500 7 4 388 0 0 0 0 11 33, loss 839599.9 (homogeneous 842344.8)
clgrid_20-20-15_sgd_momentum_cl_paper_s2026: 244 s, epochs used 100 100 100 100 100 100 100 100 100 100 100 100 100 100 100 100 100 100 100, loss 829821.1 (homogeneous 842344.8)
clgrid_20-20-15_adam_cl_start_s2026: 130 s, epochs used 15 26 46 21 29 39 33 20 3 42 1 17 71 0 1 0 0 0 0, loss 837968.6 (homogeneous 842344.8)
clgrid_20-15-10_sgd_momentum_cl_paper_s2026: 251 s, epochs used 100 100 100 100 100 100 100 100 100 100 100 100 100 100 100 100 100 100 100, loss 835575.5 (homogeneous 842344.8)
clgrid_20-15-10_adam_cl_start_s2026: 156 s, epochs used 1 51 21 48 75 42 140 30 2 116 1 14 35 0 0 0 0 0 0, loss 839438.3 (homogeneous 842344.8)
clgrid_20_sgd_momentum_cl_start_s2027: 147 s, epochs used 0 20 71 35 53 44 89 334 0 26 3 11 34 1 0 0 0 4 1, loss 839837.2 (homogeneous 842344.8)
clgrid_20_rmsprop_cl_paper_s2027: 238 s, epochs used 100 100 100 100 100 100 100 100 100 100 100 100 100 100 100 100 100 100 100, loss 836461.8 (homogeneous 842344.8)
clgrid_20-20-15_sgd_nesterov_cl_paper_s2027: 248 s, epochs used 100 100 100 100 100 100 100 100 100 100 100 100 100 100 100 100 100 100 100, loss 1151236.7 (homogeneous 842344.8)
==== 2026-10-10 09:26:16 start si_calendar.nncl.cl_grid slot 12
[1] 1200
WARNING: All log messages before absl::InitializeLog() is called are written to STDERR
I0000 00:00:1791617183.314728   19520 port.cc:153] oneDNN custom operations are on. You may see slightly different numerical results due to floating-point round-off errors from different computation orders. To turn them off, set the environment variable `TF_ENABLE_ONEDNN_OPTS=0`.
WARNING: All log messages before absl::InitializeLog() is called are written to STDERR
I0000 00:00:1791617187.317838   19520 port.cc:153] oneDNN custom operations are on. You may see slightly different numerical results due to floating-point round-off errors from different computation orders. To turn them off, set the environment variable `TF_ENABLE_ONEDNN_OPTS=0`.
WARNING:tensorflow:From C:\Users\26196425\Work\MASTER~3\env\Lib\site-packages\keras\src\backend\common\global_state.py:82: The name tf.reset_default_graph is deprecated. Please use tf.compat.v1.reset_default_graph instead.

WARNING:tensorflow:TensorFlow GPU support is not available on native Windows for TensorFlow >= 2.11. Even if CUDA/cuDNN are installed, GPU will not be used. Please use WSL2 or the TensorFlow-DirectML plugin.
WARNING:tensorflow:5 out of the last 7 calls to <function TensorFlowTrainer.make_predict_function.<locals>.one_step_on_data_distributed at 0x0000021FAAF27920> triggered tf.function retracing. Tracing is expensive and the excessive number of tracings could be due to (1) creating @tf.function repeatedly in a loop, (2) passing tensors with different shapes, (3) passing Python objects instead of tensors. For (1), please define your @tf.function outside of the loop. For (2), @tf.function has reduce_retracing=True option that can avoid unnecessary retracing. For (3), please refer to https://www.tensorflow.org/guide/function#controlling_retracing and https://www.tensorflow.org/api_docs/python/tf/function for  more details.
WARNING:tensorflow:6 out of the last 8 calls to <function TensorFlowTrainer.make_predict_function.<locals>.one_step_on_data_distributed at 0x0000021FAAF27920> triggered tf.function retracing. Tracing is expensive and the excessive number of tracings could be due to (1) creating @tf.function repeatedly in a loop, (2) passing tensors with different shapes, (3) passing Python objects instead of tensors. For (1), please define your @tf.function outside of the loop. For (2), @tf.function has reduce_retracing=True option that can avoid unnecessary retracing. For (3), please refer to https://www.tensorflow.org/guide/function#controlling_retracing and https://www.tensorflow.org/api_docs/python/tf/function for  more details.
clgrid_20-20-15_adamw_cl_start_s2027: 142 s, epochs used 11 29 56 36 47 36 152 59 0 67 0 3 34 2 0 0 1 0 0, loss 838803.1 (homogeneous 842344.8)
clgrid_20-15-10_sgd_nesterov_cl_start_s2027: 356 s, epochs used 0 111 196 23 500 10 455 500 0 10 0 470 176 18 2 0 0 7 0, loss 839895.3 (homogeneous 842344.8)
clgrid_20_sgd_momentum_cl_paper_s2028: 237 s, epochs used 100 100 100 100 100 100 100 100 100 100 100 100 100 100 100 100 100 100 100, loss 836896.4 (homogeneous 842344.8)
clgrid_20_adam_cl_start_s2028: 117 s, epochs used 0 43 78 45 32 47 39 26 4 37 1 15 6 1 0 0 0 0 0, loss 839571.9 (homogeneous 842344.8)
clgrid_20_nadam_cl_start_s2028: 138 s, epochs used 0 40 76 30 36 47 43 30 2 40 1 16 10 1 0 0 0 0 0, loss 839698.4 (homogeneous 842344.8)
clgrid_20-20-15_adadelta_cl_start_s2028: 193 s, epochs used 0 82 50 35 169 73 159 82 2 113 0 25 85 1 4 6 0 0 0, loss 839037.4 (homogeneous 842344.8)
clgrid_20-20-15_adamax_cl_paper_s2028: 252 s, epochs used 100 100 100 100 100 100 100 100 100 100 100 100 100 100 100 100 100 100 100, loss 835973.7 (homogeneous 842344.8)
clgrid_20-15-10_rmsprop_cl_paper_s2028: 245 s, epochs used 100 100 100 100 100 100 100 100 100 100 100 100 100 100 100 100 100 100 100, loss 835622.8 (homogeneous 842344.8)
==== 2026-10-10 09:58:10 start si_calendar.nncl.cl_grid slot 12
[1] 1200
WARNING: All log messages before absl::InitializeLog() is called are written to STDERR
I0000 00:00:1791619097.636928   12084 port.cc:153] oneDNN custom operations are on. You may see slightly different numerical results due to floating-point round-off errors from different computation orders. To turn them off, set the environment variable `TF_ENABLE_ONEDNN_OPTS=0`.
WARNING: All log messages before absl::InitializeLog() is called are written to STDERR
I0000 00:00:1791619101.505232   12084 port.cc:153] oneDNN custom operations are on. You may see slightly different numerical results due to floating-point round-off errors from different computation orders. To turn them off, set the environment variable `TF_ENABLE_ONEDNN_OPTS=0`.
WARNING:tensorflow:From C:\Users\26196425\Work\MASTER~3\env\Lib\site-packages\keras\src\backend\common\global_state.py:82: The name tf.reset_default_graph is deprecated. Please use tf.compat.v1.reset_default_graph instead.

WARNING:tensorflow:TensorFlow GPU support is not available on native Windows for TensorFlow >= 2.11. Even if CUDA/cuDNN are installed, GPU will not be used. Please use WSL2 or the TensorFlow-DirectML plugin.
WARNING:tensorflow:5 out of the last 7 calls to <function TensorFlowTrainer.make_predict_function.<locals>.one_step_on_data_distributed at 0x000002022313BE20> triggered tf.function retracing. Tracing is expensive and the excessive number of tracings could be due to (1) creating @tf.function repeatedly in a loop, (2) passing tensors with different shapes, (3) passing Python objects instead of tensors. For (1), please define your @tf.function outside of the loop. For (2), @tf.function has reduce_retracing=True option that can avoid unnecessary retracing. For (3), please refer to https://www.tensorflow.org/guide/function#controlling_retracing and https://www.tensorflow.org/api_docs/python/tf/function for  more details.
WARNING:tensorflow:6 out of the last 8 calls to <function TensorFlowTrainer.make_predict_function.<locals>.one_step_on_data_distributed at 0x000002022313BE20> triggered tf.function retracing. Tracing is expensive and the excessive number of tracings could be due to (1) creating @tf.function repeatedly in a loop, (2) passing tensors with different shapes, (3) passing Python objects instead of tensors. For (1), please define your @tf.function outside of the loop. For (2), @tf.function has reduce_retracing=True option that can avoid unnecessary retracing. For (3), please refer to https://www.tensorflow.org/guide/function#controlling_retracing and https://www.tensorflow.org/api_docs/python/tf/function for  more details.
clgrid_20_sgd_nesterov_cl_paper_s2029: 237 s, epochs used 100 100 100 100 100 100 100 100 100 100 100 100 100 100 100 100 100 100 100, loss 837043.2 (homogeneous 842344.8)
clgrid_20_adamax_cl_start_s2029: 134 s, epochs used 0 84 100 18 42 72 51 25 0 10 1 10 6 1 0 0 0 0 0, loss 839739.2 (homogeneous 842344.8)
clgrid_20-20-15_adagrad_cl_paper_s2029: 243 s, epochs used 100 100 100 100 100 100 100 100 100 100 100 100 100 100 100 100 100 100 100, loss 834496.8 (homogeneous 842344.8)
clgrid_20-20-15_nadam_cl_start_s2029: 127 s, epochs used 1 92 51 15 37 20 40 28 2 13 1 18 13 4 0 1 0 0 0, loss 839040.0 (homogeneous 842344.8)
clgrid_20-15-10_adagrad_cl_paper_s2029: 245 s, epochs used 100 100 100 100 100 100 100 100 100 100 100 100 100 100 100 100 100 100 100, loss 835947.7 (homogeneous 842344.8)
clgrid_20-15-10_nadam_cl_start_s2029: 156 s, epochs used 7 69 72 53 49 24 162 38 0 18 3 24 25 2 0 2 0 0 0, loss 839022.4 (homogeneous 842344.8)
clgrid_20_adadelta_cl_start_s2030: 185 s, epochs used 0 24 30 26 419 27 90 58 3 177 2 104 3 0 0 2 0 0 0, loss 839606.5 (homogeneous 842344.8)
clgrid_20_nadam_cl_start_s2030: 126 s, epochs used 0 44 52 33 38 27 62 29 2 79 3 34 7 0 1 2 0 0 0, loss 839629.0 (homogeneous 842344.8)
==== 2026-10-10 10:26:06 start si_calendar.nncl.cl_grid slot 12
[1] 1200
WARNING: All log messages before absl::InitializeLog() is called are written to STDERR
I0000 00:00:1791620773.180306    7496 port.cc:153] oneDNN custom operations are on. You may see slightly different numerical results due to floating-point round-off errors from different computation orders. To turn them off, set the environment variable `TF_ENABLE_ONEDNN_OPTS=0`.
WARNING: All log messages before absl::InitializeLog() is called are written to STDERR
I0000 00:00:1791620777.294738    7496 port.cc:153] oneDNN custom operations are on. You may see slightly different numerical results due to floating-point round-off errors from different computation orders. To turn them off, set the environment variable `TF_ENABLE_ONEDNN_OPTS=0`.
WARNING:tensorflow:From C:\Users\26196425\Work\MASTER~3\env\Lib\site-packages\keras\src\backend\common\global_state.py:82: The name tf.reset_default_graph is deprecated. Please use tf.compat.v1.reset_default_graph instead.

WARNING:tensorflow:TensorFlow GPU support is not available on native Windows for TensorFlow >= 2.11. Even if CUDA/cuDNN are installed, GPU will not be used. Please use WSL2 or the TensorFlow-DirectML plugin.
WARNING:tensorflow:5 out of the last 7 calls to <function TensorFlowTrainer.make_predict_function.<locals>.one_step_on_data_distributed at 0x0000014C59EFD3A0> triggered tf.function retracing. Tracing is expensive and the excessive number of tracings could be due to (1) creating @tf.function repeatedly in a loop, (2) passing tensors with different shapes, (3) passing Python objects instead of tensors. For (1), please define your @tf.function outside of the loop. For (2), @tf.function has reduce_retracing=True option that can avoid unnecessary retracing. For (3), please refer to https://www.tensorflow.org/guide/function#controlling_retracing and https://www.tensorflow.org/api_docs/python/tf/function for  more details.
WARNING:tensorflow:6 out of the last 8 calls to <function TensorFlowTrainer.make_predict_function.<locals>.one_step_on_data_distributed at 0x0000014C59EFD3A0> triggered tf.function retracing. Tracing is expensive and the excessive number of tracings could be due to (1) creating @tf.function repeatedly in a loop, (2) passing tensors with different shapes, (3) passing Python objects instead of tensors. For (1), please define your @tf.function outside of the loop. For (2), @tf.function has reduce_retracing=True option that can avoid unnecessary retracing. For (3), please refer to https://www.tensorflow.org/guide/function#controlling_retracing and https://www.tensorflow.org/api_docs/python/tf/function for  more details.
clgrid_20-20-15_adadelta_cl_start_s2030: 194 s, epochs used 0 44 56 30 19 49 278 88 4 97 8 165 125 0 0 5 0 0 0, loss 839407.6 (homogeneous 842344.8)
clgrid_20-20-15_adamw_cl_start_s2030: 148 s, epochs used 0 58 70 52 28 42 118 28 0 30 3 60 38 0 0 1 0 0 0, loss 839333.9 (homogeneous 842344.8)
clgrid_20-15-10_sgd_nesterov_cl_paper_s2030: 248 s, epochs used 100 100 100 100 100 100 100 100 100 100 100 100 100 100 100 100 100 100 100, loss 836451.6 (homogeneous 842344.8)
clgrid_20-15-10_adamw_cl_paper_s2030: 259 s, epochs used 100 100 100 100 100 100 100 100 100 100 100 100 100 100 100 100 100 100 100, loss 836552.9 (homogeneous 842344.8)
clgrid_20_adadelta_cl_start_s2031: 157 s, epochs used 0 20 59 42 25 103 101 178 2 135 2 7 66 0 0 4 0 0 0, loss 839775.4 (homogeneous 842344.8)
clgrid_20_adamax_cl_start_s2031: 129 s, epochs used 0 41 141 18 65 11 70 29 0 16 0 11 33 0 0 0 0 0 0, loss 840123.4 (homogeneous 842344.8)
clgrid_20-20-15_sgd_nesterov_cl_start_s2031: 189 s, epochs used 0 36 172 7 29 9 500 194 0 6 9 43 3 0 0 0 0 10 5, loss 840357.0 (homogeneous 842344.8)
clgrid_20-20-15_adamax_cl_paper_s2031: 254 s, epochs used 100 100 100 100 100 100 100 100 100 100 100 100 100 100 100 100 100 100 100, loss 836117.1 (homogeneous 842344.8)
==== 2026-10-10 10:56:36 start si_calendar.nncl.cl_grid slot 12
[1] 1200
WARNING: All log messages before absl::InitializeLog() is called are written to STDERR
I0000 00:00:1791622603.161357   19476 port.cc:153] oneDNN custom operations are on. You may see slightly different numerical results due to floating-point round-off errors from different computation orders. To turn them off, set the environment variable `TF_ENABLE_ONEDNN_OPTS=0`.
WARNING: All log messages before absl::InitializeLog() is called are written to STDERR
I0000 00:00:1791622607.268706   19476 port.cc:153] oneDNN custom operations are on. You may see slightly different numerical results due to floating-point round-off errors from different computation orders. To turn them off, set the environment variable `TF_ENABLE_ONEDNN_OPTS=0`.
WARNING:tensorflow:From C:\Users\26196425\Work\MASTER~3\env\Lib\site-packages\keras\src\backend\common\global_state.py:82: The name tf.reset_default_graph is deprecated. Please use tf.compat.v1.reset_default_graph instead.

WARNING:tensorflow:TensorFlow GPU support is not available on native Windows for TensorFlow >= 2.11. Even if CUDA/cuDNN are installed, GPU will not be used. Please use WSL2 or the TensorFlow-DirectML plugin.
WARNING:tensorflow:5 out of the last 7 calls to <function TensorFlowTrainer.make_predict_function.<locals>.one_step_on_data_distributed at 0x000002D2C1E10B80> triggered tf.function retracing. Tracing is expensive and the excessive number of tracings could be due to (1) creating @tf.function repeatedly in a loop, (2) passing tensors with different shapes, (3) passing Python objects instead of tensors. For (1), please define your @tf.function outside of the loop. For (2), @tf.function has reduce_retracing=True option that can avoid unnecessary retracing. For (3), please refer to https://www.tensorflow.org/guide/function#controlling_retracing and https://www.tensorflow.org/api_docs/python/tf/function for  more details.
WARNING:tensorflow:6 out of the last 8 calls to <function TensorFlowTrainer.make_predict_function.<locals>.one_step_on_data_distributed at 0x000002D2C1E10B80> triggered tf.function retracing. Tracing is expensive and the excessive number of tracings could be due to (1) creating @tf.function repeatedly in a loop, (2) passing tensors with different shapes, (3) passing Python objects instead of tensors. For (1), please define your @tf.function outside of the loop. For (2), @tf.function has reduce_retracing=True option that can avoid unnecessary retracing. For (3), please refer to https://www.tensorflow.org/guide/function#controlling_retracing and https://www.tensorflow.org/api_docs/python/tf/function for  more details.
clgrid_20-15-10_rmsprop_cl_paper_s2031: 246 s, epochs used 100 100 100 100 100 100 100 100 100 100 100 100 100 100 100 100 100 100 100, loss 835990.0 (homogeneous 842344.8)
clgrid_20_sgd_momentum_cl_start_s2032: 160 s, epochs used 0 23 65 46 43 58 500 32 2 11 4 9 99 4 0 0 0 0 6, loss 839779.3 (homogeneous 842344.8)
clgrid_20_adam_cl_paper_s2032: 243 s, epochs used 100 100 100 100 100 100 100 100 100 100 100 100 100 100 100 100 100 100 100, loss 836688.2 (homogeneous 842344.8)
clgrid_20-20-15_adagrad_cl_paper_s2032: 243 s, epochs used 100 100 100 100 100 100 100 100 100 100 100 100 100 100 100 100 100 100 100, loss 836249.3 (homogeneous 842344.8)
clgrid_20-20-15_nadam_cl_paper_s2032: 265 s, epochs used 100 100 100 100 100 100 100 100 100 100 100 100 100 100 100 100 100 100 100, loss 835304.1 (homogeneous 842344.8)
clgrid_20-15-10_rmsprop_cl_start_s2032: 132 s, epochs used 6 28 56 42 31 53 59 30 2 103 0 1 51 0 0 2 0 0 0, loss 838527.2 (homogeneous 842344.8)
clgrid_20-15-10_nadam_cl_start_s2032: 146 s, epochs used 13 36 67 57 46 56 37 35 0 87 1 8 47 0 0 0 0 14 12, loss 838730.2 (homogeneous 842344.8)
clgrid_20_adadelta_cl_start_s2033: 134 s, epochs used 0 20 68 38 219 38 23 26 3 88 2 0 47 0 0 1 0 0 0, loss 839757.0 (homogeneous 842344.8)
==== 2026-10-10 11:26:30 start si_calendar.nncl.cl_grid slot 12
[1] 1200
WARNING: All log messages before absl::InitializeLog() is called are written to STDERR
I0000 00:00:1791624398.025884   17264 port.cc:153] oneDNN custom operations are on. You may see slightly different numerical results due to floating-point round-off errors from different computation orders. To turn them off, set the environment variable `TF_ENABLE_ONEDNN_OPTS=0`.
WARNING: All log messages before absl::InitializeLog() is called are written to STDERR
I0000 00:00:1791624402.021925   17264 port.cc:153] oneDNN custom operations are on. You may see slightly different numerical results due to floating-point round-off errors from different computation orders. To turn them off, set the environment variable `TF_ENABLE_ONEDNN_OPTS=0`.
WARNING:tensorflow:From C:\Users\26196425\Work\MASTER~3\env\Lib\site-packages\keras\src\backend\common\global_state.py:82: The name tf.reset_default_graph is deprecated. Please use tf.compat.v1.reset_default_graph instead.

WARNING:tensorflow:TensorFlow GPU support is not available on native Windows for TensorFlow >= 2.11. Even if CUDA/cuDNN are installed, GPU will not be used. Please use WSL2 or the TensorFlow-DirectML plugin.
WARNING:tensorflow:5 out of the last 7 calls to <function TensorFlowTrainer.make_predict_function.<locals>.one_step_on_data_distributed at 0x0000022A3F2A3A60> triggered tf.function retracing. Tracing is expensive and the excessive number of tracings could be due to (1) creating @tf.function repeatedly in a loop, (2) passing tensors with different shapes, (3) passing Python objects instead of tensors. For (1), please define your @tf.function outside of the loop. For (2), @tf.function has reduce_retracing=True option that can avoid unnecessary retracing. For (3), please refer to https://www.tensorflow.org/guide/function#controlling_retracing and https://www.tensorflow.org/api_docs/python/tf/function for  more details.
WARNING:tensorflow:6 out of the last 8 calls to <function TensorFlowTrainer.make_predict_function.<locals>.one_step_on_data_distributed at 0x0000022A3F2A3A60> triggered tf.function retracing. Tracing is expensive and the excessive number of tracings could be due to (1) creating @tf.function repeatedly in a loop, (2) passing tensors with different shapes, (3) passing Python objects instead of tensors. For (1), please define your @tf.function outside of the loop. For (2), @tf.function has reduce_retracing=True option that can avoid unnecessary retracing. For (3), please refer to https://www.tensorflow.org/guide/function#controlling_retracing and https://www.tensorflow.org/api_docs/python/tf/function for  more details.
clgrid_20_nadam_cl_paper_s2033: 247 s, epochs used 100 100 100 100 100 100 100 100 100 100 100 100 100 100 100 100 100 100 100, loss 836431.5 (homogeneous 842344.8)
clgrid_20-20-15_rmsprop_cl_start_s2033: 149 s, epochs used 0 19 44 9 285 26 174 15 3 77 1 2 3 0 0 3 0 0 0, loss 839342.0 (homogeneous 842344.8)
clgrid_20-15-10_sgd_cl_paper_s2033: 233 s, epochs used 100 100 100 100 100 100 100 100 100 100 100 100 100 100 100 100 100 100 100, loss 839255.1 (homogeneous 842344.8)
clgrid_20-15-10_adam_cl_paper_s2033: 266 s, epochs used 100 100 100 100 100 100 100 100 100 100 100 100 100 100 100 100 100 100 100, loss 836054.4 (homogeneous 842344.8)
clgrid_20_adagrad_cl_start_s2034: 160 s, epochs used 0 53 127 20 21 254 135 120 2 3 2 7 26 0 0 2 0 0 0, loss 839643.6 (homogeneous 842344.8)
clgrid_20_adamw_cl_start_s2034: 134 s, epochs used 0 46 93 39 30 61 68 26 0 22 1 14 25 0 0 0 0 0 0, loss 839639.4 (homogeneous 842344.8)
clgrid_20-20-15_sgd_nesterov_cl_paper_s2034: 259 s, epochs used 100 100 100 100 100 100 100 100 100 100 100 100 100 100 100 100 100 100 100, loss 836338.5 (homogeneous 842344.8)
clgrid_20-20-15_adamw_cl_start_s2034: 128 s, epochs used 0 41 65 18 24 19 108 17 0 14 0 15 14 0 1 0 0 0 0, loss 839540.6 (homogeneous 842344.8)
==== 2026-10-10 11:56:26 start si_calendar.nncl.cl_grid slot 12
[1] 1200
WARNING: All log messages before absl::InitializeLog() is called are written to STDERR
I0000 00:00:1791626193.129297   15916 port.cc:153] oneDNN custom operations are on. You may see slightly different numerical results due to floating-point round-off errors from different computation orders. To turn them off, set the environment variable `TF_ENABLE_ONEDNN_OPTS=0`.
WARNING: All log messages before absl::InitializeLog() is called are written to STDERR
I0000 00:00:1791626197.251397   15916 port.cc:153] oneDNN custom operations are on. You may see slightly different numerical results due to floating-point round-off errors from different computation orders. To turn them off, set the environment variable `TF_ENABLE_ONEDNN_OPTS=0`.
WARNING:tensorflow:From C:\Users\26196425\Work\MASTER~3\env\Lib\site-packages\keras\src\backend\common\global_state.py:82: The name tf.reset_default_graph is deprecated. Please use tf.compat.v1.reset_default_graph instead.

WARNING:tensorflow:TensorFlow GPU support is not available on native Windows for TensorFlow >= 2.11. Even if CUDA/cuDNN are installed, GPU will not be used. Please use WSL2 or the TensorFlow-DirectML plugin.
WARNING:tensorflow:5 out of the last 7 calls to <function TensorFlowTrainer.make_predict_function.<locals>.one_step_on_data_distributed at 0x000002048EC8C360> triggered tf.function retracing. Tracing is expensive and the excessive number of tracings could be due to (1) creating @tf.function repeatedly in a loop, (2) passing tensors with different shapes, (3) passing Python objects instead of tensors. For (1), please define your @tf.function outside of the loop. For (2), @tf.function has reduce_retracing=True option that can avoid unnecessary retracing. For (3), please refer to https://www.tensorflow.org/guide/function#controlling_retracing and https://www.tensorflow.org/api_docs/python/tf/function for  more details.
WARNING:tensorflow:6 out of the last 8 calls to <function TensorFlowTrainer.make_predict_function.<locals>.one_step_on_data_distributed at 0x000002048EC8C360> triggered tf.function retracing. Tracing is expensive and the excessive number of tracings could be due to (1) creating @tf.function repeatedly in a loop, (2) passing tensors with different shapes, (3) passing Python objects instead of tensors. For (1), please define your @tf.function outside of the loop. For (2), @tf.function has reduce_retracing=True option that can avoid unnecessary retracing. For (3), please refer to https://www.tensorflow.org/guide/function#controlling_retracing and https://www.tensorflow.org/api_docs/python/tf/function for  more details.
clgrid_20-15-10_sgd_momentum_cl_start_s2034: 180 s, epochs used 0 133 0 61 181 6 2 500 6 16 0 0 26 11 3 16 3 0 0, loss 840709.2 (homogeneous 842344.8)
clgrid_20-15-10_adam_cl_start_s2034: 143 s, epochs used 0 55 0 50 45 67 49 43 3 51 1 23 12 2 0 2 2 0 0, loss 840004.1 (homogeneous 842344.8)
clgrid_20_sgd_momentum_cl_start_s2035: 159 s, epochs used 0 16 65 27 500 89 55 57 5 10 5 0 16 4 3 2 0 0 7, loss 839863.9 (homogeneous 842344.8)
clgrid_20_rmsprop_cl_start_s2035: 174 s, epochs used 0 25 65 17 500 46 69 77 1 98 0 15 3 0 0 0 0 0 0, loss 839487.0 (homogeneous 842344.8)
clgrid_20_nadam_cl_start_s2035: 131 s, epochs used 0 36 83 35 49 54 46 34 2 47 1 35 12 1 1 1 0 0 0, loss 839674.1 (homogeneous 842344.8)
clgrid_20-20-15_adadelta_cl_paper_s2035: 257 s, epochs used 100 100 100 100 100 100 100 100 100 100 100 100 100 100 100 100 100 100 100, loss 835907.4 (homogeneous 842344.8)
clgrid_20-15-10_sgd_momentum_cl_start_s2035: 162 s, epochs used 0 18 0 10 197 15 500 29 6 25 8 0 22 6 3 0 0 0 10, loss 841173.3 (homogeneous 842344.8)
clgrid_20-15-10_rmsprop_cl_start_s2035: 131 s, epochs used 0 19 52 31 37 55 208 50 2 3 4 0 17 0 0 2 0 0 0, loss 839570.1 (homogeneous 842344.8)
==== 2026-10-10 12:22:27 start si_calendar.nncl.cl_grid slot 12
[1] 1200
WARNING: All log messages before absl::InitializeLog() is called are written to STDERR
I0000 00:00:1791627754.883478   17636 port.cc:153] oneDNN custom operations are on. You may see slightly different numerical results due to floating-point round-off errors from different computation orders. To turn them off, set the environment variable `TF_ENABLE_ONEDNN_OPTS=0`.
WARNING: All log messages before absl::InitializeLog() is called are written to STDERR
I0000 00:00:1791627758.980501   17636 port.cc:153] oneDNN custom operations are on. You may see slightly different numerical results due to floating-point round-off errors from different computation orders. To turn them off, set the environment variable `TF_ENABLE_ONEDNN_OPTS=0`.
WARNING:tensorflow:From C:\Users\26196425\Work\MASTER~3\env\Lib\site-packages\keras\src\backend\common\global_state.py:82: The name tf.reset_default_graph is deprecated. Please use tf.compat.v1.reset_default_graph instead.

WARNING:tensorflow:TensorFlow GPU support is not available on native Windows for TensorFlow >= 2.11. Even if CUDA/cuDNN are installed, GPU will not be used. Please use WSL2 or the TensorFlow-DirectML plugin.
WARNING:tensorflow:5 out of the last 7 calls to <function TensorFlowTrainer.make_predict_function.<locals>.one_step_on_data_distributed at 0x000001A33B9D3A60> triggered tf.function retracing. Tracing is expensive and the excessive number of tracings could be due to (1) creating @tf.function repeatedly in a loop, (2) passing tensors with different shapes, (3) passing Python objects instead of tensors. For (1), please define your @tf.function outside of the loop. For (2), @tf.function has reduce_retracing=True option that can avoid unnecessary retracing. For (3), please refer to https://www.tensorflow.org/guide/function#controlling_retracing and https://www.tensorflow.org/api_docs/python/tf/function for  more details.
WARNING:tensorflow:6 out of the last 8 calls to <function TensorFlowTrainer.make_predict_function.<locals>.one_step_on_data_distributed at 0x000001A33B9D3A60> triggered tf.function retracing. Tracing is expensive and the excessive number of tracings could be due to (1) creating @tf.function repeatedly in a loop, (2) passing tensors with different shapes, (3) passing Python objects instead of tensors. For (1), please define your @tf.function outside of the loop. For (2), @tf.function has reduce_retracing=True option that can avoid unnecessary retracing. For (3), please refer to https://www.tensorflow.org/guide/function#controlling_retracing and https://www.tensorflow.org/api_docs/python/tf/function for  more details.
clgrid_20-15-10_nadam_cl_paper_s2035: 264 s, epochs used 100 100 100 100 100 100 100 100 100 100 100 100 100 100 100 100 100 100 100, loss 835545.8 (homogeneous 842344.8)
clgrid_20_adamw_cl_paper_s2036: 243 s, epochs used 100 100 100 100 100 100 100 100 100 100 100 100 100 100 100 100 100 100 100, loss 836438.6 (homogeneous 842344.8)
clgrid_20-20-15_adadelta_cl_paper_s2036: 254 s, epochs used 100 100 100 100 100 100 100 100 100 100 100 100 100 100 100 100 100 100 100, loss 837209.2 (homogeneous 842344.8)
clgrid_20-15-10_sgd_cl_start_s2036: 535 s, epochs used 0 500 500 137 500 500 500 500 0 3 78 0 416 14 0 0 0 0 338, loss 840186.9 (homogeneous 842344.8)
clgrid_20_adadelta_cl_paper_s2037: 247 s, epochs used 100 100 100 100 100 100 100 100 100 100 100 100 100 100 100 100 100 100 100, loss 839337.0 (homogeneous 842344.8)
clgrid_20-20-15_sgd_momentum_cl_paper_s2037: 245 s, epochs used 100 100 100 100 100 100 100 100 100 100 100 100 100 100 100 100 100 100 100, loss 827348.6 (homogeneous 842344.8)
clgrid_20-20-15_adam_cl_start_s2037: 128 s, epochs used 5 36 4 38 35 39 63 29 2 46 1 19 36 0 0 0 0 0 0, loss 839860.8 (homogeneous 842344.8)
clgrid_20-15-10_sgd_momentum_cl_start_s2037: 250 s, epochs used 0 53 0 84 101 333 500 379 6 18 6 0 18 3 8 7 2 25 18, loss 840475.7 (homogeneous 842344.8)
==== 2026-10-10 13:02:31 start si_calendar.nncl.cl_grid slot 12
[1] 1200
WARNING: All log messages before absl::InitializeLog() is called are written to STDERR
I0000 00:00:1791630158.352165   13496 port.cc:153] oneDNN custom operations are on. You may see slightly different numerical results due to floating-point round-off errors from different computation orders. To turn them off, set the environment variable `TF_ENABLE_ONEDNN_OPTS=0`.
WARNING: All log messages before absl::InitializeLog() is called are written to STDERR
I0000 00:00:1791630162.113686   13496 port.cc:153] oneDNN custom operations are on. You may see slightly different numerical results due to floating-point round-off errors from different computation orders. To turn them off, set the environment variable `TF_ENABLE_ONEDNN_OPTS=0`.
WARNING:tensorflow:From C:\Users\26196425\Work\MASTER~3\env\Lib\site-packages\keras\src\backend\common\global_state.py:82: The name tf.reset_default_graph is deprecated. Please use tf.compat.v1.reset_default_graph instead.

WARNING:tensorflow:TensorFlow GPU support is not available on native Windows for TensorFlow >= 2.11. Even if CUDA/cuDNN are installed, GPU will not be used. Please use WSL2 or the TensorFlow-DirectML plugin.
WARNING:tensorflow:5 out of the last 7 calls to <function TensorFlowTrainer.make_predict_function.<locals>.one_step_on_data_distributed at 0x000001931612BA60> triggered tf.function retracing. Tracing is expensive and the excessive number of tracings could be due to (1) creating @tf.function repeatedly in a loop, (2) passing tensors with different shapes, (3) passing Python objects instead of tensors. For (1), please define your @tf.function outside of the loop. For (2), @tf.function has reduce_retracing=True option that can avoid unnecessary retracing. For (3), please refer to https://www.tensorflow.org/guide/function#controlling_retracing and https://www.tensorflow.org/api_docs/python/tf/function for  more details.
WARNING:tensorflow:6 out of the last 8 calls to <function TensorFlowTrainer.make_predict_function.<locals>.one_step_on_data_distributed at 0x000001931612BA60> triggered tf.function retracing. Tracing is expensive and the excessive number of tracings could be due to (1) creating @tf.function repeatedly in a loop, (2) passing tensors with different shapes, (3) passing Python objects instead of tensors. For (1), please define your @tf.function outside of the loop. For (2), @tf.function has reduce_retracing=True option that can avoid unnecessary retracing. For (3), please refer to https://www.tensorflow.org/guide/function#controlling_retracing and https://www.tensorflow.org/api_docs/python/tf/function for  more details.
clgrid_20-15-10_adamw_cl_paper_s2037: 256 s, epochs used 100 100 100 100 100 100 100 100 100 100 100 100 100 100 100 100 100 100 100, loss 836027.8 (homogeneous 842344.8)
clgrid_20_adadelta_cl_start_s2038: 124 s, epochs used 5 18 59 13 25 35 164 120 2 15 0 39 5 0 0 0 0 0 0, loss 838890.5 (homogeneous 842344.8)
clgrid_20_adamw_cl_start_s2038: 121 s, epochs used 5 26 22 18 35 33 156 18 0 14 0 18 6 0 0 0 0 0 0, loss 839276.4 (homogeneous 842344.8)
clgrid_20-20-15_sgd_nesterov_cl_start_s2038: 232 s, epochs used 2 28 43 20 500 87 500 60 4 64 9 13 67 7 0 0 1 0 8, loss 839266.9 (homogeneous 842344.8)
clgrid_20-20-15_adamw_cl_start_s2038: 126 s, epochs used 7 25 41 16 43 43 79 23 2 17 4 3 8 2 0 2 0 0 0, loss 839167.2 (homogeneous 842344.8)
clgrid_20-15-10_sgd_nesterov_cl_paper_s2038: 245 s, epochs used 100 100 100 100 100 100 100 100 100 100 100 100 100 100 100 100 100 100 100, loss 871807.1 (homogeneous 842344.8)
clgrid_20-15-10_adamax_cl_paper_s2038: 252 s, epochs used 100 100 100 100 100 100 100 100 100 100 100 100 100 100 100 100 100 100 100, loss 836054.1 (homogeneous 842344.8)
clgrid_20_rmsprop_cl_start_s2039: 125 s, epochs used 0 26 64 22 87 73 52 66 2 65 2 1 3 0 0 0 0 0 0, loss 839580.2 (homogeneous 842344.8)
==== 2026-10-10 13:31:12 start si_calendar.nncl.cl_grid slot 12
