==== 2026-10-08 12:14:42 start si_calendar.odp slot 2
         ODP           CL 
222254164520 222254164520 
               latest     ultimate         ibnr         se cv         true
formula   4.74726e+11 696980174695 222254164520 5851157533  0 224063182394
bootstrap 4.74726e+11 696980174695 222254164520 5949699407  0 224063182394
                 bias       tail
formula   -1809017874 5404132805
bootstrap -1809017874 5404132805
                                                     quantity        value
1                                        observed cells |D_I|          210
2                                            parameters I + J           39
3                          degrees of freedom |D_I| - (I + J)          171
4                                           Pearson statistic    3487.7165
5                                 Poisson deviance (unscaled)    3394.0784
6                          phi Pearson (glmReserve, E&V 1999)       20.396
7                              phi deviance (Paper C eq. (5))      19.8484
8                                  phi deviance / phi Pearson       0.9732
9  glmReserve residual factor sqrt(|D_I| / (|D_I| - (I + J)))       1.1082
10                       glmReserve pseudo triangles kept (%)       1.2697
11                      glmReserve draws per bootstrap sample      78.7571
12         E&V 1999 pseudo triangles with a negative cell (%)      97.5298
13                                        amounts in units of      1000000
                  method    phi  reserve boot_mean process_sd estimation_sd
1  analytic, phi pearson 20.396 222254.2        NA   2129.107      5450.041
2 analytic, phi deviance 19.848 222254.2        NA   2100.331      5376.382
3   glmReserve bootstrap 19.010 222254.2  224893.7   2068.185      5495.292
4               E&V 1999 20.396 222254.2  222453.6   2129.107      5028.790
5     E&V 1999 x n/(n-p) 20.396 222254.2  222453.6   2129.107      5572.821
6   Paper C, phi pearson 20.396 222254.2  222253.4   2129.107      5396.713
7  Paper C, phi deviance 19.848 222254.2  222313.6   2100.331      5311.140
     rmsep   mc_se    cv     true      bias
1 5851.157      NA 0.026 224063.2 -1809.018
2 5772.077      NA 0.026 224063.2 -1809.018
3 5949.699 141.354 0.027 224063.2 -1809.018
4 5460.936 126.686 0.025 224063.2 -1809.018
5 5965.687 142.416 0.027 224063.2 -1809.018
6 5801.517 112.849 0.026 224063.2 -1809.018
7 5711.357 108.434 0.026 224063.2 -1809.018
       method
origin  analytic, phi pearson analytic, phi deviance glmReserve bootstrap
  2                      6.27                   6.18                10.10
  3                      7.96                   7.85                13.44
  4                     46.55                  45.92                47.31
  5                     59.16                  58.36                58.55
  6                     75.89                  74.86                75.84
  7                     90.76                  89.54                91.61
  8                    111.69                 110.18               110.53
  9                    141.95                 140.03               137.79
  10                   176.25                 173.87               171.26
  11                   223.38                 220.36               220.01
  12                   269.34                 265.70               264.60
  13                   336.86                 332.31               334.44
  14                   420.73                 415.04               408.40
  15                   519.84                 512.82               514.50
  16                   656.19                 647.32               646.35
  17                   870.97                 859.20               855.60
  18                  1185.00                1168.99              1201.23
  19                  1789.97                1765.77              1812.03
  20                  3661.55                3612.06              3786.49
  total               5851.16                5772.08              5949.70
       method
origin  E&V 1999 E&V 1999 x n/(n-p) Paper C, phi pearson Paper C, phi deviance
  2         5.88               6.19                 6.17                  5.89
  3         7.44               7.86                 7.95                  7.47
  4        45.05              46.50                46.64                 45.19
  5        57.16              58.94                59.10                 57.80
  6        73.32              75.86                75.67                 74.03
  7        87.87              91.01                90.60                 88.70
  8       107.61             111.31               111.02                109.42
  9       137.68             142.68               141.70                139.23
  10      168.72             175.00               177.70                172.78
  11      215.55             223.50               225.47                217.83
  12      258.81             268.46               271.32                266.08
  13      323.12             335.54               339.28                331.89
  14      406.81             423.62               420.62                412.63
  15      497.23             518.01               525.97                513.53
  16      625.01             652.37               651.40                645.92
  17      815.55             853.74               856.46                855.98
  18     1107.22            1167.57              1175.73               1173.57
  19     1675.48            1790.24              1781.26               1735.42
  20     3432.38            3750.37              3640.10               3635.57
  total  5460.94            5965.69              5801.52               5711.36
