==== 2026-10-10 08:54:41 start si_calendar.nncl.cl_grid slot 10
[1] 1200
WARNING: All log messages before absl::InitializeLog() is called are written to STDERR
I0000 00:00:1791615287.742363   19232 port.cc:153] oneDNN custom operations are on. You may see slightly different numerical results due to floating-point round-off errors from different computation orders. To turn them off, set the environment variable `TF_ENABLE_ONEDNN_OPTS=0`.
WARNING: All log messages before absl::InitializeLog() is called are written to STDERR
I0000 00:00:1791615291.701066   19232 port.cc:153] oneDNN custom operations are on. You may see slightly different numerical results due to floating-point round-off errors from different computation orders. To turn them off, set the environment variable `TF_ENABLE_ONEDNN_OPTS=0`.
WARNING:tensorflow:From C:\Users\26196425\Work\MASTER~3\env\Lib\site-packages\keras\src\backend\common\global_state.py:82: The name tf.reset_default_graph is deprecated. Please use tf.compat.v1.reset_default_graph instead.

WARNING:tensorflow:TensorFlow GPU support is not available on native Windows for TensorFlow >= 2.11. Even if CUDA/cuDNN are installed, GPU will not be used. Please use WSL2 or the TensorFlow-DirectML plugin.
WARNING:tensorflow:5 out of the last 7 calls to <function TensorFlowTrainer.make_predict_function.<locals>.one_step_on_data_distributed at 0x0000020055D07880> triggered tf.function retracing. Tracing is expensive and the excessive number of tracings could be due to (1) creating @tf.function repeatedly in a loop, (2) passing tensors with different shapes, (3) passing Python objects instead of tensors. For (1), please define your @tf.function outside of the loop. For (2), @tf.function has reduce_retracing=True option that can avoid unnecessary retracing. For (3), please refer to https://www.tensorflow.org/guide/function#controlling_retracing and https://www.tensorflow.org/api_docs/python/tf/function for  more details.
WARNING:tensorflow:6 out of the last 8 calls to <function TensorFlowTrainer.make_predict_function.<locals>.one_step_on_data_distributed at 0x0000020055D07880> triggered tf.function retracing. Tracing is expensive and the excessive number of tracings could be due to (1) creating @tf.function repeatedly in a loop, (2) passing tensors with different shapes, (3) passing Python objects instead of tensors. For (1), please define your @tf.function outside of the loop. For (2), @tf.function has reduce_retracing=True option that can avoid unnecessary retracing. For (3), please refer to https://www.tensorflow.org/guide/function#controlling_retracing and https://www.tensorflow.org/api_docs/python/tf/function for  more details.
clgrid_20_adadelta_cl_start_s2026: 148 s, epochs used 0 22 78 37 253 35 28 28 2 196 0 11 5 0 0 0 0 0 0, loss 839521.6 (homogeneous 842344.8)
clgrid_20_adamw_cl_start_s2026: 114 s, epochs used 0 37 63 23 38 47 35 26 0 19 1 12 5 0 1 0 0 0 0, loss 839607.9 (homogeneous 842344.8)
clgrid_20-20-15_sgd_momentum_cl_start_s2026: 175 s, epochs used 7 53 68 20 39 48 33 276 5 45 7 116 163 0 4 2 0 5 19, loss 838154.3 (homogeneous 842344.8)
clgrid_20-20-15_rmsprop_cl_start_s2026: 128 s, epochs used 6 16 42 13 21 39 58 18 3 84 1 17 147 0 0 0 2 0 0, loss 838103.5 (homogeneous 842344.8)
clgrid_20-15-10_sgd_cl_paper_s2026: 239 s, epochs used 100 100 100 100 100 100 100 100 100 100 100 100 100 100 100 100 100 100 100, loss 838982.5 (homogeneous 842344.8)
clgrid_20-15-10_adam_cl_paper_s2026: 257 s, epochs used 100 100 100 100 100 100 100 100 100 100 100 100 100 100 100 100 100 100 100, loss 835607.7 (homogeneous 842344.8)
clgrid_20_sgd_nesterov_cl_start_s2027: 173 s, epochs used 0 18 93 34 55 45 92 333 0 216 3 11 33 0 0 0 0 4 0, loss 839836.8 (homogeneous 842344.8)
clgrid_20_adamw_cl_paper_s2027: 245 s, epochs used 100 100 100 100 100 100 100 100 100 100 100 100 100 100 100 100 100 100 100, loss 836781.4 (homogeneous 842344.8)
==== 2026-10-10 09:22:57 start si_calendar.nncl.cl_grid slot 10
[1] 1200
WARNING: All log messages before absl::InitializeLog() is called are written to STDERR
I0000 00:00:1791616984.760871   19328 port.cc:153] oneDNN custom operations are on. You may see slightly different numerical results due to floating-point round-off errors from different computation orders. To turn them off, set the environment variable `TF_ENABLE_ONEDNN_OPTS=0`.
WARNING: All log messages before absl::InitializeLog() is called are written to STDERR
I0000 00:00:1791616988.611298   19328 port.cc:153] oneDNN custom operations are on. You may see slightly different numerical results due to floating-point round-off errors from different computation orders. To turn them off, set the environment variable `TF_ENABLE_ONEDNN_OPTS=0`.
WARNING:tensorflow:From C:\Users\26196425\Work\MASTER~3\env\Lib\site-packages\keras\src\backend\common\global_state.py:82: The name tf.reset_default_graph is deprecated. Please use tf.compat.v1.reset_default_graph instead.

WARNING:tensorflow:TensorFlow GPU support is not available on native Windows for TensorFlow >= 2.11. Even if CUDA/cuDNN are installed, GPU will not be used. Please use WSL2 or the TensorFlow-DirectML plugin.
WARNING:tensorflow:5 out of the last 7 calls to <function TensorFlowTrainer.make_predict_function.<locals>.one_step_on_data_distributed at 0x00000225C3BF93A0> triggered tf.function retracing. Tracing is expensive and the excessive number of tracings could be due to (1) creating @tf.function repeatedly in a loop, (2) passing tensors with different shapes, (3) passing Python objects instead of tensors. For (1), please define your @tf.function outside of the loop. For (2), @tf.function has reduce_retracing=True option that can avoid unnecessary retracing. For (3), please refer to https://www.tensorflow.org/guide/function#controlling_retracing and https://www.tensorflow.org/api_docs/python/tf/function for  more details.
WARNING:tensorflow:6 out of the last 8 calls to <function TensorFlowTrainer.make_predict_function.<locals>.one_step_on_data_distributed at 0x00000225C3BF93A0> triggered tf.function retracing. Tracing is expensive and the excessive number of tracings could be due to (1) creating @tf.function repeatedly in a loop, (2) passing tensors with different shapes, (3) passing Python objects instead of tensors. For (1), please define your @tf.function outside of the loop. For (2), @tf.function has reduce_retracing=True option that can avoid unnecessary retracing. For (3), please refer to https://www.tensorflow.org/guide/function#controlling_retracing and https://www.tensorflow.org/api_docs/python/tf/function for  more details.
clgrid_20-20-15_adadelta_cl_start_s2027: 146 s, epochs used 4 14 53 46 133 29 17 101 0 113 0 1 61 1 0 6 1 0 0, loss 839421.9 (homogeneous 842344.8)
clgrid_20-20-15_adam_cl_start_s2027: 141 s, epochs used 11 29 56 36 47 36 152 59 0 67 0 3 34 2 0 0 1 0 0, loss 838802.8 (homogeneous 842344.8)
clgrid_20-15-10_sgd_momentum_cl_start_s2027: 287 s, epochs used 0 112 197 24 500 10 454 40 0 11 0 472 13 19 2 0 0 8 0, loss 839930.8 (homogeneous 842344.8)
clgrid_20-15-10_adamw_cl_start_s2027: 136 s, epochs used 0 46 58 38 74 45 45 67 4 7 0 19 9 6 0 0 0 0 0, loss 839649.6 (homogeneous 842344.8)
clgrid_20_sgd_momentum_cl_start_s2028: 174 s, epochs used 0 39 77 44 25 500 52 38 0 122 0 40 18 6 0 0 0 0 6, loss 839580.6 (homogeneous 842344.8)
clgrid_20_adamw_cl_paper_s2028: 247 s, epochs used 100 100 100 100 100 100 100 100 100 100 100 100 100 100 100 100 100 100 100, loss 836445.5 (homogeneous 842344.8)
clgrid_20-20-15_adadelta_cl_paper_s2028: 258 s, epochs used 100 100 100 100 100 100 100 100 100 100 100 100 100 100 100 100 100 100 100, loss 840621.7 (homogeneous 842344.8)
clgrid_20-20-15_nadam_cl_start_s2028: 163 s, epochs used 0 48 58 30 149 50 103 30 2 39 1 18 60 3 1 0 0 0 0, loss 838990.0 (homogeneous 842344.8)
==== 2026-10-10 09:52:54 start si_calendar.nncl.cl_grid slot 10
[1] 1200
WARNING: All log messages before absl::InitializeLog() is called are written to STDERR
I0000 00:00:1791618796.427436    7020 port.cc:153] oneDNN custom operations are on. You may see slightly different numerical results due to floating-point round-off errors from different computation orders. To turn them off, set the environment variable `TF_ENABLE_ONEDNN_OPTS=0`.
WARNING: All log messages before absl::InitializeLog() is called are written to STDERR
I0000 00:00:1791618830.437839    7020 port.cc:153] oneDNN custom operations are on. You may see slightly different numerical results due to floating-point round-off errors from different computation orders. To turn them off, set the environment variable `TF_ENABLE_ONEDNN_OPTS=0`.
WARNING:tensorflow:From C:\Users\26196425\Work\MASTER~3\env\Lib\site-packages\keras\src\backend\common\global_state.py:82: The name tf.reset_default_graph is deprecated. Please use tf.compat.v1.reset_default_graph instead.

WARNING:tensorflow:TensorFlow GPU support is not available on native Windows for TensorFlow >= 2.11. Even if CUDA/cuDNN are installed, GPU will not be used. Please use WSL2 or the TensorFlow-DirectML plugin.
WARNING:tensorflow:5 out of the last 7 calls to <function TensorFlowTrainer.make_predict_function.<locals>.one_step_on_data_distributed at 0x00000272B1FF93A0> triggered tf.function retracing. Tracing is expensive and the excessive number of tracings could be due to (1) creating @tf.function repeatedly in a loop, (2) passing tensors with different shapes, (3) passing Python objects instead of tensors. For (1), please define your @tf.function outside of the loop. For (2), @tf.function has reduce_retracing=True option that can avoid unnecessary retracing. For (3), please refer to https://www.tensorflow.org/guide/function#controlling_retracing and https://www.tensorflow.org/api_docs/python/tf/function for  more details.
WARNING:tensorflow:6 out of the last 8 calls to <function TensorFlowTrainer.make_predict_function.<locals>.one_step_on_data_distributed at 0x00000272B1FF93A0> triggered tf.function retracing. Tracing is expensive and the excessive number of tracings could be due to (1) creating @tf.function repeatedly in a loop, (2) passing tensors with different shapes, (3) passing Python objects instead of tensors. For (1), please define your @tf.function outside of the loop. For (2), @tf.function has reduce_retracing=True option that can avoid unnecessary retracing. For (3), please refer to https://www.tensorflow.org/guide/function#controlling_retracing and https://www.tensorflow.org/api_docs/python/tf/function for  more details.
clgrid_20-15-10_adadelta_cl_start_s2028: 172 s, epochs used 7 72 56 36 19 67 264 90 8 101 2 11 58 1 0 2 0 0 0, loss 838359.4 (homogeneous 842344.8)
clgrid_20_sgd_cl_paper_s2029: 230 s, epochs used 100 100 100 100 100 100 100 100 100 100 100 100 100 100 100 100 100 100 100, loss 838107.0 (homogeneous 842344.8)
clgrid_20_adamw_cl_paper_s2029: 248 s, epochs used 100 100 100 100 100 100 100 100 100 100 100 100 100 100 100 100 100 100 100, loss 837219.9 (homogeneous 842344.8)
clgrid_20-20-15_adadelta_cl_paper_s2029: 252 s, epochs used 100 100 100 100 100 100 100 100 100 100 100 100 100 100 100 100 100 100 100, loss 835596.5 (homogeneous 842344.8)
clgrid_20-15-10_sgd_cl_start_s2029: 422 s, epochs used 0 0 40 15 500 500 44 500 0 500 0 234 500 129 0 0 0 0 85, loss 841935.7 (homogeneous 842344.8)
clgrid_20_sgd_nesterov_cl_start_s2030: 164 s, epochs used 0 22 54 23 24 44 500 93 3 66 5 0 13 0 3 1 0 0 7, loss 839798.2 (homogeneous 842344.8)
clgrid_20_adam_cl_start_s2030: 119 s, epochs used 0 42 85 30 33 26 62 25 2 37 2 35 5 0 0 0 0 0 0, loss 839632.7 (homogeneous 842344.8)
clgrid_20-20-15_sgd_cl_paper_s2030: 239 s, epochs used 100 100 100 100 100 100 100 100 100 100 100 100 100 100 100 100 100 100 100, loss 839631.2 (homogeneous 842344.8)
==== 2026-10-10 10:28:13 start si_calendar.nncl.cl_grid slot 10
[1] 1200
WARNING: All log messages before absl::InitializeLog() is called are written to STDERR
I0000 00:00:1791620900.611155   19008 port.cc:153] oneDNN custom operations are on. You may see slightly different numerical results due to floating-point round-off errors from different computation orders. To turn them off, set the environment variable `TF_ENABLE_ONEDNN_OPTS=0`.
WARNING: All log messages before absl::InitializeLog() is called are written to STDERR
I0000 00:00:1791620904.786051   19008 port.cc:153] oneDNN custom operations are on. You may see slightly different numerical results due to floating-point round-off errors from different computation orders. To turn them off, set the environment variable `TF_ENABLE_ONEDNN_OPTS=0`.
WARNING:tensorflow:From C:\Users\26196425\Work\MASTER~3\env\Lib\site-packages\keras\src\backend\common\global_state.py:82: The name tf.reset_default_graph is deprecated. Please use tf.compat.v1.reset_default_graph instead.

WARNING:tensorflow:TensorFlow GPU support is not available on native Windows for TensorFlow >= 2.11. Even if CUDA/cuDNN are installed, GPU will not be used. Please use WSL2 or the TensorFlow-DirectML plugin.
WARNING:tensorflow:5 out of the last 7 calls to <function TensorFlowTrainer.make_predict_function.<locals>.one_step_on_data_distributed at 0x0000018DA39EF880> triggered tf.function retracing. Tracing is expensive and the excessive number of tracings could be due to (1) creating @tf.function repeatedly in a loop, (2) passing tensors with different shapes, (3) passing Python objects instead of tensors. For (1), please define your @tf.function outside of the loop. For (2), @tf.function has reduce_retracing=True option that can avoid unnecessary retracing. For (3), please refer to https://www.tensorflow.org/guide/function#controlling_retracing and https://www.tensorflow.org/api_docs/python/tf/function for  more details.
WARNING:tensorflow:6 out of the last 8 calls to <function TensorFlowTrainer.make_predict_function.<locals>.one_step_on_data_distributed at 0x0000018DA39EF880> triggered tf.function retracing. Tracing is expensive and the excessive number of tracings could be due to (1) creating @tf.function repeatedly in a loop, (2) passing tensors with different shapes, (3) passing Python objects instead of tensors. For (1), please define your @tf.function outside of the loop. For (2), @tf.function has reduce_retracing=True option that can avoid unnecessary retracing. For (3), please refer to https://www.tensorflow.org/guide/function#controlling_retracing and https://www.tensorflow.org/api_docs/python/tf/function for  more details.
clgrid_20-20-15_adam_cl_paper_s2030: 252 s, epochs used 100 100 100 100 100 100 100 100 100 100 100 100 100 100 100 100 100 100 100, loss 836438.5 (homogeneous 842344.8)
clgrid_20-15-10_adagrad_cl_paper_s2030: 246 s, epochs used 100 100 100 100 100 100 100 100 100 100 100 100 100 100 100 100 100 100 100, loss 835749.4 (homogeneous 842344.8)
clgrid_20-15-10_adamw_cl_start_s2030: 132 s, epochs used 0 41 59 32 39 35 75 31 5 51 3 21 16 11 1 0 0 0 9, loss 839568.5 (homogeneous 842344.8)
clgrid_20_sgd_momentum_cl_start_s2031: 155 s, epochs used 0 10 147 35 14 8 500 18 0 8 0 24 51 0 0 0 0 7 7, loss 840283.0 (homogeneous 842344.8)
clgrid_20_rmsprop_cl_start_s2031: 125 s, epochs used 0 21 73 32 33 69 40 26 2 97 0 3 90 0 0 2 0 0 0, loss 839847.7 (homogeneous 842344.8)
clgrid_20_nadam_cl_start_s2031: 141 s, epochs used 0 30 89 56 32 56 46 29 0 58 2 7 26 0 0 0 0 0 0, loss 839876.5 (homogeneous 842344.8)
clgrid_20-20-15_adadelta_cl_paper_s2031: 252 s, epochs used 100 100 100 100 100 100 100 100 100 100 100 100 100 100 100 100 100 100 100, loss 832938.2 (homogeneous 842344.8)
clgrid_20-15-10_sgd_cl_start_s2031: 549 s, epochs used 1 402 500 107 500 299 500 500 7 170 0 500 500 0 0 0 0 44 75, loss 840541.4 (homogeneous 842344.8)
==== 2026-10-10 11:02:58 start si_calendar.nncl.cl_grid slot 10
[1] 1200
WARNING: All log messages before absl::InitializeLog() is called are written to STDERR
I0000 00:00:1791622996.483282   17192 port.cc:153] oneDNN custom operations are on. You may see slightly different numerical results due to floating-point round-off errors from different computation orders. To turn them off, set the environment variable `TF_ENABLE_ONEDNN_OPTS=0`.
WARNING: All log messages before absl::InitializeLog() is called are written to STDERR
I0000 00:00:1791623025.632526   17192 port.cc:153] oneDNN custom operations are on. You may see slightly different numerical results due to floating-point round-off errors from different computation orders. To turn them off, set the environment variable `TF_ENABLE_ONEDNN_OPTS=0`.
WARNING:tensorflow:From C:\Users\26196425\Work\MASTER~3\env\Lib\site-packages\keras\src\backend\common\global_state.py:82: The name tf.reset_default_graph is deprecated. Please use tf.compat.v1.reset_default_graph instead.

WARNING:tensorflow:TensorFlow GPU support is not available on native Windows for TensorFlow >= 2.11. Even if CUDA/cuDNN are installed, GPU will not be used. Please use WSL2 or the TensorFlow-DirectML plugin.
WARNING:tensorflow:5 out of the last 7 calls to <function TensorFlowTrainer.make_predict_function.<locals>.one_step_on_data_distributed at 0x000002A31F1EBB00> triggered tf.function retracing. Tracing is expensive and the excessive number of tracings could be due to (1) creating @tf.function repeatedly in a loop, (2) passing tensors with different shapes, (3) passing Python objects instead of tensors. For (1), please define your @tf.function outside of the loop. For (2), @tf.function has reduce_retracing=True option that can avoid unnecessary retracing. For (3), please refer to https://www.tensorflow.org/guide/function#controlling_retracing and https://www.tensorflow.org/api_docs/python/tf/function for  more details.
WARNING:tensorflow:6 out of the last 8 calls to <function TensorFlowTrainer.make_predict_function.<locals>.one_step_on_data_distributed at 0x000002A31F1EBB00> triggered tf.function retracing. Tracing is expensive and the excessive number of tracings could be due to (1) creating @tf.function repeatedly in a loop, (2) passing tensors with different shapes, (3) passing Python objects instead of tensors. For (1), please define your @tf.function outside of the loop. For (2), @tf.function has reduce_retracing=True option that can avoid unnecessary retracing. For (3), please refer to https://www.tensorflow.org/guide/function#controlling_retracing and https://www.tensorflow.org/api_docs/python/tf/function for  more details.
clgrid_20_adadelta_cl_start_s2032: 152 s, epochs used 2 23 72 21 498 63 24 32 2 9 2 3 19 0 0 0 0 0 0, loss 839262.6 (homogeneous 842344.8)
clgrid_20_adamax_cl_start_s2032: 173 s, epochs used 1 54 71 41 500 77 43 36 0 11 1 4 29 0 0 1 0 0 0, loss 839441.6 (homogeneous 842344.8)
clgrid_20-20-15_adadelta_cl_start_s2032: 126 s, epochs used 0 19 57 41 24 82 28 151 3 10 1 2 6 0 0 0 0 0 0, loss 839910.3 (homogeneous 842344.8)
clgrid_20-20-15_adam_cl_start_s2032: 127 s, epochs used 0 50 65 29 42 53 75 45 2 10 1 3 4 0 0 0 0 0 19, loss 839583.7 (homogeneous 842344.8)
clgrid_20-15-10_sgd_momentum_cl_start_s2032: 147 s, epochs used 3 45 176 62 10 6 142 152 0 54 1 14 0 0 0 0 0 9 8, loss 839453.7 (homogeneous 842344.8)
clgrid_20-15-10_adam_cl_paper_s2032: 261 s, epochs used 100 100 100 100 100 100 100 100 100 100 100 100 100 100 100 100 100 100 100, loss 836232.1 (homogeneous 842344.8)
clgrid_20_adagrad_cl_paper_s2033: 239 s, epochs used 100 100 100 100 100 100 100 100 100 100 100 100 100 100 100 100 100 100 100, loss 836732.3 (homogeneous 842344.8)
clgrid_20-20-15_sgd_cl_paper_s2033: 235 s, epochs used 100 100 100 100 100 100 100 100 100 100 100 100 100 100 100 100 100 100 100, loss 838759.6 (homogeneous 842344.8)
==== 2026-10-10 11:31:57 start si_calendar.nncl.cl_grid slot 10
[1] 1200
WARNING: All log messages before absl::InitializeLog() is called are written to STDERR
I0000 00:00:1791624723.563666   15792 port.cc:153] oneDNN custom operations are on. You may see slightly different numerical results due to floating-point round-off errors from different computation orders. To turn them off, set the environment variable `TF_ENABLE_ONEDNN_OPTS=0`.
WARNING: All log messages before absl::InitializeLog() is called are written to STDERR
I0000 00:00:1791624727.515085   15792 port.cc:153] oneDNN custom operations are on. You may see slightly different numerical results due to floating-point round-off errors from different computation orders. To turn them off, set the environment variable `TF_ENABLE_ONEDNN_OPTS=0`.
WARNING:tensorflow:From C:\Users\26196425\Work\MASTER~3\env\Lib\site-packages\keras\src\backend\common\global_state.py:82: The name tf.reset_default_graph is deprecated. Please use tf.compat.v1.reset_default_graph instead.

WARNING:tensorflow:TensorFlow GPU support is not available on native Windows for TensorFlow >= 2.11. Even if CUDA/cuDNN are installed, GPU will not be used. Please use WSL2 or the TensorFlow-DirectML plugin.
WARNING:tensorflow:5 out of the last 7 calls to <function TensorFlowTrainer.make_predict_function.<locals>.one_step_on_data_distributed at 0x000001F38C0EF880> triggered tf.function retracing. Tracing is expensive and the excessive number of tracings could be due to (1) creating @tf.function repeatedly in a loop, (2) passing tensors with different shapes, (3) passing Python objects instead of tensors. For (1), please define your @tf.function outside of the loop. For (2), @tf.function has reduce_retracing=True option that can avoid unnecessary retracing. For (3), please refer to https://www.tensorflow.org/guide/function#controlling_retracing and https://www.tensorflow.org/api_docs/python/tf/function for  more details.
WARNING:tensorflow:6 out of the last 8 calls to <function TensorFlowTrainer.make_predict_function.<locals>.one_step_on_data_distributed at 0x000001F38C0EF880> triggered tf.function retracing. Tracing is expensive and the excessive number of tracings could be due to (1) creating @tf.function repeatedly in a loop, (2) passing tensors with different shapes, (3) passing Python objects instead of tensors. For (1), please define your @tf.function outside of the loop. For (2), @tf.function has reduce_retracing=True option that can avoid unnecessary retracing. For (3), please refer to https://www.tensorflow.org/guide/function#controlling_retracing and https://www.tensorflow.org/api_docs/python/tf/function for  more details.
clgrid_20-20-15_adam_cl_paper_s2033: 251 s, epochs used 100 100 100 100 100 100 100 100 100 100 100 100 100 100 100 100 100 100 100, loss 834661.9 (homogeneous 842344.8)
clgrid_20-15-10_adadelta_cl_paper_s2033: 257 s, epochs used 100 100 100 100 100 100 100 100 100 100 100 100 100 100 100 100 100 100 100, loss 841014.5 (homogeneous 842344.8)
clgrid_20_sgd_cl_start_s2034: 532 s, epochs used 0 383 500 248 191 500 500 500 0 500 10 0 500 0 0 0 0 0 0, loss 839652.7 (homogeneous 842344.8)
clgrid_20-20-15_adagrad_cl_paper_s2034: 259 s, epochs used 100 100 100 100 100 100 100 100 100 100 100 100 100 100 100 100 100 100 100, loss 835301.8 (homogeneous 842344.8)
clgrid_20-15-10_sgd_cl_paper_s2034: 236 s, epochs used 100 100 100 100 100 100 100 100 100 100 100 100 100 100 100 100 100 100 100, loss 840511.1 (homogeneous 842344.8)
clgrid_20-15-10_adam_cl_paper_s2034: 270 s, epochs used 100 100 100 100 100 100 100 100 100 100 100 100 100 100 100 100 100 100 100, loss 835428.9 (homogeneous 842344.8)
clgrid_20_adagrad_cl_start_s2035: 274 s, epochs used 0 17 197 15 500 92 500 130 1 172 1 114 9 0 0 0 0 0 2, loss 839677.7 (homogeneous 842344.8)
clgrid_20-20-15_sgd_nesterov_cl_paper_s2035: 250 s, epochs used 100 100 100 100 100 100 100 100 100 100 100 100 100 100 100 100 100 100 100, loss 836654.1 (homogeneous 842344.8)
==== 2026-10-10 12:14:33 start si_calendar.nncl.cl_grid slot 10
[1] 1200
WARNING: All log messages before absl::InitializeLog() is called are written to STDERR
I0000 00:00:1791627279.719379    7476 port.cc:153] oneDNN custom operations are on. You may see slightly different numerical results due to floating-point round-off errors from different computation orders. To turn them off, set the environment variable `TF_ENABLE_ONEDNN_OPTS=0`.
WARNING: All log messages before absl::InitializeLog() is called are written to STDERR
I0000 00:00:1791627283.611967    7476 port.cc:153] oneDNN custom operations are on. You may see slightly different numerical results due to floating-point round-off errors from different computation orders. To turn them off, set the environment variable `TF_ENABLE_ONEDNN_OPTS=0`.
WARNING:tensorflow:From C:\Users\26196425\Work\MASTER~3\env\Lib\site-packages\keras\src\backend\common\global_state.py:82: The name tf.reset_default_graph is deprecated. Please use tf.compat.v1.reset_default_graph instead.

WARNING:tensorflow:TensorFlow GPU support is not available on native Windows for TensorFlow >= 2.11. Even if CUDA/cuDNN are installed, GPU will not be used. Please use WSL2 or the TensorFlow-DirectML plugin.
WARNING:tensorflow:5 out of the last 7 calls to <function TensorFlowTrainer.make_predict_function.<locals>.one_step_on_data_distributed at 0x0000012897727920> triggered tf.function retracing. Tracing is expensive and the excessive number of tracings could be due to (1) creating @tf.function repeatedly in a loop, (2) passing tensors with different shapes, (3) passing Python objects instead of tensors. For (1), please define your @tf.function outside of the loop. For (2), @tf.function has reduce_retracing=True option that can avoid unnecessary retracing. For (3), please refer to https://www.tensorflow.org/guide/function#controlling_retracing and https://www.tensorflow.org/api_docs/python/tf/function for  more details.
WARNING:tensorflow:6 out of the last 8 calls to <function TensorFlowTrainer.make_predict_function.<locals>.one_step_on_data_distributed at 0x0000012897727920> triggered tf.function retracing. Tracing is expensive and the excessive number of tracings could be due to (1) creating @tf.function repeatedly in a loop, (2) passing tensors with different shapes, (3) passing Python objects instead of tensors. For (1), please define your @tf.function outside of the loop. For (2), @tf.function has reduce_retracing=True option that can avoid unnecessary retracing. For (3), please refer to https://www.tensorflow.org/guide/function#controlling_retracing and https://www.tensorflow.org/api_docs/python/tf/function for  more details.
clgrid_20-20-15_adamw_cl_start_s2035: 143 s, epochs used 0 23 61 11 81 48 128 65 2 47 1 3 24 0 1 0 0 0 0, loss 840005.5 (homogeneous 842344.8)
clgrid_20-15-10_sgd_nesterov_cl_start_s2035: 162 s, epochs used 0 18 0 10 199 15 500 29 5 25 7 0 20 6 2 0 0 0 9, loss 841154.2 (homogeneous 842344.8)
clgrid_20-15-10_adamw_cl_paper_s2035: 257 s, epochs used 100 100 100 100 100 100 100 100 100 100 100 100 100 100 100 100 100 100 100, loss 835676.5 (homogeneous 842344.8)
clgrid_20_adagrad_cl_paper_s2036: 239 s, epochs used 100 100 100 100 100 100 100 100 100 100 100 100 100 100 100 100 100 100 100, loss 836499.0 (homogeneous 842344.8)
clgrid_20-20-15_sgd_cl_paper_s2036: 238 s, epochs used 100 100 100 100 100 100 100 100 100 100 100 100 100 100 100 100 100 100 100, loss 836772.1 (homogeneous 842344.8)
clgrid_20-20-15_adam_cl_paper_s2036: 259 s, epochs used 100 100 100 100 100 100 100 100 100 100 100 100 100 100 100 100 100 100 100, loss 834881.1 (homogeneous 842344.8)
clgrid_20-15-10_adadelta_cl_paper_s2036: 258 s, epochs used 100 100 100 100 100 100 100 100 100 100 100 100 100 100 100 100 100 100 100, loss 835681.8 (homogeneous 842344.8)
clgrid_20_sgd_momentum_cl_paper_s2037: 241 s, epochs used 100 100 100 100 100 100 100 100 100 100 100 100 100 100 100 100 100 100 100, loss 835796.3 (homogeneous 842344.8)
==== 2026-10-10 12:48:29 start si_calendar.nncl.cl_grid slot 10
[1] 1200
WARNING: All log messages before absl::InitializeLog() is called are written to STDERR
I0000 00:00:1791629316.249891   16980 port.cc:153] oneDNN custom operations are on. You may see slightly different numerical results due to floating-point round-off errors from different computation orders. To turn them off, set the environment variable `TF_ENABLE_ONEDNN_OPTS=0`.
WARNING: All log messages before absl::InitializeLog() is called are written to STDERR
I0000 00:00:1791629320.419589   16980 port.cc:153] oneDNN custom operations are on. You may see slightly different numerical results due to floating-point round-off errors from different computation orders. To turn them off, set the environment variable `TF_ENABLE_ONEDNN_OPTS=0`.
WARNING:tensorflow:From C:\Users\26196425\Work\MASTER~3\env\Lib\site-packages\keras\src\backend\common\global_state.py:82: The name tf.reset_default_graph is deprecated. Please use tf.compat.v1.reset_default_graph instead.

WARNING:tensorflow:TensorFlow GPU support is not available on native Windows for TensorFlow >= 2.11. Even if CUDA/cuDNN are installed, GPU will not be used. Please use WSL2 or the TensorFlow-DirectML plugin.
WARNING:tensorflow:5 out of the last 7 calls to <function TensorFlowTrainer.make_predict_function.<locals>.one_step_on_data_distributed at 0x0000021310337CE0> triggered tf.function retracing. Tracing is expensive and the excessive number of tracings could be due to (1) creating @tf.function repeatedly in a loop, (2) passing tensors with different shapes, (3) passing Python objects instead of tensors. For (1), please define your @tf.function outside of the loop. For (2), @tf.function has reduce_retracing=True option that can avoid unnecessary retracing. For (3), please refer to https://www.tensorflow.org/guide/function#controlling_retracing and https://www.tensorflow.org/api_docs/python/tf/function for  more details.
WARNING:tensorflow:6 out of the last 8 calls to <function TensorFlowTrainer.make_predict_function.<locals>.one_step_on_data_distributed at 0x0000021310337CE0> triggered tf.function retracing. Tracing is expensive and the excessive number of tracings could be due to (1) creating @tf.function repeatedly in a loop, (2) passing tensors with different shapes, (3) passing Python objects instead of tensors. For (1), please define your @tf.function outside of the loop. For (2), @tf.function has reduce_retracing=True option that can avoid unnecessary retracing. For (3), please refer to https://www.tensorflow.org/guide/function#controlling_retracing and https://www.tensorflow.org/api_docs/python/tf/function for  more details.
clgrid_20_adamw_cl_paper_s2037: 242 s, epochs used 100 100 100 100 100 100 100 100 100 100 100 100 100 100 100 100 100 100 100, loss 836328.2 (homogeneous 842344.8)
clgrid_20-20-15_adadelta_cl_start_s2037: 183 s, epochs used 2 65 73 41 20 54 225 61 1 182 3 39 79 0 0 3 0 0 0, loss 839381.9 (homogeneous 842344.8)
clgrid_20-20-15_adamax_cl_start_s2037: 138 s, epochs used 1 58 5 54 51 57 47 43 2 78 1 26 53 0 0 1 0 0 0, loss 840094.8 (homogeneous 842344.8)
clgrid_20-15-10_adagrad_cl_paper_s2037: 245 s, epochs used 100 100 100 100 100 100 100 100 100 100 100 100 100 100 100 100 100 100 100, loss 837012.9 (homogeneous 842344.8)
clgrid_20-15-10_nadam_cl_start_s2037: 148 s, epochs used 0 35 65 36 36 38 143 44 2 55 1 0 12 1 1 1 0 0 9, loss 839553.3 (homogeneous 842344.8)
clgrid_20_adagrad_cl_start_s2038: 190 s, epochs used 0 10 218 4 20 19 500 300 2 3 0 0 1 0 0 2 0 0 0, loss 839806.0 (homogeneous 842344.8)
clgrid_20_nadam_cl_start_s2038: 134 s, epochs used 9 30 72 20 37 41 105 71 0 17 1 0 8 0 0 0 0 0 0, loss 838840.0 (homogeneous 842344.8)
clgrid_20-20-15_adadelta_cl_paper_s2038: 255 s, epochs used 100 100 100 100 100 100 100 100 100 100 100 100 100 100 100 100 100 100 100, loss 835419.0 (homogeneous 842344.8)
==== 2026-10-10 13:18:05 start si_calendar.nncl.cl_grid slot 10
[1] 1200
WARNING: All log messages before absl::InitializeLog() is called are written to STDERR
I0000 00:00:1791631092.465184   18448 port.cc:153] oneDNN custom operations are on. You may see slightly different numerical results due to floating-point round-off errors from different computation orders. To turn them off, set the environment variable `TF_ENABLE_ONEDNN_OPTS=0`.
WARNING: All log messages before absl::InitializeLog() is called are written to STDERR
I0000 00:00:1791631121.108153   18448 port.cc:153] oneDNN custom operations are on. You may see slightly different numerical results due to floating-point round-off errors from different computation orders. To turn them off, set the environment variable `TF_ENABLE_ONEDNN_OPTS=0`.
WARNING:tensorflow:From C:\Users\26196425\Work\MASTER~3\env\Lib\site-packages\keras\src\backend\common\global_state.py:82: The name tf.reset_default_graph is deprecated. Please use tf.compat.v1.reset_default_graph instead.

WARNING:tensorflow:TensorFlow GPU support is not available on native Windows for TensorFlow >= 2.11. Even if CUDA/cuDNN are installed, GPU will not be used. Please use WSL2 or the TensorFlow-DirectML plugin.
WARNING:tensorflow:5 out of the last 7 calls to <function TensorFlowTrainer.make_predict_function.<locals>.one_step_on_data_distributed at 0x000002095777C4A0> triggered tf.function retracing. Tracing is expensive and the excessive number of tracings could be due to (1) creating @tf.function repeatedly in a loop, (2) passing tensors with different shapes, (3) passing Python objects instead of tensors. For (1), please define your @tf.function outside of the loop. For (2), @tf.function has reduce_retracing=True option that can avoid unnecessary retracing. For (3), please refer to https://www.tensorflow.org/guide/function#controlling_retracing and https://www.tensorflow.org/api_docs/python/tf/function for  more details.
WARNING:tensorflow:6 out of the last 8 calls to <function TensorFlowTrainer.make_predict_function.<locals>.one_step_on_data_distributed at 0x000002095777C4A0> triggered tf.function retracing. Tracing is expensive and the excessive number of tracings could be due to (1) creating @tf.function repeatedly in a loop, (2) passing tensors with different shapes, (3) passing Python objects instead of tensors. For (1), please define your @tf.function outside of the loop. For (2), @tf.function has reduce_retracing=True option that can avoid unnecessary retracing. For (3), please refer to https://www.tensorflow.org/guide/function#controlling_retracing and https://www.tensorflow.org/api_docs/python/tf/function for  more details.
clgrid_20-15-10_sgd_momentum_cl_paper_s2038: 241 s, epochs used 100 100 100 100 100 100 100 100 100 100 100 100 100 100 100 100 100 100 100, loss 836351.7 (homogeneous 842344.8)
clgrid_20-15-10_adamw_cl_start_s2038: 142 s, epochs used 0 34 69 11 46 62 155 27 0 24 0 17 11 2 0 0 0 51 0, loss 839808.9 (homogeneous 842344.8)
clgrid_20_sgd_momentum_cl_paper_s2039: 238 s, epochs used 100 100 100 100 100 100 100 100 100 100 100 100 100 100 100 100 100 100 100, loss 836950.3 (homogeneous 842344.8)
