==== 2026-10-09 19:13:22 start si_calendar.nncl.grid slot 8
[1] 1200
WARNING: All log messages before absl::InitializeLog() is called are written to STDERR
I0000 00:00:1791566009.162951    7816 port.cc:153] oneDNN custom operations are on. You may see slightly different numerical results due to floating-point round-off errors from different computation orders. To turn them off, set the environment variable `TF_ENABLE_ONEDNN_OPTS=0`.
WARNING: All log messages before absl::InitializeLog() is called are written to STDERR
I0000 00:00:1791566012.942935    7816 port.cc:153] oneDNN custom operations are on. You may see slightly different numerical results due to floating-point round-off errors from different computation orders. To turn them off, set the environment variable `TF_ENABLE_ONEDNN_OPTS=0`.
WARNING:tensorflow:From C:\Users\26196425\Work\MASTER~3\env\Lib\site-packages\keras\src\backend\common\global_state.py:82: The name tf.reset_default_graph is deprecated. Please use tf.compat.v1.reset_default_graph instead.

WARNING:tensorflow:TensorFlow GPU support is not available on native Windows for TensorFlow >= 2.11. Even if CUDA/cuDNN are installed, GPU will not be used. Please use WSL2 or the TensorFlow-DirectML plugin.
WARNING:tensorflow:5 out of the last 7 calls to <function TensorFlowTrainer.make_predict_function.<locals>.one_step_on_data_distributed at 0x000001AB3E457CE0> triggered tf.function retracing. Tracing is expensive and the excessive number of tracings could be due to (1) creating @tf.function repeatedly in a loop, (2) passing tensors with different shapes, (3) passing Python objects instead of tensors. For (1), please define your @tf.function outside of the loop. For (2), @tf.function has reduce_retracing=True option that can avoid unnecessary retracing. For (3), please refer to https://www.tensorflow.org/guide/function#controlling_retracing and https://www.tensorflow.org/api_docs/python/tf/function for  more details.
WARNING:tensorflow:6 out of the last 8 calls to <function TensorFlowTrainer.make_predict_function.<locals>.one_step_on_data_distributed at 0x000001AB3E457CE0> triggered tf.function retracing. Tracing is expensive and the excessive number of tracings could be due to (1) creating @tf.function repeatedly in a loop, (2) passing tensors with different shapes, (3) passing Python objects instead of tensors. For (1), please define your @tf.function outside of the loop. For (2), @tf.function has reduce_retracing=True option that can avoid unnecessary retracing. For (3), please refer to https://www.tensorflow.org/guide/function#controlling_retracing and https://www.tensorflow.org/api_docs/python/tf/function for  more details.
grid_20_sgd_nesterov_early_stop_s2026: 584 s, epochs used 16 22 51 136 15 21 481 500 392 27 500 500 323 500 39 500 7 500 3, loss 838380.0 (homogeneous 842344.8)
grid_20-20-15_sgd_momentum_early_stop_s2026: 330 s, epochs used 12 53 321 62 500 62 500 120 71 18 9 66 75 66 85 41 43 70 40, loss 841147.6 (homogeneous 842344.8)
grid_20-20-15_rmsprop_paper_s2026: 250 s, epochs used 100 100 100 100 100 100 100 100 100 100 100 100 100 100 100 100 100 100 100, loss 835446.3 (homogeneous 842344.8)
grid_20-20-15_adamax_paper_s2026: 257 s, epochs used 100 100 100 100 100 100 100 100 100 100 100 100 100 100 100 100 100 100 100, loss 861872.6 (homogeneous 842344.8)
grid_20-15-10_sgd_nesterov_early_stop_s2026: 555 s, epochs used 2 52 84 42 88 43 442 179 433 49 500 500 308 500 362 48 3 13 500, loss 890482.0 (homogeneous 842344.8)
grid_20-15-10_nadam_paper_s2026: 268 s, epochs used 100 100 100 100 100 100 100 100 100 100 100 100 100 100 100 100 100 100 100, loss 840916.8 (homogeneous 842344.8)
grid_20_adagrad_early_stop_s2027: 785 s, epochs used 46 500 68 228 46 249 500 500 500 215 500 295 500 500 500 500 33 500 3, loss 846175.1 (homogeneous 842344.8)
grid_20-20-15_adagrad_early_stop_s2027: 798 s, epochs used 18 229 68 52 21 500 500 500 500 78 500 500 141 500 500 500 17 500 500, loss 838983.7 (homogeneous 842344.8)
==== 2026-10-09 20:21:05 start si_calendar.nncl.grid slot 8
[1] 1200
WARNING: All log messages before absl::InitializeLog() is called are written to STDERR
I0000 00:00:1791570072.785802   12092 port.cc:153] oneDNN custom operations are on. You may see slightly different numerical results due to floating-point round-off errors from different computation orders. To turn them off, set the environment variable `TF_ENABLE_ONEDNN_OPTS=0`.
WARNING: All log messages before absl::InitializeLog() is called are written to STDERR
I0000 00:00:1791570076.821339   12092 port.cc:153] oneDNN custom operations are on. You may see slightly different numerical results due to floating-point round-off errors from different computation orders. To turn them off, set the environment variable `TF_ENABLE_ONEDNN_OPTS=0`.
WARNING:tensorflow:From C:\Users\26196425\Work\MASTER~3\env\Lib\site-packages\keras\src\backend\common\global_state.py:82: The name tf.reset_default_graph is deprecated. Please use tf.compat.v1.reset_default_graph instead.

WARNING:tensorflow:TensorFlow GPU support is not available on native Windows for TensorFlow >= 2.11. Even if CUDA/cuDNN are installed, GPU will not be used. Please use WSL2 or the TensorFlow-DirectML plugin.
WARNING:tensorflow:5 out of the last 7 calls to <function TensorFlowTrainer.make_predict_function.<locals>.one_step_on_data_distributed at 0x0000019875A9C400> triggered tf.function retracing. Tracing is expensive and the excessive number of tracings could be due to (1) creating @tf.function repeatedly in a loop, (2) passing tensors with different shapes, (3) passing Python objects instead of tensors. For (1), please define your @tf.function outside of the loop. For (2), @tf.function has reduce_retracing=True option that can avoid unnecessary retracing. For (3), please refer to https://www.tensorflow.org/guide/function#controlling_retracing and https://www.tensorflow.org/api_docs/python/tf/function for  more details.
WARNING:tensorflow:6 out of the last 8 calls to <function TensorFlowTrainer.make_predict_function.<locals>.one_step_on_data_distributed at 0x0000019875A9C400> triggered tf.function retracing. Tracing is expensive and the excessive number of tracings could be due to (1) creating @tf.function repeatedly in a loop, (2) passing tensors with different shapes, (3) passing Python objects instead of tensors. For (1), please define your @tf.function outside of the loop. For (2), @tf.function has reduce_retracing=True option that can avoid unnecessary retracing. For (3), please refer to https://www.tensorflow.org/guide/function#controlling_retracing and https://www.tensorflow.org/api_docs/python/tf/function for  more details.
grid_20-15-10_adagrad_early_stop_s2027: 1038 s, epochs used 37 500 500 434 500 320 500 500 500 500 500 500 500 500 500 500 90 500 500, loss 837532.0 (homogeneous 842344.8)
grid_20_adadelta_early_stop_s2028: 412 s, epochs used 172 143 92 153 150 162 162 164 169 138 160 156 163 166 169 158 28 164 170, loss 839738.9 (homogeneous 842344.8)
grid_20_nadam_paper_s2028: 249 s, epochs used 100 100 100 100 100 100 100 100 100 100 100 100 100 100 100 100 100 100 100, loss 856576.3 (homogeneous 842344.8)
grid_20-20-15_sgd_nesterov_early_stop_s2028: 386 s, epochs used 4 24 7 42 44 37 500 500 49 8 500 134 52 500 250 14 15 40 8, loss 930062.1 (homogeneous 842344.8)
grid_20-20-15_adamax_paper_s2028: 258 s, epochs used 100 100 100 100 100 100 100 100 100 100 100 100 100 100 100 100 100 100 100, loss 856512.3 (homogeneous 842344.8)
grid_20-15-10_sgd_momentum_early_stop_s2028: 631 s, epochs used 1 71 30 52 40 48 500 483 50 5 500 500 500 500 500 500 21 500 29, loss 915036.3 (homogeneous 842344.8)
grid_20-15-10_adamax_early_stop_s2028: 802 s, epochs used 99 373 120 55 63 212 500 500 500 15 500 500 500 500 500 500 33 500 138, loss 843271.2 (homogeneous 842344.8)
grid_20-20-15_sgd_momentum_paper_s2029: 246 s, epochs used 100 100 100 100 100 100 100 100 100 100 100 100 100 100 100 100 100 100 100, loss 1530172.2 (homogeneous 842344.8)
==== 2026-10-09 21:31:56 start si_calendar.nncl.grid slot 8
[1] 1200
WARNING: All log messages before absl::InitializeLog() is called are written to STDERR
I0000 00:00:1791574336.102599    6088 port.cc:153] oneDNN custom operations are on. You may see slightly different numerical results due to floating-point round-off errors from different computation orders. To turn them off, set the environment variable `TF_ENABLE_ONEDNN_OPTS=0`.
WARNING: All log messages before absl::InitializeLog() is called are written to STDERR
I0000 00:00:1791574370.250348    6088 port.cc:153] oneDNN custom operations are on. You may see slightly different numerical results due to floating-point round-off errors from different computation orders. To turn them off, set the environment variable `TF_ENABLE_ONEDNN_OPTS=0`.
WARNING:tensorflow:From C:\Users\26196425\Work\MASTER~3\env\Lib\site-packages\keras\src\backend\common\global_state.py:82: The name tf.reset_default_graph is deprecated. Please use tf.compat.v1.reset_default_graph instead.

WARNING:tensorflow:TensorFlow GPU support is not available on native Windows for TensorFlow >= 2.11. Even if CUDA/cuDNN are installed, GPU will not be used. Please use WSL2 or the TensorFlow-DirectML plugin.
WARNING:tensorflow:5 out of the last 7 calls to <function TensorFlowTrainer.make_predict_function.<locals>.one_step_on_data_distributed at 0x000001765DBF54E0> triggered tf.function retracing. Tracing is expensive and the excessive number of tracings could be due to (1) creating @tf.function repeatedly in a loop, (2) passing tensors with different shapes, (3) passing Python objects instead of tensors. For (1), please define your @tf.function outside of the loop. For (2), @tf.function has reduce_retracing=True option that can avoid unnecessary retracing. For (3), please refer to https://www.tensorflow.org/guide/function#controlling_retracing and https://www.tensorflow.org/api_docs/python/tf/function for  more details.
WARNING:tensorflow:6 out of the last 8 calls to <function TensorFlowTrainer.make_predict_function.<locals>.one_step_on_data_distributed at 0x000001765DBF54E0> triggered tf.function retracing. Tracing is expensive and the excessive number of tracings could be due to (1) creating @tf.function repeatedly in a loop, (2) passing tensors with different shapes, (3) passing Python objects instead of tensors. For (1), please define your @tf.function outside of the loop. For (2), @tf.function has reduce_retracing=True option that can avoid unnecessary retracing. For (3), please refer to https://www.tensorflow.org/guide/function#controlling_retracing and https://www.tensorflow.org/api_docs/python/tf/function for  more details.
grid_20-20-15_adadelta_paper_s2029: 255 s, epochs used 100 100 100 100 100 100 100 100 100 100 100 100 100 100 100 100 100 100 100, loss 839001.6 (homogeneous 842344.8)
grid_20-20-15_adamw_early_stop_s2029: 807 s, epochs used 87 52 339 211 500 323 500 500 500 24 500 378 500 500 500 500 73 44 116, loss 843108.7 (homogeneous 842344.8)
grid_20-15-10_adamw_early_stop_s2029: 621 s, epochs used 95 61 74 35 44 48 500 500 47 55 500 74 500 500 102 500 28 500 500, loss 840104.6 (homogeneous 842344.8)
grid_20_adam_paper_s2030: 245 s, epochs used 100 100 100 100 100 100 100 100 100 100 100 100 100 100 100 100 100 100 100, loss 863722.7 (homogeneous 842344.8)
grid_20_nadam_early_stop_s2030: 993 s, epochs used 279 500 500 217 500 244 500 500 500 500 500 500 500 500 500 500 207 500 1, loss 839588.5 (homogeneous 842344.8)
grid_20-15-10_sgd_momentum_early_stop_s2030: 384 s, epochs used 29 55 55 36 59 41 63 66 61 48 500 58 52 500 53 500 19 44 500, loss 840335.2 (homogeneous 842344.8)
grid_20-15-10_adamw_paper_s2030: 260 s, epochs used 100 100 100 100 100 100 100 100 100 100 100 100 100 100 100 100 100 100 100, loss 839900.9 (homogeneous 842344.8)
grid_20_sgd_early_stop_s2031: 979 s, epochs used 37 459 399 500 500 500 500 500 500 500 500 500 500 500 500 500 146 1 81, loss 841249.9 (homogeneous 842344.8)
==== 2026-10-09 22:52:57 start si_calendar.nncl.grid slot 8
[1] 1200
WARNING: All log messages before absl::InitializeLog() is called are written to STDERR
I0000 00:00:1791579184.226996    2596 port.cc:153] oneDNN custom operations are on. You may see slightly different numerical results due to floating-point round-off errors from different computation orders. To turn them off, set the environment variable `TF_ENABLE_ONEDNN_OPTS=0`.
WARNING: All log messages before absl::InitializeLog() is called are written to STDERR
I0000 00:00:1791579188.416698    2596 port.cc:153] oneDNN custom operations are on. You may see slightly different numerical results due to floating-point round-off errors from different computation orders. To turn them off, set the environment variable `TF_ENABLE_ONEDNN_OPTS=0`.
WARNING:tensorflow:From C:\Users\26196425\Work\MASTER~3\env\Lib\site-packages\keras\src\backend\common\global_state.py:82: The name tf.reset_default_graph is deprecated. Please use tf.compat.v1.reset_default_graph instead.

WARNING:tensorflow:TensorFlow GPU support is not available on native Windows for TensorFlow >= 2.11. Even if CUDA/cuDNN are installed, GPU will not be used. Please use WSL2 or the TensorFlow-DirectML plugin.
WARNING:tensorflow:5 out of the last 7 calls to <function TensorFlowTrainer.make_predict_function.<locals>.one_step_on_data_distributed at 0x000001F5A98F14E0> triggered tf.function retracing. Tracing is expensive and the excessive number of tracings could be due to (1) creating @tf.function repeatedly in a loop, (2) passing tensors with different shapes, (3) passing Python objects instead of tensors. For (1), please define your @tf.function outside of the loop. For (2), @tf.function has reduce_retracing=True option that can avoid unnecessary retracing. For (3), please refer to https://www.tensorflow.org/guide/function#controlling_retracing and https://www.tensorflow.org/api_docs/python/tf/function for  more details.
WARNING:tensorflow:6 out of the last 8 calls to <function TensorFlowTrainer.make_predict_function.<locals>.one_step_on_data_distributed at 0x000001F5A98F14E0> triggered tf.function retracing. Tracing is expensive and the excessive number of tracings could be due to (1) creating @tf.function repeatedly in a loop, (2) passing tensors with different shapes, (3) passing Python objects instead of tensors. For (1), please define your @tf.function outside of the loop. For (2), @tf.function has reduce_retracing=True option that can avoid unnecessary retracing. For (3), please refer to https://www.tensorflow.org/guide/function#controlling_retracing and https://www.tensorflow.org/api_docs/python/tf/function for  more details.
grid_20-20-15_adadelta_paper_s2031: 257 s, epochs used 100 100 100 100 100 100 100 100 100 100 100 100 100 100 100 100 100 100 100, loss 838519.6 (homogeneous 842344.8)
grid_20-20-15_adamw_paper_s2031: 274 s, epochs used 100 100 100 100 100 100 100 100 100 100 100 100 100 100 100 100 100 100 100, loss 839002.1 (homogeneous 842344.8)
grid_20-15-10_sgd_paper_s2031: 243 s, epochs used 100 100 100 100 100 100 100 100 100 100 100 100 100 100 100 100 100 100 100, loss 841376.4 (homogeneous 842344.8)
grid_20-15-10_adagrad_early_stop_s2031: 739 s, epochs used 24 108 95 36 500 115 500 360 500 46 500 241 500 500 500 500 12 500 5, loss 840268.5 (homogeneous 842344.8)
grid_20_adadelta_early_stop_s2032: 424 s, epochs used 154 53 113 183 159 158 164 172 187 152 180 175 176 177 177 175 146 186 18, loss 841996.4 (homogeneous 842344.8)
grid_20-20-15_sgd_paper_s2032: 246 s, epochs used 100 100 100 100 100 100 100 100 100 100 100 100 100 100 100 100 100 100 100, loss 837673.3 (homogeneous 842344.8)
grid_20-20-15_adagrad_early_stop_s2032: 824 s, epochs used 22 134 70 127 500 168 500 464 440 500 500 39 421 500 190 500 9 500 500, loss 841175.4 (homogeneous 842344.8)
grid_20-15-10_adadelta_paper_s2032: 261 s, epochs used 100 100 100 100 100 100 100 100 100 100 100 100 100 100 100 100 100 100 100, loss 837706.8 (homogeneous 842344.8)
==== 2026-10-09 23:51:26 start si_calendar.nncl.grid slot 8
[1] 1200
WARNING: All log messages before absl::InitializeLog() is called are written to STDERR
I0000 00:00:1791582693.530319    8208 port.cc:153] oneDNN custom operations are on. You may see slightly different numerical results due to floating-point round-off errors from different computation orders. To turn them off, set the environment variable `TF_ENABLE_ONEDNN_OPTS=0`.
WARNING: All log messages before absl::InitializeLog() is called are written to STDERR
I0000 00:00:1791582697.762823    8208 port.cc:153] oneDNN custom operations are on. You may see slightly different numerical results due to floating-point round-off errors from different computation orders. To turn them off, set the environment variable `TF_ENABLE_ONEDNN_OPTS=0`.
WARNING:tensorflow:From C:\Users\26196425\Work\MASTER~3\env\Lib\site-packages\keras\src\backend\common\global_state.py:82: The name tf.reset_default_graph is deprecated. Please use tf.compat.v1.reset_default_graph instead.

WARNING:tensorflow:TensorFlow GPU support is not available on native Windows for TensorFlow >= 2.11. Even if CUDA/cuDNN are installed, GPU will not be used. Please use WSL2 or the TensorFlow-DirectML plugin.
WARNING:tensorflow:5 out of the last 7 calls to <function TensorFlowTrainer.make_predict_function.<locals>.one_step_on_data_distributed at 0x0000027957DA7880> triggered tf.function retracing. Tracing is expensive and the excessive number of tracings could be due to (1) creating @tf.function repeatedly in a loop, (2) passing tensors with different shapes, (3) passing Python objects instead of tensors. For (1), please define your @tf.function outside of the loop. For (2), @tf.function has reduce_retracing=True option that can avoid unnecessary retracing. For (3), please refer to https://www.tensorflow.org/guide/function#controlling_retracing and https://www.tensorflow.org/api_docs/python/tf/function for  more details.
WARNING:tensorflow:6 out of the last 8 calls to <function TensorFlowTrainer.make_predict_function.<locals>.one_step_on_data_distributed at 0x0000027957DA7880> triggered tf.function retracing. Tracing is expensive and the excessive number of tracings could be due to (1) creating @tf.function repeatedly in a loop, (2) passing tensors with different shapes, (3) passing Python objects instead of tensors. For (1), please define your @tf.function outside of the loop. For (2), @tf.function has reduce_retracing=True option that can avoid unnecessary retracing. For (3), please refer to https://www.tensorflow.org/guide/function#controlling_retracing and https://www.tensorflow.org/api_docs/python/tf/function for  more details.
grid_20-15-10_adamax_early_stop_s2032: 854 s, epochs used 92 202 248 154 65 104 500 500 500 500 500 500 500 500 500 500 26 500 164, loss 845586.5 (homogeneous 842344.8)
grid_20-20-15_sgd_paper_s2033: 242 s, epochs used 100 100 100 100 100 100 100 100 100 100 100 100 100 100 100 100 100 100 100, loss 839214.5 (homogeneous 842344.8)
grid_20-20-15_adagrad_early_stop_s2033: 596 s, epochs used 36 200 54 45 31 103 500 209 376 224 500 63 90 500 446 500 13 500 11, loss 836576.0 (homogeneous 842344.8)
grid_20-15-10_sgd_momentum_paper_s2033: 247 s, epochs used 100 100 100 100 100 100 100 100 100 100 100 100 100 100 100 100 100 100 100, loss 837167.4 (homogeneous 842344.8)
grid_20-15-10_adadelta_early_stop_s2033: 304 s, epochs used 66 130 106 55 52 236 79 85 91 109 90 44 87 90 101 98 23 67 270, loss 838916.4 (homogeneous 842344.8)
grid_20-15-10_nadam_paper_s2033: 266 s, epochs used 100 100 100 100 100 100 100 100 100 100 100 100 100 100 100 100 100 100 100, loss 841325.0 (homogeneous 842344.8)
grid_20_sgd_nesterov_early_stop_s2034: 354 s, epochs used 26 224 84 57 34 332 421 254 73 189 83 45 92 81 221 104 21 54 20, loss 836542.6 (homogeneous 842344.8)
grid_20_adamax_paper_s2034: 253 s, epochs used 100 100 100 100 100 100 100 100 100 100 100 100 100 100 100 100 100 100 100, loss 936254.7 (homogeneous 842344.8)
==== 2026-10-10 00:47:18 start si_calendar.nncl.grid slot 8
[1] 1200
WARNING: All log messages before absl::InitializeLog() is called are written to STDERR
I0000 00:00:1791586064.782443   17200 port.cc:153] oneDNN custom operations are on. You may see slightly different numerical results due to floating-point round-off errors from different computation orders. To turn them off, set the environment variable `TF_ENABLE_ONEDNN_OPTS=0`.
WARNING: All log messages before absl::InitializeLog() is called are written to STDERR
I0000 00:00:1791586100.163773   17200 port.cc:153] oneDNN custom operations are on. You may see slightly different numerical results due to floating-point round-off errors from different computation orders. To turn them off, set the environment variable `TF_ENABLE_ONEDNN_OPTS=0`.
WARNING:tensorflow:From C:\Users\26196425\Work\MASTER~3\env\Lib\site-packages\keras\src\backend\common\global_state.py:82: The name tf.reset_default_graph is deprecated. Please use tf.compat.v1.reset_default_graph instead.

WARNING:tensorflow:TensorFlow GPU support is not available on native Windows for TensorFlow >= 2.11. Even if CUDA/cuDNN are installed, GPU will not be used. Please use WSL2 or the TensorFlow-DirectML plugin.
WARNING:tensorflow:5 out of the last 7 calls to <function TensorFlowTrainer.make_predict_function.<locals>.one_step_on_data_distributed at 0x00000202EE67C4A0> triggered tf.function retracing. Tracing is expensive and the excessive number of tracings could be due to (1) creating @tf.function repeatedly in a loop, (2) passing tensors with different shapes, (3) passing Python objects instead of tensors. For (1), please define your @tf.function outside of the loop. For (2), @tf.function has reduce_retracing=True option that can avoid unnecessary retracing. For (3), please refer to https://www.tensorflow.org/guide/function#controlling_retracing and https://www.tensorflow.org/api_docs/python/tf/function for  more details.
WARNING:tensorflow:6 out of the last 8 calls to <function TensorFlowTrainer.make_predict_function.<locals>.one_step_on_data_distributed at 0x00000202EE67C4A0> triggered tf.function retracing. Tracing is expensive and the excessive number of tracings could be due to (1) creating @tf.function repeatedly in a loop, (2) passing tensors with different shapes, (3) passing Python objects instead of tensors. For (1), please define your @tf.function outside of the loop. For (2), @tf.function has reduce_retracing=True option that can avoid unnecessary retracing. For (3), please refer to https://www.tensorflow.org/guide/function#controlling_retracing and https://www.tensorflow.org/api_docs/python/tf/function for  more details.
grid_20-20-15_sgd_momentum_paper_s2034: 243 s, epochs used 100 100 100 100 100 100 100 100 100 100 100 100 100 100 100 100 100 100 100, loss NaN (homogeneous 842344.8)
grid_20-20-15_adadelta_early_stop_s2034: 353 s, epochs used 93 75 73 115 119 124 126 133 138 26 141 140 134 142 143 142 100 137 149, loss 837754.3 (homogeneous 842344.8)
grid_20-15-10_sgd_paper_s2034: 240 s, epochs used 100 100 100 100 100 100 100 100 100 100 100 100 100 100 100 100 100 100 100, loss 841801.0 (homogeneous 842344.8)
grid_20-15-10_adagrad_paper_s2034: 249 s, epochs used 100 100 100 100 100 100 100 100 100 100 100 100 100 100 100 100 100 100 100, loss 838162.0 (homogeneous 842344.8)
grid_20-15-10_adam_early_stop_s2034: 951 s, epochs used 87 55 406 281 500 377 500 500 500 41 500 500 500 500 500 500 50 500 500, loss 840608.4 (homogeneous 842344.8)
