==== 2026-10-08 18:03:54 start si_calendar.bccnn.masking.analysis slot 11
  n_vali vali_masked
1    210           3
  origin dev   payment     mu_ccODP     deviance
1      1  19 0.3478222 1.853036e-10 1.415842e+01
2      2  19 0.0000000 2.282819e-10 4.565638e-10
3      1  20 0.7502326 2.061154e-10 3.153259e+01
    reserve    bias_pct     loss_in    loss_out 
222254.1645     -0.8074   3394.0784  32711.9340 
Key: <cells>
    cells seeds steps_mean steps_sd steps_min steps_median steps_max vali_start
   <char> <int>      <num>    <num>     <num>        <num>     <num>      <num>
1:    all    20       81.4 178.5681         1            3       662   5895.814
2: masked    20       81.4 178.5681         1            3       662   5850.123
   vali_decrease_pct_mean bias_pct_mean bias_pct_sd loss_in_mean loss_out_mean
                    <num>         <num>       <num>        <num>         <num>
1:                 1.6428       -0.4224      0.4975     3415.448      32702.34
2:                 1.6585       -0.4224      0.4975     3415.448      32702.34
   loss_out_sd
         <num>
1:     33.9134
2:     33.9134
   seeds steps_changed steps_diff_mean steps_diff_max reserve_changed
   <int>         <int>           <num>          <num>           <num>
1:    20             0               0              0               0
   bias_pct_diff_mean bias_pct_diff_max loss_out_diff_mean
                <num>             <num>              <num>
1:                  0                 0                  0
