==== 2026-10-10 08:52:43 start si_calendar.nncl.cl_grid slot 11
[1] 1200
WARNING: All log messages before absl::InitializeLog() is called are written to STDERR
I0000 00:00:1791615170.558877   19860 port.cc:153] oneDNN custom operations are on. You may see slightly different numerical results due to floating-point round-off errors from different computation orders. To turn them off, set the environment variable `TF_ENABLE_ONEDNN_OPTS=0`.
WARNING: All log messages before absl::InitializeLog() is called are written to STDERR
I0000 00:00:1791615174.582796   19860 port.cc:153] oneDNN custom operations are on. You may see slightly different numerical results due to floating-point round-off errors from different computation orders. To turn them off, set the environment variable `TF_ENABLE_ONEDNN_OPTS=0`.
WARNING:tensorflow:From C:\Users\26196425\Work\MASTER~3\env\Lib\site-packages\keras\src\backend\common\global_state.py:82: The name tf.reset_default_graph is deprecated. Please use tf.compat.v1.reset_default_graph instead.

WARNING:tensorflow:TensorFlow GPU support is not available on native Windows for TensorFlow >= 2.11. Even if CUDA/cuDNN are installed, GPU will not be used. Please use WSL2 or the TensorFlow-DirectML plugin.
WARNING:tensorflow:5 out of the last 7 calls to <function TensorFlowTrainer.make_predict_function.<locals>.one_step_on_data_distributed at 0x0000018168B5BC40> triggered tf.function retracing. Tracing is expensive and the excessive number of tracings could be due to (1) creating @tf.function repeatedly in a loop, (2) passing tensors with different shapes, (3) passing Python objects instead of tensors. For (1), please define your @tf.function outside of the loop. For (2), @tf.function has reduce_retracing=True option that can avoid unnecessary retracing. For (3), please refer to https://www.tensorflow.org/guide/function#controlling_retracing and https://www.tensorflow.org/api_docs/python/tf/function for  more details.
WARNING:tensorflow:6 out of the last 8 calls to <function TensorFlowTrainer.make_predict_function.<locals>.one_step_on_data_distributed at 0x0000018168B5BC40> triggered tf.function retracing. Tracing is expensive and the excessive number of tracings could be due to (1) creating @tf.function repeatedly in a loop, (2) passing tensors with different shapes, (3) passing Python objects instead of tensors. For (1), please define your @tf.function outside of the loop. For (2), @tf.function has reduce_retracing=True option that can avoid unnecessary retracing. For (3), please refer to https://www.tensorflow.org/guide/function#controlling_retracing and https://www.tensorflow.org/api_docs/python/tf/function for  more details.
clgrid_20_sgd_nesterov_cl_start_s2026: 153 s, epochs used 0 14 59 36 500 49 38 33 2 27 3 27 14 0 0 0 0 4 8, loss 839602.7 (homogeneous 842344.8)
clgrid_20_adam_cl_paper_s2026: 247 s, epochs used 100 100 100 100 100 100 100 100 100 100 100 100 100 100 100 100 100 100 100, loss 835486.4 (homogeneous 842344.8)
clgrid_20-20-15_sgd_nesterov_cl_paper_s2026: 243 s, epochs used 100 100 100 100 100 100 100 100 100 100 100 100 100 100 100 100 100 100 100, loss 839319.5 (homogeneous 842344.8)
clgrid_20-20-15_adamax_cl_paper_s2026: 255 s, epochs used 100 100 100 100 100 100 100 100 100 100 100 100 100 100 100 100 100 100 100, loss 835201.0 (homogeneous 842344.8)
clgrid_20-15-10_adadelta_cl_paper_s2026: 258 s, epochs used 100 100 100 100 100 100 100 100 100 100 100 100 100 100 100 100 100 100 100, loss 838002.2 (homogeneous 842344.8)
clgrid_20_sgd_momentum_cl_paper_s2027: 242 s, epochs used 100 100 100 100 100 100 100 100 100 100 100 100 100 100 100 100 100 100 100, loss 835539.7 (homogeneous 842344.8)
clgrid_20_adamw_cl_start_s2027: 125 s, epochs used 0 36 82 45 53 33 37 55 2 40 1 3 20 0 0 0 0 0 0, loss 839643.2 (homogeneous 842344.8)
clgrid_20-20-15_sgd_momentum_cl_paper_s2027: 240 s, epochs used 100 100 100 100 100 100 100 100 100 100 100 100 100 100 100 100 100 100 100, loss 835728.9 (homogeneous 842344.8)
==== 2026-10-10 09:25:50 start si_calendar.nncl.cl_grid slot 11
[1] 1200
WARNING: All log messages before absl::InitializeLog() is called are written to STDERR
I0000 00:00:1791617157.996839   13192 port.cc:153] oneDNN custom operations are on. You may see slightly different numerical results due to floating-point round-off errors from different computation orders. To turn them off, set the environment variable `TF_ENABLE_ONEDNN_OPTS=0`.
WARNING: All log messages before absl::InitializeLog() is called are written to STDERR
I0000 00:00:1791617162.133721   13192 port.cc:153] oneDNN custom operations are on. You may see slightly different numerical results due to floating-point round-off errors from different computation orders. To turn them off, set the environment variable `TF_ENABLE_ONEDNN_OPTS=0`.
WARNING:tensorflow:From C:\Users\26196425\Work\MASTER~3\env\Lib\site-packages\keras\src\backend\common\global_state.py:82: The name tf.reset_default_graph is deprecated. Please use tf.compat.v1.reset_default_graph instead.

WARNING:tensorflow:TensorFlow GPU support is not available on native Windows for TensorFlow >= 2.11. Even if CUDA/cuDNN are installed, GPU will not be used. Please use WSL2 or the TensorFlow-DirectML plugin.
WARNING:tensorflow:5 out of the last 7 calls to <function TensorFlowTrainer.make_predict_function.<locals>.one_step_on_data_distributed at 0x000001A1E6F2B920> triggered tf.function retracing. Tracing is expensive and the excessive number of tracings could be due to (1) creating @tf.function repeatedly in a loop, (2) passing tensors with different shapes, (3) passing Python objects instead of tensors. For (1), please define your @tf.function outside of the loop. For (2), @tf.function has reduce_retracing=True option that can avoid unnecessary retracing. For (3), please refer to https://www.tensorflow.org/guide/function#controlling_retracing and https://www.tensorflow.org/api_docs/python/tf/function for  more details.
WARNING:tensorflow:6 out of the last 8 calls to <function TensorFlowTrainer.make_predict_function.<locals>.one_step_on_data_distributed at 0x000001A1E6F2B920> triggered tf.function retracing. Tracing is expensive and the excessive number of tracings could be due to (1) creating @tf.function repeatedly in a loop, (2) passing tensors with different shapes, (3) passing Python objects instead of tensors. For (1), please define your @tf.function outside of the loop. For (2), @tf.function has reduce_retracing=True option that can avoid unnecessary retracing. For (3), please refer to https://www.tensorflow.org/guide/function#controlling_retracing and https://www.tensorflow.org/api_docs/python/tf/function for  more details.
clgrid_20-20-15_adamw_cl_paper_s2027: 253 s, epochs used 100 100 100 100 100 100 100 100 100 100 100 100 100 100 100 100 100 100 100, loss 835232.4 (homogeneous 842344.8)
clgrid_20-15-10_adadelta_cl_paper_s2027: 252 s, epochs used 100 100 100 100 100 100 100 100 100 100 100 100 100 100 100 100 100 100 100, loss 836130.2 (homogeneous 842344.8)
clgrid_20_sgd_cl_start_s2028: 442 s, epochs used 0 356 500 270 244 500 500 500 0 6 18 285 134 15 0 0 0 0 23, loss 839685.7 (homogeneous 842344.8)
clgrid_20-20-15_sgd_momentum_cl_paper_s2028: 245 s, epochs used 100 100 100 100 100 100 100 100 100 100 100 100 100 100 100 100 100 100 100, loss 1530643.0 (homogeneous 842344.8)
clgrid_20-20-15_adam_cl_start_s2028: 137 s, epochs used 0 48 59 32 31 50 105 28 3 5 1 16 28 3 0 0 0 0 0, loss 839430.1 (homogeneous 842344.8)
clgrid_20-15-10_sgd_cl_start_s2028: 504 s, epochs used 11 500 500 500 500 500 500 500 0 2 0 230 0 36 0 0 0 11 34, loss 838737.7 (homogeneous 842344.8)
clgrid_20_adagrad_cl_start_s2029: 147 s, epochs used 0 38 120 4 500 5 47 26 4 3 0 7 1 1 0 4 0 0 0, loss 839750.2 (homogeneous 842344.8)
clgrid_20_adamw_cl_start_s2029: 112 s, epochs used 0 69 68 15 32 19 35 19 0 9 0 8 5 1 0 0 0 0 18, loss 839712.0 (homogeneous 842344.8)
==== 2026-10-10 10:04:32 start si_calendar.nncl.cl_grid slot 11
[1] 1200
WARNING: All log messages before absl::InitializeLog() is called are written to STDERR
I0000 00:00:1791619479.968519    7652 port.cc:153] oneDNN custom operations are on. You may see slightly different numerical results due to floating-point round-off errors from different computation orders. To turn them off, set the environment variable `TF_ENABLE_ONEDNN_OPTS=0`.
WARNING: All log messages before absl::InitializeLog() is called are written to STDERR
I0000 00:00:1791619483.849056    7652 port.cc:153] oneDNN custom operations are on. You may see slightly different numerical results due to floating-point round-off errors from different computation orders. To turn them off, set the environment variable `TF_ENABLE_ONEDNN_OPTS=0`.
WARNING:tensorflow:From C:\Users\26196425\Work\MASTER~3\env\Lib\site-packages\keras\src\backend\common\global_state.py:82: The name tf.reset_default_graph is deprecated. Please use tf.compat.v1.reset_default_graph instead.

WARNING:tensorflow:TensorFlow GPU support is not available on native Windows for TensorFlow >= 2.11. Even if CUDA/cuDNN are installed, GPU will not be used. Please use WSL2 or the TensorFlow-DirectML plugin.
WARNING:tensorflow:5 out of the last 7 calls to <function TensorFlowTrainer.make_predict_function.<locals>.one_step_on_data_distributed at 0x000001FB26180360> triggered tf.function retracing. Tracing is expensive and the excessive number of tracings could be due to (1) creating @tf.function repeatedly in a loop, (2) passing tensors with different shapes, (3) passing Python objects instead of tensors. For (1), please define your @tf.function outside of the loop. For (2), @tf.function has reduce_retracing=True option that can avoid unnecessary retracing. For (3), please refer to https://www.tensorflow.org/guide/function#controlling_retracing and https://www.tensorflow.org/api_docs/python/tf/function for  more details.
WARNING:tensorflow:6 out of the last 8 calls to <function TensorFlowTrainer.make_predict_function.<locals>.one_step_on_data_distributed at 0x000001FB26180360> triggered tf.function retracing. Tracing is expensive and the excessive number of tracings could be due to (1) creating @tf.function repeatedly in a loop, (2) passing tensors with different shapes, (3) passing Python objects instead of tensors. For (1), please define your @tf.function outside of the loop. For (2), @tf.function has reduce_retracing=True option that can avoid unnecessary retracing. For (3), please refer to https://www.tensorflow.org/guide/function#controlling_retracing and https://www.tensorflow.org/api_docs/python/tf/function for  more details.
clgrid_20-20-15_sgd_nesterov_cl_start_s2029: 157 s, epochs used 0 14 15 8 500 32 19 58 3 22 3 68 29 19 0 0 0 2 0, loss 840326.4 (homogeneous 842344.8)
clgrid_20-20-15_adam_cl_paper_s2029: 252 s, epochs used 100 100 100 100 100 100 100 100 100 100 100 100 100 100 100 100 100 100 100, loss 835290.8 (homogeneous 842344.8)
clgrid_20-15-10_adagrad_cl_start_s2029: 195 s, epochs used 0 68 3 2 170 3 276 236 2 3 6 5 296 1 2 6 0 0 1, loss 840567.7 (homogeneous 842344.8)
clgrid_20-15-10_adamax_cl_paper_s2029: 253 s, epochs used 100 100 100 100 100 100 100 100 100 100 100 100 100 100 100 100 100 100 100, loss 836787.4 (homogeneous 842344.8)
clgrid_20_rmsprop_cl_paper_s2030: 248 s, epochs used 100 100 100 100 100 100 100 100 100 100 100 100 100 100 100 100 100 100 100, loss 836884.6 (homogeneous 842344.8)
clgrid_20-20-15_sgd_nesterov_cl_start_s2030: 371 s, epochs used 0 121 264 106 500 499 500 500 0 20 10 24 11 0 0 0 0 0 0, loss 839520.8 (homogeneous 842344.8)
clgrid_20-15-10_sgd_cl_start_s2030: 529 s, epochs used 0 500 500 500 500 500 500 500 0 0 0 0 500 0 0 0 0 0 0, loss 840318.5 (homogeneous 842344.8)
clgrid_20_adagrad_cl_start_s2031: 226 s, epochs used 0 20 139 38 53 499 97 51 2 5 0 5 500 0 0 6 0 1 1, loss 839718.1 (homogeneous 842344.8)
==== 2026-10-10 10:45:33 start si_calendar.nncl.cl_grid slot 11
[1] 1200
WARNING: All log messages before absl::InitializeLog() is called are written to STDERR
I0000 00:00:1791621940.637750   16968 port.cc:153] oneDNN custom operations are on. You may see slightly different numerical results due to floating-point round-off errors from different computation orders. To turn them off, set the environment variable `TF_ENABLE_ONEDNN_OPTS=0`.
WARNING: All log messages before absl::InitializeLog() is called are written to STDERR
I0000 00:00:1791621944.905264   16968 port.cc:153] oneDNN custom operations are on. You may see slightly different numerical results due to floating-point round-off errors from different computation orders. To turn them off, set the environment variable `TF_ENABLE_ONEDNN_OPTS=0`.
WARNING:tensorflow:From C:\Users\26196425\Work\MASTER~3\env\Lib\site-packages\keras\src\backend\common\global_state.py:82: The name tf.reset_default_graph is deprecated. Please use tf.compat.v1.reset_default_graph instead.

WARNING:tensorflow:TensorFlow GPU support is not available on native Windows for TensorFlow >= 2.11. Even if CUDA/cuDNN are installed, GPU will not be used. Please use WSL2 or the TensorFlow-DirectML plugin.
WARNING:tensorflow:5 out of the last 7 calls to <function TensorFlowTrainer.make_predict_function.<locals>.one_step_on_data_distributed at 0x00000238243E5580> triggered tf.function retracing. Tracing is expensive and the excessive number of tracings could be due to (1) creating @tf.function repeatedly in a loop, (2) passing tensors with different shapes, (3) passing Python objects instead of tensors. For (1), please define your @tf.function outside of the loop. For (2), @tf.function has reduce_retracing=True option that can avoid unnecessary retracing. For (3), please refer to https://www.tensorflow.org/guide/function#controlling_retracing and https://www.tensorflow.org/api_docs/python/tf/function for  more details.
WARNING:tensorflow:6 out of the last 8 calls to <function TensorFlowTrainer.make_predict_function.<locals>.one_step_on_data_distributed at 0x00000238243E5580> triggered tf.function retracing. Tracing is expensive and the excessive number of tracings could be due to (1) creating @tf.function repeatedly in a loop, (2) passing tensors with different shapes, (3) passing Python objects instead of tensors. For (1), please define your @tf.function outside of the loop. For (2), @tf.function has reduce_retracing=True option that can avoid unnecessary retracing. For (3), please refer to https://www.tensorflow.org/guide/function#controlling_retracing and https://www.tensorflow.org/api_docs/python/tf/function for  more details.
clgrid_20-20-15_sgd_cl_paper_s2031: 233 s, epochs used 100 100 100 100 100 100 100 100 100 100 100 100 100 100 100 100 100 100 100, loss 838448.6 (homogeneous 842344.8)
clgrid_20-20-15_rmsprop_cl_start_s2031: 145 s, epochs used 0 18 50 26 27 50 101 25 2 133 2 11 179 0 0 0 0 0 0, loss 839624.7 (homogeneous 842344.8)
clgrid_20-20-15_nadam_cl_start_s2031: 140 s, epochs used 0 26 56 41 34 46 64 31 0 77 1 14 70 0 0 0 0 0 6, loss 839701.6 (homogeneous 842344.8)
clgrid_20-15-10_adadelta_cl_paper_s2031: 256 s, epochs used 100 100 100 100 100 100 100 100 100 100 100 100 100 100 100 100 100 100 100, loss 837338.3 (homogeneous 842344.8)
clgrid_20_sgd_cl_paper_s2032: 233 s, epochs used 100 100 100 100 100 100 100 100 100 100 100 100 100 100 100 100 100 100 100, loss 837557.6 (homogeneous 842344.8)
clgrid_20_adam_cl_start_s2032: 133 s, epochs used 6 40 54 31 230 45 29 23 0 8 1 3 24 0 0 0 0 0 0, loss 838918.8 (homogeneous 842344.8)
clgrid_20_nadam_cl_start_s2032: 132 s, epochs used 7 39 59 26 205 50 34 26 0 12 1 4 23 0 0 1 0 0 2, loss 839023.4 (homogeneous 842344.8)
clgrid_20-20-15_adadelta_cl_paper_s2032: 254 s, epochs used 100 100 100 100 100 100 100 100 100 100 100 100 100 100 100 100 100 100 100, loss 838042.2 (homogeneous 842344.8)
==== 2026-10-10 11:14:42 start si_calendar.nncl.cl_grid slot 11
[1] 1200
WARNING: All log messages before absl::InitializeLog() is called are written to STDERR
I0000 00:00:1791623689.062356   12372 port.cc:153] oneDNN custom operations are on. You may see slightly different numerical results due to floating-point round-off errors from different computation orders. To turn them off, set the environment variable `TF_ENABLE_ONEDNN_OPTS=0`.
WARNING: All log messages before absl::InitializeLog() is called are written to STDERR
I0000 00:00:1791623692.870126   12372 port.cc:153] oneDNN custom operations are on. You may see slightly different numerical results due to floating-point round-off errors from different computation orders. To turn them off, set the environment variable `TF_ENABLE_ONEDNN_OPTS=0`.
WARNING:tensorflow:From C:\Users\26196425\Work\MASTER~3\env\Lib\site-packages\keras\src\backend\common\global_state.py:82: The name tf.reset_default_graph is deprecated. Please use tf.compat.v1.reset_default_graph instead.

WARNING:tensorflow:TensorFlow GPU support is not available on native Windows for TensorFlow >= 2.11. Even if CUDA/cuDNN are installed, GPU will not be used. Please use WSL2 or the TensorFlow-DirectML plugin.
WARNING:tensorflow:5 out of the last 7 calls to <function TensorFlowTrainer.make_predict_function.<locals>.one_step_on_data_distributed at 0x000002564007C4A0> triggered tf.function retracing. Tracing is expensive and the excessive number of tracings could be due to (1) creating @tf.function repeatedly in a loop, (2) passing tensors with different shapes, (3) passing Python objects instead of tensors. For (1), please define your @tf.function outside of the loop. For (2), @tf.function has reduce_retracing=True option that can avoid unnecessary retracing. For (3), please refer to https://www.tensorflow.org/guide/function#controlling_retracing and https://www.tensorflow.org/api_docs/python/tf/function for  more details.
WARNING:tensorflow:6 out of the last 8 calls to <function TensorFlowTrainer.make_predict_function.<locals>.one_step_on_data_distributed at 0x000002564007C4A0> triggered tf.function retracing. Tracing is expensive and the excessive number of tracings could be due to (1) creating @tf.function repeatedly in a loop, (2) passing tensors with different shapes, (3) passing Python objects instead of tensors. For (1), please define your @tf.function outside of the loop. For (2), @tf.function has reduce_retracing=True option that can avoid unnecessary retracing. For (3), please refer to https://www.tensorflow.org/guide/function#controlling_retracing and https://www.tensorflow.org/api_docs/python/tf/function for  more details.
clgrid_20-15-10_sgd_momentum_cl_paper_s2032: 244 s, epochs used 100 100 100 100 100 100 100 100 100 100 100 100 100 100 100 100 100 100 100, loss 771658.0 (homogeneous 842344.8)
clgrid_20-15-10_adamw_cl_start_s2032: 131 s, epochs used 11 36 21 54 48 57 40 35 0 30 1 6 52 0 0 0 0 0 30, loss 839123.3 (homogeneous 842344.8)
clgrid_20_sgd_momentum_cl_start_s2033: 113 s, epochs used 0 19 60 52 76 56 95 24 2 38 0 0 10 0 1 1 0 5 0, loss 839768.3 (homogeneous 842344.8)
clgrid_20_rmsprop_cl_paper_s2033: 238 s, epochs used 100 100 100 100 100 100 100 100 100 100 100 100 100 100 100 100 100 100 100, loss 836585.1 (homogeneous 842344.8)
clgrid_20-20-15_sgd_nesterov_cl_paper_s2033: 247 s, epochs used 100 100 100 100 100 100 100 100 100 100 100 100 100 100 100 100 100 100 100, loss 836170.5 (homogeneous 842344.8)
clgrid_20-20-15_adamax_cl_start_s2033: 136 s, epochs used 0 39 73 18 32 43 158 26 3 42 1 14 6 0 1 1 0 0 3, loss 839874.6 (homogeneous 842344.8)
clgrid_20-15-10_adagrad_cl_paper_s2033: 253 s, epochs used 100 100 100 100 100 100 100 100 100 100 100 100 100 100 100 100 100 100 100, loss 837033.8 (homogeneous 842344.8)
clgrid_20-15-10_nadam_cl_paper_s2033: 274 s, epochs used 100 100 100 100 100 100 100 100 100 100 100 100 100 100 100 100 100 100 100, loss 835835.8 (homogeneous 842344.8)
==== 2026-10-10 11:45:43 start si_calendar.nncl.cl_grid slot 11
[1] 1200
WARNING: All log messages before absl::InitializeLog() is called are written to STDERR
I0000 00:00:1791625551.200623   16128 port.cc:153] oneDNN custom operations are on. You may see slightly different numerical results due to floating-point round-off errors from different computation orders. To turn them off, set the environment variable `TF_ENABLE_ONEDNN_OPTS=0`.
WARNING: All log messages before absl::InitializeLog() is called are written to STDERR
I0000 00:00:1791625555.962407   16128 port.cc:153] oneDNN custom operations are on. You may see slightly different numerical results due to floating-point round-off errors from different computation orders. To turn them off, set the environment variable `TF_ENABLE_ONEDNN_OPTS=0`.
WARNING:tensorflow:From C:\Users\26196425\Work\MASTER~3\env\Lib\site-packages\keras\src\backend\common\global_state.py:82: The name tf.reset_default_graph is deprecated. Please use tf.compat.v1.reset_default_graph instead.

WARNING:tensorflow:TensorFlow GPU support is not available on native Windows for TensorFlow >= 2.11. Even if CUDA/cuDNN are installed, GPU will not be used. Please use WSL2 or the TensorFlow-DirectML plugin.
WARNING:tensorflow:5 out of the last 7 calls to <function TensorFlowTrainer.make_predict_function.<locals>.one_step_on_data_distributed at 0x0000029AA1A37CE0> triggered tf.function retracing. Tracing is expensive and the excessive number of tracings could be due to (1) creating @tf.function repeatedly in a loop, (2) passing tensors with different shapes, (3) passing Python objects instead of tensors. For (1), please define your @tf.function outside of the loop. For (2), @tf.function has reduce_retracing=True option that can avoid unnecessary retracing. For (3), please refer to https://www.tensorflow.org/guide/function#controlling_retracing and https://www.tensorflow.org/api_docs/python/tf/function for  more details.
WARNING:tensorflow:6 out of the last 8 calls to <function TensorFlowTrainer.make_predict_function.<locals>.one_step_on_data_distributed at 0x0000029AA1A37CE0> triggered tf.function retracing. Tracing is expensive and the excessive number of tracings could be due to (1) creating @tf.function repeatedly in a loop, (2) passing tensors with different shapes, (3) passing Python objects instead of tensors. For (1), please define your @tf.function outside of the loop. For (2), @tf.function has reduce_retracing=True option that can avoid unnecessary retracing. For (3), please refer to https://www.tensorflow.org/guide/function#controlling_retracing and https://www.tensorflow.org/api_docs/python/tf/function for  more details.
clgrid_20_adamw_cl_paper_s2034: 259 s, epochs used 100 100 100 100 100 100 100 100 100 100 100 100 100 100 100 100 100 100 100, loss 836484.1 (homogeneous 842344.8)
clgrid_20-20-15_adagrad_cl_start_s2034: 188 s, epochs used 0 33 133 20 51 26 500 77 2 3 0 65 40 0 0 2 0 0 2, loss 839734.6 (homogeneous 842344.8)
clgrid_20-20-15_adamax_cl_start_s2034: 142 s, epochs used 0 55 87 25 32 27 181 25 0 20 1 21 21 0 1 0 0 0 0, loss 839568.2 (homogeneous 842344.8)
clgrid_20-15-10_sgd_nesterov_cl_paper_s2034: 251 s, epochs used 100 100 100 100 100 100 100 100 100 100 100 100 100 100 100 100 100 100 100, loss 837154.8 (homogeneous 842344.8)
clgrid_20-15-10_nadam_cl_paper_s2034: 274 s, epochs used 100 100 100 100 100 100 100 100 100 100 100 100 100 100 100 100 100 100 100, loss 835279.4 (homogeneous 842344.8)
clgrid_20_adam_cl_start_s2035: 121 s, epochs used 0 34 79 34 47 51 43 40 2 41 1 23 7 1 0 0 0 0 0, loss 839695.5 (homogeneous 842344.8)
clgrid_20-20-15_sgd_cl_paper_s2035: 238 s, epochs used 100 100 100 100 100 100 100 100 100 100 100 100 100 100 100 100 100 100 100, loss 839817.3 (homogeneous 842344.8)
clgrid_20-20-15_adam_cl_paper_s2035: 252 s, epochs used 100 100 100 100 100 100 100 100 100 100 100 100 100 100 100 100 100 100 100, loss 835037.7 (homogeneous 842344.8)
==== 2026-10-10 12:18:27 start si_calendar.nncl.cl_grid slot 11
[1] 1200
WARNING: All log messages before absl::InitializeLog() is called are written to STDERR
I0000 00:00:1791627514.677670   11752 port.cc:153] oneDNN custom operations are on. You may see slightly different numerical results due to floating-point round-off errors from different computation orders. To turn them off, set the environment variable `TF_ENABLE_ONEDNN_OPTS=0`.
WARNING: All log messages before absl::InitializeLog() is called are written to STDERR
I0000 00:00:1791627527.721110   11752 port.cc:153] oneDNN custom operations are on. You may see slightly different numerical results due to floating-point round-off errors from different computation orders. To turn them off, set the environment variable `TF_ENABLE_ONEDNN_OPTS=0`.
WARNING:tensorflow:From C:\Users\26196425\Work\MASTER~3\env\Lib\site-packages\keras\src\backend\common\global_state.py:82: The name tf.reset_default_graph is deprecated. Please use tf.compat.v1.reset_default_graph instead.

WARNING:tensorflow:TensorFlow GPU support is not available on native Windows for TensorFlow >= 2.11. Even if CUDA/cuDNN are installed, GPU will not be used. Please use WSL2 or the TensorFlow-DirectML plugin.
WARNING:tensorflow:5 out of the last 7 calls to <function TensorFlowTrainer.make_predict_function.<locals>.one_step_on_data_distributed at 0x000001ADEE890400> triggered tf.function retracing. Tracing is expensive and the excessive number of tracings could be due to (1) creating @tf.function repeatedly in a loop, (2) passing tensors with different shapes, (3) passing Python objects instead of tensors. For (1), please define your @tf.function outside of the loop. For (2), @tf.function has reduce_retracing=True option that can avoid unnecessary retracing. For (3), please refer to https://www.tensorflow.org/guide/function#controlling_retracing and https://www.tensorflow.org/api_docs/python/tf/function for  more details.
WARNING:tensorflow:6 out of the last 8 calls to <function TensorFlowTrainer.make_predict_function.<locals>.one_step_on_data_distributed at 0x000001ADEE890400> triggered tf.function retracing. Tracing is expensive and the excessive number of tracings could be due to (1) creating @tf.function repeatedly in a loop, (2) passing tensors with different shapes, (3) passing Python objects instead of tensors. For (1), please define your @tf.function outside of the loop. For (2), @tf.function has reduce_retracing=True option that can avoid unnecessary retracing. For (3), please refer to https://www.tensorflow.org/guide/function#controlling_retracing and https://www.tensorflow.org/api_docs/python/tf/function for  more details.
clgrid_20-15-10_adagrad_cl_start_s2035: 219 s, epochs used 0 32 168 7 109 3 500 500 1 3 1 0 5 1 0 2 0 0 1, loss 840178.5 (homogeneous 842344.8)
clgrid_20-15-10_nadam_cl_start_s2035: 141 s, epochs used 0 31 71 18 46 50 119 46 4 47 1 0 12 3 1 1 0 0 2, loss 839740.8 (homogeneous 842344.8)
clgrid_20_adadelta_cl_start_s2036: 118 s, epochs used 4 18 60 38 29 25 104 24 2 134 0 1 13 0 0 0 0 0 0, loss 839013.6 (homogeneous 842344.8)
clgrid_20_nadam_cl_paper_s2036: 248 s, epochs used 100 100 100 100 100 100 100 100 100 100 100 100 100 100 100 100 100 100 100, loss 836414.3 (homogeneous 842344.8)
clgrid_20-20-15_rmsprop_cl_start_s2036: 142 s, epochs used 2 14 56 21 250 39 72 64 2 1 0 35 27 0 0 2 0 0 0, loss 838848.0 (homogeneous 842344.8)
clgrid_20-20-15_nadam_cl_paper_s2036: 265 s, epochs used 100 100 100 100 100 100 100 100 100 100 100 100 100 100 100 100 100 100 100, loss 834684.4 (homogeneous 842344.8)
clgrid_20-15-10_adam_cl_start_s2036: 136 s, epochs used 10 47 58 16 42 53 62 32 4 67 1 21 11 1 0 3 0 0 0, loss 838936.9 (homogeneous 842344.8)
clgrid_20_sgd_cl_start_s2037: 411 s, epochs used 0 238 500 185 415 500 500 500 10 0 10 0 142 0 0 4 0 0 21, loss 839766.1 (homogeneous 842344.8)
==== 2026-10-10 12:50:52 start si_calendar.nncl.cl_grid slot 11
[1] 1200
WARNING: All log messages before absl::InitializeLog() is called are written to STDERR
I0000 00:00:1791629459.005529    8360 port.cc:153] oneDNN custom operations are on. You may see slightly different numerical results due to floating-point round-off errors from different computation orders. To turn them off, set the environment variable `TF_ENABLE_ONEDNN_OPTS=0`.
WARNING: All log messages before absl::InitializeLog() is called are written to STDERR
I0000 00:00:1791629463.112129    8360 port.cc:153] oneDNN custom operations are on. You may see slightly different numerical results due to floating-point round-off errors from different computation orders. To turn them off, set the environment variable `TF_ENABLE_ONEDNN_OPTS=0`.
WARNING:tensorflow:From C:\Users\26196425\Work\MASTER~3\env\Lib\site-packages\keras\src\backend\common\global_state.py:82: The name tf.reset_default_graph is deprecated. Please use tf.compat.v1.reset_default_graph instead.

WARNING:tensorflow:TensorFlow GPU support is not available on native Windows for TensorFlow >= 2.11. Even if CUDA/cuDNN are installed, GPU will not be used. Please use WSL2 or the TensorFlow-DirectML plugin.
WARNING:tensorflow:5 out of the last 7 calls to <function TensorFlowTrainer.make_predict_function.<locals>.one_step_on_data_distributed at 0x000001C7635A04A0> triggered tf.function retracing. Tracing is expensive and the excessive number of tracings could be due to (1) creating @tf.function repeatedly in a loop, (2) passing tensors with different shapes, (3) passing Python objects instead of tensors. For (1), please define your @tf.function outside of the loop. For (2), @tf.function has reduce_retracing=True option that can avoid unnecessary retracing. For (3), please refer to https://www.tensorflow.org/guide/function#controlling_retracing and https://www.tensorflow.org/api_docs/python/tf/function for  more details.
WARNING:tensorflow:6 out of the last 8 calls to <function TensorFlowTrainer.make_predict_function.<locals>.one_step_on_data_distributed at 0x000001C7635A04A0> triggered tf.function retracing. Tracing is expensive and the excessive number of tracings could be due to (1) creating @tf.function repeatedly in a loop, (2) passing tensors with different shapes, (3) passing Python objects instead of tensors. For (1), please define your @tf.function outside of the loop. For (2), @tf.function has reduce_retracing=True option that can avoid unnecessary retracing. For (3), please refer to https://www.tensorflow.org/guide/function#controlling_retracing and https://www.tensorflow.org/api_docs/python/tf/function for  more details.
clgrid_20-20-15_sgd_nesterov_cl_paper_s2037: 244 s, epochs used 100 100 100 100 100 100 100 100 100 100 100 100 100 100 100 100 100 100 100, loss 1530899.3 (homogeneous 842344.8)
clgrid_20-20-15_adamw_cl_paper_s2037: 257 s, epochs used 100 100 100 100 100 100 100 100 100 100 100 100 100 100 100 100 100 100 100, loss 835095.0 (homogeneous 842344.8)
clgrid_20-15-10_adadelta_cl_start_s2037: 159 s, epochs used 0 16 74 41 17 58 181 131 5 144 3 0 16 1 1 3 1 0 0, loss 839833.9 (homogeneous 842344.8)
clgrid_20-15-10_nadam_cl_paper_s2037: 263 s, epochs used 100 100 100 100 100 100 100 100 100 100 100 100 100 100 100 100 100 100 100, loss 835876.7 (homogeneous 842344.8)
clgrid_20_rmsprop_cl_start_s2038: 168 s, epochs used 0 19 97 11 23 31 474 106 2 19 0 33 5 0 0 2 0 0 0, loss 839685.7 (homogeneous 842344.8)
clgrid_20-20-15_sgd_cl_start_s2038: 537 s, epochs used 4 228 414 153 500 500 500 500 13 500 36 108 500 29 0 0 1 0 43, loss 839389.8 (homogeneous 842344.8)
clgrid_20-15-10_adadelta_cl_start_s2038: 167 s, epochs used 0 17 45 41 100 96 177 226 0 23 2 23 13 1 0 0 0 0 0, loss 839568.8 (homogeneous 842344.8)
clgrid_20-15-10_adamax_cl_start_s2038: 163 s, epochs used 0 46 96 17 65 89 237 36 0 29 1 25 14 1 0 0 0 0 0, loss 839800.1 (homogeneous 842344.8)
==== 2026-10-10 13:27:37 start si_calendar.nncl.cl_grid slot 11
[1] 1200
WARNING: All log messages before absl::InitializeLog() is called are written to STDERR
I0000 00:00:1791631664.067499    4936 port.cc:153] oneDNN custom operations are on. You may see slightly different numerical results due to floating-point round-off errors from different computation orders. To turn them off, set the environment variable `TF_ENABLE_ONEDNN_OPTS=0`.
WARNING: All log messages before absl::InitializeLog() is called are written to STDERR
I0000 00:00:1791631667.970909    4936 port.cc:153] oneDNN custom operations are on. You may see slightly different numerical results due to floating-point round-off errors from different computation orders. To turn them off, set the environment variable `TF_ENABLE_ONEDNN_OPTS=0`.
WARNING:tensorflow:From C:\Users\26196425\Work\MASTER~3\env\Lib\site-packages\keras\src\backend\common\global_state.py:82: The name tf.reset_default_graph is deprecated. Please use tf.compat.v1.reset_default_graph instead.

WARNING:tensorflow:TensorFlow GPU support is not available on native Windows for TensorFlow >= 2.11. Even if CUDA/cuDNN are installed, GPU will not be used. Please use WSL2 or the TensorFlow-DirectML plugin.
WARNING:tensorflow:5 out of the last 7 calls to <function TensorFlowTrainer.make_predict_function.<locals>.one_step_on_data_distributed at 0x000002929D93BF60> triggered tf.function retracing. Tracing is expensive and the excessive number of tracings could be due to (1) creating @tf.function repeatedly in a loop, (2) passing tensors with different shapes, (3) passing Python objects instead of tensors. For (1), please define your @tf.function outside of the loop. For (2), @tf.function has reduce_retracing=True option that can avoid unnecessary retracing. For (3), please refer to https://www.tensorflow.org/guide/function#controlling_retracing and https://www.tensorflow.org/api_docs/python/tf/function for  more details.
WARNING:tensorflow:6 out of the last 8 calls to <function TensorFlowTrainer.make_predict_function.<locals>.one_step_on_data_distributed at 0x000002929D93BF60> triggered tf.function retracing. Tracing is expensive and the excessive number of tracings could be due to (1) creating @tf.function repeatedly in a loop, (2) passing tensors with different shapes, (3) passing Python objects instead of tensors. For (1), please define your @tf.function outside of the loop. For (2), @tf.function has reduce_retracing=True option that can avoid unnecessary retracing. For (3), please refer to https://www.tensorflow.org/guide/function#controlling_retracing and https://www.tensorflow.org/api_docs/python/tf/function for  more details.
clgrid_20_adagrad_cl_start_s2039: 167 s, epochs used 0 19 62 14 152 500 37 102 2 5 2 1 5 0 0 0 0 0 2, loss 839554.5 (homogeneous 842344.8)
