==== 2026-10-10 08:56:43 start si_calendar.nncl.cl_grid slot 8
[1] 1200
WARNING: All log messages before absl::InitializeLog() is called are written to STDERR
I0000 00:00:1791615410.929382   19188 port.cc:153] oneDNN custom operations are on. You may see slightly different numerical results due to floating-point round-off errors from different computation orders. To turn them off, set the environment variable `TF_ENABLE_ONEDNN_OPTS=0`.
WARNING: All log messages before absl::InitializeLog() is called are written to STDERR
I0000 00:00:1791615415.109688   19188 port.cc:153] oneDNN custom operations are on. You may see slightly different numerical results due to floating-point round-off errors from different computation orders. To turn them off, set the environment variable `TF_ENABLE_ONEDNN_OPTS=0`.
WARNING:tensorflow:From C:\Users\26196425\Work\MASTER~3\env\Lib\site-packages\keras\src\backend\common\global_state.py:82: The name tf.reset_default_graph is deprecated. Please use tf.compat.v1.reset_default_graph instead.

WARNING:tensorflow:TensorFlow GPU support is not available on native Windows for TensorFlow >= 2.11. Even if CUDA/cuDNN are installed, GPU will not be used. Please use WSL2 or the TensorFlow-DirectML plugin.
WARNING:tensorflow:5 out of the last 7 calls to <function TensorFlowTrainer.make_predict_function.<locals>.one_step_on_data_distributed at 0x000002056656B9C0> triggered tf.function retracing. Tracing is expensive and the excessive number of tracings could be due to (1) creating @tf.function repeatedly in a loop, (2) passing tensors with different shapes, (3) passing Python objects instead of tensors. For (1), please define your @tf.function outside of the loop. For (2), @tf.function has reduce_retracing=True option that can avoid unnecessary retracing. For (3), please refer to https://www.tensorflow.org/guide/function#controlling_retracing and https://www.tensorflow.org/api_docs/python/tf/function for  more details.
WARNING:tensorflow:6 out of the last 8 calls to <function TensorFlowTrainer.make_predict_function.<locals>.one_step_on_data_distributed at 0x000002056656B9C0> triggered tf.function retracing. Tracing is expensive and the excessive number of tracings could be due to (1) creating @tf.function repeatedly in a loop, (2) passing tensors with different shapes, (3) passing Python objects instead of tensors. For (1), please define your @tf.function outside of the loop. For (2), @tf.function has reduce_retracing=True option that can avoid unnecessary retracing. For (3), please refer to https://www.tensorflow.org/guide/function#controlling_retracing and https://www.tensorflow.org/api_docs/python/tf/function for  more details.
clgrid_20_adamw_cl_paper_s2026: 246 s, epochs used 100 100 100 100 100 100 100 100 100 100 100 100 100 100 100 100 100 100 100, loss 835486.9 (homogeneous 842344.8)
clgrid_20-20-15_adadelta_cl_paper_s2026: 252 s, epochs used 100 100 100 100 100 100 100 100 100 100 100 100 100 100 100 100 100 100 100, loss 836653.7 (homogeneous 842344.8)
clgrid_20-15-10_sgd_cl_start_s2026: 433 s, epochs used 2 446 500 15 499 500 500 500 6 0 4 0 10 0 0 0 0 160 31, loss 839993.5 (homogeneous 842344.8)
clgrid_20_sgd_cl_paper_s2027: 239 s, epochs used 100 100 100 100 100 100 100 100 100 100 100 100 100 100 100 100 100 100 100, loss 837446.0 (homogeneous 842344.8)
clgrid_20_adam_cl_start_s2027: 125 s, epochs used 0 36 82 46 53 33 37 55 2 40 1 3 20 0 0 0 0 0 0, loss 839637.6 (homogeneous 842344.8)
clgrid_20-20-15_sgd_cl_start_s2027: 415 s, epochs used 30 347 500 500 500 3 500 500 0 0 0 35 8 89 0 0 5 26 23, loss 838696.4 (homogeneous 842344.8)
clgrid_20-20-15_nadam_cl_start_s2027: 148 s, epochs used 11 30 52 34 46 36 84 57 0 51 2 2 29 1 0 0 3 0 0, loss 838881.2 (homogeneous 842344.8)
clgrid_20-15-10_adadelta_cl_start_s2027: 178 s, epochs used 0 26 62 38 205 97 71 142 2 58 0 27 21 7 0 2 0 0 0, loss 839789.6 (homogeneous 842344.8)
==== 2026-10-10 09:34:15 start si_calendar.nncl.cl_grid slot 8
[1] 1200
WARNING: All log messages before absl::InitializeLog() is called are written to STDERR
I0000 00:00:1791617672.905594    4640 port.cc:153] oneDNN custom operations are on. You may see slightly different numerical results due to floating-point round-off errors from different computation orders. To turn them off, set the environment variable `TF_ENABLE_ONEDNN_OPTS=0`.
WARNING: All log messages before absl::InitializeLog() is called are written to STDERR
I0000 00:00:1791617700.935697    4640 port.cc:153] oneDNN custom operations are on. You may see slightly different numerical results due to floating-point round-off errors from different computation orders. To turn them off, set the environment variable `TF_ENABLE_ONEDNN_OPTS=0`.
WARNING:tensorflow:From C:\Users\26196425\Work\MASTER~3\env\Lib\site-packages\keras\src\backend\common\global_state.py:82: The name tf.reset_default_graph is deprecated. Please use tf.compat.v1.reset_default_graph instead.

WARNING:tensorflow:TensorFlow GPU support is not available on native Windows for TensorFlow >= 2.11. Even if CUDA/cuDNN are installed, GPU will not be used. Please use WSL2 or the TensorFlow-DirectML plugin.
WARNING:tensorflow:5 out of the last 7 calls to <function TensorFlowTrainer.make_predict_function.<locals>.one_step_on_data_distributed at 0x0000014D017B7740> triggered tf.function retracing. Tracing is expensive and the excessive number of tracings could be due to (1) creating @tf.function repeatedly in a loop, (2) passing tensors with different shapes, (3) passing Python objects instead of tensors. For (1), please define your @tf.function outside of the loop. For (2), @tf.function has reduce_retracing=True option that can avoid unnecessary retracing. For (3), please refer to https://www.tensorflow.org/guide/function#controlling_retracing and https://www.tensorflow.org/api_docs/python/tf/function for  more details.
WARNING:tensorflow:6 out of the last 8 calls to <function TensorFlowTrainer.make_predict_function.<locals>.one_step_on_data_distributed at 0x0000014D017B7740> triggered tf.function retracing. Tracing is expensive and the excessive number of tracings could be due to (1) creating @tf.function repeatedly in a loop, (2) passing tensors with different shapes, (3) passing Python objects instead of tensors. For (1), please define your @tf.function outside of the loop. For (2), @tf.function has reduce_retracing=True option that can avoid unnecessary retracing. For (3), please refer to https://www.tensorflow.org/guide/function#controlling_retracing and https://www.tensorflow.org/api_docs/python/tf/function for  more details.
clgrid_20-15-10_adamax_cl_start_s2027: 172 s, epochs used 0 71 91 57 289 68 65 103 0 9 0 24 16 8 1 0 0 0 0, loss 839266.5 (homogeneous 842344.8)
clgrid_20_adadelta_cl_paper_s2028: 243 s, epochs used 100 100 100 100 100 100 100 100 100 100 100 100 100 100 100 100 100 100 100, loss 836786.5 (homogeneous 842344.8)
clgrid_20-20-15_sgd_cl_start_s2028: 445 s, epochs used 0 500 12 499 500 128 500 500 11 75 0 0 500 98 0 0 0 2 0, loss 840393.5 (homogeneous 842344.8)
clgrid_20-15-10_sgd_momentum_cl_paper_s2028: 242 s, epochs used 100 100 100 100 100 100 100 100 100 100 100 100 100 100 100 100 100 100 100, loss 835202.6 (homogeneous 842344.8)
clgrid_20-15-10_adamw_cl_paper_s2028: 256 s, epochs used 100 100 100 100 100 100 100 100 100 100 100 100 100 100 100 100 100 100 100, loss 836291.1 (homogeneous 842344.8)
clgrid_20_adadelta_cl_paper_s2029: 251 s, epochs used 100 100 100 100 100 100 100 100 100 100 100 100 100 100 100 100 100 100 100, loss 836954.2 (homogeneous 842344.8)
clgrid_20-20-15_sgd_momentum_cl_paper_s2029: 242 s, epochs used 100 100 100 100 100 100 100 100 100 100 100 100 100 100 100 100 100 100 100, loss 829896.1 (homogeneous 842344.8)
clgrid_20-20-15_adamw_cl_start_s2029: 129 s, epochs used 0 102 51 12 34 17 38 33 2 12 1 18 9 6 0 0 0 0 0, loss 839070.7 (homogeneous 842344.8)
==== 2026-10-10 10:11:35 start si_calendar.nncl.cl_grid slot 8
[1] 1200
WARNING: All log messages before absl::InitializeLog() is called are written to STDERR
I0000 00:00:1791619902.753627    7412 port.cc:153] oneDNN custom operations are on. You may see slightly different numerical results due to floating-point round-off errors from different computation orders. To turn them off, set the environment variable `TF_ENABLE_ONEDNN_OPTS=0`.
WARNING: All log messages before absl::InitializeLog() is called are written to STDERR
I0000 00:00:1791619906.855710    7412 port.cc:153] oneDNN custom operations are on. You may see slightly different numerical results due to floating-point round-off errors from different computation orders. To turn them off, set the environment variable `TF_ENABLE_ONEDNN_OPTS=0`.
WARNING:tensorflow:From C:\Users\26196425\Work\MASTER~3\env\Lib\site-packages\keras\src\backend\common\global_state.py:82: The name tf.reset_default_graph is deprecated. Please use tf.compat.v1.reset_default_graph instead.

WARNING:tensorflow:TensorFlow GPU support is not available on native Windows for TensorFlow >= 2.11. Even if CUDA/cuDNN are installed, GPU will not be used. Please use WSL2 or the TensorFlow-DirectML plugin.
WARNING:tensorflow:5 out of the last 7 calls to <function TensorFlowTrainer.make_predict_function.<locals>.one_step_on_data_distributed at 0x000001EC2AA78360> triggered tf.function retracing. Tracing is expensive and the excessive number of tracings could be due to (1) creating @tf.function repeatedly in a loop, (2) passing tensors with different shapes, (3) passing Python objects instead of tensors. For (1), please define your @tf.function outside of the loop. For (2), @tf.function has reduce_retracing=True option that can avoid unnecessary retracing. For (3), please refer to https://www.tensorflow.org/guide/function#controlling_retracing and https://www.tensorflow.org/api_docs/python/tf/function for  more details.
WARNING:tensorflow:6 out of the last 8 calls to <function TensorFlowTrainer.make_predict_function.<locals>.one_step_on_data_distributed at 0x000001EC2AA78360> triggered tf.function retracing. Tracing is expensive and the excessive number of tracings could be due to (1) creating @tf.function repeatedly in a loop, (2) passing tensors with different shapes, (3) passing Python objects instead of tensors. For (1), please define your @tf.function outside of the loop. For (2), @tf.function has reduce_retracing=True option that can avoid unnecessary retracing. For (3), please refer to https://www.tensorflow.org/guide/function#controlling_retracing and https://www.tensorflow.org/api_docs/python/tf/function for  more details.
clgrid_20-15-10_sgd_nesterov_cl_start_s2029: 143 s, epochs used 0 0 8 3 31 15 7 500 0 16 31 30 9 8 0 0 0 0 11, loss 841948.9 (homogeneous 842344.8)
clgrid_20-15-10_adamw_cl_paper_s2029: 258 s, epochs used 100 100 100 100 100 100 100 100 100 100 100 100 100 100 100 100 100 100 100, loss 835990.5 (homogeneous 842344.8)
clgrid_20_adagrad_cl_start_s2030: 221 s, epochs used 0 24 56 19 500 28 500 75 4 3 2 131 1 0 0 4 0 0 1, loss 839685.2 (homogeneous 842344.8)
clgrid_20_adamax_cl_start_s2030: 156 s, epochs used 0 56 133 38 47 42 87 36 3 159 1 47 5 0 1 0 0 0 0, loss 839651.2 (homogeneous 842344.8)
clgrid_20-20-15_adadelta_cl_paper_s2030: 258 s, epochs used 100 100 100 100 100 100 100 100 100 100 100 100 100 100 100 100 100 100 100, loss 833310.8 (homogeneous 842344.8)
clgrid_20-20-15_nadam_cl_paper_s2030: 268 s, epochs used 100 100 100 100 100 100 100 100 100 100 100 100 100 100 100 100 100 100 100, loss 836202.6 (homogeneous 842344.8)
clgrid_20-15-10_rmsprop_cl_start_s2030: 160 s, epochs used 0 32 38 24 318 29 98 36 2 55 2 54 17 0 0 2 1 0 0, loss 839169.4 (homogeneous 842344.8)
clgrid_20_sgd_cl_paper_s2031: 234 s, epochs used 100 100 100 100 100 100 100 100 100 100 100 100 100 100 100 100 100 100 100, loss 837807.8 (homogeneous 842344.8)
==== 2026-10-10 10:43:46 start si_calendar.nncl.cl_grid slot 8
[1] 1200
WARNING: All log messages before absl::InitializeLog() is called are written to STDERR
I0000 00:00:1791621833.336239   15364 port.cc:153] oneDNN custom operations are on. You may see slightly different numerical results due to floating-point round-off errors from different computation orders. To turn them off, set the environment variable `TF_ENABLE_ONEDNN_OPTS=0`.
WARNING: All log messages before absl::InitializeLog() is called are written to STDERR
I0000 00:00:1791621837.370145   15364 port.cc:153] oneDNN custom operations are on. You may see slightly different numerical results due to floating-point round-off errors from different computation orders. To turn them off, set the environment variable `TF_ENABLE_ONEDNN_OPTS=0`.
WARNING:tensorflow:From C:\Users\26196425\Work\MASTER~3\env\Lib\site-packages\keras\src\backend\common\global_state.py:82: The name tf.reset_default_graph is deprecated. Please use tf.compat.v1.reset_default_graph instead.

WARNING:tensorflow:TensorFlow GPU support is not available on native Windows for TensorFlow >= 2.11. Even if CUDA/cuDNN are installed, GPU will not be used. Please use WSL2 or the TensorFlow-DirectML plugin.
WARNING:tensorflow:5 out of the last 7 calls to <function TensorFlowTrainer.make_predict_function.<locals>.one_step_on_data_distributed at 0x000002D60B93BCE0> triggered tf.function retracing. Tracing is expensive and the excessive number of tracings could be due to (1) creating @tf.function repeatedly in a loop, (2) passing tensors with different shapes, (3) passing Python objects instead of tensors. For (1), please define your @tf.function outside of the loop. For (2), @tf.function has reduce_retracing=True option that can avoid unnecessary retracing. For (3), please refer to https://www.tensorflow.org/guide/function#controlling_retracing and https://www.tensorflow.org/api_docs/python/tf/function for  more details.
WARNING:tensorflow:6 out of the last 8 calls to <function TensorFlowTrainer.make_predict_function.<locals>.one_step_on_data_distributed at 0x000002D60B93BCE0> triggered tf.function retracing. Tracing is expensive and the excessive number of tracings could be due to (1) creating @tf.function repeatedly in a loop, (2) passing tensors with different shapes, (3) passing Python objects instead of tensors. For (1), please define your @tf.function outside of the loop. For (2), @tf.function has reduce_retracing=True option that can avoid unnecessary retracing. For (3), please refer to https://www.tensorflow.org/guide/function#controlling_retracing and https://www.tensorflow.org/api_docs/python/tf/function for  more details.
clgrid_20_adamw_cl_paper_s2031: 242 s, epochs used 100 100 100 100 100 100 100 100 100 100 100 100 100 100 100 100 100 100 100, loss 836732.5 (homogeneous 842344.8)
clgrid_20-20-15_adagrad_cl_paper_s2031: 238 s, epochs used 100 100 100 100 100 100 100 100 100 100 100 100 100 100 100 100 100 100 100, loss 835668.9 (homogeneous 842344.8)
clgrid_20-20-15_nadam_cl_paper_s2031: 263 s, epochs used 100 100 100 100 100 100 100 100 100 100 100 100 100 100 100 100 100 100 100, loss 835189.7 (homogeneous 842344.8)
clgrid_20-15-10_adam_cl_start_s2031: 125 s, epochs used 6 31 66 18 48 15 99 34 3 15 1 16 20 1 0 0 0 0 0, loss 839657.8 (homogeneous 842344.8)
clgrid_20-15-10_nadam_cl_start_s2031: 159 s, epochs used 1 31 64 20 187 50 95 30 2 17 1 14 76 1 1 1 0 0 0, loss 839384.4 (homogeneous 842344.8)
clgrid_20_adagrad_cl_start_s2032: 237 s, epochs used 0 24 140 5 228 38 500 500 4 1 0 1 51 0 0 4 0 0 1, loss 839799.7 (homogeneous 842344.8)
clgrid_20-20-15_sgd_cl_start_s2032: 481 s, epochs used 0 405 500 328 500 500 500 500 4 86 9 57 87 0 0 0 0 0 30, loss 840047.4 (homogeneous 842344.8)
clgrid_20-15-10_adagrad_cl_start_s2032: 259 s, epochs used 2 56 123 46 3 142 82 72 2 500 0 1 472 0 0 6 0 1 1, loss 838982.2 (homogeneous 842344.8)
==== 2026-10-10 11:21:14 start si_calendar.nncl.cl_grid slot 8
[1] 1200
WARNING: All log messages before absl::InitializeLog() is called are written to STDERR
I0000 00:00:1791624081.352133   16928 port.cc:153] oneDNN custom operations are on. You may see slightly different numerical results due to floating-point round-off errors from different computation orders. To turn them off, set the environment variable `TF_ENABLE_ONEDNN_OPTS=0`.
WARNING: All log messages before absl::InitializeLog() is called are written to STDERR
I0000 00:00:1791624085.432434   16928 port.cc:153] oneDNN custom operations are on. You may see slightly different numerical results due to floating-point round-off errors from different computation orders. To turn them off, set the environment variable `TF_ENABLE_ONEDNN_OPTS=0`.
WARNING:tensorflow:From C:\Users\26196425\Work\MASTER~3\env\Lib\site-packages\keras\src\backend\common\global_state.py:82: The name tf.reset_default_graph is deprecated. Please use tf.compat.v1.reset_default_graph instead.

WARNING:tensorflow:TensorFlow GPU support is not available on native Windows for TensorFlow >= 2.11. Even if CUDA/cuDNN are installed, GPU will not be used. Please use WSL2 or the TensorFlow-DirectML plugin.
WARNING:tensorflow:5 out of the last 7 calls to <function TensorFlowTrainer.make_predict_function.<locals>.one_step_on_data_distributed at 0x000001BC8E837920> triggered tf.function retracing. Tracing is expensive and the excessive number of tracings could be due to (1) creating @tf.function repeatedly in a loop, (2) passing tensors with different shapes, (3) passing Python objects instead of tensors. For (1), please define your @tf.function outside of the loop. For (2), @tf.function has reduce_retracing=True option that can avoid unnecessary retracing. For (3), please refer to https://www.tensorflow.org/guide/function#controlling_retracing and https://www.tensorflow.org/api_docs/python/tf/function for  more details.
WARNING:tensorflow:6 out of the last 8 calls to <function TensorFlowTrainer.make_predict_function.<locals>.one_step_on_data_distributed at 0x000001BC8E837920> triggered tf.function retracing. Tracing is expensive and the excessive number of tracings could be due to (1) creating @tf.function repeatedly in a loop, (2) passing tensors with different shapes, (3) passing Python objects instead of tensors. For (1), please define your @tf.function outside of the loop. For (2), @tf.function has reduce_retracing=True option that can avoid unnecessary retracing. For (3), please refer to https://www.tensorflow.org/guide/function#controlling_retracing and https://www.tensorflow.org/api_docs/python/tf/function for  more details.
clgrid_20_sgd_cl_start_s2033: 439 s, epochs used 0 125 500 363 500 500 500 329 3 0 13 0 500 0 1 1 0 15 0, loss 839862.0 (homogeneous 842344.8)
clgrid_20-20-15_sgd_nesterov_cl_start_s2033: 193 s, epochs used 0 36 163 16 47 235 470 52 7 0 11 0 17 0 4 8 0 3 9, loss 840076.9 (homogeneous 842344.8)
clgrid_20-20-15_adamw_cl_start_s2033: 130 s, epochs used 0 31 53 16 25 29 95 19 2 28 1 12 58 0 1 1 0 0 0, loss 839760.0 (homogeneous 842344.8)
clgrid_20-15-10_sgd_momentum_cl_start_s2033: 205 s, epochs used 0 62 14 9 148 439 428 32 2 0 0 0 14 0 3 4 0 10 12, loss 840779.6 (homogeneous 842344.8)
clgrid_20-15-10_adamw_cl_paper_s2033: 268 s, epochs used 100 100 100 100 100 100 100 100 100 100 100 100 100 100 100 100 100 100 100, loss 836055.5 (homogeneous 842344.8)
clgrid_20_adadelta_cl_start_s2034: 136 s, epochs used 0 33 82 32 23 65 136 62 6 27 4 13 11 0 0 2 0 0 0, loss 839572.0 (homogeneous 842344.8)
clgrid_20_nadam_cl_paper_s2034: 263 s, epochs used 100 100 100 100 100 100 100 100 100 100 100 100 100 100 100 100 100 100 100, loss 836466.9 (homogeneous 842344.8)
clgrid_20-20-15_rmsprop_cl_paper_s2034: 259 s, epochs used 100 100 100 100 100 100 100 100 100 100 100 100 100 100 100 100 100 100 100, loss 834869.4 (homogeneous 842344.8)
==== 2026-10-10 11:56:41 start si_calendar.nncl.cl_grid slot 8
[1] 1200
WARNING: All log messages before absl::InitializeLog() is called are written to STDERR
I0000 00:00:1791626208.711742   19716 port.cc:153] oneDNN custom operations are on. You may see slightly different numerical results due to floating-point round-off errors from different computation orders. To turn them off, set the environment variable `TF_ENABLE_ONEDNN_OPTS=0`.
WARNING: All log messages before absl::InitializeLog() is called are written to STDERR
I0000 00:00:1791626212.638386   19716 port.cc:153] oneDNN custom operations are on. You may see slightly different numerical results due to floating-point round-off errors from different computation orders. To turn them off, set the environment variable `TF_ENABLE_ONEDNN_OPTS=0`.
WARNING:tensorflow:From C:\Users\26196425\Work\MASTER~3\env\Lib\site-packages\keras\src\backend\common\global_state.py:82: The name tf.reset_default_graph is deprecated. Please use tf.compat.v1.reset_default_graph instead.

WARNING:tensorflow:TensorFlow GPU support is not available on native Windows for TensorFlow >= 2.11. Even if CUDA/cuDNN are installed, GPU will not be used. Please use WSL2 or the TensorFlow-DirectML plugin.
WARNING:tensorflow:5 out of the last 7 calls to <function TensorFlowTrainer.make_predict_function.<locals>.one_step_on_data_distributed at 0x000001D1F35A8360> triggered tf.function retracing. Tracing is expensive and the excessive number of tracings could be due to (1) creating @tf.function repeatedly in a loop, (2) passing tensors with different shapes, (3) passing Python objects instead of tensors. For (1), please define your @tf.function outside of the loop. For (2), @tf.function has reduce_retracing=True option that can avoid unnecessary retracing. For (3), please refer to https://www.tensorflow.org/guide/function#controlling_retracing and https://www.tensorflow.org/api_docs/python/tf/function for  more details.
WARNING:tensorflow:6 out of the last 8 calls to <function TensorFlowTrainer.make_predict_function.<locals>.one_step_on_data_distributed at 0x000001D1F35A8360> triggered tf.function retracing. Tracing is expensive and the excessive number of tracings could be due to (1) creating @tf.function repeatedly in a loop, (2) passing tensors with different shapes, (3) passing Python objects instead of tensors. For (1), please define your @tf.function outside of the loop. For (2), @tf.function has reduce_retracing=True option that can avoid unnecessary retracing. For (3), please refer to https://www.tensorflow.org/guide/function#controlling_retracing and https://www.tensorflow.org/api_docs/python/tf/function for  more details.
clgrid_20-15-10_sgd_nesterov_cl_start_s2034: 179 s, epochs used 0 133 0 60 180 5 1 500 6 15 0 0 25 10 2 15 3 0 0, loss 840703.9 (homogeneous 842344.8)
clgrid_20-15-10_adamw_cl_start_s2034: 145 s, epochs used 0 55 0 50 45 66 49 43 3 51 1 23 12 2 0 2 2 0 0, loss 840004.6 (homogeneous 842344.8)
clgrid_20_sgd_nesterov_cl_paper_s2035: 238 s, epochs used 100 100 100 100 100 100 100 100 100 100 100 100 100 100 100 100 100 100 100, loss 836842.4 (homogeneous 842344.8)
clgrid_20_adamax_cl_paper_s2035: 246 s, epochs used 100 100 100 100 100 100 100 100 100 100 100 100 100 100 100 100 100 100 100, loss 836464.8 (homogeneous 842344.8)
clgrid_20-20-15_rmsprop_cl_paper_s2035: 247 s, epochs used 100 100 100 100 100 100 100 100 100 100 100 100 100 100 100 100 100 100 100, loss 834824.4 (homogeneous 842344.8)
clgrid_20-15-10_sgd_cl_start_s2035: 383 s, epochs used 0 194 0 68 500 500 500 413 19 180 32 0 269 21 4 0 0 0 49, loss 841260.0 (homogeneous 842344.8)
clgrid_20_sgd_cl_start_s2036: 425 s, epochs used 3 45 47 324 500 500 500 500 0 500 5 29 192 0 0 0 0 0 0, loss 839218.3 (homogeneous 842344.8)
clgrid_20-20-15_adagrad_cl_paper_s2036: 245 s, epochs used 100 100 100 100 100 100 100 100 100 100 100 100 100 100 100 100 100 100 100, loss 833789.7 (homogeneous 842344.8)
==== 2026-10-10 12:35:28 start si_calendar.nncl.cl_grid slot 8
[1] 1200
WARNING: All log messages before absl::InitializeLog() is called are written to STDERR
I0000 00:00:1791628535.132780   19464 port.cc:153] oneDNN custom operations are on. You may see slightly different numerical results due to floating-point round-off errors from different computation orders. To turn them off, set the environment variable `TF_ENABLE_ONEDNN_OPTS=0`.
WARNING: All log messages before absl::InitializeLog() is called are written to STDERR
I0000 00:00:1791628538.984486   19464 port.cc:153] oneDNN custom operations are on. You may see slightly different numerical results due to floating-point round-off errors from different computation orders. To turn them off, set the environment variable `TF_ENABLE_ONEDNN_OPTS=0`.
WARNING:tensorflow:From C:\Users\26196425\Work\MASTER~3\env\Lib\site-packages\keras\src\backend\common\global_state.py:82: The name tf.reset_default_graph is deprecated. Please use tf.compat.v1.reset_default_graph instead.

WARNING:tensorflow:TensorFlow GPU support is not available on native Windows for TensorFlow >= 2.11. Even if CUDA/cuDNN are installed, GPU will not be used. Please use WSL2 or the TensorFlow-DirectML plugin.
WARNING:tensorflow:5 out of the last 7 calls to <function TensorFlowTrainer.make_predict_function.<locals>.one_step_on_data_distributed at 0x00000231F22DB880> triggered tf.function retracing. Tracing is expensive and the excessive number of tracings could be due to (1) creating @tf.function repeatedly in a loop, (2) passing tensors with different shapes, (3) passing Python objects instead of tensors. For (1), please define your @tf.function outside of the loop. For (2), @tf.function has reduce_retracing=True option that can avoid unnecessary retracing. For (3), please refer to https://www.tensorflow.org/guide/function#controlling_retracing and https://www.tensorflow.org/api_docs/python/tf/function for  more details.
WARNING:tensorflow:6 out of the last 8 calls to <function TensorFlowTrainer.make_predict_function.<locals>.one_step_on_data_distributed at 0x00000231F22DB880> triggered tf.function retracing. Tracing is expensive and the excessive number of tracings could be due to (1) creating @tf.function repeatedly in a loop, (2) passing tensors with different shapes, (3) passing Python objects instead of tensors. For (1), please define your @tf.function outside of the loop. For (2), @tf.function has reduce_retracing=True option that can avoid unnecessary retracing. For (3), please refer to https://www.tensorflow.org/guide/function#controlling_retracing and https://www.tensorflow.org/api_docs/python/tf/function for  more details.
clgrid_20-20-15_nadam_cl_start_s2036: 129 s, epochs used 9 25 58 36 39 42 63 34 0 7 1 20 13 0 1 0 0 0 0, loss 838956.3 (homogeneous 842344.8)
clgrid_20-15-10_adagrad_cl_start_s2036: 191 s, epochs used 0 40 114 52 59 3 500 132 2 3 2 83 14 1 2 4 0 0 5, loss 839592.7 (homogeneous 842344.8)
clgrid_20-15-10_adamax_cl_paper_s2036: 258 s, epochs used 100 100 100 100 100 100 100 100 100 100 100 100 100 100 100 100 100 100 100, loss 836311.5 (homogeneous 842344.8)
clgrid_20_rmsprop_cl_paper_s2037: 237 s, epochs used 100 100 100 100 100 100 100 100 100 100 100 100 100 100 100 100 100 100 100, loss 836621.6 (homogeneous 842344.8)
clgrid_20-20-15_sgd_momentum_cl_start_s2037: 263 s, epochs used 1 65 4 109 13 279 500 175 5 0 7 4 500 0 0 5 0 0 0, loss 840317.7 (homogeneous 842344.8)
clgrid_20-20-15_adamw_cl_start_s2037: 129 s, epochs used 5 36 4 38 35 39 63 29 2 46 1 19 36 0 0 0 0 0 0, loss 839860.9 (homogeneous 842344.8)
clgrid_20-15-10_sgd_nesterov_cl_paper_s2037: 245 s, epochs used 100 100 100 100 100 100 100 100 100 100 100 100 100 100 100 100 100 100 100, loss 840799.1 (homogeneous 842344.8)
clgrid_20-15-10_adamax_cl_start_s2037: 151 s, epochs used 0 59 0 66 47 66 241 67 3 22 1 0 18 1 1 1 0 0 9, loss 840091.4 (homogeneous 842344.8)
==== 2026-10-10 13:06:21 start si_calendar.nncl.cl_grid slot 8
[1] 1200
WARNING: All log messages before absl::InitializeLog() is called are written to STDERR
I0000 00:00:1791630401.475631   11764 port.cc:153] oneDNN custom operations are on. You may see slightly different numerical results due to floating-point round-off errors from different computation orders. To turn them off, set the environment variable `TF_ENABLE_ONEDNN_OPTS=0`.
WARNING: All log messages before absl::InitializeLog() is called are written to STDERR
I0000 00:00:1791630435.859410   11764 port.cc:153] oneDNN custom operations are on. You may see slightly different numerical results due to floating-point round-off errors from different computation orders. To turn them off, set the environment variable `TF_ENABLE_ONEDNN_OPTS=0`.
WARNING:tensorflow:From C:\Users\26196425\Work\MASTER~3\env\Lib\site-packages\keras\src\backend\common\global_state.py:82: The name tf.reset_default_graph is deprecated. Please use tf.compat.v1.reset_default_graph instead.

WARNING:tensorflow:TensorFlow GPU support is not available on native Windows for TensorFlow >= 2.11. Even if CUDA/cuDNN are installed, GPU will not be used. Please use WSL2 or the TensorFlow-DirectML plugin.
WARNING:tensorflow:5 out of the last 7 calls to <function TensorFlowTrainer.make_predict_function.<locals>.one_step_on_data_distributed at 0x00000161EF83BEC0> triggered tf.function retracing. Tracing is expensive and the excessive number of tracings could be due to (1) creating @tf.function repeatedly in a loop, (2) passing tensors with different shapes, (3) passing Python objects instead of tensors. For (1), please define your @tf.function outside of the loop. For (2), @tf.function has reduce_retracing=True option that can avoid unnecessary retracing. For (3), please refer to https://www.tensorflow.org/guide/function#controlling_retracing and https://www.tensorflow.org/api_docs/python/tf/function for  more details.
WARNING:tensorflow:6 out of the last 8 calls to <function TensorFlowTrainer.make_predict_function.<locals>.one_step_on_data_distributed at 0x00000161EF83BEC0> triggered tf.function retracing. Tracing is expensive and the excessive number of tracings could be due to (1) creating @tf.function repeatedly in a loop, (2) passing tensors with different shapes, (3) passing Python objects instead of tensors. For (1), please define your @tf.function outside of the loop. For (2), @tf.function has reduce_retracing=True option that can avoid unnecessary retracing. For (3), please refer to https://www.tensorflow.org/guide/function#controlling_retracing and https://www.tensorflow.org/api_docs/python/tf/function for  more details.
clgrid_20_adagrad_cl_paper_s2038: 233 s, epochs used 100 100 100 100 100 100 100 100 100 100 100 100 100 100 100 100 100 100 100, loss 836500.0 (homogeneous 842344.8)
clgrid_20-20-15_sgd_momentum_cl_start_s2038: 223 s, epochs used 3 30 45 21 500 89 500 63 5 64 0 12 23 7 0 0 2 0 8, loss 839154.8 (homogeneous 842344.8)
clgrid_20-20-15_adam_cl_start_s2038: 122 s, epochs used 7 25 41 16 43 43 79 23 2 17 4 3 8 2 0 2 0 0 0, loss 839167.0 (homogeneous 842344.8)
clgrid_20-15-10_sgd_cl_start_s2038: 521 s, epochs used 0 243 135 70 500 500 500 500 0 479 0 499 500 46 0 0 0 0 0, loss 840415.1 (homogeneous 842344.8)
clgrid_20_adagrad_cl_paper_s2039: 244 s, epochs used 100 100 100 100 100 100 100 100 100 100 100 100 100 100 100 100 100 100 100, loss 836406.4 (homogeneous 842344.8)
