==== 2026-10-10 09:01:09 start si_calendar.nncl.cl_grid slot 7
[1] 1200
WARNING: All log messages before absl::InitializeLog() is called are written to STDERR
I0000 00:00:1791615677.153089    9496 port.cc:153] oneDNN custom operations are on. You may see slightly different numerical results due to floating-point round-off errors from different computation orders. To turn them off, set the environment variable `TF_ENABLE_ONEDNN_OPTS=0`.
WARNING: All log messages before absl::InitializeLog() is called are written to STDERR
I0000 00:00:1791615681.246789    9496 port.cc:153] oneDNN custom operations are on. You may see slightly different numerical results due to floating-point round-off errors from different computation orders. To turn them off, set the environment variable `TF_ENABLE_ONEDNN_OPTS=0`.
WARNING:tensorflow:From C:\Users\26196425\Work\MASTER~3\env\Lib\site-packages\keras\src\backend\common\global_state.py:82: The name tf.reset_default_graph is deprecated. Please use tf.compat.v1.reset_default_graph instead.

WARNING:tensorflow:TensorFlow GPU support is not available on native Windows for TensorFlow >= 2.11. Even if CUDA/cuDNN are installed, GPU will not be used. Please use WSL2 or the TensorFlow-DirectML plugin.
WARNING:tensorflow:5 out of the last 7 calls to <function TensorFlowTrainer.make_predict_function.<locals>.one_step_on_data_distributed at 0x0000020F2FD47880> triggered tf.function retracing. Tracing is expensive and the excessive number of tracings could be due to (1) creating @tf.function repeatedly in a loop, (2) passing tensors with different shapes, (3) passing Python objects instead of tensors. For (1), please define your @tf.function outside of the loop. For (2), @tf.function has reduce_retracing=True option that can avoid unnecessary retracing. For (3), please refer to https://www.tensorflow.org/guide/function#controlling_retracing and https://www.tensorflow.org/api_docs/python/tf/function for  more details.
WARNING:tensorflow:6 out of the last 8 calls to <function TensorFlowTrainer.make_predict_function.<locals>.one_step_on_data_distributed at 0x0000020F2FD47880> triggered tf.function retracing. Tracing is expensive and the excessive number of tracings could be due to (1) creating @tf.function repeatedly in a loop, (2) passing tensors with different shapes, (3) passing Python objects instead of tensors. For (1), please define your @tf.function outside of the loop. For (2), @tf.function has reduce_retracing=True option that can avoid unnecessary retracing. For (3), please refer to https://www.tensorflow.org/guide/function#controlling_retracing and https://www.tensorflow.org/api_docs/python/tf/function for  more details.
clgrid_20-20-15_adagrad_cl_start_s2026: 173 s, epochs used 4 32 72 18 24 28 500 146 3 24 1 56 7 0 0 5 0 1 2, loss 837957.2 (homogeneous 842344.8)
clgrid_20-20-15_adamw_cl_start_s2026: 133 s, epochs used 15 26 46 21 29 39 33 20 3 42 1 17 71 0 1 0 0 0 0, loss 837968.8 (homogeneous 842344.8)
clgrid_20-15-10_sgd_momentum_cl_start_s2026: 303 s, epochs used 2 51 11 120 500 267 500 490 3 0 3 0 5 0 0 0 0 24 8, loss 839549.9 (homogeneous 842344.8)
clgrid_20-15-10_adamw_cl_start_s2026: 157 s, epochs used 1 51 21 48 75 42 140 30 2 116 1 14 35 0 0 0 0 0 0, loss 839438.5 (homogeneous 842344.8)
clgrid_20_adagrad_cl_paper_s2027: 244 s, epochs used 100 100 100 100 100 100 100 100 100 100 100 100 100 100 100 100 100 100 100, loss 836483.6 (homogeneous 842344.8)
clgrid_20-20-15_sgd_cl_paper_s2027: 233 s, epochs used 100 100 100 100 100 100 100 100 100 100 100 100 100 100 100 100 100 100 100, loss 838080.3 (homogeneous 842344.8)
clgrid_20-20-15_adam_cl_paper_s2027: 254 s, epochs used 100 100 100 100 100 100 100 100 100 100 100 100 100 100 100 100 100 100 100, loss 835230.9 (homogeneous 842344.8)
clgrid_20-15-10_adagrad_cl_paper_s2027: 250 s, epochs used 100 100 100 100 100 100 100 100 100 100 100 100 100 100 100 100 100 100 100, loss 836525.0 (homogeneous 842344.8)
==== 2026-10-10 09:34:20 start si_calendar.nncl.cl_grid slot 7
[1] 1200
WARNING: All log messages before absl::InitializeLog() is called are written to STDERR
I0000 00:00:1791617672.910710   13300 port.cc:153] oneDNN custom operations are on. You may see slightly different numerical results due to floating-point round-off errors from different computation orders. To turn them off, set the environment variable `TF_ENABLE_ONEDNN_OPTS=0`.
WARNING: All log messages before absl::InitializeLog() is called are written to STDERR
I0000 00:00:1791617700.945326   13300 port.cc:153] oneDNN custom operations are on. You may see slightly different numerical results due to floating-point round-off errors from different computation orders. To turn them off, set the environment variable `TF_ENABLE_ONEDNN_OPTS=0`.
WARNING:tensorflow:From C:\Users\26196425\Work\MASTER~3\env\Lib\site-packages\keras\src\backend\common\global_state.py:82: The name tf.reset_default_graph is deprecated. Please use tf.compat.v1.reset_default_graph instead.

WARNING:tensorflow:TensorFlow GPU support is not available on native Windows for TensorFlow >= 2.11. Even if CUDA/cuDNN are installed, GPU will not be used. Please use WSL2 or the TensorFlow-DirectML plugin.
WARNING:tensorflow:5 out of the last 7 calls to <function TensorFlowTrainer.make_predict_function.<locals>.one_step_on_data_distributed at 0x000001ACC62B7740> triggered tf.function retracing. Tracing is expensive and the excessive number of tracings could be due to (1) creating @tf.function repeatedly in a loop, (2) passing tensors with different shapes, (3) passing Python objects instead of tensors. For (1), please define your @tf.function outside of the loop. For (2), @tf.function has reduce_retracing=True option that can avoid unnecessary retracing. For (3), please refer to https://www.tensorflow.org/guide/function#controlling_retracing and https://www.tensorflow.org/api_docs/python/tf/function for  more details.
WARNING:tensorflow:6 out of the last 8 calls to <function TensorFlowTrainer.make_predict_function.<locals>.one_step_on_data_distributed at 0x000001ACC62B7740> triggered tf.function retracing. Tracing is expensive and the excessive number of tracings could be due to (1) creating @tf.function repeatedly in a loop, (2) passing tensors with different shapes, (3) passing Python objects instead of tensors. For (1), please define your @tf.function outside of the loop. For (2), @tf.function has reduce_retracing=True option that can avoid unnecessary retracing. For (3), please refer to https://www.tensorflow.org/guide/function#controlling_retracing and https://www.tensorflow.org/api_docs/python/tf/function for  more details.
clgrid_20-15-10_adamax_cl_paper_s2027: 251 s, epochs used 100 100 100 100 100 100 100 100 100 100 100 100 100 100 100 100 100 100 100, loss 837417.6 (homogeneous 842344.8)
clgrid_20_rmsprop_cl_start_s2028: 153 s, epochs used 0 29 67 24 29 363 39 94 2 87 0 3 4 0 0 2 0 0 0, loss 839617.4 (homogeneous 842344.8)
clgrid_20-20-15_sgd_cl_paper_s2028: 235 s, epochs used 100 100 100 100 100 100 100 100 100 100 100 100 100 100 100 100 100 100 100, loss 839060.3 (homogeneous 842344.8)
clgrid_20-20-15_adam_cl_paper_s2028: 256 s, epochs used 100 100 100 100 100 100 100 100 100 100 100 100 100 100 100 100 100 100 100, loss 834860.7 (homogeneous 842344.8)
clgrid_20-15-10_adagrad_cl_paper_s2028: 247 s, epochs used 100 100 100 100 100 100 100 100 100 100 100 100 100 100 100 100 100 100 100, loss 835388.9 (homogeneous 842344.8)
clgrid_20-15-10_adamax_cl_start_s2028: 158 s, epochs used 17 89 92 68 45 84 57 54 6 50 0 11 45 2 1 0 0 47 23, loss 838014.4 (homogeneous 842344.8)
clgrid_20_adagrad_cl_paper_s2029: 246 s, epochs used 100 100 100 100 100 100 100 100 100 100 100 100 100 100 100 100 100 100 100, loss 837028.9 (homogeneous 842344.8)
clgrid_20-20-15_sgd_cl_paper_s2029: 237 s, epochs used 100 100 100 100 100 100 100 100 100 100 100 100 100 100 100 100 100 100 100, loss 838228.8 (homogeneous 842344.8)
==== 2026-10-10 10:08:17 start si_calendar.nncl.cl_grid slot 7
[1] 1200
WARNING: All log messages before absl::InitializeLog() is called are written to STDERR
I0000 00:00:1791619703.875449   16396 port.cc:153] oneDNN custom operations are on. You may see slightly different numerical results due to floating-point round-off errors from different computation orders. To turn them off, set the environment variable `TF_ENABLE_ONEDNN_OPTS=0`.
WARNING: All log messages before absl::InitializeLog() is called are written to STDERR
I0000 00:00:1791619707.970463   16396 port.cc:153] oneDNN custom operations are on. You may see slightly different numerical results due to floating-point round-off errors from different computation orders. To turn them off, set the environment variable `TF_ENABLE_ONEDNN_OPTS=0`.
WARNING:tensorflow:From C:\Users\26196425\Work\MASTER~3\env\Lib\site-packages\keras\src\backend\common\global_state.py:82: The name tf.reset_default_graph is deprecated. Please use tf.compat.v1.reset_default_graph instead.

WARNING:tensorflow:TensorFlow GPU support is not available on native Windows for TensorFlow >= 2.11. Even if CUDA/cuDNN are installed, GPU will not be used. Please use WSL2 or the TensorFlow-DirectML plugin.
WARNING:tensorflow:5 out of the last 7 calls to <function TensorFlowTrainer.make_predict_function.<locals>.one_step_on_data_distributed at 0x0000020019017A60> triggered tf.function retracing. Tracing is expensive and the excessive number of tracings could be due to (1) creating @tf.function repeatedly in a loop, (2) passing tensors with different shapes, (3) passing Python objects instead of tensors. For (1), please define your @tf.function outside of the loop. For (2), @tf.function has reduce_retracing=True option that can avoid unnecessary retracing. For (3), please refer to https://www.tensorflow.org/guide/function#controlling_retracing and https://www.tensorflow.org/api_docs/python/tf/function for  more details.
WARNING:tensorflow:6 out of the last 8 calls to <function TensorFlowTrainer.make_predict_function.<locals>.one_step_on_data_distributed at 0x0000020019017A60> triggered tf.function retracing. Tracing is expensive and the excessive number of tracings could be due to (1) creating @tf.function repeatedly in a loop, (2) passing tensors with different shapes, (3) passing Python objects instead of tensors. For (1), please define your @tf.function outside of the loop. For (2), @tf.function has reduce_retracing=True option that can avoid unnecessary retracing. For (3), please refer to https://www.tensorflow.org/guide/function#controlling_retracing and https://www.tensorflow.org/api_docs/python/tf/function for  more details.
clgrid_20-20-15_adamw_cl_paper_s2029: 254 s, epochs used 100 100 100 100 100 100 100 100 100 100 100 100 100 100 100 100 100 100 100, loss 835292.9 (homogeneous 842344.8)
clgrid_20-15-10_adadelta_cl_start_s2029: 182 s, epochs used 0 28 51 38 25 139 348 98 8 21 4 89 27 1 0 4 0 0 0, loss 839612.7 (homogeneous 842344.8)
clgrid_20-15-10_nadam_cl_paper_s2029: 265 s, epochs used 100 100 100 100 100 100 100 100 100 100 100 100 100 100 100 100 100 100 100, loss 835953.4 (homogeneous 842344.8)
clgrid_20_adamw_cl_paper_s2030: 246 s, epochs used 100 100 100 100 100 100 100 100 100 100 100 100 100 100 100 100 100 100 100, loss 836937.2 (homogeneous 842344.8)
clgrid_20-20-15_adagrad_cl_start_s2030: 369 s, epochs used 0 67 215 63 500 290 500 357 2 3 6 7 500 0 2 8 0 0 0, loss 839527.8 (homogeneous 842344.8)
clgrid_20-15-10_sgd_momentum_cl_start_s2030: 364 s, epochs used 0 78 252 108 500 500 500 500 0 0 0 0 42 0 0 0 0 0 0, loss 839644.1 (homogeneous 842344.8)
clgrid_20_sgd_cl_start_s2031: 510 s, epochs used 0 104 500 399 500 36 500 500 0 500 16 153 500 0 0 0 0 25 29, loss 839992.0 (homogeneous 842344.8)
clgrid_20-20-15_adagrad_cl_start_s2031: 185 s, epochs used 0 60 104 48 43 218 361 98 2 1 2 13 0 0 0 6 0 2 0, loss 839446.4 (homogeneous 842344.8)
==== 2026-10-10 10:52:01 start si_calendar.nncl.cl_grid slot 7
[1] 1200
WARNING: All log messages before absl::InitializeLog() is called are written to STDERR
I0000 00:00:1791622328.016623   15260 port.cc:153] oneDNN custom operations are on. You may see slightly different numerical results due to floating-point round-off errors from different computation orders. To turn them off, set the environment variable `TF_ENABLE_ONEDNN_OPTS=0`.
WARNING: All log messages before absl::InitializeLog() is called are written to STDERR
I0000 00:00:1791622331.922536   15260 port.cc:153] oneDNN custom operations are on. You may see slightly different numerical results due to floating-point round-off errors from different computation orders. To turn them off, set the environment variable `TF_ENABLE_ONEDNN_OPTS=0`.
WARNING:tensorflow:From C:\Users\26196425\Work\MASTER~3\env\Lib\site-packages\keras\src\backend\common\global_state.py:82: The name tf.reset_default_graph is deprecated. Please use tf.compat.v1.reset_default_graph instead.

WARNING:tensorflow:TensorFlow GPU support is not available on native Windows for TensorFlow >= 2.11. Even if CUDA/cuDNN are installed, GPU will not be used. Please use WSL2 or the TensorFlow-DirectML plugin.
WARNING:tensorflow:5 out of the last 7 calls to <function TensorFlowTrainer.make_predict_function.<locals>.one_step_on_data_distributed at 0x000001AF7F8B7740> triggered tf.function retracing. Tracing is expensive and the excessive number of tracings could be due to (1) creating @tf.function repeatedly in a loop, (2) passing tensors with different shapes, (3) passing Python objects instead of tensors. For (1), please define your @tf.function outside of the loop. For (2), @tf.function has reduce_retracing=True option that can avoid unnecessary retracing. For (3), please refer to https://www.tensorflow.org/guide/function#controlling_retracing and https://www.tensorflow.org/api_docs/python/tf/function for  more details.
WARNING:tensorflow:6 out of the last 8 calls to <function TensorFlowTrainer.make_predict_function.<locals>.one_step_on_data_distributed at 0x000001AF7F8B7740> triggered tf.function retracing. Tracing is expensive and the excessive number of tracings could be due to (1) creating @tf.function repeatedly in a loop, (2) passing tensors with different shapes, (3) passing Python objects instead of tensors. For (1), please define your @tf.function outside of the loop. For (2), @tf.function has reduce_retracing=True option that can avoid unnecessary retracing. For (3), please refer to https://www.tensorflow.org/guide/function#controlling_retracing and https://www.tensorflow.org/api_docs/python/tf/function for  more details.
clgrid_20-20-15_adamax_cl_start_s2031: 133 s, epochs used 0 29 83 14 33 7 94 50 0 10 1 17 117 0 0 0 0 0 0, loss 840358.6 (homogeneous 842344.8)
clgrid_20-15-10_adagrad_cl_paper_s2031: 247 s, epochs used 100 100 100 100 100 100 100 100 100 100 100 100 100 100 100 100 100 100 100, loss 836595.8 (homogeneous 842344.8)
clgrid_20-15-10_nadam_cl_paper_s2031: 266 s, epochs used 100 100 100 100 100 100 100 100 100 100 100 100 100 100 100 100 100 100 100, loss 835888.0 (homogeneous 842344.8)
clgrid_20_rmsprop_cl_start_s2032: 163 s, epochs used 2 27 64 16 290 35 348 18 0 3 2 1 23 0 0 0 0 0 0, loss 838986.7 (homogeneous 842344.8)
clgrid_20-20-15_sgd_cl_paper_s2032: 242 s, epochs used 100 100 100 100 100 100 100 100 100 100 100 100 100 100 100 100 100 100 100, loss 837884.4 (homogeneous 842344.8)
clgrid_20-20-15_adam_cl_paper_s2032: 258 s, epochs used 100 100 100 100 100 100 100 100 100 100 100 100 100 100 100 100 100 100 100, loss 835514.1 (homogeneous 842344.8)
clgrid_20-15-10_adadelta_cl_paper_s2032: 261 s, epochs used 100 100 100 100 100 100 100 100 100 100 100 100 100 100 100 100 100 100 100, loss 836634.7 (homogeneous 842344.8)
clgrid_20_sgd_momentum_cl_paper_s2033: 249 s, epochs used 100 100 100 100 100 100 100 100 100 100 100 100 100 100 100 100 100 100 100, loss 837059.0 (homogeneous 842344.8)
==== 2026-10-10 11:26:20 start si_calendar.nncl.cl_grid slot 7
[1] 1200
WARNING: All log messages before absl::InitializeLog() is called are written to STDERR
I0000 00:00:1791624387.803775    8312 port.cc:153] oneDNN custom operations are on. You may see slightly different numerical results due to floating-point round-off errors from different computation orders. To turn them off, set the environment variable `TF_ENABLE_ONEDNN_OPTS=0`.
WARNING: All log messages before absl::InitializeLog() is called are written to STDERR
I0000 00:00:1791624391.682119    8312 port.cc:153] oneDNN custom operations are on. You may see slightly different numerical results due to floating-point round-off errors from different computation orders. To turn them off, set the environment variable `TF_ENABLE_ONEDNN_OPTS=0`.
WARNING:tensorflow:From C:\Users\26196425\Work\MASTER~3\env\Lib\site-packages\keras\src\backend\common\global_state.py:82: The name tf.reset_default_graph is deprecated. Please use tf.compat.v1.reset_default_graph instead.

WARNING:tensorflow:TensorFlow GPU support is not available on native Windows for TensorFlow >= 2.11. Even if CUDA/cuDNN are installed, GPU will not be used. Please use WSL2 or the TensorFlow-DirectML plugin.
WARNING:tensorflow:5 out of the last 7 calls to <function TensorFlowTrainer.make_predict_function.<locals>.one_step_on_data_distributed at 0x000001FA815FF9C0> triggered tf.function retracing. Tracing is expensive and the excessive number of tracings could be due to (1) creating @tf.function repeatedly in a loop, (2) passing tensors with different shapes, (3) passing Python objects instead of tensors. For (1), please define your @tf.function outside of the loop. For (2), @tf.function has reduce_retracing=True option that can avoid unnecessary retracing. For (3), please refer to https://www.tensorflow.org/guide/function#controlling_retracing and https://www.tensorflow.org/api_docs/python/tf/function for  more details.
WARNING:tensorflow:6 out of the last 8 calls to <function TensorFlowTrainer.make_predict_function.<locals>.one_step_on_data_distributed at 0x000001FA815FF9C0> triggered tf.function retracing. Tracing is expensive and the excessive number of tracings could be due to (1) creating @tf.function repeatedly in a loop, (2) passing tensors with different shapes, (3) passing Python objects instead of tensors. For (1), please define your @tf.function outside of the loop. For (2), @tf.function has reduce_retracing=True option that can avoid unnecessary retracing. For (3), please refer to https://www.tensorflow.org/guide/function#controlling_retracing and https://www.tensorflow.org/api_docs/python/tf/function for  more details.
clgrid_20_adamax_cl_start_s2033: 132 s, epochs used 0 40 105 71 58 50 55 27 0 36 1 0 32 0 1 1 0 0 0, loss 839767.9 (homogeneous 842344.8)
clgrid_20-20-15_adagrad_cl_paper_s2033: 242 s, epochs used 100 100 100 100 100 100 100 100 100 100 100 100 100 100 100 100 100 100 100, loss 835373.5 (homogeneous 842344.8)
clgrid_20-20-15_nadam_cl_start_s2033: 139 s, epochs used 0 30 47 17 131 30 90 20 2 32 1 12 40 0 1 1 0 0 4, loss 839496.5 (homogeneous 842344.8)
clgrid_20-15-10_adagrad_cl_start_s2033: 132 s, epochs used 3 28 6 3 71 4 185 223 7 4 2 0 5 0 0 5 0 1 2, loss 839768.2 (homogeneous 842344.8)
clgrid_20-15-10_adam_cl_start_s2033: 141 s, epochs used 5 34 75 15 50 58 45 29 3 61 0 0 71 0 1 1 0 0 0, loss 839812.1 (homogeneous 842344.8)
clgrid_20_sgd_momentum_cl_paper_s2034: 256 s, epochs used 100 100 100 100 100 100 100 100 100 100 100 100 100 100 100 100 100 100 100, loss 836543.4 (homogeneous 842344.8)
clgrid_20_adamax_cl_paper_s2034: 259 s, epochs used 100 100 100 100 100 100 100 100 100 100 100 100 100 100 100 100 100 100 100, loss 836474.9 (homogeneous 842344.8)
clgrid_20-20-15_adadelta_cl_start_s2034: 145 s, epochs used 0 18 46 24 15 17 134 24 8 15 0 22 141 0 0 4 0 0 0, loss 839552.6 (homogeneous 842344.8)
==== 2026-10-10 11:54:23 start si_calendar.nncl.cl_grid slot 7
[1] 1200
WARNING: All log messages before absl::InitializeLog() is called are written to STDERR
I0000 00:00:1791626071.318242   17564 port.cc:153] oneDNN custom operations are on. You may see slightly different numerical results due to floating-point round-off errors from different computation orders. To turn them off, set the environment variable `TF_ENABLE_ONEDNN_OPTS=0`.
WARNING: All log messages before absl::InitializeLog() is called are written to STDERR
I0000 00:00:1791626075.252172   17564 port.cc:153] oneDNN custom operations are on. You may see slightly different numerical results due to floating-point round-off errors from different computation orders. To turn them off, set the environment variable `TF_ENABLE_ONEDNN_OPTS=0`.
WARNING:tensorflow:From C:\Users\26196425\Work\MASTER~3\env\Lib\site-packages\keras\src\backend\common\global_state.py:82: The name tf.reset_default_graph is deprecated. Please use tf.compat.v1.reset_default_graph instead.

WARNING:tensorflow:TensorFlow GPU support is not available on native Windows for TensorFlow >= 2.11. Even if CUDA/cuDNN are installed, GPU will not be used. Please use WSL2 or the TensorFlow-DirectML plugin.
WARNING:tensorflow:5 out of the last 7 calls to <function TensorFlowTrainer.make_predict_function.<locals>.one_step_on_data_distributed at 0x0000016C5ACD3A60> triggered tf.function retracing. Tracing is expensive and the excessive number of tracings could be due to (1) creating @tf.function repeatedly in a loop, (2) passing tensors with different shapes, (3) passing Python objects instead of tensors. For (1), please define your @tf.function outside of the loop. For (2), @tf.function has reduce_retracing=True option that can avoid unnecessary retracing. For (3), please refer to https://www.tensorflow.org/guide/function#controlling_retracing and https://www.tensorflow.org/api_docs/python/tf/function for  more details.
WARNING:tensorflow:6 out of the last 8 calls to <function TensorFlowTrainer.make_predict_function.<locals>.one_step_on_data_distributed at 0x0000016C5ACD3A60> triggered tf.function retracing. Tracing is expensive and the excessive number of tracings could be due to (1) creating @tf.function repeatedly in a loop, (2) passing tensors with different shapes, (3) passing Python objects instead of tensors. For (1), please define your @tf.function outside of the loop. For (2), @tf.function has reduce_retracing=True option that can avoid unnecessary retracing. For (3), please refer to https://www.tensorflow.org/guide/function#controlling_retracing and https://www.tensorflow.org/api_docs/python/tf/function for  more details.
clgrid_20-20-15_nadam_cl_paper_s2034: 262 s, epochs used 100 100 100 100 100 100 100 100 100 100 100 100 100 100 100 100 100 100 100, loss 834934.6 (homogeneous 842344.8)
clgrid_20-15-10_rmsprop_cl_start_s2034: 163 s, epochs used 0 102 72 38 35 97 216 48 3 2 2 0 17 1 0 2 0 0 0, loss 838976.4 (homogeneous 842344.8)
clgrid_20_sgd_cl_start_s2035: 415 s, epochs used 0 125 500 199 500 500 500 500 9 31 14 0 175 7 4 3 0 0 38, loss 839875.9 (homogeneous 842344.8)
clgrid_20-20-15_sgd_momentum_cl_start_s2035: 265 s, epochs used 0 27 279 7 500 11 500 302 4 14 5 15 16 0 3 2 0 0 9, loss 840386.3 (homogeneous 842344.8)
clgrid_20-20-15_adamw_cl_paper_s2035: 256 s, epochs used 100 100 100 100 100 100 100 100 100 100 100 100 100 100 100 100 100 100 100, loss 835039.0 (homogeneous 842344.8)
clgrid_20-15-10_adadelta_cl_start_s2035: 145 s, epochs used 0 15 81 49 27 75 204 92 4 11 2 0 19 0 0 2 0 0 0, loss 839879.3 (homogeneous 842344.8)
clgrid_20-15-10_adamax_cl_start_s2035: 151 s, epochs used 0 40 0 18 72 82 237 76 5 14 1 0 12 2 1 1 0 0 0, loss 840524.2 (homogeneous 842344.8)
clgrid_20_adadelta_cl_paper_s2036: 245 s, epochs used 100 100 100 100 100 100 100 100 100 100 100 100 100 100 100 100 100 100 100, loss 836715.1 (homogeneous 842344.8)
==== 2026-10-10 12:30:07 start si_calendar.nncl.cl_grid slot 7
[1] 1200
WARNING: All log messages before absl::InitializeLog() is called are written to STDERR
I0000 00:00:1791628214.039380   18688 port.cc:153] oneDNN custom operations are on. You may see slightly different numerical results due to floating-point round-off errors from different computation orders. To turn them off, set the environment variable `TF_ENABLE_ONEDNN_OPTS=0`.
WARNING: All log messages before absl::InitializeLog() is called are written to STDERR
I0000 00:00:1791628217.957124   18688 port.cc:153] oneDNN custom operations are on. You may see slightly different numerical results due to floating-point round-off errors from different computation orders. To turn them off, set the environment variable `TF_ENABLE_ONEDNN_OPTS=0`.
WARNING:tensorflow:From C:\Users\26196425\Work\MASTER~3\env\Lib\site-packages\keras\src\backend\common\global_state.py:82: The name tf.reset_default_graph is deprecated. Please use tf.compat.v1.reset_default_graph instead.

WARNING:tensorflow:TensorFlow GPU support is not available on native Windows for TensorFlow >= 2.11. Even if CUDA/cuDNN are installed, GPU will not be used. Please use WSL2 or the TensorFlow-DirectML plugin.
WARNING:tensorflow:5 out of the last 7 calls to <function TensorFlowTrainer.make_predict_function.<locals>.one_step_on_data_distributed at 0x000001C3C1DA4360> triggered tf.function retracing. Tracing is expensive and the excessive number of tracings could be due to (1) creating @tf.function repeatedly in a loop, (2) passing tensors with different shapes, (3) passing Python objects instead of tensors. For (1), please define your @tf.function outside of the loop. For (2), @tf.function has reduce_retracing=True option that can avoid unnecessary retracing. For (3), please refer to https://www.tensorflow.org/guide/function#controlling_retracing and https://www.tensorflow.org/api_docs/python/tf/function for  more details.
WARNING:tensorflow:6 out of the last 8 calls to <function TensorFlowTrainer.make_predict_function.<locals>.one_step_on_data_distributed at 0x000001C3C1DA4360> triggered tf.function retracing. Tracing is expensive and the excessive number of tracings could be due to (1) creating @tf.function repeatedly in a loop, (2) passing tensors with different shapes, (3) passing Python objects instead of tensors. For (1), please define your @tf.function outside of the loop. For (2), @tf.function has reduce_retracing=True option that can avoid unnecessary retracing. For (3), please refer to https://www.tensorflow.org/guide/function#controlling_retracing and https://www.tensorflow.org/api_docs/python/tf/function for  more details.
clgrid_20-20-15_sgd_momentum_cl_start_s2036: 214 s, epochs used 7 14 13 26 500 499 57 62 0 7 0 64 15 2 0 0 0 9 0, loss 837896.5 (homogeneous 842344.8)
clgrid_20-20-15_adam_cl_start_s2036: 127 s, epochs used 8 24 67 52 39 35 72 30 0 4 1 18 13 0 0 0 0 0 0, loss 838903.2 (homogeneous 842344.8)
clgrid_20-15-10_sgd_momentum_cl_paper_s2036: 246 s, epochs used 100 100 100 100 100 100 100 100 100 100 100 100 100 100 100 100 100 100 100, loss 836277.1 (homogeneous 842344.8)
clgrid_20-15-10_adamw_cl_paper_s2036: 259 s, epochs used 100 100 100 100 100 100 100 100 100 100 100 100 100 100 100 100 100 100 100, loss 835908.7 (homogeneous 842344.8)
clgrid_20_adadelta_cl_start_s2037: 133 s, epochs used 0 24 86 27 27 51 87 55 3 127 3 64 3 0 0 0 0 0 0, loss 839756.9 (homogeneous 842344.8)
clgrid_20_adamw_cl_start_s2037: 130 s, epochs used 0 33 85 48 40 48 33 28 2 47 1 17 30 0 0 0 0 0 0, loss 839707.0 (homogeneous 842344.8)
clgrid_20-20-15_sgd_nesterov_cl_start_s2037: 261 s, epochs used 1 67 3 108 12 279 500 176 3 0 7 4 500 0 0 4 0 0 0, loss 840166.6 (homogeneous 842344.8)
clgrid_20-20-15_adamax_cl_paper_s2037: 253 s, epochs used 100 100 100 100 100 100 100 100 100 100 100 100 100 100 100 100 100 100 100, loss 836497.2 (homogeneous 842344.8)
==== 2026-10-10 13:01:04 start si_calendar.nncl.cl_grid slot 7
[1] 1200
WARNING: All log messages before absl::InitializeLog() is called are written to STDERR
I0000 00:00:1791630071.676621   19856 port.cc:153] oneDNN custom operations are on. You may see slightly different numerical results due to floating-point round-off errors from different computation orders. To turn them off, set the environment variable `TF_ENABLE_ONEDNN_OPTS=0`.
WARNING: All log messages before absl::InitializeLog() is called are written to STDERR
I0000 00:00:1791630075.697503   19856 port.cc:153] oneDNN custom operations are on. You may see slightly different numerical results due to floating-point round-off errors from different computation orders. To turn them off, set the environment variable `TF_ENABLE_ONEDNN_OPTS=0`.
WARNING:tensorflow:From C:\Users\26196425\Work\MASTER~3\env\Lib\site-packages\keras\src\backend\common\global_state.py:82: The name tf.reset_default_graph is deprecated. Please use tf.compat.v1.reset_default_graph instead.

WARNING:tensorflow:TensorFlow GPU support is not available on native Windows for TensorFlow >= 2.11. Even if CUDA/cuDNN are installed, GPU will not be used. Please use WSL2 or the TensorFlow-DirectML plugin.
WARNING:tensorflow:5 out of the last 7 calls to <function TensorFlowTrainer.make_predict_function.<locals>.one_step_on_data_distributed at 0x0000020C674B0B80> triggered tf.function retracing. Tracing is expensive and the excessive number of tracings could be due to (1) creating @tf.function repeatedly in a loop, (2) passing tensors with different shapes, (3) passing Python objects instead of tensors. For (1), please define your @tf.function outside of the loop. For (2), @tf.function has reduce_retracing=True option that can avoid unnecessary retracing. For (3), please refer to https://www.tensorflow.org/guide/function#controlling_retracing and https://www.tensorflow.org/api_docs/python/tf/function for  more details.
WARNING:tensorflow:6 out of the last 8 calls to <function TensorFlowTrainer.make_predict_function.<locals>.one_step_on_data_distributed at 0x0000020C674B0B80> triggered tf.function retracing. Tracing is expensive and the excessive number of tracings could be due to (1) creating @tf.function repeatedly in a loop, (2) passing tensors with different shapes, (3) passing Python objects instead of tensors. For (1), please define your @tf.function outside of the loop. For (2), @tf.function has reduce_retracing=True option that can avoid unnecessary retracing. For (3), please refer to https://www.tensorflow.org/guide/function#controlling_retracing and https://www.tensorflow.org/api_docs/python/tf/function for  more details.
clgrid_20-15-10_rmsprop_cl_paper_s2037: 241 s, epochs used 100 100 100 100 100 100 100 100 100 100 100 100 100 100 100 100 100 100 100, loss 836542.8 (homogeneous 842344.8)
clgrid_20_sgd_nesterov_cl_paper_s2038: 237 s, epochs used 100 100 100 100 100 100 100 100 100 100 100 100 100 100 100 100 100 100 100, loss 836976.6 (homogeneous 842344.8)
clgrid_20_adamax_cl_paper_s2038: 239 s, epochs used 100 100 100 100 100 100 100 100 100 100 100 100 100 100 100 100 100 100 100, loss 836418.9 (homogeneous 842344.8)
clgrid_20-20-15_rmsprop_cl_paper_s2038: 244 s, epochs used 100 100 100 100 100 100 100 100 100 100 100 100 100 100 100 100 100 100 100, loss 835505.4 (homogeneous 842344.8)
clgrid_20-15-10_sgd_momentum_cl_start_s2038: 155 s, epochs used 0 24 24 8 500 33 32 31 0 37 0 31 23 10 0 0 0 0 0, loss 840409.7 (homogeneous 842344.8)
clgrid_20-15-10_rmsprop_cl_start_s2038: 143 s, epochs used 0 20 51 36 99 59 149 116 2 15 0 19 7 3 0 2 0 0 0, loss 839467.0 (homogeneous 842344.8)
clgrid_20-15-10_nadam_cl_paper_s2038: 266 s, epochs used 100 100 100 100 100 100 100 100 100 100 100 100 100 100 100 100 100 100 100, loss 835412.4 (homogeneous 842344.8)
clgrid_20_adam_cl_start_s2039: 128 s, epochs used 0 36 81 39 43 91 46 29 0 45 1 2 14 0 0 0 0 0 0, loss 839590.1 (homogeneous 842344.8)
==== 2026-10-10 13:32:13 start si_calendar.nncl.cl_grid slot 7
