==== 2026-10-08 15:47:58 start si_calendar.bccnn.fit.claims_split_refit slot 6
WARNING: All log messages before absl::InitializeLog() is called are written to STDERR
I0000 00:00:1791467284.380426   14444 port.cc:153] oneDNN custom operations are on. You may see slightly different numerical results due to floating-point round-off errors from different computation orders. To turn them off, set the environment variable `TF_ENABLE_ONEDNN_OPTS=0`.
WARNING: All log messages before absl::InitializeLog() is called are written to STDERR
I0000 00:00:1791467287.624676   14444 port.cc:153] oneDNN custom operations are on. You may see slightly different numerical results due to floating-point round-off errors from different computation orders. To turn them off, set the environment variable `TF_ENABLE_ONEDNN_OPTS=0`.
WARNING:tensorflow:From C:\Users\26196425\Work\MASTER~3\env\Lib\site-packages\keras\src\backend\common\global_state.py:82: The name tf.reset_default_graph is deprecated. Please use tf.compat.v1.reset_default_graph instead.

WARNING:tensorflow:TensorFlow GPU support is not available on native Windows for TensorFlow >= 2.11. Even if CUDA/cuDNN are installed, GPU will not be used. Please use WSL2 or the TensorFlow-DirectML plugin.
      early_stopping final_fit total
clock           73.7      28.4 102.1
keras           57.9      27.8  85.7
                                                    quantity         value
1                                              true reserves  2.240632e+05
2                                        CL reserves (ccODP)  2.222542e+05
3                                             bCCNN reserves  2.229591e+05
4                                                    bias CL -1.809018e+03
5                                                 bias bCCNN -1.104070e+03
6                                                bias CL (%) -8.073695e-01
7                                             bias bCCNN (%) -4.927495e-01
8                                       in-sample loss ccODP  3.394078e+03
9                                       in-sample loss bCCNN  3.393890e+03
10                                  out-of-sample loss ccODP  3.271193e+04
11                                  out-of-sample loss bCCNN  3.272067e+04
12                                          dispersion ccODP  1.984841e+01
13                                          dispersion bCCNN  1.958190e+01
14                                    gradient descent steps  4.710000e+02
15 payments after the last development period (not modelled)  5.404133e+03
16                                       amounts in units of  1.000000e+06
                                                      quantity         value
1                               validation run length (epochs)  1.000000e+03
2                             step with lowest validation loss  4.710000e+02
3                                 steps used for the final fit  4.710000e+02
4          in-sample deviance without dropout at start (ccODP)  3.742594e+03
5         in-sample deviance without dropout at the steps used  3.745128e+03
6                             validation loss at start (ccODP)  5.850123e+03
7                            validation loss at the steps used  5.771572e+03
8              decrease in-sample deviance without dropout (%) -6.770392e-02
9  decrease in-sample training loss with dropout (%, Figure 2) -9.393824e-03
10                  decrease out-of-sample validation loss (%)  1.342723e+00
