==== 2026-10-10 08:53:34 start si_calendar.nncl.cl_grid slot 2
[1] 1200
WARNING: All log messages before absl::InitializeLog() is called are written to STDERR
I0000 00:00:1791615221.295395   15612 port.cc:153] oneDNN custom operations are on. You may see slightly different numerical results due to floating-point round-off errors from different computation orders. To turn them off, set the environment variable `TF_ENABLE_ONEDNN_OPTS=0`.
WARNING: All log messages before absl::InitializeLog() is called are written to STDERR
I0000 00:00:1791615225.385704   15612 port.cc:153] oneDNN custom operations are on. You may see slightly different numerical results due to floating-point round-off errors from different computation orders. To turn them off, set the environment variable `TF_ENABLE_ONEDNN_OPTS=0`.
WARNING:tensorflow:From C:\Users\26196425\Work\MASTER~3\env\Lib\site-packages\keras\src\backend\common\global_state.py:82: The name tf.reset_default_graph is deprecated. Please use tf.compat.v1.reset_default_graph instead.

WARNING:tensorflow:TensorFlow GPU support is not available on native Windows for TensorFlow >= 2.11. Even if CUDA/cuDNN are installed, GPU will not be used. Please use WSL2 or the TensorFlow-DirectML plugin.
WARNING:tensorflow:5 out of the last 7 calls to <function TensorFlowTrainer.make_predict_function.<locals>.one_step_on_data_distributed at 0x000001DBE8DABD80> triggered tf.function retracing. Tracing is expensive and the excessive number of tracings could be due to (1) creating @tf.function repeatedly in a loop, (2) passing tensors with different shapes, (3) passing Python objects instead of tensors. For (1), please define your @tf.function outside of the loop. For (2), @tf.function has reduce_retracing=True option that can avoid unnecessary retracing. For (3), please refer to https://www.tensorflow.org/guide/function#controlling_retracing and https://www.tensorflow.org/api_docs/python/tf/function for  more details.
WARNING:tensorflow:6 out of the last 8 calls to <function TensorFlowTrainer.make_predict_function.<locals>.one_step_on_data_distributed at 0x000001DBE8DABD80> triggered tf.function retracing. Tracing is expensive and the excessive number of tracings could be due to (1) creating @tf.function repeatedly in a loop, (2) passing tensors with different shapes, (3) passing Python objects instead of tensors. For (1), please define your @tf.function outside of the loop. For (2), @tf.function has reduce_retracing=True option that can avoid unnecessary retracing. For (3), please refer to https://www.tensorflow.org/guide/function#controlling_retracing and https://www.tensorflow.org/api_docs/python/tf/function for  more details.
clgrid_20_adagrad_cl_paper_s2026: 237 s, epochs used 100 100 100 100 100 100 100 100 100 100 100 100 100 100 100 100 100 100 100, loss 835519.2 (homogeneous 842344.8)
clgrid_20_adamax_cl_paper_s2026: 243 s, epochs used 100 100 100 100 100 100 100 100 100 100 100 100 100 100 100 100 100 100 100, loss 835921.4 (homogeneous 842344.8)
clgrid_20-20-15_adadelta_cl_start_s2026: 134 s, epochs used 6 14 42 31 13 41 84 28 5 148 1 25 49 0 0 0 2 0 0, loss 838648.2 (homogeneous 842344.8)
clgrid_20-20-15_adamax_cl_start_s2026: 130 s, epochs used 17 37 63 29 37 19 44 27 4 21 1 24 39 0 1 1 0 0 0, loss 838180.7 (homogeneous 842344.8)
clgrid_20-15-10_sgd_nesterov_cl_start_s2026: 359 s, epochs used 1 51 474 117 500 269 500 488 3 0 2 0 4 0 0 0 0 23 7, loss 839184.3 (homogeneous 842344.8)
clgrid_20_sgd_cl_start_s2027: 471 s, epochs used 0 214 500 261 500 497 500 500 0 0 11 51 447 1 0 0 0 12 1, loss 839830.9 (homogeneous 842344.8)
clgrid_20-20-15_adagrad_cl_paper_s2027: 243 s, epochs used 100 100 100 100 100 100 100 100 100 100 100 100 100 100 100 100 100 100 100, loss 835583.9 (homogeneous 842344.8)
clgrid_20-20-15_adamax_cl_paper_s2027: 254 s, epochs used 100 100 100 100 100 100 100 100 100 100 100 100 100 100 100 100 100 100 100, loss 836526.3 (homogeneous 842344.8)
==== 2026-10-10 09:31:47 start si_calendar.nncl.cl_grid slot 2
[1] 1200
WARNING: All log messages before absl::InitializeLog() is called are written to STDERR
I0000 00:00:1791617514.192514   18716 port.cc:153] oneDNN custom operations are on. You may see slightly different numerical results due to floating-point round-off errors from different computation orders. To turn them off, set the environment variable `TF_ENABLE_ONEDNN_OPTS=0`.
WARNING: All log messages before absl::InitializeLog() is called are written to STDERR
I0000 00:00:1791617519.923541   18716 port.cc:153] oneDNN custom operations are on. You may see slightly different numerical results due to floating-point round-off errors from different computation orders. To turn them off, set the environment variable `TF_ENABLE_ONEDNN_OPTS=0`.
WARNING:tensorflow:From C:\Users\26196425\Work\MASTER~3\env\Lib\site-packages\keras\src\backend\common\global_state.py:82: The name tf.reset_default_graph is deprecated. Please use tf.compat.v1.reset_default_graph instead.

WARNING:tensorflow:TensorFlow GPU support is not available on native Windows for TensorFlow >= 2.11. Even if CUDA/cuDNN are installed, GPU will not be used. Please use WSL2 or the TensorFlow-DirectML plugin.
WARNING:tensorflow:5 out of the last 7 calls to <function TensorFlowTrainer.make_predict_function.<locals>.one_step_on_data_distributed at 0x000001D862E00900> triggered tf.function retracing. Tracing is expensive and the excessive number of tracings could be due to (1) creating @tf.function repeatedly in a loop, (2) passing tensors with different shapes, (3) passing Python objects instead of tensors. For (1), please define your @tf.function outside of the loop. For (2), @tf.function has reduce_retracing=True option that can avoid unnecessary retracing. For (3), please refer to https://www.tensorflow.org/guide/function#controlling_retracing and https://www.tensorflow.org/api_docs/python/tf/function for  more details.
WARNING:tensorflow:6 out of the last 8 calls to <function TensorFlowTrainer.make_predict_function.<locals>.one_step_on_data_distributed at 0x000001D862E00900> triggered tf.function retracing. Tracing is expensive and the excessive number of tracings could be due to (1) creating @tf.function repeatedly in a loop, (2) passing tensors with different shapes, (3) passing Python objects instead of tensors. For (1), please define your @tf.function outside of the loop. For (2), @tf.function has reduce_retracing=True option that can avoid unnecessary retracing. For (3), please refer to https://www.tensorflow.org/guide/function#controlling_retracing and https://www.tensorflow.org/api_docs/python/tf/function for  more details.
clgrid_20-15-10_rmsprop_cl_paper_s2027: 240 s, epochs used 100 100 100 100 100 100 100 100 100 100 100 100 100 100 100 100 100 100 100, loss 835954.5 (homogeneous 842344.8)
clgrid_20_sgd_nesterov_cl_paper_s2028: 236 s, epochs used 100 100 100 100 100 100 100 100 100 100 100 100 100 100 100 100 100 100 100, loss 836882.9 (homogeneous 842344.8)
clgrid_20_adamw_cl_start_s2028: 118 s, epochs used 0 43 78 45 32 47 39 26 4 37 1 15 6 1 0 0 0 0 0, loss 839571.9 (homogeneous 842344.8)
clgrid_20-20-15_sgd_momentum_cl_start_s2028: 338 s, epochs used 0 197 500 56 500 19 500 12 0 13 0 0 500 18 0 0 0 3 0, loss 839290.4 (homogeneous 842344.8)
clgrid_20-20-15_nadam_cl_paper_s2028: 270 s, epochs used 100 100 100 100 100 100 100 100 100 100 100 100 100 100 100 100 100 100 100, loss 834489.6 (homogeneous 842344.8)
clgrid_20-15-10_rmsprop_cl_start_s2028: 128 s, epochs used 6 44 58 38 25 47 89 31 2 41 2 3 74 1 0 2 0 0 0, loss 838157.3 (homogeneous 842344.8)
clgrid_20-15-10_nadam_cl_start_s2028: 147 s, epochs used 14 61 65 49 34 55 40 34 0 36 3 10 65 1 1 2 0 0 0, loss 838163.9 (homogeneous 842344.8)
clgrid_20_adadelta_cl_start_s2029: 186 s, epochs used 0 32 74 34 375 153 25 20 2 235 0 7 3 2 0 0 0 0 0, loss 839482.7 (homogeneous 842344.8)
==== 2026-10-10 10:03:31 start si_calendar.nncl.cl_grid slot 2
[1] 1200
WARNING: All log messages before absl::InitializeLog() is called are written to STDERR
I0000 00:00:1791619419.142564   18448 port.cc:153] oneDNN custom operations are on. You may see slightly different numerical results due to floating-point round-off errors from different computation orders. To turn them off, set the environment variable `TF_ENABLE_ONEDNN_OPTS=0`.
WARNING: All log messages before absl::InitializeLog() is called are written to STDERR
I0000 00:00:1791619423.913106   18448 port.cc:153] oneDNN custom operations are on. You may see slightly different numerical results due to floating-point round-off errors from different computation orders. To turn them off, set the environment variable `TF_ENABLE_ONEDNN_OPTS=0`.
WARNING:tensorflow:From C:\Users\26196425\Work\MASTER~3\env\Lib\site-packages\keras\src\backend\common\global_state.py:82: The name tf.reset_default_graph is deprecated. Please use tf.compat.v1.reset_default_graph instead.

WARNING:tensorflow:TensorFlow GPU support is not available on native Windows for TensorFlow >= 2.11. Even if CUDA/cuDNN are installed, GPU will not be used. Please use WSL2 or the TensorFlow-DirectML plugin.
WARNING:tensorflow:5 out of the last 7 calls to <function TensorFlowTrainer.make_predict_function.<locals>.one_step_on_data_distributed at 0x000001E62399B880> triggered tf.function retracing. Tracing is expensive and the excessive number of tracings could be due to (1) creating @tf.function repeatedly in a loop, (2) passing tensors with different shapes, (3) passing Python objects instead of tensors. For (1), please define your @tf.function outside of the loop. For (2), @tf.function has reduce_retracing=True option that can avoid unnecessary retracing. For (3), please refer to https://www.tensorflow.org/guide/function#controlling_retracing and https://www.tensorflow.org/api_docs/python/tf/function for  more details.
WARNING:tensorflow:6 out of the last 8 calls to <function TensorFlowTrainer.make_predict_function.<locals>.one_step_on_data_distributed at 0x000001E62399B880> triggered tf.function retracing. Tracing is expensive and the excessive number of tracings could be due to (1) creating @tf.function repeatedly in a loop, (2) passing tensors with different shapes, (3) passing Python objects instead of tensors. For (1), please define your @tf.function outside of the loop. For (2), @tf.function has reduce_retracing=True option that can avoid unnecessary retracing. For (3), please refer to https://www.tensorflow.org/guide/function#controlling_retracing and https://www.tensorflow.org/api_docs/python/tf/function for  more details.
clgrid_20_nadam_cl_start_s2029: 116 s, epochs used 0 44 73 20 36 54 37 24 0 43 0 10 7 1 0 0 0 0 0, loss 839776.7 (homogeneous 842344.8)
clgrid_20-20-15_adadelta_cl_start_s2029: 156 s, epochs used 0 77 48 33 216 22 128 37 3 12 0 34 34 4 4 0 0 0 0, loss 839203.0 (homogeneous 842344.8)
clgrid_20-20-15_adamax_cl_start_s2029: 135 s, epochs used 1 161 72 15 47 25 57 44 3 15 1 25 13 7 0 1 0 0 8, loss 838919.4 (homogeneous 842344.8)
clgrid_20-15-10_sgd_nesterov_cl_paper_s2029: 245 s, epochs used 100 100 100 100 100 100 100 100 100 100 100 100 100 100 100 100 100 100 100, loss 837816.5 (homogeneous 842344.8)
clgrid_20-15-10_adamax_cl_start_s2029: 178 s, epochs used 1 106 23 91 79 37 248 60 0 29 1 38 33 3 0 0 0 0 0, loss 839737.2 (homogeneous 842344.8)
clgrid_20_adadelta_cl_paper_s2030: 247 s, epochs used 100 100 100 100 100 100 100 100 100 100 100 100 100 100 100 100 100 100 100, loss 837190.0 (homogeneous 842344.8)
clgrid_20-20-15_sgd_momentum_cl_paper_s2030: 247 s, epochs used 100 100 100 100 100 100 100 100 100 100 100 100 100 100 100 100 100 100 100, loss 837052.4 (homogeneous 842344.8)
clgrid_20-20-15_adam_cl_start_s2030: 146 s, epochs used 0 58 70 52 28 42 118 28 0 30 3 60 38 0 0 1 0 0 0, loss 839333.8 (homogeneous 842344.8)
==== 2026-10-10 10:32:03 start si_calendar.nncl.cl_grid slot 2
[1] 1200
WARNING: All log messages before absl::InitializeLog() is called are written to STDERR
I0000 00:00:1791621130.305986   19068 port.cc:153] oneDNN custom operations are on. You may see slightly different numerical results due to floating-point round-off errors from different computation orders. To turn them off, set the environment variable `TF_ENABLE_ONEDNN_OPTS=0`.
WARNING: All log messages before absl::InitializeLog() is called are written to STDERR
I0000 00:00:1791621134.136737   19068 port.cc:153] oneDNN custom operations are on. You may see slightly different numerical results due to floating-point round-off errors from different computation orders. To turn them off, set the environment variable `TF_ENABLE_ONEDNN_OPTS=0`.
WARNING:tensorflow:From C:\Users\26196425\Work\MASTER~3\env\Lib\site-packages\keras\src\backend\common\global_state.py:82: The name tf.reset_default_graph is deprecated. Please use tf.compat.v1.reset_default_graph instead.

WARNING:tensorflow:TensorFlow GPU support is not available on native Windows for TensorFlow >= 2.11. Even if CUDA/cuDNN are installed, GPU will not be used. Please use WSL2 or the TensorFlow-DirectML plugin.
WARNING:tensorflow:5 out of the last 7 calls to <function TensorFlowTrainer.make_predict_function.<locals>.one_step_on_data_distributed at 0x0000025B62D8C4A0> triggered tf.function retracing. Tracing is expensive and the excessive number of tracings could be due to (1) creating @tf.function repeatedly in a loop, (2) passing tensors with different shapes, (3) passing Python objects instead of tensors. For (1), please define your @tf.function outside of the loop. For (2), @tf.function has reduce_retracing=True option that can avoid unnecessary retracing. For (3), please refer to https://www.tensorflow.org/guide/function#controlling_retracing and https://www.tensorflow.org/api_docs/python/tf/function for  more details.
WARNING:tensorflow:6 out of the last 8 calls to <function TensorFlowTrainer.make_predict_function.<locals>.one_step_on_data_distributed at 0x0000025B62D8C4A0> triggered tf.function retracing. Tracing is expensive and the excessive number of tracings could be due to (1) creating @tf.function repeatedly in a loop, (2) passing tensors with different shapes, (3) passing Python objects instead of tensors. For (1), please define your @tf.function outside of the loop. For (2), @tf.function has reduce_retracing=True option that can avoid unnecessary retracing. For (3), please refer to https://www.tensorflow.org/guide/function#controlling_retracing and https://www.tensorflow.org/api_docs/python/tf/function for  more details.
clgrid_20-15-10_sgd_momentum_cl_paper_s2030: 243 s, epochs used 100 100 100 100 100 100 100 100 100 100 100 100 100 100 100 100 100 100 100, loss 836650.0 (homogeneous 842344.8)
clgrid_20-15-10_adam_cl_start_s2030: 132 s, epochs used 0 41 59 33 39 35 75 31 5 51 3 21 16 11 1 0 0 0 9, loss 839558.7 (homogeneous 842344.8)
clgrid_20-15-10_nadam_cl_start_s2030: 144 s, epochs used 0 40 48 32 37 56 78 32 7 51 1 32 20 0 1 0 2 0 0, loss 839541.5 (homogeneous 842344.8)
clgrid_20_adadelta_cl_paper_s2031: 244 s, epochs used 100 100 100 100 100 100 100 100 100 100 100 100 100 100 100 100 100 100 100, loss 837637.4 (homogeneous 842344.8)
clgrid_20-20-15_sgd_cl_start_s2031: 413 s, epochs used 0 293 500 47 500 55 500 500 0 14 41 479 7 0 0 0 0 55 18, loss 840483.4 (homogeneous 842344.8)
clgrid_20-15-10_sgd_nesterov_cl_paper_s2031: 248 s, epochs used 100 100 100 100 100 100 100 100 100 100 100 100 100 100 100 100 100 100 100, loss 837660.0 (homogeneous 842344.8)
clgrid_20-15-10_adamw_cl_start_s2031: 131 s, epochs used 6 31 66 18 48 15 99 34 3 15 1 16 20 1 0 0 0 0 0, loss 839658.0 (homogeneous 842344.8)
clgrid_20_sgd_nesterov_cl_paper_s2032: 235 s, epochs used 100 100 100 100 100 100 100 100 100 100 100 100 100 100 100 100 100 100 100, loss 836722.2 (homogeneous 842344.8)
==== 2026-10-10 11:05:46 start si_calendar.nncl.cl_grid slot 2
[1] 1200
WARNING: All log messages before absl::InitializeLog() is called are written to STDERR
I0000 00:00:1791623153.892582    3396 port.cc:153] oneDNN custom operations are on. You may see slightly different numerical results due to floating-point round-off errors from different computation orders. To turn them off, set the environment variable `TF_ENABLE_ONEDNN_OPTS=0`.
WARNING: All log messages before absl::InitializeLog() is called are written to STDERR
I0000 00:00:1791623158.064485    3396 port.cc:153] oneDNN custom operations are on. You may see slightly different numerical results due to floating-point round-off errors from different computation orders. To turn them off, set the environment variable `TF_ENABLE_ONEDNN_OPTS=0`.
WARNING:tensorflow:From C:\Users\26196425\Work\MASTER~3\env\Lib\site-packages\keras\src\backend\common\global_state.py:82: The name tf.reset_default_graph is deprecated. Please use tf.compat.v1.reset_default_graph instead.

WARNING:tensorflow:TensorFlow GPU support is not available on native Windows for TensorFlow >= 2.11. Even if CUDA/cuDNN are installed, GPU will not be used. Please use WSL2 or the TensorFlow-DirectML plugin.
WARNING:tensorflow:5 out of the last 7 calls to <function TensorFlowTrainer.make_predict_function.<locals>.one_step_on_data_distributed at 0x0000026F261FBB00> triggered tf.function retracing. Tracing is expensive and the excessive number of tracings could be due to (1) creating @tf.function repeatedly in a loop, (2) passing tensors with different shapes, (3) passing Python objects instead of tensors. For (1), please define your @tf.function outside of the loop. For (2), @tf.function has reduce_retracing=True option that can avoid unnecessary retracing. For (3), please refer to https://www.tensorflow.org/guide/function#controlling_retracing and https://www.tensorflow.org/api_docs/python/tf/function for  more details.
WARNING:tensorflow:6 out of the last 8 calls to <function TensorFlowTrainer.make_predict_function.<locals>.one_step_on_data_distributed at 0x0000026F261FBB00> triggered tf.function retracing. Tracing is expensive and the excessive number of tracings could be due to (1) creating @tf.function repeatedly in a loop, (2) passing tensors with different shapes, (3) passing Python objects instead of tensors. For (1), please define your @tf.function outside of the loop. For (2), @tf.function has reduce_retracing=True option that can avoid unnecessary retracing. For (3), please refer to https://www.tensorflow.org/guide/function#controlling_retracing and https://www.tensorflow.org/api_docs/python/tf/function for  more details.
clgrid_20_adamax_cl_paper_s2032: 242 s, epochs used 100 100 100 100 100 100 100 100 100 100 100 100 100 100 100 100 100 100 100, loss 836675.6 (homogeneous 842344.8)
clgrid_20-20-15_rmsprop_cl_paper_s2032: 245 s, epochs used 100 100 100 100 100 100 100 100 100 100 100 100 100 100 100 100 100 100 100, loss 835835.8 (homogeneous 842344.8)
clgrid_20-15-10_sgd_cl_start_s2032: 440 s, epochs used 6 482 500 500 84 24 500 500 0 500 1 100 0 0 0 0 0 42 31, loss 839520.2 (homogeneous 842344.8)
clgrid_20_sgd_nesterov_cl_start_s2033: 167 s, epochs used 0 18 127 51 87 54 91 24 1 406 0 0 10 0 1 0 0 4 0, loss 839728.5 (homogeneous 842344.8)
clgrid_20_adamw_cl_paper_s2033: 248 s, epochs used 100 100 100 100 100 100 100 100 100 100 100 100 100 100 100 100 100 100 100, loss 836420.3 (homogeneous 842344.8)
clgrid_20-20-15_adadelta_cl_start_s2033: 146 s, epochs used 0 15 49 41 14 32 122 31 5 129 5 10 75 0 1 3 0 0 0, loss 839768.7 (homogeneous 842344.8)
clgrid_20-20-15_adamax_cl_paper_s2033: 250 s, epochs used 100 100 100 100 100 100 100 100 100 100 100 100 100 100 100 100 100 100 100, loss 836232.4 (homogeneous 842344.8)
clgrid_20-15-10_rmsprop_cl_paper_s2033: 260 s, epochs used 100 100 100 100 100 100 100 100 100 100 100 100 100 100 100 100 100 100 100, loss 836050.1 (homogeneous 842344.8)
==== 2026-10-10 11:42:34 start si_calendar.nncl.cl_grid slot 2
[1] 1200
WARNING: All log messages before absl::InitializeLog() is called are written to STDERR
I0000 00:00:1791625361.810484   20424 port.cc:153] oneDNN custom operations are on. You may see slightly different numerical results due to floating-point round-off errors from different computation orders. To turn them off, set the environment variable `TF_ENABLE_ONEDNN_OPTS=0`.
WARNING: All log messages before absl::InitializeLog() is called are written to STDERR
I0000 00:00:1791625366.090858   20424 port.cc:153] oneDNN custom operations are on. You may see slightly different numerical results due to floating-point round-off errors from different computation orders. To turn them off, set the environment variable `TF_ENABLE_ONEDNN_OPTS=0`.
WARNING:tensorflow:From C:\Users\26196425\Work\MASTER~3\env\Lib\site-packages\keras\src\backend\common\global_state.py:82: The name tf.reset_default_graph is deprecated. Please use tf.compat.v1.reset_default_graph instead.

WARNING:tensorflow:TensorFlow GPU support is not available on native Windows for TensorFlow >= 2.11. Even if CUDA/cuDNN are installed, GPU will not be used. Please use WSL2 or the TensorFlow-DirectML plugin.
WARNING:tensorflow:5 out of the last 7 calls to <function TensorFlowTrainer.make_predict_function.<locals>.one_step_on_data_distributed at 0x0000023381737E20> triggered tf.function retracing. Tracing is expensive and the excessive number of tracings could be due to (1) creating @tf.function repeatedly in a loop, (2) passing tensors with different shapes, (3) passing Python objects instead of tensors. For (1), please define your @tf.function outside of the loop. For (2), @tf.function has reduce_retracing=True option that can avoid unnecessary retracing. For (3), please refer to https://www.tensorflow.org/guide/function#controlling_retracing and https://www.tensorflow.org/api_docs/python/tf/function for  more details.
WARNING:tensorflow:6 out of the last 8 calls to <function TensorFlowTrainer.make_predict_function.<locals>.one_step_on_data_distributed at 0x0000023381737E20> triggered tf.function retracing. Tracing is expensive and the excessive number of tracings could be due to (1) creating @tf.function repeatedly in a loop, (2) passing tensors with different shapes, (3) passing Python objects instead of tensors. For (1), please define your @tf.function outside of the loop. For (2), @tf.function has reduce_retracing=True option that can avoid unnecessary retracing. For (3), please refer to https://www.tensorflow.org/guide/function#controlling_retracing and https://www.tensorflow.org/api_docs/python/tf/function for  more details.
clgrid_20_sgd_nesterov_cl_start_s2034: 164 s, epochs used 0 43 87 31 20 194 90 88 0 199 3 30 53 0 0 0 0 0 0, loss 839601.8 (homogeneous 842344.8)
clgrid_20_adam_cl_start_s2034: 131 s, epochs used 0 46 93 39 30 61 68 26 0 22 1 14 25 0 0 0 0 0 0, loss 839639.3 (homogeneous 842344.8)
clgrid_20-20-15_sgd_cl_start_s2034: 550 s, epochs used 0 390 500 463 500 376 500 500 0 265 0 0 500 4 4 0 1 0 30, loss 839847.2 (homogeneous 842344.8)
clgrid_20-15-10_adadelta_cl_paper_s2034: 268 s, epochs used 100 100 100 100 100 100 100 100 100 100 100 100 100 100 100 100 100 100 100, loss 834071.0 (homogeneous 842344.8)
clgrid_20_sgd_momentum_cl_paper_s2035: 242 s, epochs used 100 100 100 100 100 100 100 100 100 100 100 100 100 100 100 100 100 100 100, loss 836870.9 (homogeneous 842344.8)
clgrid_20_adamw_cl_paper_s2035: 249 s, epochs used 100 100 100 100 100 100 100 100 100 100 100 100 100 100 100 100 100 100 100, loss 836458.6 (homogeneous 842344.8)
clgrid_20-20-15_adadelta_cl_start_s2035: 213 s, epochs used 0 15 69 37 87 136 325 25 3 330 1 3 34 0 1 0 0 0 0, loss 839696.8 (homogeneous 842344.8)
clgrid_20-20-15_nadam_cl_start_s2035: 142 s, epochs used 1 25 59 14 77 48 111 28 2 43 1 4 60 0 1 1 0 0 0, loss 839827.5 (homogeneous 842344.8)
==== 2026-10-10 12:18:43 start si_calendar.nncl.cl_grid slot 2
[1] 1200
WARNING: All log messages before absl::InitializeLog() is called are written to STDERR
I0000 00:00:1791627529.875239    9872 port.cc:153] oneDNN custom operations are on. You may see slightly different numerical results due to floating-point round-off errors from different computation orders. To turn them off, set the environment variable `TF_ENABLE_ONEDNN_OPTS=0`.
WARNING: All log messages before absl::InitializeLog() is called are written to STDERR
I0000 00:00:1791627533.431611    9872 port.cc:153] oneDNN custom operations are on. You may see slightly different numerical results due to floating-point round-off errors from different computation orders. To turn them off, set the environment variable `TF_ENABLE_ONEDNN_OPTS=0`.
WARNING:tensorflow:From C:\Users\26196425\Work\MASTER~3\env\Lib\site-packages\keras\src\backend\common\global_state.py:82: The name tf.reset_default_graph is deprecated. Please use tf.compat.v1.reset_default_graph instead.

WARNING:tensorflow:TensorFlow GPU support is not available on native Windows for TensorFlow >= 2.11. Even if CUDA/cuDNN are installed, GPU will not be used. Please use WSL2 or the TensorFlow-DirectML plugin.
WARNING:tensorflow:5 out of the last 7 calls to <function TensorFlowTrainer.make_predict_function.<locals>.one_step_on_data_distributed at 0x000001492F7F14E0> triggered tf.function retracing. Tracing is expensive and the excessive number of tracings could be due to (1) creating @tf.function repeatedly in a loop, (2) passing tensors with different shapes, (3) passing Python objects instead of tensors. For (1), please define your @tf.function outside of the loop. For (2), @tf.function has reduce_retracing=True option that can avoid unnecessary retracing. For (3), please refer to https://www.tensorflow.org/guide/function#controlling_retracing and https://www.tensorflow.org/api_docs/python/tf/function for  more details.
WARNING:tensorflow:6 out of the last 8 calls to <function TensorFlowTrainer.make_predict_function.<locals>.one_step_on_data_distributed at 0x000001492F7F14E0> triggered tf.function retracing. Tracing is expensive and the excessive number of tracings could be due to (1) creating @tf.function repeatedly in a loop, (2) passing tensors with different shapes, (3) passing Python objects instead of tensors. For (1), please define your @tf.function outside of the loop. For (2), @tf.function has reduce_retracing=True option that can avoid unnecessary retracing. For (3), please refer to https://www.tensorflow.org/guide/function#controlling_retracing and https://www.tensorflow.org/api_docs/python/tf/function for  more details.
clgrid_20-15-10_adadelta_cl_paper_s2035: 252 s, epochs used 100 100 100 100 100 100 100 100 100 100 100 100 100 100 100 100 100 100 100, loss 834480.5 (homogeneous 842344.8)
clgrid_20_sgd_nesterov_cl_paper_s2036: 240 s, epochs used 100 100 100 100 100 100 100 100 100 100 100 100 100 100 100 100 100 100 100, loss 836585.6 (homogeneous 842344.8)
clgrid_20_adamax_cl_paper_s2036: 241 s, epochs used 100 100 100 100 100 100 100 100 100 100 100 100 100 100 100 100 100 100 100, loss 836398.4 (homogeneous 842344.8)
clgrid_20-20-15_rmsprop_cl_paper_s2036: 245 s, epochs used 100 100 100 100 100 100 100 100 100 100 100 100 100 100 100 100 100 100 100, loss 833880.5 (homogeneous 842344.8)
clgrid_20-15-10_sgd_momentum_cl_start_s2036: 167 s, epochs used 0 46 216 13 132 18 8 327 0 3 15 0 45 5 0 0 0 0 9, loss 840105.5 (homogeneous 842344.8)
clgrid_20-15-10_rmsprop_cl_paper_s2036: 252 s, epochs used 100 100 100 100 100 100 100 100 100 100 100 100 100 100 100 100 100 100 100, loss 835328.8 (homogeneous 842344.8)
clgrid_20_sgd_nesterov_cl_paper_s2037: 239 s, epochs used 100 100 100 100 100 100 100 100 100 100 100 100 100 100 100 100 100 100 100, loss 835740.6 (homogeneous 842344.8)
clgrid_20_adamax_cl_start_s2037: 148 s, epochs used 0 42 141 54 53 73 50 40 3 73 1 23 43 0 0 1 0 0 0, loss 839754.5 (homogeneous 842344.8)
==== 2026-10-10 12:52:13 start si_calendar.nncl.cl_grid slot 2
[1] 1200
WARNING: All log messages before absl::InitializeLog() is called are written to STDERR
I0000 00:00:1791629540.753521   14580 port.cc:153] oneDNN custom operations are on. You may see slightly different numerical results due to floating-point round-off errors from different computation orders. To turn them off, set the environment variable `TF_ENABLE_ONEDNN_OPTS=0`.
WARNING: All log messages before absl::InitializeLog() is called are written to STDERR
I0000 00:00:1791629544.854715   14580 port.cc:153] oneDNN custom operations are on. You may see slightly different numerical results due to floating-point round-off errors from different computation orders. To turn them off, set the environment variable `TF_ENABLE_ONEDNN_OPTS=0`.
WARNING:tensorflow:From C:\Users\26196425\Work\MASTER~3\env\Lib\site-packages\keras\src\backend\common\global_state.py:82: The name tf.reset_default_graph is deprecated. Please use tf.compat.v1.reset_default_graph instead.

WARNING:tensorflow:TensorFlow GPU support is not available on native Windows for TensorFlow >= 2.11. Even if CUDA/cuDNN are installed, GPU will not be used. Please use WSL2 or the TensorFlow-DirectML plugin.
WARNING:tensorflow:5 out of the last 7 calls to <function TensorFlowTrainer.make_predict_function.<locals>.one_step_on_data_distributed at 0x000001C967A90400> triggered tf.function retracing. Tracing is expensive and the excessive number of tracings could be due to (1) creating @tf.function repeatedly in a loop, (2) passing tensors with different shapes, (3) passing Python objects instead of tensors. For (1), please define your @tf.function outside of the loop. For (2), @tf.function has reduce_retracing=True option that can avoid unnecessary retracing. For (3), please refer to https://www.tensorflow.org/guide/function#controlling_retracing and https://www.tensorflow.org/api_docs/python/tf/function for  more details.
WARNING:tensorflow:6 out of the last 8 calls to <function TensorFlowTrainer.make_predict_function.<locals>.one_step_on_data_distributed at 0x000001C967A90400> triggered tf.function retracing. Tracing is expensive and the excessive number of tracings could be due to (1) creating @tf.function repeatedly in a loop, (2) passing tensors with different shapes, (3) passing Python objects instead of tensors. For (1), please define your @tf.function outside of the loop. For (2), @tf.function has reduce_retracing=True option that can avoid unnecessary retracing. For (3), please refer to https://www.tensorflow.org/guide/function#controlling_retracing and https://www.tensorflow.org/api_docs/python/tf/function for  more details.
clgrid_20-20-15_adagrad_cl_start_s2037: 247 s, epochs used 1 46 127 58 51 151 500 109 1 500 1 0 9 0 0 1 0 0 0, loss 839141.8 (homogeneous 842344.8)
clgrid_20-20-15_nadam_cl_start_s2037: 138 s, epochs used 1 36 61 37 35 38 61 28 1 45 1 24 40 0 0 1 0 0 0, loss 839498.9 (homogeneous 842344.8)
clgrid_20-15-10_adadelta_cl_paper_s2037: 253 s, epochs used 100 100 100 100 100 100 100 100 100 100 100 100 100 100 100 100 100 100 100, loss 840337.7 (homogeneous 842344.8)
clgrid_20_sgd_cl_paper_s2038: 234 s, epochs used 100 100 100 100 100 100 100 100 100 100 100 100 100 100 100 100 100 100 100, loss 837062.0 (homogeneous 842344.8)
clgrid_20_adam_cl_start_s2038: 122 s, epochs used 5 26 22 18 35 33 156 18 0 14 0 18 6 0 0 0 0 0 0, loss 839276.6 (homogeneous 842344.8)
clgrid_20-20-15_sgd_cl_paper_s2038: 238 s, epochs used 100 100 100 100 100 100 100 100 100 100 100 100 100 100 100 100 100 100 100, loss 837738.9 (homogeneous 842344.8)
clgrid_20-20-15_adam_cl_paper_s2038: 258 s, epochs used 100 100 100 100 100 100 100 100 100 100 100 100 100 100 100 100 100 100 100, loss 835293.7 (homogeneous 842344.8)
clgrid_20-15-10_adagrad_cl_start_s2038: 308 s, epochs used 0 24 127 14 497 469 500 288 2 3 2 5 83 1 0 4 0 2 0, loss 839787.0 (homogeneous 842344.8)
==== 2026-10-10 13:26:05 start si_calendar.nncl.cl_grid slot 2
[1] 1200
WARNING: All log messages before absl::InitializeLog() is called are written to STDERR
I0000 00:00:1791631572.442152   11352 port.cc:153] oneDNN custom operations are on. You may see slightly different numerical results due to floating-point round-off errors from different computation orders. To turn them off, set the environment variable `TF_ENABLE_ONEDNN_OPTS=0`.
WARNING: All log messages before absl::InitializeLog() is called are written to STDERR
I0000 00:00:1791631576.412957   11352 port.cc:153] oneDNN custom operations are on. You may see slightly different numerical results due to floating-point round-off errors from different computation orders. To turn them off, set the environment variable `TF_ENABLE_ONEDNN_OPTS=0`.
WARNING:tensorflow:From C:\Users\26196425\Work\MASTER~3\env\Lib\site-packages\keras\src\backend\common\global_state.py:82: The name tf.reset_default_graph is deprecated. Please use tf.compat.v1.reset_default_graph instead.

WARNING:tensorflow:TensorFlow GPU support is not available on native Windows for TensorFlow >= 2.11. Even if CUDA/cuDNN are installed, GPU will not be used. Please use WSL2 or the TensorFlow-DirectML plugin.
WARNING:tensorflow:5 out of the last 7 calls to <function TensorFlowTrainer.make_predict_function.<locals>.one_step_on_data_distributed at 0x0000021356EEBF60> triggered tf.function retracing. Tracing is expensive and the excessive number of tracings could be due to (1) creating @tf.function repeatedly in a loop, (2) passing tensors with different shapes, (3) passing Python objects instead of tensors. For (1), please define your @tf.function outside of the loop. For (2), @tf.function has reduce_retracing=True option that can avoid unnecessary retracing. For (3), please refer to https://www.tensorflow.org/guide/function#controlling_retracing and https://www.tensorflow.org/api_docs/python/tf/function for  more details.
WARNING:tensorflow:6 out of the last 8 calls to <function TensorFlowTrainer.make_predict_function.<locals>.one_step_on_data_distributed at 0x0000021356EEBF60> triggered tf.function retracing. Tracing is expensive and the excessive number of tracings could be due to (1) creating @tf.function repeatedly in a loop, (2) passing tensors with different shapes, (3) passing Python objects instead of tensors. For (1), please define your @tf.function outside of the loop. For (2), @tf.function has reduce_retracing=True option that can avoid unnecessary retracing. For (3), please refer to https://www.tensorflow.org/guide/function#controlling_retracing and https://www.tensorflow.org/api_docs/python/tf/function for  more details.
clgrid_20_sgd_nesterov_cl_paper_s2039: 233 s, epochs used 100 100 100 100 100 100 100 100 100 100 100 100 100 100 100 100 100 100 100, loss 836941.5 (homogeneous 842344.8)
