==== 2026-10-10 15:55:37 start si_calendar.nncl.cl_grid.analysis slot 7
runs of the grids
   grid cl_grid 
   1200    1200 
nagging predictors 
               240 
       AY   dev_0   dev_1   dev_2   dev_3   dev_4   dev_5   dev_6   dev_7
    <int>   <num>   <num>   <num>   <num>   <num>   <num>   <num>   <num>
 1:     1   871.5  2363.8  3216.9  3848.7  4177.7  4444.4  4635.1  4799.6
 2:     2   940.6  2658.0  3709.2  4372.8  4798.7  5098.7  5344.2  5530.5
 3:     3  1164.2  3636.6  4868.2  5765.1  6403.3  6793.8  7016.8  7252.1
 4:     4  1368.1  3612.0  5047.7  5967.1  6648.9  7232.1  7521.0  7825.9
 5:     5  1599.3  4161.5  5799.2  6827.1  7600.5  8063.7  8361.3  8627.9
 6:     6  1924.0  5064.4  7149.6  8376.1  9351.2  9958.2 10394.4 10678.9
 7:     7  2283.4  6056.6  8358.8  9765.3 10859.5 11752.4 12379.7 12717.3
 8:     8  2589.5  6886.0  9484.5 11235.5 12396.2 13520.2 14012.2 14362.8
 9:     9  2988.5  7915.6 11028.6 13475.0 14914.3 15969.1 16487.1 17144.0
10:    10  3460.9  9381.4 13393.1 15759.5 17683.1 18838.0 19667.6 20154.3
11:    11  4177.4 11279.4 15762.6 18529.3 20802.0 22018.7 23011.1 23812.5
12:    12  4862.6 13201.1 18679.8 21907.3 24298.0 25789.5 26625.2 27373.9
13:    13  5871.9 15617.7 21725.2 25480.4 28208.8 29866.7 31145.1 32205.1
14:    14  6225.4 18162.5 24715.7 29313.7 32514.8 35256.1 36745.4      NA
15:    15  7605.0 20982.9 29973.8 35228.6 38617.3 40881.9      NA      NA
16:    16  8837.0 23739.8 33389.6 39898.9 43776.7      NA      NA      NA
17:    17 10687.1 29236.1 40365.5 47146.6      NA      NA      NA      NA
18:    18 12694.3 33634.3 46823.3      NA      NA      NA      NA      NA
19:    19 14997.4 39918.9      NA      NA      NA      NA      NA      NA
20:    20 16525.5      NA      NA      NA      NA      NA      NA      NA
       AY   dev_0   dev_1   dev_2   dev_3   dev_4   dev_5   dev_6   dev_7
    <int>   <num>   <num>   <num>   <num>   <num>   <num>   <num>   <num>
      dev_8   dev_9  dev_10  dev_11  dev_12  dev_13  dev_14 dev_15 dev_16
      <num>   <num>   <num>   <num>   <num>   <num>   <num>  <num>  <num>
 1:  4861.3  4990.8  5061.4  5112.1  5162.6  5193.6  5203.0 5215.6 5260.9
 2:  5620.6  5729.5  5810.6  5894.8  5951.8  5987.3  6030.0 6036.9 6056.1
 3:  7381.3  7468.7  7559.0  7628.1  7643.9  7671.4  7683.9 7686.7 7715.6
 4:  8058.7  8303.2  8483.2  8522.7  8660.4  8672.1  8707.2 8795.4 8816.0
 5:  8873.3  9024.7  9220.3  9315.5  9385.3  9458.0  9493.8 9499.8     NA
 6: 11089.5 11301.2 11476.0 11539.3 11668.2 11810.7 11854.2     NA     NA
 7: 12902.2 13075.1 13224.2 13322.6 13405.2 13496.6      NA     NA     NA
 8: 14617.8 14732.9 14989.5 15088.8 15207.6      NA      NA     NA     NA
 9: 17528.8 17833.6 17992.7 18073.6      NA      NA      NA     NA     NA
10: 20860.7 21252.9 22061.4      NA      NA      NA      NA     NA     NA
11: 24417.7 24596.0      NA      NA      NA      NA      NA     NA     NA
12: 27914.0      NA      NA      NA      NA      NA      NA     NA     NA
13:      NA      NA      NA      NA      NA      NA      NA     NA     NA
14:      NA      NA      NA      NA      NA      NA      NA     NA     NA
15:      NA      NA      NA      NA      NA      NA      NA     NA     NA
16:      NA      NA      NA      NA      NA      NA      NA     NA     NA
17:      NA      NA      NA      NA      NA      NA      NA     NA     NA
18:      NA      NA      NA      NA      NA      NA      NA     NA     NA
19:      NA      NA      NA      NA      NA      NA      NA     NA     NA
20:      NA      NA      NA      NA      NA      NA      NA     NA     NA
      dev_8   dev_9  dev_10  dev_11  dev_12  dev_13  dev_14 dev_15 dev_16
      <num>   <num>   <num>   <num>   <num>   <num>   <num>  <num>  <num>
    dev_17 dev_18 dev_19 ultimate
     <num>  <num>  <num>    <num>
 1: 5263.9 5264.2   5265   5265.0
 2: 6201.3 6201.3     NA   6206.6
 3: 7717.2     NA     NA   7723.2
 4:     NA     NA     NA   8837.0
 5:     NA     NA     NA   9557.2
 6:     NA     NA     NA  11900.3
 7:     NA     NA     NA  13630.7
 8:     NA     NA     NA  15420.1
 9:     NA     NA     NA  18274.0
10:     NA     NA     NA  23038.2
11:     NA     NA     NA  25597.3
12:     NA     NA     NA  30350.3
13:     NA     NA     NA  34789.7
14:     NA     NA     NA  42712.3
15:     NA     NA     NA  49813.8
16:     NA     NA     NA  56980.8
17:     NA     NA     NA  65850.2
18:     NA     NA     NA  77493.0
19:     NA     NA     NA  89944.2
20:     NA     NA     NA 105405.2
    dev_17 dev_18 dev_19 ultimate
     <num>  <num>  <num>    <num>
        AY     true       NN NN_zero_claims       CL msep_sqrt
    <char>    <num>    <num>          <num>    <num>     <num>
 1:      1      0.0      0.0            0.0      0.0       0.0
 2:      2      5.3    -45.0            0.0      0.9       0.0
 3:      3      6.0   -121.4            0.0      1.3       0.4
 4:      4     21.0     85.5            0.0     70.9     121.9
 5:      5     57.3    221.9            0.0    115.8     130.9
 6:      6     46.1    332.3            0.0    182.2     159.7
 7:      7    134.2    359.5            0.0    257.7     176.4
 8:      8    212.5    721.1            0.0    393.6     198.7
 9:      9    200.4    922.5            0.0    628.2     233.6
10:     10    976.8   1885.8            0.0    932.3     276.5
11:     11   1001.4   2562.2            0.0   1527.7     364.7
12:     12   2436.3   3624.6            0.0   2190.1     429.0
13:     13   2584.6   5539.3            0.0   3360.3     518.7
14:     14   5966.9   8028.2            0.0   5113.7     600.5
15:     15   8931.9  11530.2            0.0   7587.0     692.7
16:     16  13204.0  16223.5            0.0  11640.1     859.8
17:     17  18703.6  23509.7            0.0  18907.1    1036.0
18:     18  30669.7  38753.0          188.9  30593.0    1272.7
19:     19  50025.3  63974.5          159.1  52138.0    1659.4
20:     20  88879.6 100872.5         1726.0  86614.2    2656.3
21:  total 224063.2 278980.0         2074.1 222254.2    7188.2
        AY     true       NN NN_zero_claims       CL msep_sqrt
    <char>    <num>    <num>          <num>    <num>     <num>
Key: <i>
        i cells zero_cells zero_claims  true NN_zero_claims
    <int> <int>      <int>       <int> <num>          <num>
 1:     2   163          0           0   0.0            0.0
 2:     3   164          0           0   0.0            0.0
 3:     4   169          0           0   0.0            0.0
 4:     5   166          0           0   0.0            0.0
 5:     6   163          0           0   0.0            0.0
 6:     7   173          0           0   0.0            0.0
 7:     8   172          0           0   0.0            0.0
 8:     9   167          0           0   0.0            0.0
 9:    10   168          0           0   0.0            0.0
10:    11   162          0           0   0.0            0.0
11:    12   172          0           0   0.0            0.0
12:    13   167          0           0   0.0            0.0
13:    14   172          0           0   0.0            0.0
14:    15   166          0           0   0.0            0.0
15:    16   169          0           0   0.0            0.0
16:    17   161          0           0   0.0            0.0
17:    18   172          0           0   0.0          188.9
18:    19   173          3           4 627.7          159.1
19:    20   164         13          19 814.2         1726.0
Key: <model>
         model        1       2       3       4       5       6      7      8
        <fctr>    <num>   <num>   <num>   <num>   <num>   <num>  <num>  <num>
1: homogeneous 621667.5 70406.3 38814.9 32425.6 40826.1 20526.8 5576.8 2404.7
2:    paper_q5 763593.4 78815.9 43097.2 36444.7 43830.1 22987.3 7754.5 4222.6
3:   paper_q10 641391.4 69302.0 38407.7 32127.3 40738.9 20722.0 5629.3 2517.9
4:   paper_q20 627114.0 69385.2 38187.1 31986.0 40550.5 20549.1 5547.2 2462.4
        9     10     11     12     13    14    15    16     17    18    19
    <num>  <num>  <num>  <num>  <num> <num> <num> <num>  <num> <num> <num>
1: 2426.7 2752.4  551.9  611.6  444.4 204.5  94.3  16.2 2594.2   0.0   0.0
2: 3887.2 3973.6 1511.6 1410.6 1093.6 694.9 466.1 303.3 2780.8 113.8  54.8
3: 2538.0 2794.4  648.0  675.5  497.1 253.9 134.1  43.7 2625.4  13.4   5.2
4: 2476.5 2709.9  598.2  640.7  451.5 225.6 109.3  28.9 2590.0   5.2   2.4
             run     true       CL  reserve zero_claims zero_claims_pooled
          <char>    <num>    <num>    <num>       <num>              <num>
1:      paper_q5 224063.2 222254.2 878458.9      2074.1                  0
2:     paper_q10 224063.2 222254.2 264425.4      2074.1                  0
3:     paper_q20 224063.2 222254.2 278980.0      2074.1                  0
4:       s1_adam 224063.2 222254.2 261554.9      2074.1                  0
5: s2_early_stop 224063.2 222254.2 247478.6      2074.1                  0
6:   s3_cl_start 224063.2 222254.2 224125.8      2074.1                  0
7:    s4_balance 224063.2 222254.2 224112.0      2074.1                  0
        loss loss_vali bias_pct bias_cl_pct
       <num>     <num>    <num>       <num>
1: 1017036.0  286721.7    292.1        -0.8
2:  861065.3  247970.3     18.0        -0.8
3:  845619.7  248644.3     24.5        -0.8
4:  856369.8  250573.3     16.7        -0.8
5:  840237.1  248199.2     10.5        -0.8
6:  839607.9  243492.0      0.0        -0.8
7:  839606.4  243490.5      0.0        -0.8
      hidden    optimizer   training seeds diverged reserve_mean  reserve_sd
      <char>       <char>     <char> <int>    <int>        <num>       <num>
 1:       20          sgd early_stop    20        0     279134.0    38574.58
 2:       20 sgd_momentum early_stop    20        0     194594.9    69978.85
 3:       20 sgd_nesterov early_stop    20        0     218033.1    40590.08
 4:       20      adagrad early_stop    20        0     238973.9    20775.06
 5:       20     adadelta early_stop    20        0     238233.1    86948.52
 6:       20      rmsprop early_stop    20        0     220713.4    71965.25
 7:       20         adam early_stop    20        0     277464.3   130684.44
 8:       20        adamw early_stop    20        0     277243.1   130544.39
 9:       20       adamax early_stop    20        0     330675.6   224393.74
10:       20        nadam early_stop    20        0     268215.1   118675.36
11: 20-20-15          sgd early_stop    20        0     247840.6    10639.06
12: 20-20-15 sgd_momentum early_stop    20        0     192470.0    44759.11
13: 20-20-15 sgd_nesterov early_stop    20        0     200359.8    53914.38
14: 20-20-15      adagrad early_stop    20        0     223000.9    35179.52
15: 20-20-15     adadelta early_stop    20        0     227792.6    22248.54
16: 20-20-15      rmsprop early_stop    20        0     185227.1    22005.96
17: 20-20-15         adam early_stop    20        0     228545.8    30837.75
18: 20-20-15        adamw early_stop    20        0     228434.5    30872.89
19: 20-20-15       adamax early_stop    20        0     250332.4    30629.73
20: 20-20-15        nadam early_stop    20        0     244684.6    20739.04
21: 20-15-10          sgd early_stop    20        0     267368.6    27401.80
22: 20-15-10 sgd_momentum early_stop    20        0     213643.7    40835.54
23: 20-15-10 sgd_nesterov early_stop    20        0     205720.0    43326.67
24: 20-15-10      adagrad early_stop    20        0     235214.0    51017.70
25: 20-15-10     adadelta early_stop    20        0     234955.0    36875.86
26: 20-15-10      rmsprop early_stop    20        0     191273.6    20138.93
27: 20-15-10         adam early_stop    20        0     257890.1    98774.38
28: 20-15-10        adamw early_stop    20        0     257657.5    98504.81
29: 20-15-10       adamax early_stop    20        0     316114.8   225206.38
30: 20-15-10        nadam early_stop    20        0     265348.2   101277.76
31:       20          sgd      paper    20        0     711046.8   731219.13
32:       20 sgd_momentum      paper    20        0     236310.1    23969.68
33:       20 sgd_nesterov      paper    20        0     246262.7    10298.95
34:       20      adagrad      paper    20        0     293012.9   101357.86
35:       20     adadelta      paper    20        0     943771.5  2094401.14
36:       20      rmsprop      paper    20        0     294272.9    89716.70
37:       20         adam      paper    20        0     959414.5  1870051.91
38:       20        adamw      paper    20        0     956807.0  1861689.96
39:       20       adamax      paper    20        0   17365517.1 69353813.02
40:       20        nadam      paper    20        0    1330260.5  3111015.93
41: 20-20-15          sgd      paper    20        0     313772.8    41449.22
42: 20-20-15 sgd_momentum      paper    20        6     196443.2    50661.01
43: 20-20-15 sgd_nesterov      paper    20        8     184879.2    53495.64
44: 20-20-15      adagrad      paper    20        0     257790.4    19575.76
45: 20-20-15     adadelta      paper    20        0     269571.2    41169.71
46: 20-20-15      rmsprop      paper    20        0     270963.3    72815.77
47: 20-20-15         adam      paper    20        0     267970.7    35996.81
48: 20-20-15        adamw      paper    20        0     267838.1    35894.56
49: 20-20-15       adamax      paper    20        0     528477.0   708061.27
50: 20-20-15        nadam      paper    20        0     270501.1    39427.52
51: 20-15-10          sgd      paper    20        0     400317.6   115153.83
52: 20-15-10 sgd_momentum      paper    20        2     171634.2   109241.06
53: 20-15-10 sgd_nesterov      paper    20        7     160592.6   110876.70
54: 20-15-10      adagrad      paper    20        0     276649.8    53257.35
55: 20-15-10     adadelta      paper    20        0     368363.7   303227.04
56: 20-15-10      rmsprop      paper    20        0     238877.5    63704.20
57: 20-15-10         adam      paper    20        0     366148.1   316452.10
58: 20-15-10        adamw      paper    20        0     365662.0   315431.53
59: 20-15-10       adamax      paper    20        0    2361786.5  7446271.72
60: 20-15-10        nadam      paper    20        0     417688.6   470729.67
      hidden    optimizer   training seeds diverged reserve_mean  reserve_sd
      <char>       <char>     <char> <int>    <int>        <num>       <num>
    bias_pct_mean bias_pct_sd bias_pct_min bias_pct_median bias_pct_max
            <num>       <num>        <num>           <num>        <num>
 1:         24.58       17.22         2.55           20.88        55.41
 2:        -13.15       31.23       -86.37          -13.22        73.50
 3:         -2.69       18.12       -54.55            1.60        16.79
 4:          6.65        9.27       -10.40            6.94        24.49
 5:          6.32       38.81       -94.62            0.93       106.72
 6:         -1.50       32.12       -94.45           -3.32        95.30
 7:         23.83       58.32       -91.87           11.47       147.27
 8:         23.73       58.26       -91.93           11.40       147.11
 9:         47.58      100.15       -89.15           16.72       356.72
10:         19.71       52.97       -94.13           12.24       153.04
11:         10.61        4.75         3.39            9.36        23.47
12:        -14.10       19.98       -62.85          -13.64        19.05
13:        -10.58       24.06       -86.30           -4.49        16.33
14:         -0.47       15.70       -46.40            3.42        15.68
15:          1.66        9.93       -14.55            0.56        22.72
16:        -17.33        9.82       -42.07          -15.55        -2.99
17:          2.00       13.76       -40.09            4.45        21.52
18:          1.95       13.78       -40.28            4.44        21.44
19:         11.72       13.67        -8.62            8.38        46.88
20:          9.20        9.26         1.19            7.08        43.11
21:         19.33       12.23       -12.55           21.47        35.24
22:         -4.65       18.23       -45.68           -2.74        24.14
23:         -8.19       19.34       -52.52           -2.46        25.91
24:          4.98       22.77       -74.38            7.70        43.15
25:          4.86       16.46       -28.51            2.21        43.57
26:        -14.63        8.99       -32.52          -14.26         1.48
27:         15.10       44.08       -23.51            6.26       193.58
28:         14.99       43.96       -23.53            6.23       193.03
29:         41.08      100.51       -20.69            9.89       432.47
30:         18.43       45.20       -23.30            7.64       201.90
31:        217.34      326.35        16.72          100.95      1302.78
32:          5.47       10.70       -36.46            7.49        16.77
33:          9.91        4.60         1.66           10.39        17.23
34:         30.77       45.24         6.37           16.70       192.76
35:        321.21      934.74         2.27           41.27      4017.27
36:         31.33       40.04        -3.12           17.00       152.49
37:        328.19      834.61         3.75           72.09      3561.04
38:        327.03      830.88         3.72           71.97      3544.02
39:       7650.28    30952.79        10.94          226.17    138866.98
40:        493.70     1388.45         5.95           92.91      6089.43
41:         40.04       18.50        13.90           36.77        97.58
42:        -12.33       22.61       -43.44            2.08         6.77
43:        -17.49       23.88       -42.56          -16.93         6.68
44:         15.05        8.74         4.40           13.11        41.97
45:         20.31       18.37       -12.59           21.60        60.45
46:         20.93       32.50       -42.77           24.93        96.07
47:         19.60       16.07         3.61           13.36        67.05
48:         19.54       16.02         3.60           13.30        66.86
49:        135.86      316.01         4.25           26.80      1401.04
50:         20.73       17.60         3.72           13.83        74.79
51:         78.66       51.39        32.88           58.16       192.80
52:        -23.40       48.75      -195.56            1.32        12.32
53:        -28.33       49.48      -175.22          -34.53        11.48
54:         23.47       23.77         5.08           16.81       115.55
55:         64.40      135.33       -38.01           21.60       569.11
56:          6.61       28.43       -49.22            5.03        65.70
57:         63.41      141.23         4.55           16.81       598.28
58:         63.20      140.78         4.53           16.76       596.49
59:        954.07     3323.29        10.07           30.89     14798.75
60:         86.42      210.09         5.14           18.36       893.30
    bias_pct_mean bias_pct_sd bias_pct_min bias_pct_median bias_pct_max
            <num>       <num>        <num>           <num>        <num>
    closer_than_cl nagging_bias_pct_1 nagging_bias_pct_2
             <num>              <num>              <num>
 1:           0.00              -1.02               2.76
 2:           0.00             -36.00              -0.22
 3:           0.05             -17.15              -1.68
 4:           0.05              -3.76              -0.90
 5:           0.15             -11.26               0.33
 6:           0.00              -5.03             -11.26
 7:           0.00               7.64               7.79
 8:           0.00               7.64               7.78
 9:           0.00               1.05               8.34
10:           0.10               2.07               9.09
11:           0.00              -1.84              -2.14
12:           0.00             -13.94             -21.80
13:           0.10              -9.25             -19.98
14:           0.00              -1.80             -11.05
15:           0.05             -14.34              -7.63
16:           0.00             -26.76             -19.05
17:           0.05              -1.09             -10.37
18:           0.05              -1.10             -10.37
19:           0.00              -3.18               1.77
20:           0.00              -0.77               5.22
21:           0.00              -2.16              -1.89
22:           0.10             -13.82              -4.47
23:           0.05             -24.63              -1.06
24:           0.10              -7.71              -0.62
25:           0.10              -9.24             -10.50
26:           0.00             -21.32             -17.95
27:           0.00              12.02              -4.72
28:           0.00              12.00              -4.72
29:           0.10              13.32              -2.20
30:           0.10              14.52              -1.44
31:           0.00              -0.22              -1.01
32:           0.05              -1.23               3.12
33:           0.00               4.07               3.43
34:           0.00               0.52              -2.42
35:           0.00               9.64               1.33
36:           0.00               4.34              -3.86
37:           0.00               1.81             -24.33
38:           0.00               1.80             -24.31
39:           0.00              31.87             -21.67
40:           0.00               3.05             -27.17
41:           0.00               0.25              -0.23
42:           0.00                 NA                 NA
43:           0.00                 NA                 NA
44:           0.00               3.02               3.53
45:           0.00               5.24               0.53
46:           0.00              18.35               5.22
47:           0.00              -0.13              -0.09
48:           0.00              -0.13              -0.08
49:           0.00              -4.54              -6.45
50:           0.00              -1.08              -0.28
51:           0.00               3.58               0.56
52:           0.00                 NA                 NA
53:           0.08                 NA                 NA
54:           0.00               4.21               1.78
55:           0.00              -5.79               9.33
56:           0.00             -13.56               5.24
57:           0.00              -2.11              -2.08
58:           0.00              -2.12              -2.08
59:           0.00              -6.50              -1.95
60:           0.00              -1.70              -1.34
    closer_than_cl nagging_bias_pct_1 nagging_bias_pct_2
             <num>              <num>              <num>
      hidden    optimizer   training learning_rate block parameters run_time
      <char>       <char>     <char>         <num> <num>      <int>    <num>
 1:       20          sgd      paper         0.001     1        321    235.5
 2:       20          sgd early_stop         0.001     1        321    924.7
 3:       20 sgd_momentum      paper         0.001     1        321    236.7
 4:       20 sgd_momentum early_stop         0.001     1        321    600.6
 5:       20 sgd_nesterov      paper         0.001     1        321    236.8
 6:       20 sgd_nesterov early_stop         0.001     1        321    583.9
 7:       20      adagrad      paper         0.010     1        321    236.7
 8:       20      adagrad early_stop         0.010     1        321    723.3
 9:       20     adadelta      paper         1.000     1        321    242.3
10:       20     adadelta early_stop         1.000     1        321    336.3
11:       20      rmsprop      paper         0.001     1        321    235.9
12:       20      rmsprop early_stop         0.001     1        321    720.5
13:       20         adam      paper         0.001     1        321    244.2
14:       20         adam early_stop         0.001     1        321    723.4
15:       20        adamw      paper         0.001     1        321    246.1
16:       20        adamw early_stop         0.001     1        321    719.5
17:       20       adamax      paper         0.001     1        321    245.9
18:       20       adamax early_stop         0.001     1        321    902.8
19:       20        nadam      paper         0.001     1        321    249.5
20:       20        nadam early_stop         0.001     1        321    800.6
21: 20-20-15          sgd      paper         0.001     1       1051    238.3
22: 20-20-15          sgd early_stop         0.001     1       1051    860.7
23: 20-20-15 sgd_momentum      paper         0.001     1       1051    247.1
24: 20-20-15 sgd_momentum early_stop         0.001     1       1051    329.7
25: 20-20-15 sgd_nesterov      paper         0.001     1       1051    250.7
26: 20-20-15 sgd_nesterov early_stop         0.001     1       1051    465.9
27: 20-20-15      adagrad      paper         0.010     1       1051    251.3
28: 20-20-15      adagrad early_stop         0.010     1       1051    709.9
29: 20-20-15     adadelta      paper         1.000     1       1051    255.8
30: 20-20-15     adadelta early_stop         1.000     1       1051    409.6
31: 20-20-15      rmsprop      paper         0.001     1       1051    250.1
32: 20-20-15      rmsprop early_stop         0.001     1       1051    358.1
33: 20-20-15         adam      paper         0.001     1       1051    256.9
34: 20-20-15         adam early_stop         0.001     1       1051    799.6
35: 20-20-15        adamw      paper         0.001     1       1051    266.5
36: 20-20-15        adamw early_stop         0.001     1       1051    813.9
37: 20-20-15       adamax      paper         0.001     1       1051    256.9
38: 20-20-15       adamax early_stop         0.001     1       1051   1042.6
39: 20-20-15        nadam      paper         0.001     1       1051    271.6
40: 20-20-15        nadam early_stop         0.001     1       1051    826.7
41: 20-15-10          sgd      paper         0.001     1        786    246.6
42: 20-15-10          sgd early_stop         0.001     1        786   1020.8
43: 20-15-10 sgd_momentum      paper         0.001     1        786    248.6
44: 20-15-10 sgd_momentum early_stop         0.001     1        786    426.0
45: 20-15-10 sgd_nesterov      paper         0.001     1        786    248.0
46: 20-15-10 sgd_nesterov early_stop         0.001     1        786    555.2
47: 20-15-10      adagrad      paper         0.010     1        786    249.8
48: 20-15-10      adagrad early_stop         0.010     1        786    704.9
49: 20-15-10     adadelta      paper         1.000     1        786    255.3
50: 20-15-10     adadelta early_stop         1.000     1        786    289.8
51: 20-15-10      rmsprop      paper         0.001     1        786    255.1
52: 20-15-10      rmsprop early_stop         0.001     1        786    443.0
53: 20-15-10         adam      paper         0.001     1        786    264.1
54: 20-15-10         adam early_stop         0.001     1        786    668.3
55: 20-15-10        adamw      paper         0.001     1        786    261.4
56: 20-15-10        adamw early_stop         0.001     1        786    659.9
57: 20-15-10       adamax      paper         0.001     1        786    259.4
58: 20-15-10       adamax early_stop         0.001     1        786    873.3
59: 20-15-10        nadam      paper         0.001     1        786    268.4
60: 20-15-10        nadam early_stop         0.001     1        786    665.7
      hidden    optimizer   training learning_rate block parameters run_time
      <char>       <char>     <char>         <num> <num>      <int>    <num>
    epochs_used epochs_run      loss loss_vali diverged   reserve bias_pct
          <int>      <int>     <num>     <num>    <int>     <num>    <num>
 1:        1900       1900  841018.6  247148.2        0  570656.3    154.7
 2:        7638       7722  839056.9  244835.7        0  287734.5     28.4
 3:        1900       1900  837101.2  247704.2        0  261629.9     16.8
 4:        4702       4942  839058.3  243041.7        0  192946.5    -13.9
 5:        1900       1900  837262.2  248530.6        0  262668.7     17.2
 6:        4533       4792  838380.0  245210.2        0  217203.9     -3.1
 7:        1900       1900  843387.6  248448.6        0  264316.1     18.0
 8:        5784       5984  840335.8  248228.0        0  213208.4     -4.8
 9:        1900       1900  850345.3  249709.4        0  229139.6      2.3
10:        2306       2666  840669.7  248458.6        0  223266.9     -0.4
11:        1900       1900  845614.9  248640.5        0  290751.3     29.8
12:        5665       5892  838179.3  247890.9        0  215923.1     -3.6
13:        1900       1900  856369.8  250573.3        0  261554.9     16.7
14:        5616       5836  840186.9  248199.2        0  247500.8     10.5
15:        1900       1900  856371.4  250573.6        0  261452.6     16.7
16:        5618       5838  840195.0  248197.9        0  247367.1     10.4
17:        1900       1900  860875.8  251659.5        0  277599.3     23.9
18:        7237       7377  840935.5  248329.3        0  257840.7     15.1
19:        1900       1900  857315.1  250897.3        0  261593.5     16.7
20:        6177       6397  840179.7  248220.9        0  249948.6     11.6
21:        1900       1900  838613.3  244906.7        0  307922.2     37.4
22:        6761       6941  845944.1  244635.9        0  245372.4      9.5
23:        1900       1900  837028.4  250481.9        0  229577.5      2.5
24:        2214       2554  841147.6  243682.9        0  266741.4     19.0
25:        1900       1900       NaN       NaN        1        NA       NA
26:        3396       3696 1032042.7  294575.4        0  171484.6    -23.5
27:        1900       1900  828579.5  253733.8        0  261263.2     16.6
28:        5506       5706  842927.1  246217.6        0  239306.9      6.8
29:        1900       1900  835947.9  248730.6        0  272870.7     21.8
30:        2723       3103  839780.7  247282.5        0  191463.6    -14.5
31:        1900       1900  835446.3  251576.5        0  148301.8    -33.8
32:        2421       2791  836808.6  245634.6        0  156743.2    -30.0
33:        1900       1900  839613.6  246852.9        0  295959.9     32.1
34:        6114       6314  851647.3  246802.0        0  236635.5      5.6
35:        1900       1900  839614.7  246852.4        0  295796.4     32.0
36:        6117       6317  851640.2  246799.6        0  236407.7      5.5
37:        1900       1900  861872.6  250736.6        0 1052603.7    369.8
38:        8222       8327  849461.2  247419.8        0  244627.8      9.2
39:        1900       1900  839972.4  247080.2        0  300373.6     34.1
40:        6166       6366  850100.6  247001.2        0  235531.4      5.1
41:        1900       1900  844617.8  249464.1        0  545339.0    143.4
42:        8092       8172  841711.7  245909.2        0  278484.5     24.3
43:        1900       1900 1530306.5  431768.0        0  139425.3    -37.8
44:        2977       3317  871890.6  251846.2        0  194274.4    -13.3
45:        1900       1900       NaN       NaN        1        NA       NA
46:        4148       4448  890482.0  257504.6        0  175940.5    -21.5
47:        1900       1900  831535.5  254051.3        0  259926.0     16.0
48:        5319       5548  844471.9  248629.2        0  207152.9     -7.5
49:        1900       1900  837445.7  251579.9        0  298780.0     33.3
50:        1779       2159  842659.2  250068.9        0  250014.6     11.6
51:        1900       1900  835249.0  250881.3        0  309455.3     38.1
52:        3076       3450  843001.5  248799.7        0  208907.8     -6.8
53:        1900       1900  840703.8  248762.4        0  268999.6     20.1
54:        4903       5163  842731.7  248089.5        0  227270.1      1.4
55:        1900       1900  840702.1  248759.0        0  268848.7     20.0
56:        4909       5169  842730.8  248086.4        0  227174.5      1.4
57:        1900       1900  844946.4  248714.6        0  304474.7     35.9
58:        6730       6890  843893.4  248257.8        0  241602.2      7.8
59:        1900       1900  840916.8  249158.7        0  268752.9     19.9
60:        4870       5135  844364.5  248591.1        0  240865.3      7.5
    epochs_used epochs_run      loss loss_vali diverged   reserve bias_pct
          <int>      <int>     <num>     <num>    <int>     <num>    <num>
Key: <optimizer>
       optimizer early_stop_20 early_stop_20-15-10 early_stop_20-20-15 paper_20
          <char>         <num>               <num>               <num>    <num>
 1:     adadelta          -0.4                11.6               -14.5      2.3
 2:      adagrad          -4.8                -7.5                 6.8     18.0
 3:         adam          10.5                 1.4                 5.6     16.7
 4:       adamax          15.1                 7.8                 9.2     23.9
 5:        adamw          10.4                 1.4                 5.5     16.7
 6:        nadam          11.6                 7.5                 5.1     16.7
 7:      rmsprop          -3.6                -6.8               -30.0     29.8
 8:          sgd          28.4                24.3                 9.5    154.7
 9: sgd_momentum         -13.9               -13.3                19.0     16.8
10: sgd_nesterov          -3.1               -21.5               -23.5     17.2
    paper_20-15-10 paper_20-20-15
             <num>          <num>
 1:           33.3           21.8
 2:           16.0           16.6
 3:           20.1           32.1
 4:           35.9          369.8
 5:           20.0           32.0
 6:           19.9           34.1
 7:           38.1          -33.8
 8:          143.4           37.4
 9:          -37.8            2.5
10:             NA             NA
      hidden    optimizer training seeds diverged reserve_mean reserve_sd
      <char>       <char>   <char> <int>    <int>        <num>      <num>
 1:       20          sgd cl_paper    20        0     228646.2    1276.06
 2:       20 sgd_momentum cl_paper    20        0     230709.1    1100.73
 3:       20 sgd_nesterov cl_paper    20        0     230712.9    1099.25
 4:       20      adagrad cl_paper    20        0     231493.9     860.62
 5:       20     adadelta cl_paper    20        0     216373.1   26006.15
 6:       20      rmsprop cl_paper    20        0     224729.4    8451.26
 7:       20         adam cl_paper    20        0     233258.5     617.82
 8:       20        adamw cl_paper    20        0     233251.5     619.31
 9:       20       adamax cl_paper    20        0     232276.1     710.22
10:       20        nadam cl_paper    20        0     233086.3    1239.12
11: 20-20-15          sgd cl_paper    20        0     226110.6    1591.59
12: 20-20-15 sgd_momentum cl_paper    20        0     223905.4   23381.41
13: 20-20-15 sgd_nesterov cl_paper    20        1     216241.7   36382.18
14: 20-20-15      adagrad cl_paper    20        0     229551.7    2841.89
15: 20-20-15     adadelta cl_paper    20        0     222839.8   41201.04
16: 20-20-15      rmsprop cl_paper    20        0     232510.7   12854.57
17: 20-20-15         adam cl_paper    20        0     236588.0    2580.89
18: 20-20-15        adamw cl_paper    20        0     236591.3    2581.40
19: 20-20-15       adamax cl_paper    20        0     232843.8    1298.59
20: 20-20-15        nadam cl_paper    20        0     237649.8    3231.28
21: 20-15-10          sgd cl_paper    20        0     224975.7    1448.46
22: 20-15-10 sgd_momentum cl_paper    20        0     228358.9    1838.60
23: 20-15-10 sgd_nesterov cl_paper    20        0     224192.6   26950.29
24: 20-15-10      adagrad cl_paper    20        0     229309.9    2968.91
25: 20-15-10     adadelta cl_paper    20        0     231839.4   50247.19
26: 20-15-10      rmsprop cl_paper    20        0     231857.0   15063.38
27: 20-15-10         adam cl_paper    20        0     234824.6    2032.28
28: 20-15-10        adamw cl_paper    20        0     234872.6    2040.57
29: 20-15-10       adamax cl_paper    20        0     231858.9    1226.82
30: 20-15-10        nadam cl_paper    20        0     235843.0    2170.97
31:       20          sgd cl_start    20        0     224692.0     727.84
32:       20 sgd_momentum cl_start    20        0     224738.3    1005.16
33:       20 sgd_nesterov cl_start    20        0     224827.5     829.01
34:       20      adagrad cl_start    20        0     223189.3    4626.84
35:       20     adadelta cl_start    20        0     221223.8    4223.84
36:       20      rmsprop cl_start    20        0     224715.3    3021.59
37:       20         adam cl_start    20        0     224420.0    1120.92
38:       20        adamw cl_start    20        0     224425.8    1127.09
39:       20       adamax cl_start    20        0     224340.6    1245.53
40:       20        nadam cl_start    20        0     223727.5    1354.43
41: 20-20-15          sgd cl_start    20        0     223716.6     813.34
42: 20-20-15 sgd_momentum cl_start    20        0     223443.7     853.83
43: 20-20-15 sgd_nesterov cl_start    20        0     223457.4     819.92
44: 20-20-15      adagrad cl_start    20        0     220948.9    4778.23
45: 20-20-15     adadelta cl_start    20        0     219672.9    4986.87
46: 20-20-15      rmsprop cl_start    20        0     221365.3    2590.38
47: 20-20-15         adam cl_start    20        0     223650.5    1064.07
48: 20-20-15        adamw cl_start    20        0     223656.2    1068.53
49: 20-20-15       adamax cl_start    20        0     222828.2    1404.73
50: 20-20-15        nadam cl_start    20        0     223516.4    1746.05
51: 20-15-10          sgd cl_start    20        0     223157.9     920.05
52: 20-15-10 sgd_momentum cl_start    20        0     222924.0    1228.75
53: 20-15-10 sgd_nesterov cl_start    20        0     222815.9    1156.60
54: 20-15-10      adagrad cl_start    20        0     220866.9    3854.96
55: 20-15-10     adadelta cl_start    20        0     218534.4    4972.71
56: 20-15-10      rmsprop cl_start    20        0     220456.4    2943.63
57: 20-15-10         adam cl_start    20        0     223021.5    1297.34
58: 20-15-10        adamw cl_start    20        0     222960.2    1323.51
59: 20-15-10       adamax cl_start    20        0     222214.4    1794.19
60: 20-15-10        nadam cl_start    20        0     222738.6    1687.92
      hidden    optimizer training seeds diverged reserve_mean reserve_sd
      <char>       <char>   <char> <int>    <int>        <num>      <num>
    bias_pct_mean bias_pct_sd bias_pct_min bias_pct_median bias_pct_max
            <num>       <num>        <num>           <num>        <num>
 1:          2.05        0.57         1.03            2.04         2.78
 2:          2.97        0.49         2.01            2.92         3.85
 3:          2.97        0.49         2.02            2.93         3.86
 4:          3.32        0.38         2.55            3.38         3.84
 5:         -3.43       11.61       -20.46           -4.45        26.22
 6:          0.30        3.77        -5.03           -0.58         9.43
 7:          4.10        0.28         3.54            4.08         4.57
 8:          4.10        0.28         3.54            4.08         4.57
 9:          3.67        0.32         3.08            3.70         4.16
10:          4.03        0.55         2.96            3.99         5.20
11:          0.91        0.71        -0.21            0.96         2.17
12:         -0.07       10.44       -44.30            2.41         3.35
13:         -3.49       16.24       -45.51            1.88        20.14
14:          2.45        1.27         0.10            2.38         4.55
15:         -0.55       18.39       -36.81           -0.24        39.27
16:          3.77        5.74        -3.74            2.58        14.87
17:          5.59        1.15         3.29            5.56         8.44
18:          5.59        1.15         3.30            5.55         8.43
19:          3.92        0.58         3.15            3.76         5.21
20:          6.06        1.44         2.98            6.25         8.07
21:          0.41        0.65        -0.90            0.66         1.28
22:          1.92        0.82         0.14            2.15         3.12
23:          0.06       12.03       -44.50            1.96        24.96
24:          2.34        1.33         0.20            2.33         4.93
25:          3.47       22.43       -31.88           -0.49        38.24
26:          3.48        6.72        -6.00            2.01        14.10
27:          4.80        0.91         3.02            4.62         6.50
28:          4.82        0.91         3.02            4.61         6.50
29:          3.48        0.55         2.54            3.45         4.33
30:          5.26        0.97         3.86            5.22         7.37
31:          0.28        0.32        -0.49            0.35         0.76
32:          0.30        0.45        -0.61            0.34         1.21
33:          0.34        0.37        -0.45            0.39         1.09
34:         -0.39        2.06        -4.87           -0.27         2.58
35:         -1.27        1.89        -4.21           -1.31         3.62
36:          0.29        1.35        -2.51            0.59         1.73
37:          0.16        0.50        -0.95            0.06         1.04
38:          0.16        0.50        -0.95            0.06         1.04
39:          0.12        0.56        -0.94            0.18         1.16
40:         -0.15        0.60        -1.41           -0.22         0.96
41:         -0.15        0.36        -0.99           -0.11         0.39
42:         -0.28        0.38        -1.27           -0.21         0.43
43:         -0.27        0.37        -1.21           -0.24         0.42
44:         -1.39        2.13        -4.46           -1.81         3.21
45:         -1.96        2.23        -6.56           -1.42         1.43
46:         -1.20        1.16        -3.52           -1.06         0.71
47:         -0.18        0.47        -1.23           -0.05         0.60
48:         -0.18        0.48        -1.23           -0.04         0.59
49:         -0.55        0.63        -1.80           -0.39         0.22
50:         -0.24        0.78        -2.12           -0.15         1.08
51:         -0.40        0.41        -1.07           -0.40         0.29
52:         -0.51        0.55        -1.68           -0.56         0.31
53:         -0.56        0.52        -1.57           -0.64         0.36
54:         -1.43        1.72        -5.42           -1.44         3.26
55:         -2.47        2.22        -7.42           -2.55         1.75
56:         -1.61        1.31        -4.35           -1.81         0.67
57:         -0.46        0.58        -1.54           -0.36         0.74
58:         -0.49        0.59        -1.54           -0.38         0.74
59:         -0.83        0.80        -2.17           -0.80         0.32
60:         -0.59        0.75        -1.92           -0.60         0.62
    bias_pct_mean bias_pct_sd bias_pct_min bias_pct_median bias_pct_max
            <num>       <num>        <num>           <num>        <num>
    closer_than_cl nagging_bias_pct_1 nagging_bias_pct_2
             <num>              <num>              <num>
 1:           0.00               1.73               1.83
 2:           0.00               2.88               2.83
 3:           0.00               2.88               2.83
 4:           0.00               3.29               3.19
 5:           0.10              -3.44              -3.83
 6:           0.25              -0.04               0.52
 7:           0.00               4.06               4.09
 8:           0.00               4.06               4.09
 9:           0.00               3.71               3.56
10:           0.00               3.98               4.03
11:           0.45               0.53               0.40
12:           0.05              -2.76               1.59
13:           0.00                 NA              -2.47
14:           0.10               2.46               1.82
15:           0.20              -4.02               2.20
16:           0.15               2.90               4.33
17:           0.00               5.06               5.96
18:           0.00               5.06               5.96
19:           0.00               3.86               3.80
20:           0.00               5.26               6.70
21:           0.55               0.01              -0.24
22:           0.10               1.17               1.50
23:           0.20              -3.60               2.54
24:           0.15               1.73               2.27
25:           0.00              -2.64               8.63
26:           0.05               2.49               4.11
27:           0.00               4.68               4.76
28:           0.00               4.73               4.76
29:           0.00               3.39               3.41
30:           0.00               5.07               5.29
31:           1.00               0.17               0.23
32:           0.90               0.12               0.31
33:           0.95               0.22               0.33
34:           0.35              -0.61              -0.26
35:           0.30              -0.55              -2.01
36:           0.35               0.13               0.42
37:           0.80               0.15               0.09
38:           0.80               0.15               0.09
39:           0.80               0.10               0.06
40:           0.80              -0.18              -0.16
41:           0.90              -0.39              -0.48
42:           0.95              -0.37              -0.57
43:           0.95              -0.35              -0.56
44:           0.15              -1.34              -1.69
45:           0.20              -2.56              -1.49
46:           0.45              -1.13              -1.43
47:           0.90              -0.28              -0.22
48:           0.90              -0.29              -0.22
49:           0.70              -0.73              -0.56
50:           0.70              -0.34              -0.28
51:           0.80              -0.58              -0.76
52:           0.70              -0.64              -0.88
53:           0.70              -0.69              -0.91
54:           0.20              -1.28              -1.91
55:           0.10              -2.00              -3.01
56:           0.35              -2.06              -1.28
57:           0.70              -0.39              -0.66
58:           0.65              -0.39              -0.71
59:           0.50              -0.83              -0.99
60:           0.60              -0.54              -0.73
    closer_than_cl nagging_bias_pct_1 nagging_bias_pct_2
             <num>              <num>              <num>
      hidden    optimizer training learning_rate block parameters run_time
      <char>       <char>   <char>         <num> <num>      <int>    <num>
 1:       20          sgd cl_paper         0.001     1        321    236.2
 2:       20          sgd cl_start         0.001     1        321    485.6
 3:       20 sgd_momentum cl_paper         0.001     1        321    237.1
 4:       20 sgd_momentum cl_start         0.001     1        321    152.6
 5:       20 sgd_nesterov cl_paper         0.001     1        321    238.8
 6:       20 sgd_nesterov cl_start         0.001     1        321    153.2
 7:       20      adagrad cl_paper         0.010     1        321    237.1
 8:       20      adagrad cl_start         0.010     1        321    215.1
 9:       20     adadelta cl_paper         1.000     1        321    245.8
10:       20     adadelta cl_start         1.000     1        321    148.0
11:       20      rmsprop cl_paper         0.001     1        321    240.2
12:       20      rmsprop cl_start         0.001     1        321    184.9
13:       20         adam cl_paper         0.001     1        321    247.5
14:       20         adam cl_start         0.001     1        321    111.8
15:       20        adamw cl_paper         0.001     1        321    245.9
16:       20        adamw cl_start         0.001     1        321    114.1
17:       20       adamax cl_paper         0.001     1        321    243.0
18:       20       adamax cl_start         0.001     1        321    127.9
19:       20        nadam cl_paper         0.001     1        321    251.5
20:       20        nadam cl_start         0.001     1        321    115.9
21: 20-20-15          sgd cl_paper         0.001     1       1051    237.6
22: 20-20-15          sgd cl_start         0.001     1       1051    617.1
23: 20-20-15 sgd_momentum cl_paper         0.001     1       1051    243.6
24: 20-20-15 sgd_momentum cl_start         0.001     1       1051    175.3
25: 20-20-15 sgd_nesterov cl_paper         0.001     1       1051    243.1
26: 20-20-15 sgd_nesterov cl_start         0.001     1       1051    232.3
27: 20-20-15      adagrad cl_paper         0.010     1       1051    244.1
28: 20-20-15      adagrad cl_start         0.010     1       1051    172.9
29: 20-20-15     adadelta cl_paper         1.000     1       1051    252.1
30: 20-20-15     adadelta cl_start         1.000     1       1051    134.1
31: 20-20-15      rmsprop cl_paper         0.001     1       1051    244.0
32: 20-20-15      rmsprop cl_start         0.001     1       1051    127.6
33: 20-20-15         adam cl_paper         0.001     1       1051    254.6
34: 20-20-15         adam cl_start         0.001     1       1051    129.5
35: 20-20-15        adamw cl_paper         0.001     1       1051    257.9
36: 20-20-15        adamw cl_start         0.001     1       1051    133.4
37: 20-20-15       adamax cl_paper         0.001     1       1051    255.0
38: 20-20-15       adamax cl_start         0.001     1       1051    130.3
39: 20-20-15        nadam cl_paper         0.001     1       1051    270.0
40: 20-20-15        nadam cl_start         0.001     1       1051    143.7
41: 20-15-10          sgd cl_paper         0.001     1        786    239.5
42: 20-15-10          sgd cl_start         0.001     1        786    432.9
43: 20-15-10 sgd_momentum cl_paper         0.001     1        786    250.8
44: 20-15-10 sgd_momentum cl_start         0.001     1        786    302.5
45: 20-15-10 sgd_nesterov cl_paper         0.001     1        786    250.4
46: 20-15-10 sgd_nesterov cl_start         0.001     1        786    358.6
47: 20-15-10      adagrad cl_paper         0.010     1        786    244.9
48: 20-15-10      adagrad cl_start         0.010     1        786    220.3
49: 20-15-10     adadelta cl_paper         1.000     1        786    257.6
50: 20-15-10     adadelta cl_start         1.000     1        786    152.6
51: 20-15-10      rmsprop cl_paper         0.001     1        786    246.6
52: 20-15-10      rmsprop cl_start         0.001     1        786    169.2
53: 20-15-10         adam cl_paper         0.001     1        786    257.0
54: 20-15-10         adam cl_start         0.001     1        786    156.0
55: 20-15-10        adamw cl_paper         0.001     1        786    256.2
56: 20-15-10        adamw cl_start         0.001     1        786    157.5
57: 20-15-10       adamax cl_paper         0.001     1        786    256.0
58: 20-15-10       adamax cl_start         0.001     1        786    202.1
59: 20-15-10        nadam cl_paper         0.001     1        786    264.4
60: 20-15-10        nadam cl_start         0.001     1        786    160.8
      hidden    optimizer training learning_rate block parameters run_time
      <char>       <char>   <char>         <num> <num>      <int>    <num>
    epochs_used epochs_run     loss loss_vali diverged  reserve bias_pct
          <num>      <int>    <num>     <num>    <int>    <num>    <num>
 1:        1900       1900 836778.5  245034.6        0 230079.8      2.7
 2:        3714       3999 839599.9  243523.8        0 225044.1      0.4
 3:        1900       1900 835635.2  248183.2        0 231432.0      3.3
 4:         811       1176 839486.4  243526.5        0 224799.8      0.3
 5:        1900       1900 835545.3  248245.7        0 231436.2      3.3
 6:         814       1179 839602.7  243524.9        0 225259.7      0.5
 7:        1900       1900 835519.2  247122.6        0 231883.4      3.5
 8:        1339       1686 838433.4  243450.4        0 223180.2     -0.4
 9:        1900       1900 837570.1  246535.0        0 223417.4     -0.3
10:         695       1085 839521.6  243457.9        0 225164.4      0.5
11:        1900       1900 835423.7  246393.3        0 228508.8      2.0
12:         912       1402 838731.4  243380.5        0 227537.9      1.6
13:        1900       1900 835486.4  246000.7        0 233527.2      4.2
14:         307        765 839607.9  243492.0        0 224121.3      0.0
15:        1900       1900 835486.9  246000.3        0 233525.8      4.2
16:         307        765 839607.9  243492.0        0 224120.7      0.0
17:        1900       1900 835921.4  245309.1        0 232889.4      3.9
18:         407        888 839551.2  243496.5        0 224216.7      0.1
19:        1900       1900 835420.2  245974.8        0 232261.1      3.7
20:         359        770 839513.9  243490.0        0 223551.6     -0.2
21:        1900       1900 837414.1  244056.6        0 225497.9      0.6
22:        4717       4975 838312.4  243343.3        0 224648.1      0.3
23:        1900       1900 829821.1  254426.9        0 230841.1      3.0
24:         910       1292 838154.3  243297.1        0 224495.5      0.2
25:        1900       1900 839319.5  244207.7        0 228823.4      2.1
26:        1381       1743 838167.0  243306.7        0 224433.8      0.2
27:        1900       1900 833778.1  247891.2        0 229929.2      2.6
28:         923       1295 837957.2  243240.8        0 216303.7     -3.5
29:        1900       1900 836653.7  247452.2        0 255482.5     14.0
30:         489        890 838648.2  243344.8        0 216977.5     -3.2
31:        1900       1900 833223.7  247929.5        0 225066.5      0.4
32:         467        915 838103.5  243325.4        0 223670.3     -0.2
33:        1900       1900 833995.8  247594.9        0 237732.6      6.1
34:         364        838 837968.6  243313.8        0 224109.9      0.0
35:        1900       1900 833998.8  247592.9        0 237761.2      6.1
36:         364        838 837968.8  243313.8        0 224107.0      0.0
37:        1900       1900 835201.0  245539.8        0 232132.0      3.6
38:         364        849 838180.7  243302.7        0 222955.8     -0.5
39:        1900       1900 833579.8  248042.9        0 239132.5      6.7
40:         458        865 838165.2  243338.2        0 224190.8      0.1
41:        1900       1900 838982.5  244448.5        0 224908.1      0.4
42:        3173       3460 839993.5  243583.1        0 222641.4     -0.6
43:        1900       1900 835575.5  247543.5        0 230279.6      2.8
44:        1984       2320 839549.9  243523.8        0 223026.4     -0.5
45:        1900       1900 835509.1  247784.1        0 230291.4      2.8
46:        2439       2777 839184.3  243473.2        0 223957.5      0.0
47:        1900       1900 836676.3  248841.3        0 232871.3      3.9
48:        1288       1664 838896.8  243443.0        0 225771.9      0.8
49:        1900       1900 838002.2  250474.3        0 282485.9     26.1
50:         573       1047 839363.1  243412.3        0 227990.4      1.8
51:        1900       1900 835647.3  248754.5        0 254443.1     13.6
52:         781       1214 838630.4  243302.9        0 225563.4      0.7
53:        1900       1900 835607.7  247500.4        0 236174.7      5.4
54:         576       1031 839438.3  243464.9        0 222962.6     -0.5
55:        1900       1900 835608.4  247497.6        0 236475.0      5.5
56:         576       1031 839438.5  243464.9        0 222961.4     -0.5
57:        1900       1900 836220.2  245870.1        0 233105.6      4.0
58:        1012       1447 839097.5  243396.4        0 221533.6     -1.1
59:        1900       1900 835425.5  247820.9        0 238519.2      6.5
60:         590       1015 839017.8  243360.1        0 222767.4     -0.6
    epochs_used epochs_run     loss loss_vali diverged  reserve bias_pct
          <num>      <int>    <num>     <num>    <int>    <num>    <num>
Key: <optimizer>
       optimizer cl_paper_20 cl_paper_20-15-10 cl_paper_20-20-15 cl_start_20
          <char>       <num>             <num>             <num>       <num>
 1:     adadelta        -0.3              26.1              14.0         0.5
 2:      adagrad         3.5               3.9               2.6        -0.4
 3:         adam         4.2               5.4               6.1         0.0
 4:       adamax         3.9               4.0               3.6         0.1
 5:        adamw         4.2               5.5               6.1         0.0
 6:        nadam         3.7               6.5               6.7        -0.2
 7:      rmsprop         2.0              13.6               0.4         1.6
 8:          sgd         2.7               0.4               0.6         0.4
 9: sgd_momentum         3.3               2.8               3.0         0.3
10: sgd_nesterov         3.3               2.8               2.1         0.5
    cl_start_20-15-10 cl_start_20-20-15
                <num>             <num>
 1:               1.8              -3.2
 2:               0.8              -3.5
 3:              -0.5               0.0
 4:              -1.1              -0.5
 5:              -0.5               0.0
 6:              -0.6               0.1
 7:               0.7              -0.2
 8:              -0.6               0.3
 9:              -0.5               0.2
10:               0.0               0.2
Warning messages:
1: Removed 23 rows containing missing values or values outside the scale range
(`geom_point()`). 
2: Removed 8 rows containing missing values or values outside the scale range
(`geom_point()`). 
3: Removed 1 row containing missing values or values outside the scale range
(`geom_point()`). 
4: Removed 1 row containing missing values or values outside the scale range
(`geom_point()`). 
