==== 2026-10-09 19:12:35 start si_calendar.nncl.grid slot 1
[1] 1200
WARNING: All log messages before absl::InitializeLog() is called are written to STDERR
I0000 00:00:1791565962.598953    8996 port.cc:153] oneDNN custom operations are on. You may see slightly different numerical results due to floating-point round-off errors from different computation orders. To turn them off, set the environment variable `TF_ENABLE_ONEDNN_OPTS=0`.
WARNING: All log messages before absl::InitializeLog() is called are written to STDERR
I0000 00:00:1791565966.295487    8996 port.cc:153] oneDNN custom operations are on. You may see slightly different numerical results due to floating-point round-off errors from different computation orders. To turn them off, set the environment variable `TF_ENABLE_ONEDNN_OPTS=0`.
WARNING:tensorflow:From C:\Users\26196425\Work\MASTER~3\env\Lib\site-packages\keras\src\backend\common\global_state.py:82: The name tf.reset_default_graph is deprecated. Please use tf.compat.v1.reset_default_graph instead.

WARNING:tensorflow:TensorFlow GPU support is not available on native Windows for TensorFlow >= 2.11. Even if CUDA/cuDNN are installed, GPU will not be used. Please use WSL2 or the TensorFlow-DirectML plugin.
WARNING:tensorflow:5 out of the last 7 calls to <function TensorFlowTrainer.make_predict_function.<locals>.one_step_on_data_distributed at 0x00000201F9DFB740> triggered tf.function retracing. Tracing is expensive and the excessive number of tracings could be due to (1) creating @tf.function repeatedly in a loop, (2) passing tensors with different shapes, (3) passing Python objects instead of tensors. For (1), please define your @tf.function outside of the loop. For (2), @tf.function has reduce_retracing=True option that can avoid unnecessary retracing. For (3), please refer to https://www.tensorflow.org/guide/function#controlling_retracing and https://www.tensorflow.org/api_docs/python/tf/function for  more details.
WARNING:tensorflow:6 out of the last 8 calls to <function TensorFlowTrainer.make_predict_function.<locals>.one_step_on_data_distributed at 0x00000201F9DFB740> triggered tf.function retracing. Tracing is expensive and the excessive number of tracings could be due to (1) creating @tf.function repeatedly in a loop, (2) passing tensors with different shapes, (3) passing Python objects instead of tensors. For (1), please define your @tf.function outside of the loop. For (2), @tf.function has reduce_retracing=True option that can avoid unnecessary retracing. For (3), please refer to https://www.tensorflow.org/guide/function#controlling_retracing and https://www.tensorflow.org/api_docs/python/tf/function for  more details.
grid_20_sgd_early_stop_s2026: 925 s, epochs used 20 500 496 500 76 500 500 500 500 500 500 500 500 500 500 500 39 500 7, loss 839056.9 (homogeneous 842344.8)
grid_20-20-15_adadelta_early_stop_s2026: 410 s, epochs used 64 80 131 141 101 125 148 151 154 158 156 160 158 158 159 163 172 157 187, loss 839780.7 (homogeneous 842344.8)
grid_20-15-10_sgd_early_stop_s2026: 1021 s, epochs used 39 500 500 357 500 500 500 500 500 500 500 500 500 500 500 500 37 159 500, loss 841711.7 (homogeneous 842344.8)
grid_20_adagrad_paper_s2027: 242 s, epochs used 100 100 100 100 100 100 100 100 100 100 100 100 100 100 100 100 100 100 100, loss 840701.3 (homogeneous 842344.8)
grid_20_adam_paper_s2027: 248 s, epochs used 100 100 100 100 100 100 100 100 100 100 100 100 100 100 100 100 100 100 100, loss 858260.4 (homogeneous 842344.8)
grid_20_nadam_early_stop_s2027: 872 s, epochs used 128 135 139 281 120 355 500 500 500 313 500 334 500 500 500 500 98 500 500, loss 848138.8 (homogeneous 842344.8)
grid_20-15-10_sgd_paper_s2027: 235 s, epochs used 100 100 100 100 100 100 100 100 100 100 100 100 100 100 100 100 100 100 100, loss 840115.0 (homogeneous 842344.8)
grid_20-15-10_adadelta_paper_s2027: 260 s, epochs used 100 100 100 100 100 100 100 100 100 100 100 100 100 100 100 100 100 100 100, loss 844692.9 (homogeneous 842344.8)
==== 2026-10-09 20:26:10 start si_calendar.nncl.grid slot 1
[1] 1200
WARNING: All log messages before absl::InitializeLog() is called are written to STDERR
I0000 00:00:1791570377.014037   19752 port.cc:153] oneDNN custom operations are on. You may see slightly different numerical results due to floating-point round-off errors from different computation orders. To turn them off, set the environment variable `TF_ENABLE_ONEDNN_OPTS=0`.
WARNING: All log messages before absl::InitializeLog() is called are written to STDERR
I0000 00:00:1791570380.985395   19752 port.cc:153] oneDNN custom operations are on. You may see slightly different numerical results due to floating-point round-off errors from different computation orders. To turn them off, set the environment variable `TF_ENABLE_ONEDNN_OPTS=0`.
WARNING:tensorflow:From C:\Users\26196425\Work\MASTER~3\env\Lib\site-packages\keras\src\backend\common\global_state.py:82: The name tf.reset_default_graph is deprecated. Please use tf.compat.v1.reset_default_graph instead.

WARNING:tensorflow:TensorFlow GPU support is not available on native Windows for TensorFlow >= 2.11. Even if CUDA/cuDNN are installed, GPU will not be used. Please use WSL2 or the TensorFlow-DirectML plugin.
WARNING:tensorflow:5 out of the last 7 calls to <function TensorFlowTrainer.make_predict_function.<locals>.one_step_on_data_distributed at 0x000002012C1F7880> triggered tf.function retracing. Tracing is expensive and the excessive number of tracings could be due to (1) creating @tf.function repeatedly in a loop, (2) passing tensors with different shapes, (3) passing Python objects instead of tensors. For (1), please define your @tf.function outside of the loop. For (2), @tf.function has reduce_retracing=True option that can avoid unnecessary retracing. For (3), please refer to https://www.tensorflow.org/guide/function#controlling_retracing and https://www.tensorflow.org/api_docs/python/tf/function for  more details.
WARNING:tensorflow:6 out of the last 8 calls to <function TensorFlowTrainer.make_predict_function.<locals>.one_step_on_data_distributed at 0x000002012C1F7880> triggered tf.function retracing. Tracing is expensive and the excessive number of tracings could be due to (1) creating @tf.function repeatedly in a loop, (2) passing tensors with different shapes, (3) passing Python objects instead of tensors. For (1), please define your @tf.function outside of the loop. For (2), @tf.function has reduce_retracing=True option that can avoid unnecessary retracing. For (3), please refer to https://www.tensorflow.org/guide/function#controlling_retracing and https://www.tensorflow.org/api_docs/python/tf/function for  more details.
grid_20-15-10_adam_early_stop_s2027: 1046 s, epochs used 98 500 500 482 500 387 500 500 500 500 500 500 500 500 500 500 161 133 500, loss 838112.1 (homogeneous 842344.8)
grid_20_adamw_early_stop_s2028: 675 s, epochs used 251 60 55 146 500 500 500 500 500 48 500 217 500 500 69 67 34 67 169, loss 840244.5 (homogeneous 842344.8)
grid_20-20-15_adamw_paper_s2028: 258 s, epochs used 100 100 100 100 100 100 100 100 100 100 100 100 100 100 100 100 100 100 100, loss 840344.3 (homogeneous 842344.8)
grid_20-20-15_nadam_early_stop_s2028: 781 s, epochs used 70 231 225 240 154 137 500 500 500 191 500 289 500 500 500 500 56 209 110, loss 840790.6 (homogeneous 842344.8)
grid_20-15-10_nadam_early_stop_s2028: 570 s, epochs used 73 160 65 43 43 24 500 248 265 16 500 55 334 500 196 500 27 500 98, loss 843693.1 (homogeneous 842344.8)
grid_20_adamax_early_stop_s2029: 991 s, epochs used 168 500 409 170 500 415 500 500 227 500 500 500 500 500 258 500 274 500 500, loss 849112.6 (homogeneous 842344.8)
grid_20-15-10_sgd_paper_s2029: 244 s, epochs used 100 100 100 100 100 100 100 100 100 100 100 100 100 100 100 100 100 100 100, loss 842672.0 (homogeneous 842344.8)
grid_20-15-10_adagrad_early_stop_s2029: 743 s, epochs used 25 392 83 67 12 51 500 500 500 500 500 299 500 500 199 500 7 500 1, loss 838899.4 (homogeneous 842344.8)
==== 2026-10-09 21:59:04 start si_calendar.nncl.grid slot 1
[1] 1200
WARNING: All log messages before absl::InitializeLog() is called are written to STDERR
I0000 00:00:1791575973.087320   17736 port.cc:153] oneDNN custom operations are on. You may see slightly different numerical results due to floating-point round-off errors from different computation orders. To turn them off, set the environment variable `TF_ENABLE_ONEDNN_OPTS=0`.
WARNING: All log messages before absl::InitializeLog() is called are written to STDERR
I0000 00:00:1791576007.047067   17736 port.cc:153] oneDNN custom operations are on. You may see slightly different numerical results due to floating-point round-off errors from different computation orders. To turn them off, set the environment variable `TF_ENABLE_ONEDNN_OPTS=0`.
WARNING:tensorflow:From C:\Users\26196425\Work\MASTER~3\env\Lib\site-packages\keras\src\backend\common\global_state.py:82: The name tf.reset_default_graph is deprecated. Please use tf.compat.v1.reset_default_graph instead.

WARNING:tensorflow:TensorFlow GPU support is not available on native Windows for TensorFlow >= 2.11. Even if CUDA/cuDNN are installed, GPU will not be used. Please use WSL2 or the TensorFlow-DirectML plugin.
WARNING:tensorflow:5 out of the last 7 calls to <function TensorFlowTrainer.make_predict_function.<locals>.one_step_on_data_distributed at 0x000001830C354360> triggered tf.function retracing. Tracing is expensive and the excessive number of tracings could be due to (1) creating @tf.function repeatedly in a loop, (2) passing tensors with different shapes, (3) passing Python objects instead of tensors. For (1), please define your @tf.function outside of the loop. For (2), @tf.function has reduce_retracing=True option that can avoid unnecessary retracing. For (3), please refer to https://www.tensorflow.org/guide/function#controlling_retracing and https://www.tensorflow.org/api_docs/python/tf/function for  more details.
WARNING:tensorflow:6 out of the last 8 calls to <function TensorFlowTrainer.make_predict_function.<locals>.one_step_on_data_distributed at 0x000001830C354360> triggered tf.function retracing. Tracing is expensive and the excessive number of tracings could be due to (1) creating @tf.function repeatedly in a loop, (2) passing tensors with different shapes, (3) passing Python objects instead of tensors. For (1), please define your @tf.function outside of the loop. For (2), @tf.function has reduce_retracing=True option that can avoid unnecessary retracing. For (3), please refer to https://www.tensorflow.org/guide/function#controlling_retracing and https://www.tensorflow.org/api_docs/python/tf/function for  more details.
grid_20_adadelta_paper_s2030: 242 s, epochs used 100 100 100 100 100 100 100 100 100 100 100 100 100 100 100 100 100 100 100, loss 845213.1 (homogeneous 842344.8)
grid_20_adamax_paper_s2030: 245 s, epochs used 100 100 100 100 100 100 100 100 100 100 100 100 100 100 100 100 100 100 100, loss 874698.3 (homogeneous 842344.8)
grid_20-20-15_sgd_momentum_paper_s2030: 248 s, epochs used 100 100 100 100 100 100 100 100 100 100 100 100 100 100 100 100 100 100 100, loss 1530407.2 (homogeneous 842344.8)
grid_20-20-15_adagrad_early_stop_s2030: 733 s, epochs used 26 67 119 77 28 500 500 181 384 6 500 394 355 500 422 500 3 500 500, loss 839770.6 (homogeneous 842344.8)
grid_20-15-10_adagrad_paper_s2030: 249 s, epochs used 100 100 100 100 100 100 100 100 100 100 100 100 100 100 100 100 100 100 100, loss 835721.7 (homogeneous 842344.8)
grid_20-15-10_adam_early_stop_s2030: 604 s, epochs used 95 215 192 74 500 137 169 184 458 73 500 68 70 500 57 500 33 500 1, loss 839397.2 (homogeneous 842344.8)
grid_20_rmsprop_paper_s2031: 242 s, epochs used 100 100 100 100 100 100 100 100 100 100 100 100 100 100 100 100 100 100 100, loss 842545.7 (homogeneous 842344.8)
grid_20_adamax_early_stop_s2031: 1026 s, epochs used 456 339 269 500 500 500 500 500 500 500 500 500 500 500 500 500 91 185 7, loss 839003.6 (homogeneous 842344.8)
==== 2026-10-09 23:03:31 start si_calendar.nncl.grid slot 1
[1] 1200
WARNING: All log messages before absl::InitializeLog() is called are written to STDERR
I0000 00:00:1791579832.957389   12212 port.cc:153] oneDNN custom operations are on. You may see slightly different numerical results due to floating-point round-off errors from different computation orders. To turn them off, set the environment variable `TF_ENABLE_ONEDNN_OPTS=0`.
WARNING: All log messages before absl::InitializeLog() is called are written to STDERR
I0000 00:00:1791579867.298844   12212 port.cc:153] oneDNN custom operations are on. You may see slightly different numerical results due to floating-point round-off errors from different computation orders. To turn them off, set the environment variable `TF_ENABLE_ONEDNN_OPTS=0`.
WARNING:tensorflow:From C:\Users\26196425\Work\MASTER~3\env\Lib\site-packages\keras\src\backend\common\global_state.py:82: The name tf.reset_default_graph is deprecated. Please use tf.compat.v1.reset_default_graph instead.

WARNING:tensorflow:TensorFlow GPU support is not available on native Windows for TensorFlow >= 2.11. Even if CUDA/cuDNN are installed, GPU will not be used. Please use WSL2 or the TensorFlow-DirectML plugin.
WARNING:tensorflow:5 out of the last 7 calls to <function TensorFlowTrainer.make_predict_function.<locals>.one_step_on_data_distributed at 0x0000021B39C804A0> triggered tf.function retracing. Tracing is expensive and the excessive number of tracings could be due to (1) creating @tf.function repeatedly in a loop, (2) passing tensors with different shapes, (3) passing Python objects instead of tensors. For (1), please define your @tf.function outside of the loop. For (2), @tf.function has reduce_retracing=True option that can avoid unnecessary retracing. For (3), please refer to https://www.tensorflow.org/guide/function#controlling_retracing and https://www.tensorflow.org/api_docs/python/tf/function for  more details.
WARNING:tensorflow:6 out of the last 8 calls to <function TensorFlowTrainer.make_predict_function.<locals>.one_step_on_data_distributed at 0x0000021B39C804A0> triggered tf.function retracing. Tracing is expensive and the excessive number of tracings could be due to (1) creating @tf.function repeatedly in a loop, (2) passing tensors with different shapes, (3) passing Python objects instead of tensors. For (1), please define your @tf.function outside of the loop. For (2), @tf.function has reduce_retracing=True option that can avoid unnecessary retracing. For (3), please refer to https://www.tensorflow.org/guide/function#controlling_retracing and https://www.tensorflow.org/api_docs/python/tf/function for  more details.
grid_20-15-10_sgd_momentum_paper_s2031: 243 s, epochs used 100 100 100 100 100 100 100 100 100 100 100 100 100 100 100 100 100 100 100, loss 1530287.6 (homogeneous 842344.8)
grid_20-15-10_rmsprop_paper_s2031: 250 s, epochs used 100 100 100 100 100 100 100 100 100 100 100 100 100 100 100 100 100 100 100, loss 836204.4 (homogeneous 842344.8)
grid_20-15-10_adamax_early_stop_s2031: 940 s, epochs used 133 310 169 126 500 316 500 500 500 130 500 500 500 500 500 500 60 500 500, loss 842737.0 (homogeneous 842344.8)
grid_20-20-15_sgd_momentum_early_stop_s2032: 247 s, epochs used 10 33 107 42 75 70 500 77 38 59 99 59 49 58 75 88 37 12 33, loss 843934.4 (homogeneous 842344.8)
grid_20-20-15_adadelta_early_stop_s2032: 344 s, epochs used 69 117 76 69 53 88 329 281 247 30 33 29 29 61 70 63 19 64 245, loss 839932.5 (homogeneous 842344.8)
grid_20-20-15_nadam_paper_s2032: 279 s, epochs used 100 100 100 100 100 100 100 100 100 100 100 100 100 100 100 100 100 100 100, loss 842042.1 (homogeneous 842344.8)
grid_20-15-10_adagrad_paper_s2032: 249 s, epochs used 100 100 100 100 100 100 100 100 100 100 100 100 100 100 100 100 100 100 100, loss 834542.9 (homogeneous 842344.8)
grid_20-15-10_adamax_paper_s2032: 264 s, epochs used 100 100 100 100 100 100 100 100 100 100 100 100 100 100 100 100 100 100 100, loss 844947.4 (homogeneous 842344.8)
==== 2026-10-09 23:55:35 start si_calendar.nncl.grid slot 1
[1] 1200
WARNING: All log messages before absl::InitializeLog() is called are written to STDERR
I0000 00:00:1791582942.014862   13988 port.cc:153] oneDNN custom operations are on. You may see slightly different numerical results due to floating-point round-off errors from different computation orders. To turn them off, set the environment variable `TF_ENABLE_ONEDNN_OPTS=0`.
WARNING: All log messages before absl::InitializeLog() is called are written to STDERR
I0000 00:00:1791582946.168911   13988 port.cc:153] oneDNN custom operations are on. You may see slightly different numerical results due to floating-point round-off errors from different computation orders. To turn them off, set the environment variable `TF_ENABLE_ONEDNN_OPTS=0`.
WARNING:tensorflow:From C:\Users\26196425\Work\MASTER~3\env\Lib\site-packages\keras\src\backend\common\global_state.py:82: The name tf.reset_default_graph is deprecated. Please use tf.compat.v1.reset_default_graph instead.

WARNING:tensorflow:TensorFlow GPU support is not available on native Windows for TensorFlow >= 2.11. Even if CUDA/cuDNN are installed, GPU will not be used. Please use WSL2 or the TensorFlow-DirectML plugin.
WARNING:tensorflow:5 out of the last 7 calls to <function TensorFlowTrainer.make_predict_function.<locals>.one_step_on_data_distributed at 0x000001B68792FEC0> triggered tf.function retracing. Tracing is expensive and the excessive number of tracings could be due to (1) creating @tf.function repeatedly in a loop, (2) passing tensors with different shapes, (3) passing Python objects instead of tensors. For (1), please define your @tf.function outside of the loop. For (2), @tf.function has reduce_retracing=True option that can avoid unnecessary retracing. For (3), please refer to https://www.tensorflow.org/guide/function#controlling_retracing and https://www.tensorflow.org/api_docs/python/tf/function for  more details.
WARNING:tensorflow:6 out of the last 8 calls to <function TensorFlowTrainer.make_predict_function.<locals>.one_step_on_data_distributed at 0x000001B68792FEC0> triggered tf.function retracing. Tracing is expensive and the excessive number of tracings could be due to (1) creating @tf.function repeatedly in a loop, (2) passing tensors with different shapes, (3) passing Python objects instead of tensors. For (1), please define your @tf.function outside of the loop. For (2), @tf.function has reduce_retracing=True option that can avoid unnecessary retracing. For (3), please refer to https://www.tensorflow.org/guide/function#controlling_retracing and https://www.tensorflow.org/api_docs/python/tf/function for  more details.
grid_20_sgd_momentum_early_stop_s2033: 229 s, epochs used 38 35 27 59 52 53 500 72 64 50 80 80 54 48 55 55 31 71 51, loss 838700.5 (homogeneous 842344.8)
grid_20_rmsprop_early_stop_s2033: 558 s, epochs used 125 68 78 85 500 453 499 421 254 80 500 90 102 89 84 92 70 74 500, loss 837239.4 (homogeneous 842344.8)
grid_20-20-15_sgd_nesterov_early_stop_s2033: 397 s, epochs used 6 28 44 50 114 87 500 37 58 17 84 72 110 500 53 500 14 500 15, loss 859401.4 (homogeneous 842344.8)
grid_20-20-15_adamw_early_stop_s2033: 575 s, epochs used 103 217 73 69 65 120 500 211 324 120 500 81 120 500 90 500 42 500 41, loss 837924.2 (homogeneous 842344.8)
grid_20-15-10_rmsprop_early_stop_s2033: 515 s, epochs used 63 59 92 53 415 93 485 118 131 55 394 34 142 483 136 329 21 108 499, loss 838894.1 (homogeneous 842344.8)
grid_20_sgd_momentum_early_stop_s2034: 251 s, epochs used 32 66 94 65 36 384 81 86 78 40 87 86 100 85 83 104 39 57 20, loss 837481.7 (homogeneous 842344.8)
grid_20_rmsprop_early_stop_s2034: 699 s, epochs used 129 139 167 141 499 139 498 441 435 111 500 347 143 499 397 155 122 500 16, loss 839688.5 (homogeneous 842344.8)
grid_20-20-15_adadelta_paper_s2034: 259 s, epochs used 100 100 100 100 100 100 100 100 100 100 100 100 100 100 100 100 100 100 100, loss 837349.3 (homogeneous 842344.8)
==== 2026-10-10 00:57:07 start si_calendar.nncl.grid slot 1
[1] 1200
WARNING: All log messages before absl::InitializeLog() is called are written to STDERR
I0000 00:00:1791586634.685204   19052 port.cc:153] oneDNN custom operations are on. You may see slightly different numerical results due to floating-point round-off errors from different computation orders. To turn them off, set the environment variable `TF_ENABLE_ONEDNN_OPTS=0`.
WARNING: All log messages before absl::InitializeLog() is called are written to STDERR
I0000 00:00:1791586638.926904   19052 port.cc:153] oneDNN custom operations are on. You may see slightly different numerical results due to floating-point round-off errors from different computation orders. To turn them off, set the environment variable `TF_ENABLE_ONEDNN_OPTS=0`.
WARNING:tensorflow:From C:\Users\26196425\Work\MASTER~3\env\Lib\site-packages\keras\src\backend\common\global_state.py:82: The name tf.reset_default_graph is deprecated. Please use tf.compat.v1.reset_default_graph instead.

WARNING:tensorflow:TensorFlow GPU support is not available on native Windows for TensorFlow >= 2.11. Even if CUDA/cuDNN are installed, GPU will not be used. Please use WSL2 or the TensorFlow-DirectML plugin.
WARNING:tensorflow:5 out of the last 7 calls to <function TensorFlowTrainer.make_predict_function.<locals>.one_step_on_data_distributed at 0x000002236762BA60> triggered tf.function retracing. Tracing is expensive and the excessive number of tracings could be due to (1) creating @tf.function repeatedly in a loop, (2) passing tensors with different shapes, (3) passing Python objects instead of tensors. For (1), please define your @tf.function outside of the loop. For (2), @tf.function has reduce_retracing=True option that can avoid unnecessary retracing. For (3), please refer to https://www.tensorflow.org/guide/function#controlling_retracing and https://www.tensorflow.org/api_docs/python/tf/function for  more details.
WARNING:tensorflow:6 out of the last 8 calls to <function TensorFlowTrainer.make_predict_function.<locals>.one_step_on_data_distributed at 0x000002236762BA60> triggered tf.function retracing. Tracing is expensive and the excessive number of tracings could be due to (1) creating @tf.function repeatedly in a loop, (2) passing tensors with different shapes, (3) passing Python objects instead of tensors. For (1), please define your @tf.function outside of the loop. For (2), @tf.function has reduce_retracing=True option that can avoid unnecessary retracing. For (3), please refer to https://www.tensorflow.org/guide/function#controlling_retracing and https://www.tensorflow.org/api_docs/python/tf/function for  more details.
grid_20-20-15_adamw_paper_s2034: 259 s, epochs used 100 100 100 100 100 100 100 100 100 100 100 100 100 100 100 100 100 100 100, loss 839736.6 (homogeneous 842344.8)
grid_20-15-10_sgd_momentum_early_stop_s2034: 297 s, epochs used 20 204 372 95 29 31 31 500 33 51 87 122 65 64 62 64 46 68 28, loss 839327.0 (homogeneous 842344.8)
grid_20-15-10_rmsprop_early_stop_s2034: 749 s, epochs used 61 177 86 160 219 79 497 304 477 218 497 95 494 489 332 498 58 492 491, loss 839617.6 (homogeneous 842344.8)
