==== 2026-10-09 19:14:13 start si_calendar.nncl.grid slot 2
[1] 1200
WARNING: All log messages before absl::InitializeLog() is called are written to STDERR
I0000 00:00:1791566060.671631   18548 port.cc:153] oneDNN custom operations are on. You may see slightly different numerical results due to floating-point round-off errors from different computation orders. To turn them off, set the environment variable `TF_ENABLE_ONEDNN_OPTS=0`.
WARNING: All log messages before absl::InitializeLog() is called are written to STDERR
I0000 00:00:1791566064.618219   18548 port.cc:153] oneDNN custom operations are on. You may see slightly different numerical results due to floating-point round-off errors from different computation orders. To turn them off, set the environment variable `TF_ENABLE_ONEDNN_OPTS=0`.
WARNING:tensorflow:From C:\Users\26196425\Work\MASTER~3\env\Lib\site-packages\keras\src\backend\common\global_state.py:82: The name tf.reset_default_graph is deprecated. Please use tf.compat.v1.reset_default_graph instead.

WARNING:tensorflow:TensorFlow GPU support is not available on native Windows for TensorFlow >= 2.11. Even if CUDA/cuDNN are installed, GPU will not be used. Please use WSL2 or the TensorFlow-DirectML plugin.
WARNING:tensorflow:5 out of the last 7 calls to <function TensorFlowTrainer.make_predict_function.<locals>.one_step_on_data_distributed at 0x000001AC6BED7880> triggered tf.function retracing. Tracing is expensive and the excessive number of tracings could be due to (1) creating @tf.function repeatedly in a loop, (2) passing tensors with different shapes, (3) passing Python objects instead of tensors. For (1), please define your @tf.function outside of the loop. For (2), @tf.function has reduce_retracing=True option that can avoid unnecessary retracing. For (3), please refer to https://www.tensorflow.org/guide/function#controlling_retracing and https://www.tensorflow.org/api_docs/python/tf/function for  more details.
WARNING:tensorflow:6 out of the last 8 calls to <function TensorFlowTrainer.make_predict_function.<locals>.one_step_on_data_distributed at 0x000001AC6BED7880> triggered tf.function retracing. Tracing is expensive and the excessive number of tracings could be due to (1) creating @tf.function repeatedly in a loop, (2) passing tensors with different shapes, (3) passing Python objects instead of tensors. For (1), please define your @tf.function outside of the loop. For (2), @tf.function has reduce_retracing=True option that can avoid unnecessary retracing. For (3), please refer to https://www.tensorflow.org/guide/function#controlling_retracing and https://www.tensorflow.org/api_docs/python/tf/function for  more details.
grid_20_adadelta_paper_s2026: 242 s, epochs used 100 100 100 100 100 100 100 100 100 100 100 100 100 100 100 100 100 100 100, loss 850345.3 (homogeneous 842344.8)
grid_20_adamax_paper_s2026: 246 s, epochs used 100 100 100 100 100 100 100 100 100 100 100 100 100 100 100 100 100 100 100, loss 860875.8 (homogeneous 842344.8)
grid_20-20-15_sgd_early_stop_s2026: 861 s, epochs used 8 237 500 170 72 231 500 500 500 391 500 500 500 500 500 314 111 500 227, loss 845944.1 (homogeneous 842344.8)
grid_20-15-10_sgd_nesterov_paper_s2026: 248 s, epochs used 100 100 100 100 100 100 100 100 100 100 100 100 100 100 100 100 100 100 100, loss NaN (homogeneous 842344.8)
grid_20-15-10_rmsprop_paper_s2026: 255 s, epochs used 100 100 100 100 100 100 100 100 100 100 100 100 100 100 100 100 100 100 100, loss 835249.0 (homogeneous 842344.8)
grid_20-15-10_adamax_early_stop_s2026: 873 s, epochs used 89 355 275 147 71 500 500 500 500 204 500 500 500 500 500 500 40 49 500, loss 843893.4 (homogeneous 842344.8)
grid_20-20-15_sgd_paper_s2027: 236 s, epochs used 100 100 100 100 100 100 100 100 100 100 100 100 100 100 100 100 100 100 100, loss 843679.2 (homogeneous 842344.8)
grid_20-20-15_adagrad_paper_s2027: 244 s, epochs used 100 100 100 100 100 100 100 100 100 100 100 100 100 100 100 100 100 100 100, loss 833903.1 (homogeneous 842344.8)
==== 2026-10-09 20:11:12 start si_calendar.nncl.grid slot 2
[1] 1200
WARNING: All log messages before absl::InitializeLog() is called are written to STDERR
I0000 00:00:1791569479.378854   16888 port.cc:153] oneDNN custom operations are on. You may see slightly different numerical results due to floating-point round-off errors from different computation orders. To turn them off, set the environment variable `TF_ENABLE_ONEDNN_OPTS=0`.
WARNING: All log messages before absl::InitializeLog() is called are written to STDERR
I0000 00:00:1791569483.397743   16888 port.cc:153] oneDNN custom operations are on. You may see slightly different numerical results due to floating-point round-off errors from different computation orders. To turn them off, set the environment variable `TF_ENABLE_ONEDNN_OPTS=0`.
WARNING:tensorflow:From C:\Users\26196425\Work\MASTER~3\env\Lib\site-packages\keras\src\backend\common\global_state.py:82: The name tf.reset_default_graph is deprecated. Please use tf.compat.v1.reset_default_graph instead.

WARNING:tensorflow:TensorFlow GPU support is not available on native Windows for TensorFlow >= 2.11. Even if CUDA/cuDNN are installed, GPU will not be used. Please use WSL2 or the TensorFlow-DirectML plugin.
WARNING:tensorflow:5 out of the last 7 calls to <function TensorFlowTrainer.make_predict_function.<locals>.one_step_on_data_distributed at 0x000001E71CBEF740> triggered tf.function retracing. Tracing is expensive and the excessive number of tracings could be due to (1) creating @tf.function repeatedly in a loop, (2) passing tensors with different shapes, (3) passing Python objects instead of tensors. For (1), please define your @tf.function outside of the loop. For (2), @tf.function has reduce_retracing=True option that can avoid unnecessary retracing. For (3), please refer to https://www.tensorflow.org/guide/function#controlling_retracing and https://www.tensorflow.org/api_docs/python/tf/function for  more details.
WARNING:tensorflow:6 out of the last 8 calls to <function TensorFlowTrainer.make_predict_function.<locals>.one_step_on_data_distributed at 0x000001E71CBEF740> triggered tf.function retracing. Tracing is expensive and the excessive number of tracings could be due to (1) creating @tf.function repeatedly in a loop, (2) passing tensors with different shapes, (3) passing Python objects instead of tensors. For (1), please define your @tf.function outside of the loop. For (2), @tf.function has reduce_retracing=True option that can avoid unnecessary retracing. For (3), please refer to https://www.tensorflow.org/guide/function#controlling_retracing and https://www.tensorflow.org/api_docs/python/tf/function for  more details.
grid_20-20-15_adam_paper_s2027: 254 s, epochs used 100 100 100 100 100 100 100 100 100 100 100 100 100 100 100 100 100 100 100, loss 838676.4 (homogeneous 842344.8)
grid_20-20-15_nadam_early_stop_s2027: 792 s, epochs used 77 296 116 87 76 416 500 481 490 116 500 500 203 500 500 500 46 500 74, loss 839368.0 (homogeneous 842344.8)
grid_20-15-10_adamax_early_stop_s2027: 1108 s, epochs used 191 500 500 500 500 500 500 500 500 500 500 500 500 500 500 500 385 238 500, loss 841323.9 (homogeneous 842344.8)
grid_20-20-15_sgd_momentum_early_stop_s2028: 398 s, epochs used 10 54 306 38 90 78 500 500 64 43 123 93 54 62 60 68 26 84 500, loss 847827.2 (homogeneous 842344.8)
grid_20-20-15_adam_paper_s2028: 261 s, epochs used 100 100 100 100 100 100 100 100 100 100 100 100 100 100 100 100 100 100 100, loss 840346.0 (homogeneous 842344.8)
grid_20-15-10_sgd_paper_s2028: 239 s, epochs used 100 100 100 100 100 100 100 100 100 100 100 100 100 100 100 100 100 100 100, loss 840050.0 (homogeneous 842344.8)
grid_20-15-10_adagrad_early_stop_s2028: 730 s, epochs used 22 106 85 27 310 141 500 500 500 4 500 459 500 500 480 500 14 500 3, loss 840888.4 (homogeneous 842344.8)
grid_20_sgd_nesterov_early_stop_s2029: 242 s, epochs used 5 40 39 55 21 51 500 42 66 57 73 364 80 67 15 18 9 24 44, loss 840879.5 (homogeneous 842344.8)
==== 2026-10-09 21:22:38 start si_calendar.nncl.grid slot 2
[1] 1200
WARNING: All log messages before absl::InitializeLog() is called are written to STDERR
I0000 00:00:1791573765.039640   19908 port.cc:153] oneDNN custom operations are on. You may see slightly different numerical results due to floating-point round-off errors from different computation orders. To turn them off, set the environment variable `TF_ENABLE_ONEDNN_OPTS=0`.
WARNING: All log messages before absl::InitializeLog() is called are written to STDERR
I0000 00:00:1791573769.053879   19908 port.cc:153] oneDNN custom operations are on. You may see slightly different numerical results due to floating-point round-off errors from different computation orders. To turn them off, set the environment variable `TF_ENABLE_ONEDNN_OPTS=0`.
WARNING:tensorflow:From C:\Users\26196425\Work\MASTER~3\env\Lib\site-packages\keras\src\backend\common\global_state.py:82: The name tf.reset_default_graph is deprecated. Please use tf.compat.v1.reset_default_graph instead.

WARNING:tensorflow:TensorFlow GPU support is not available on native Windows for TensorFlow >= 2.11. Even if CUDA/cuDNN are installed, GPU will not be used. Please use WSL2 or the TensorFlow-DirectML plugin.
WARNING:tensorflow:5 out of the last 7 calls to <function TensorFlowTrainer.make_predict_function.<locals>.one_step_on_data_distributed at 0x0000020154D37C40> triggered tf.function retracing. Tracing is expensive and the excessive number of tracings could be due to (1) creating @tf.function repeatedly in a loop, (2) passing tensors with different shapes, (3) passing Python objects instead of tensors. For (1), please define your @tf.function outside of the loop. For (2), @tf.function has reduce_retracing=True option that can avoid unnecessary retracing. For (3), please refer to https://www.tensorflow.org/guide/function#controlling_retracing and https://www.tensorflow.org/api_docs/python/tf/function for  more details.
WARNING:tensorflow:6 out of the last 8 calls to <function TensorFlowTrainer.make_predict_function.<locals>.one_step_on_data_distributed at 0x0000020154D37C40> triggered tf.function retracing. Tracing is expensive and the excessive number of tracings could be due to (1) creating @tf.function repeatedly in a loop, (2) passing tensors with different shapes, (3) passing Python objects instead of tensors. For (1), please define your @tf.function outside of the loop. For (2), @tf.function has reduce_retracing=True option that can avoid unnecessary retracing. For (3), please refer to https://www.tensorflow.org/guide/function#controlling_retracing and https://www.tensorflow.org/api_docs/python/tf/function for  more details.
grid_20_adamw_paper_s2029: 245 s, epochs used 100 100 100 100 100 100 100 100 100 100 100 100 100 100 100 100 100 100 100, loss 868451.0 (homogeneous 842344.8)
grid_20-20-15_sgd_early_stop_s2029: 1001 s, epochs used 11 294 500 500 500 500 500 500 500 17 500 500 500 500 500 500 259 500 500, loss 848367.6 (homogeneous 842344.8)
grid_20-15-10_sgd_nesterov_early_stop_s2029: 595 s, epochs used 4 87 61 26 18 47 500 500 500 33 500 23 500 500 215 500 11 500 1, loss 882619.0 (homogeneous 842344.8)
grid_20-15-10_nadam_early_stop_s2029: 612 s, epochs used 92 307 73 40 48 52 500 463 50 60 500 74 500 500 136 56 32 500 500, loss 839472.4 (homogeneous 842344.8)
grid_20_adamax_early_stop_s2030: 1074 s, epochs used 408 500 500 365 500 499 500 500 500 500 500 500 500 500 500 500 329 500 1, loss 840620.3 (homogeneous 842344.8)
grid_20-15-10_sgd_early_stop_s2030: 1012 s, epochs used 36 500 500 500 296 500 500 500 500 500 500 500 500 500 500 500 106 500 1, loss 838127.6 (homogeneous 842344.8)
grid_20_adadelta_paper_s2031: 249 s, epochs used 100 100 100 100 100 100 100 100 100 100 100 100 100 100 100 100 100 100 100, loss 852652.1 (homogeneous 842344.8)
grid_20_adamax_paper_s2031: 250 s, epochs used 100 100 100 100 100 100 100 100 100 100 100 100 100 100 100 100 100 100 100, loss 876429.0 (homogeneous 842344.8)
==== 2026-10-09 22:50:09 start si_calendar.nncl.grid slot 2
[1] 1200
WARNING: All log messages before absl::InitializeLog() is called are written to STDERR
I0000 00:00:1791579016.626668    5064 port.cc:153] oneDNN custom operations are on. You may see slightly different numerical results due to floating-point round-off errors from different computation orders. To turn them off, set the environment variable `TF_ENABLE_ONEDNN_OPTS=0`.
WARNING: All log messages before absl::InitializeLog() is called are written to STDERR
I0000 00:00:1791579020.734007    5064 port.cc:153] oneDNN custom operations are on. You may see slightly different numerical results due to floating-point round-off errors from different computation orders. To turn them off, set the environment variable `TF_ENABLE_ONEDNN_OPTS=0`.
WARNING:tensorflow:From C:\Users\26196425\Work\MASTER~3\env\Lib\site-packages\keras\src\backend\common\global_state.py:82: The name tf.reset_default_graph is deprecated. Please use tf.compat.v1.reset_default_graph instead.

WARNING:tensorflow:TensorFlow GPU support is not available on native Windows for TensorFlow >= 2.11. Even if CUDA/cuDNN are installed, GPU will not be used. Please use WSL2 or the TensorFlow-DirectML plugin.
WARNING:tensorflow:5 out of the last 7 calls to <function TensorFlowTrainer.make_predict_function.<locals>.one_step_on_data_distributed at 0x000001BBD9A6C360> triggered tf.function retracing. Tracing is expensive and the excessive number of tracings could be due to (1) creating @tf.function repeatedly in a loop, (2) passing tensors with different shapes, (3) passing Python objects instead of tensors. For (1), please define your @tf.function outside of the loop. For (2), @tf.function has reduce_retracing=True option that can avoid unnecessary retracing. For (3), please refer to https://www.tensorflow.org/guide/function#controlling_retracing and https://www.tensorflow.org/api_docs/python/tf/function for  more details.
WARNING:tensorflow:6 out of the last 8 calls to <function TensorFlowTrainer.make_predict_function.<locals>.one_step_on_data_distributed at 0x000001BBD9A6C360> triggered tf.function retracing. Tracing is expensive and the excessive number of tracings could be due to (1) creating @tf.function repeatedly in a loop, (2) passing tensors with different shapes, (3) passing Python objects instead of tensors. For (1), please define your @tf.function outside of the loop. For (2), @tf.function has reduce_retracing=True option that can avoid unnecessary retracing. For (3), please refer to https://www.tensorflow.org/guide/function#controlling_retracing and https://www.tensorflow.org/api_docs/python/tf/function for  more details.
grid_20-20-15_sgd_momentum_early_stop_s2031: 486 s, epochs used 1 41 36 61 72 68 60 80 69 18 500 64 500 500 500 500 10 500 7, loss 893748.9 (homogeneous 842344.8)
grid_20-20-15_adamw_early_stop_s2031: 674 s, epochs used 61 97 126 114 417 37 500 337 200 34 500 44 500 339 278 500 19 500 274, loss 843984.2 (homogeneous 842344.8)
grid_20-15-10_adam_early_stop_s2031: 671 s, epochs used 98 34 65 64 62 73 500 374 455 65 500 197 473 500 337 500 41 500 31, loss 842342.7 (homogeneous 842344.8)
grid_20_adam_paper_s2032: 253 s, epochs used 100 100 100 100 100 100 100 100 100 100 100 100 100 100 100 100 100 100 100, loss 860753.5 (homogeneous 842344.8)
grid_20_nadam_paper_s2032: 261 s, epochs used 100 100 100 100 100 100 100 100 100 100 100 100 100 100 100 100 100 100 100, loss 863295.6 (homogeneous 842344.8)
grid_20-20-15_adagrad_paper_s2032: 253 s, epochs used 100 100 100 100 100 100 100 100 100 100 100 100 100 100 100 100 100 100 100, loss 834675.9 (homogeneous 842344.8)
grid_20-20-15_adam_early_stop_s2032: 524 s, epochs used 77 85 104 80 53 75 500 433 255 27 500 87 70 229 77 500 28 84 246, loss 844975.9 (homogeneous 842344.8)
grid_20-15-10_adagrad_early_stop_s2032: 731 s, epochs used 15 65 93 67 12 26 500 374 341 436 500 151 500 500 360 500 5 500 500, loss 846119.3 (homogeneous 842344.8)
==== 2026-10-09 23:58:32 start si_calendar.nncl.grid slot 2
[1] 1200
WARNING: All log messages before absl::InitializeLog() is called are written to STDERR
I0000 00:00:1791583119.987208   17712 port.cc:153] oneDNN custom operations are on. You may see slightly different numerical results due to floating-point round-off errors from different computation orders. To turn them off, set the environment variable `TF_ENABLE_ONEDNN_OPTS=0`.
WARNING: All log messages before absl::InitializeLog() is called are written to STDERR
I0000 00:00:1791583124.060997   17712 port.cc:153] oneDNN custom operations are on. You may see slightly different numerical results due to floating-point round-off errors from different computation orders. To turn them off, set the environment variable `TF_ENABLE_ONEDNN_OPTS=0`.
WARNING:tensorflow:From C:\Users\26196425\Work\MASTER~3\env\Lib\site-packages\keras\src\backend\common\global_state.py:82: The name tf.reset_default_graph is deprecated. Please use tf.compat.v1.reset_default_graph instead.

WARNING:tensorflow:TensorFlow GPU support is not available on native Windows for TensorFlow >= 2.11. Even if CUDA/cuDNN are installed, GPU will not be used. Please use WSL2 or the TensorFlow-DirectML plugin.
WARNING:tensorflow:5 out of the last 7 calls to <function TensorFlowTrainer.make_predict_function.<locals>.one_step_on_data_distributed at 0x00000118FEE33740> triggered tf.function retracing. Tracing is expensive and the excessive number of tracings could be due to (1) creating @tf.function repeatedly in a loop, (2) passing tensors with different shapes, (3) passing Python objects instead of tensors. For (1), please define your @tf.function outside of the loop. For (2), @tf.function has reduce_retracing=True option that can avoid unnecessary retracing. For (3), please refer to https://www.tensorflow.org/guide/function#controlling_retracing and https://www.tensorflow.org/api_docs/python/tf/function for  more details.
WARNING:tensorflow:6 out of the last 8 calls to <function TensorFlowTrainer.make_predict_function.<locals>.one_step_on_data_distributed at 0x00000118FEE33740> triggered tf.function retracing. Tracing is expensive and the excessive number of tracings could be due to (1) creating @tf.function repeatedly in a loop, (2) passing tensors with different shapes, (3) passing Python objects instead of tensors. For (1), please define your @tf.function outside of the loop. For (2), @tf.function has reduce_retracing=True option that can avoid unnecessary retracing. For (3), please refer to https://www.tensorflow.org/guide/function#controlling_retracing and https://www.tensorflow.org/api_docs/python/tf/function for  more details.
grid_20_adagrad_early_stop_s2033: 757 s, epochs used 119 82 67 94 500 500 500 500 432 83 500 483 271 500 500 500 50 83 193, loss 838931.0 (homogeneous 842344.8)
grid_20-20-15_adadelta_paper_s2033: 259 s, epochs used 100 100 100 100 100 100 100 100 100 100 100 100 100 100 100 100 100 100 100, loss 835749.7 (homogeneous 842344.8)
grid_20-20-15_adamw_paper_s2033: 260 s, epochs used 100 100 100 100 100 100 100 100 100 100 100 100 100 100 100 100 100 100 100, loss 838835.2 (homogeneous 842344.8)
grid_20-15-10_sgd_momentum_early_stop_s2033: 494 s, epochs used 44 36 30 95 500 500 420 85 66 75 500 81 500 43 52 45 42 500 15, loss 841593.9 (homogeneous 842344.8)
grid_20-15-10_adamw_early_stop_s2033: 626 s, epochs used 125 97 141 66 500 224 500 320 66 91 500 35 253 500 74 500 28 80 500, loss 838172.0 (homogeneous 842344.8)
grid_20_adam_early_stop_s2034: 1030 s, epochs used 243 459 500 500 500 500 500 500 500 114 500 500 500 500 500 500 500 500 17, loss 842516.9 (homogeneous 842344.8)
grid_20-20-15_adamax_paper_s2034: 256 s, epochs used 100 100 100 100 100 100 100 100 100 100 100 100 100 100 100 100 100 100 100, loss 848241.0 (homogeneous 842344.8)
grid_20-15-10_sgd_nesterov_early_stop_s2034: 543 s, epochs used 4 171 185 192 28 500 500 195 55 14 69 16 500 500 500 54 31 21 500, loss 1316908.4 (homogeneous 842344.8)
==== 2026-10-10 01:12:57 start si_calendar.nncl.grid slot 2
[1] 1200
WARNING: All log messages before absl::InitializeLog() is called are written to STDERR
I0000 00:00:1791587584.379095   19520 port.cc:153] oneDNN custom operations are on. You may see slightly different numerical results due to floating-point round-off errors from different computation orders. To turn them off, set the environment variable `TF_ENABLE_ONEDNN_OPTS=0`.
WARNING: All log messages before absl::InitializeLog() is called are written to STDERR
I0000 00:00:1791587588.460312   19520 port.cc:153] oneDNN custom operations are on. You may see slightly different numerical results due to floating-point round-off errors from different computation orders. To turn them off, set the environment variable `TF_ENABLE_ONEDNN_OPTS=0`.
WARNING:tensorflow:From C:\Users\26196425\Work\MASTER~3\env\Lib\site-packages\keras\src\backend\common\global_state.py:82: The name tf.reset_default_graph is deprecated. Please use tf.compat.v1.reset_default_graph instead.

WARNING:tensorflow:TensorFlow GPU support is not available on native Windows for TensorFlow >= 2.11. Even if CUDA/cuDNN are installed, GPU will not be used. Please use WSL2 or the TensorFlow-DirectML plugin.
WARNING:tensorflow:5 out of the last 7 calls to <function TensorFlowTrainer.make_predict_function.<locals>.one_step_on_data_distributed at 0x000001311EACFA60> triggered tf.function retracing. Tracing is expensive and the excessive number of tracings could be due to (1) creating @tf.function repeatedly in a loop, (2) passing tensors with different shapes, (3) passing Python objects instead of tensors. For (1), please define your @tf.function outside of the loop. For (2), @tf.function has reduce_retracing=True option that can avoid unnecessary retracing. For (3), please refer to https://www.tensorflow.org/guide/function#controlling_retracing and https://www.tensorflow.org/api_docs/python/tf/function for  more details.
WARNING:tensorflow:6 out of the last 8 calls to <function TensorFlowTrainer.make_predict_function.<locals>.one_step_on_data_distributed at 0x000001311EACFA60> triggered tf.function retracing. Tracing is expensive and the excessive number of tracings could be due to (1) creating @tf.function repeatedly in a loop, (2) passing tensors with different shapes, (3) passing Python objects instead of tensors. For (1), please define your @tf.function outside of the loop. For (2), @tf.function has reduce_retracing=True option that can avoid unnecessary retracing. For (3), please refer to https://www.tensorflow.org/guide/function#controlling_retracing and https://www.tensorflow.org/api_docs/python/tf/function for  more details.
grid_20-15-10_nadam_early_stop_s2034: 966 s, epochs used 92 232 398 252 500 386 500 500 500 50 500 500 500 500 500 500 79 500 500, loss 839331.6 (homogeneous 842344.8)
