==== 2026-10-10 08:51:41 start si_calendar.nncl.cl_grid slot 4
[1] 1200
WARNING: All log messages before absl::InitializeLog() is called are written to STDERR
I0000 00:00:1791615108.592895   20272 port.cc:153] oneDNN custom operations are on. You may see slightly different numerical results due to floating-point round-off errors from different computation orders. To turn them off, set the environment variable `TF_ENABLE_ONEDNN_OPTS=0`.
WARNING: All log messages before absl::InitializeLog() is called are written to STDERR
I0000 00:00:1791615113.011984   20272 port.cc:153] oneDNN custom operations are on. You may see slightly different numerical results due to floating-point round-off errors from different computation orders. To turn them off, set the environment variable `TF_ENABLE_ONEDNN_OPTS=0`.
WARNING:tensorflow:From C:\Users\26196425\Work\MASTER~3\env\Lib\site-packages\keras\src\backend\common\global_state.py:82: The name tf.reset_default_graph is deprecated. Please use tf.compat.v1.reset_default_graph instead.

WARNING:tensorflow:TensorFlow GPU support is not available on native Windows for TensorFlow >= 2.11. Even if CUDA/cuDNN are installed, GPU will not be used. Please use WSL2 or the TensorFlow-DirectML plugin.
WARNING:tensorflow:5 out of the last 7 calls to <function TensorFlowTrainer.make_predict_function.<locals>.one_step_on_data_distributed at 0x000001D4B525BC40> triggered tf.function retracing. Tracing is expensive and the excessive number of tracings could be due to (1) creating @tf.function repeatedly in a loop, (2) passing tensors with different shapes, (3) passing Python objects instead of tensors. For (1), please define your @tf.function outside of the loop. For (2), @tf.function has reduce_retracing=True option that can avoid unnecessary retracing. For (3), please refer to https://www.tensorflow.org/guide/function#controlling_retracing and https://www.tensorflow.org/api_docs/python/tf/function for  more details.
WARNING:tensorflow:6 out of the last 8 calls to <function TensorFlowTrainer.make_predict_function.<locals>.one_step_on_data_distributed at 0x000001D4B525BC40> triggered tf.function retracing. Tracing is expensive and the excessive number of tracings could be due to (1) creating @tf.function repeatedly in a loop, (2) passing tensors with different shapes, (3) passing Python objects instead of tensors. For (1), please define your @tf.function outside of the loop. For (2), @tf.function has reduce_retracing=True option that can avoid unnecessary retracing. For (3), please refer to https://www.tensorflow.org/guide/function#controlling_retracing and https://www.tensorflow.org/api_docs/python/tf/function for  more details.
clgrid_20_sgd_nesterov_cl_paper_s2026: 239 s, epochs used 100 100 100 100 100 100 100 100 100 100 100 100 100 100 100 100 100 100 100, loss 835545.3 (homogeneous 842344.8)
clgrid_20_adam_cl_start_s2026: 112 s, epochs used 0 37 63 23 38 47 35 26 0 19 1 12 5 0 1 0 0 0 0, loss 839607.9 (homogeneous 842344.8)
clgrid_20_adamax_cl_start_s2026: 128 s, epochs used 1 46 93 26 49 66 49 33 0 22 1 15 5 0 1 0 0 0 0, loss 839551.2 (homogeneous 842344.8)
clgrid_20-20-15_sgd_nesterov_cl_start_s2026: 232 s, epochs used 6 54 69 20 38 47 500 277 4 46 6 121 166 0 3 2 0 4 18, loss 838167.0 (homogeneous 842344.8)
clgrid_20-20-15_nadam_cl_paper_s2026: 270 s, epochs used 100 100 100 100 100 100 100 100 100 100 100 100 100 100 100 100 100 100 100, loss 833579.8 (homogeneous 842344.8)
clgrid_20-15-10_rmsprop_cl_start_s2026: 169 s, epochs used 1 39 53 31 273 32 130 27 1 136 0 16 42 0 0 0 0 0 0, loss 838630.4 (homogeneous 842344.8)
clgrid_20-15-10_nadam_cl_start_s2026: 161 s, epochs used 1 50 24 48 190 42 69 28 2 99 1 0 34 0 1 1 0 0 0, loss 839017.8 (homogeneous 842344.8)
clgrid_20_adagrad_cl_start_s2027: 150 s, epochs used 0 24 92 26 91 36 66 216 2 153 2 1 20 0 0 4 0 0 0, loss 839707.0 (homogeneous 842344.8)
==== 2026-10-10 09:19:54 start si_calendar.nncl.cl_grid slot 4
[1] 1200
WARNING: All log messages before absl::InitializeLog() is called are written to STDERR
I0000 00:00:1791616801.358715    5480 port.cc:153] oneDNN custom operations are on. You may see slightly different numerical results due to floating-point round-off errors from different computation orders. To turn them off, set the environment variable `TF_ENABLE_ONEDNN_OPTS=0`.
WARNING: All log messages before absl::InitializeLog() is called are written to STDERR
I0000 00:00:1791616805.441414    5480 port.cc:153] oneDNN custom operations are on. You may see slightly different numerical results due to floating-point round-off errors from different computation orders. To turn them off, set the environment variable `TF_ENABLE_ONEDNN_OPTS=0`.
WARNING:tensorflow:From C:\Users\26196425\Work\MASTER~3\env\Lib\site-packages\keras\src\backend\common\global_state.py:82: The name tf.reset_default_graph is deprecated. Please use tf.compat.v1.reset_default_graph instead.

WARNING:tensorflow:TensorFlow GPU support is not available on native Windows for TensorFlow >= 2.11. Even if CUDA/cuDNN are installed, GPU will not be used. Please use WSL2 or the TensorFlow-DirectML plugin.
WARNING:tensorflow:5 out of the last 7 calls to <function TensorFlowTrainer.make_predict_function.<locals>.one_step_on_data_distributed at 0x0000026976BBB880> triggered tf.function retracing. Tracing is expensive and the excessive number of tracings could be due to (1) creating @tf.function repeatedly in a loop, (2) passing tensors with different shapes, (3) passing Python objects instead of tensors. For (1), please define your @tf.function outside of the loop. For (2), @tf.function has reduce_retracing=True option that can avoid unnecessary retracing. For (3), please refer to https://www.tensorflow.org/guide/function#controlling_retracing and https://www.tensorflow.org/api_docs/python/tf/function for  more details.
WARNING:tensorflow:6 out of the last 8 calls to <function TensorFlowTrainer.make_predict_function.<locals>.one_step_on_data_distributed at 0x0000026976BBB880> triggered tf.function retracing. Tracing is expensive and the excessive number of tracings could be due to (1) creating @tf.function repeatedly in a loop, (2) passing tensors with different shapes, (3) passing Python objects instead of tensors. For (1), please define your @tf.function outside of the loop. For (2), @tf.function has reduce_retracing=True option that can avoid unnecessary retracing. For (3), please refer to https://www.tensorflow.org/guide/function#controlling_retracing and https://www.tensorflow.org/api_docs/python/tf/function for  more details.
clgrid_20_nadam_cl_start_s2027: 137 s, epochs used 0 37 82 47 53 56 41 75 2 71 3 2 21 0 0 0 0 0 0, loss 839620.6 (homogeneous 842344.8)
clgrid_20-20-15_adadelta_cl_paper_s2027: 252 s, epochs used 100 100 100 100 100 100 100 100 100 100 100 100 100 100 100 100 100 100 100, loss 841345.7 (homogeneous 842344.8)
clgrid_20-20-15_adamax_cl_start_s2027: 165 s, epochs used 14 39 80 52 66 51 249 89 0 0 1 3 37 2 0 0 2 0 0, loss 838817.1 (homogeneous 842344.8)
clgrid_20-15-10_adagrad_cl_start_s2027: 246 s, epochs used 0 67 102 60 500 3 172 367 2 3 4 168 5 9 0 4 0 4 18, loss 839496.2 (homogeneous 842344.8)
clgrid_20_sgd_cl_paper_s2028: 238 s, epochs used 100 100 100 100 100 100 100 100 100 100 100 100 100 100 100 100 100 100 100, loss 837340.2 (homogeneous 842344.8)
clgrid_20_rmsprop_cl_paper_s2028: 242 s, epochs used 100 100 100 100 100 100 100 100 100 100 100 100 100 100 100 100 100 100 100, loss 836679.2 (homogeneous 842344.8)
clgrid_20-20-15_sgd_nesterov_cl_start_s2028: 402 s, epochs used 0 197 500 58 500 18 500 500 0 13 0 0 500 17 0 0 0 2 0, loss 839240.6 (homogeneous 842344.8)
clgrid_20-15-10_sgd_nesterov_cl_paper_s2028: 252 s, epochs used 100 100 100 100 100 100 100 100 100 100 100 100 100 100 100 100 100 100 100, loss 834419.0 (homogeneous 842344.8)
==== 2026-10-10 09:55:53 start si_calendar.nncl.cl_grid slot 4
[1] 1200
WARNING: All log messages before absl::InitializeLog() is called are written to STDERR
I0000 00:00:1791618959.898097   15900 port.cc:153] oneDNN custom operations are on. You may see slightly different numerical results due to floating-point round-off errors from different computation orders. To turn them off, set the environment variable `TF_ENABLE_ONEDNN_OPTS=0`.
WARNING: All log messages before absl::InitializeLog() is called are written to STDERR
I0000 00:00:1791618964.028075   15900 port.cc:153] oneDNN custom operations are on. You may see slightly different numerical results due to floating-point round-off errors from different computation orders. To turn them off, set the environment variable `TF_ENABLE_ONEDNN_OPTS=0`.
WARNING:tensorflow:From C:\Users\26196425\Work\MASTER~3\env\Lib\site-packages\keras\src\backend\common\global_state.py:82: The name tf.reset_default_graph is deprecated. Please use tf.compat.v1.reset_default_graph instead.

WARNING:tensorflow:TensorFlow GPU support is not available on native Windows for TensorFlow >= 2.11. Even if CUDA/cuDNN are installed, GPU will not be used. Please use WSL2 or the TensorFlow-DirectML plugin.
WARNING:tensorflow:5 out of the last 7 calls to <function TensorFlowTrainer.make_predict_function.<locals>.one_step_on_data_distributed at 0x000001CC795D3A60> triggered tf.function retracing. Tracing is expensive and the excessive number of tracings could be due to (1) creating @tf.function repeatedly in a loop, (2) passing tensors with different shapes, (3) passing Python objects instead of tensors. For (1), please define your @tf.function outside of the loop. For (2), @tf.function has reduce_retracing=True option that can avoid unnecessary retracing. For (3), please refer to https://www.tensorflow.org/guide/function#controlling_retracing and https://www.tensorflow.org/api_docs/python/tf/function for  more details.
WARNING:tensorflow:6 out of the last 8 calls to <function TensorFlowTrainer.make_predict_function.<locals>.one_step_on_data_distributed at 0x000001CC795D3A60> triggered tf.function retracing. Tracing is expensive and the excessive number of tracings could be due to (1) creating @tf.function repeatedly in a loop, (2) passing tensors with different shapes, (3) passing Python objects instead of tensors. For (1), please define your @tf.function outside of the loop. For (2), @tf.function has reduce_retracing=True option that can avoid unnecessary retracing. For (3), please refer to https://www.tensorflow.org/guide/function#controlling_retracing and https://www.tensorflow.org/api_docs/python/tf/function for  more details.
clgrid_20-15-10_nadam_cl_paper_s2028: 259 s, epochs used 100 100 100 100 100 100 100 100 100 100 100 100 100 100 100 100 100 100 100, loss 836127.0 (homogeneous 842344.8)
clgrid_20_adam_cl_paper_s2029: 248 s, epochs used 100 100 100 100 100 100 100 100 100 100 100 100 100 100 100 100 100 100 100, loss 837220.0 (homogeneous 842344.8)
clgrid_20-20-15_adagrad_cl_start_s2029: 207 s, epochs used 0 112 120 5 500 29 241 88 1 5 0 69 20 8 6 0 0 0 14, loss 839488.4 (homogeneous 842344.8)
clgrid_20-20-15_nadam_cl_paper_s2029: 260 s, epochs used 100 100 100 100 100 100 100 100 100 100 100 100 100 100 100 100 100 100 100, loss 835048.1 (homogeneous 842344.8)
clgrid_20-15-10_adam_cl_paper_s2029: 259 s, epochs used 100 100 100 100 100 100 100 100 100 100 100 100 100 100 100 100 100 100 100, loss 835988.9 (homogeneous 842344.8)
clgrid_20_adagrad_cl_paper_s2030: 240 s, epochs used 100 100 100 100 100 100 100 100 100 100 100 100 100 100 100 100 100 100 100, loss 837027.2 (homogeneous 842344.8)
clgrid_20_nadam_cl_paper_s2030: 250 s, epochs used 100 100 100 100 100 100 100 100 100 100 100 100 100 100 100 100 100 100 100, loss 836867.6 (homogeneous 842344.8)
clgrid_20-20-15_rmsprop_cl_start_s2030: 166 s, epochs used 0 44 58 20 21 33 208 76 2 47 4 105 117 0 0 3 0 0 0, loss 839419.1 (homogeneous 842344.8)
==== 2026-10-10 10:31:37 start si_calendar.nncl.cl_grid slot 4
[1] 1200
WARNING: All log messages before absl::InitializeLog() is called are written to STDERR
I0000 00:00:1791621104.536739    3272 port.cc:153] oneDNN custom operations are on. You may see slightly different numerical results due to floating-point round-off errors from different computation orders. To turn them off, set the environment variable `TF_ENABLE_ONEDNN_OPTS=0`.
WARNING: All log messages before absl::InitializeLog() is called are written to STDERR
I0000 00:00:1791621108.375899    3272 port.cc:153] oneDNN custom operations are on. You may see slightly different numerical results due to floating-point round-off errors from different computation orders. To turn them off, set the environment variable `TF_ENABLE_ONEDNN_OPTS=0`.
WARNING:tensorflow:From C:\Users\26196425\Work\MASTER~3\env\Lib\site-packages\keras\src\backend\common\global_state.py:82: The name tf.reset_default_graph is deprecated. Please use tf.compat.v1.reset_default_graph instead.

WARNING:tensorflow:TensorFlow GPU support is not available on native Windows for TensorFlow >= 2.11. Even if CUDA/cuDNN are installed, GPU will not be used. Please use WSL2 or the TensorFlow-DirectML plugin.
WARNING:tensorflow:5 out of the last 7 calls to <function TensorFlowTrainer.make_predict_function.<locals>.one_step_on_data_distributed at 0x000001F9863E1580> triggered tf.function retracing. Tracing is expensive and the excessive number of tracings could be due to (1) creating @tf.function repeatedly in a loop, (2) passing tensors with different shapes, (3) passing Python objects instead of tensors. For (1), please define your @tf.function outside of the loop. For (2), @tf.function has reduce_retracing=True option that can avoid unnecessary retracing. For (3), please refer to https://www.tensorflow.org/guide/function#controlling_retracing and https://www.tensorflow.org/api_docs/python/tf/function for  more details.
WARNING:tensorflow:6 out of the last 8 calls to <function TensorFlowTrainer.make_predict_function.<locals>.one_step_on_data_distributed at 0x000001F9863E1580> triggered tf.function retracing. Tracing is expensive and the excessive number of tracings could be due to (1) creating @tf.function repeatedly in a loop, (2) passing tensors with different shapes, (3) passing Python objects instead of tensors. For (1), please define your @tf.function outside of the loop. For (2), @tf.function has reduce_retracing=True option that can avoid unnecessary retracing. For (3), please refer to https://www.tensorflow.org/guide/function#controlling_retracing and https://www.tensorflow.org/api_docs/python/tf/function for  more details.
clgrid_20-15-10_sgd_cl_paper_s2030: 233 s, epochs used 100 100 100 100 100 100 100 100 100 100 100 100 100 100 100 100 100 100 100, loss 840014.9 (homogeneous 842344.8)
clgrid_20-15-10_adam_cl_paper_s2030: 256 s, epochs used 100 100 100 100 100 100 100 100 100 100 100 100 100 100 100 100 100 100 100, loss 836552.3 (homogeneous 842344.8)
clgrid_20_sgd_nesterov_cl_start_s2031: 220 s, epochs used 0 10 153 39 13 7 500 72 0 500 0 23 52 0 0 0 0 6 7, loss 840194.1 (homogeneous 842344.8)
clgrid_20_adamax_cl_paper_s2031: 241 s, epochs used 100 100 100 100 100 100 100 100 100 100 100 100 100 100 100 100 100 100 100, loss 836798.0 (homogeneous 842344.8)
clgrid_20-20-15_rmsprop_cl_paper_s2031: 249 s, epochs used 100 100 100 100 100 100 100 100 100 100 100 100 100 100 100 100 100 100 100, loss 834926.5 (homogeneous 842344.8)
clgrid_20-15-10_sgd_momentum_cl_start_s2031: 201 s, epochs used 1 49 375 10 500 22 19 22 4 22 0 28 53 0 0 0 0 9 14, loss 840196.5 (homogeneous 842344.8)
clgrid_20-15-10_adam_cl_paper_s2031: 257 s, epochs used 100 100 100 100 100 100 100 100 100 100 100 100 100 100 100 100 100 100 100, loss 836165.6 (homogeneous 842344.8)
clgrid_20_adagrad_cl_paper_s2032: 242 s, epochs used 100 100 100 100 100 100 100 100 100 100 100 100 100 100 100 100 100 100 100, loss 836734.7 (homogeneous 842344.8)
==== 2026-10-10 11:06:48 start si_calendar.nncl.cl_grid slot 4
[1] 1200
WARNING: All log messages before absl::InitializeLog() is called are written to STDERR
I0000 00:00:1791623215.329646   16824 port.cc:153] oneDNN custom operations are on. You may see slightly different numerical results due to floating-point round-off errors from different computation orders. To turn them off, set the environment variable `TF_ENABLE_ONEDNN_OPTS=0`.
WARNING: All log messages before absl::InitializeLog() is called are written to STDERR
I0000 00:00:1791623219.472938   16824 port.cc:153] oneDNN custom operations are on. You may see slightly different numerical results due to floating-point round-off errors from different computation orders. To turn them off, set the environment variable `TF_ENABLE_ONEDNN_OPTS=0`.
WARNING:tensorflow:From C:\Users\26196425\Work\MASTER~3\env\Lib\site-packages\keras\src\backend\common\global_state.py:82: The name tf.reset_default_graph is deprecated. Please use tf.compat.v1.reset_default_graph instead.

WARNING:tensorflow:TensorFlow GPU support is not available on native Windows for TensorFlow >= 2.11. Even if CUDA/cuDNN are installed, GPU will not be used. Please use WSL2 or the TensorFlow-DirectML plugin.
WARNING:tensorflow:5 out of the last 7 calls to <function TensorFlowTrainer.make_predict_function.<locals>.one_step_on_data_distributed at 0x00000230FEA9FA60> triggered tf.function retracing. Tracing is expensive and the excessive number of tracings could be due to (1) creating @tf.function repeatedly in a loop, (2) passing tensors with different shapes, (3) passing Python objects instead of tensors. For (1), please define your @tf.function outside of the loop. For (2), @tf.function has reduce_retracing=True option that can avoid unnecessary retracing. For (3), please refer to https://www.tensorflow.org/guide/function#controlling_retracing and https://www.tensorflow.org/api_docs/python/tf/function for  more details.
WARNING:tensorflow:6 out of the last 8 calls to <function TensorFlowTrainer.make_predict_function.<locals>.one_step_on_data_distributed at 0x00000230FEA9FA60> triggered tf.function retracing. Tracing is expensive and the excessive number of tracings could be due to (1) creating @tf.function repeatedly in a loop, (2) passing tensors with different shapes, (3) passing Python objects instead of tensors. For (1), please define your @tf.function outside of the loop. For (2), @tf.function has reduce_retracing=True option that can avoid unnecessary retracing. For (3), please refer to https://www.tensorflow.org/guide/function#controlling_retracing and https://www.tensorflow.org/api_docs/python/tf/function for  more details.
clgrid_20_nadam_cl_paper_s2032: 249 s, epochs used 100 100 100 100 100 100 100 100 100 100 100 100 100 100 100 100 100 100 100, loss 836717.9 (homogeneous 842344.8)
clgrid_20-20-15_rmsprop_cl_start_s2032: 110 s, epochs used 0 33 47 15 28 44 79 61 0 6 0 1 19 0 2 0 0 0 0, loss 839601.1 (homogeneous 842344.8)
clgrid_20-20-15_nadam_cl_start_s2032: 129 s, epochs used 0 40 58 27 40 48 70 36 2 13 1 3 6 0 0 1 0 0 3, loss 839662.5 (homogeneous 842344.8)
clgrid_20-15-10_adagrad_cl_paper_s2032: 250 s, epochs used 100 100 100 100 100 100 100 100 100 100 100 100 100 100 100 100 100 100 100, loss 835006.5 (homogeneous 842344.8)
clgrid_20_sgd_cl_paper_s2033: 236 s, epochs used 100 100 100 100 100 100 100 100 100 100 100 100 100 100 100 100 100 100 100, loss 837509.6 (homogeneous 842344.8)
clgrid_20_adam_cl_paper_s2033: 248 s, epochs used 100 100 100 100 100 100 100 100 100 100 100 100 100 100 100 100 100 100 100, loss 836420.1 (homogeneous 842344.8)
clgrid_20-20-15_adadelta_cl_paper_s2033: 254 s, epochs used 100 100 100 100 100 100 100 100 100 100 100 100 100 100 100 100 100 100 100, loss 843644.7 (homogeneous 842344.8)
clgrid_20-15-10_sgd_cl_start_s2033: 387 s, epochs used 0 453 96 44 500 500 500 500 2 0 0 0 96 0 3 5 0 53 53, loss 841061.3 (homogeneous 842344.8)
==== 2026-10-10 11:41:38 start si_calendar.nncl.cl_grid slot 4
[1] 1200
WARNING: All log messages before absl::InitializeLog() is called are written to STDERR
I0000 00:00:1791625305.775486   10000 port.cc:153] oneDNN custom operations are on. You may see slightly different numerical results due to floating-point round-off errors from different computation orders. To turn them off, set the environment variable `TF_ENABLE_ONEDNN_OPTS=0`.
WARNING: All log messages before absl::InitializeLog() is called are written to STDERR
I0000 00:00:1791625310.072355   10000 port.cc:153] oneDNN custom operations are on. You may see slightly different numerical results due to floating-point round-off errors from different computation orders. To turn them off, set the environment variable `TF_ENABLE_ONEDNN_OPTS=0`.
WARNING:tensorflow:From C:\Users\26196425\Work\MASTER~3\env\Lib\site-packages\keras\src\backend\common\global_state.py:82: The name tf.reset_default_graph is deprecated. Please use tf.compat.v1.reset_default_graph instead.

WARNING:tensorflow:TensorFlow GPU support is not available on native Windows for TensorFlow >= 2.11. Even if CUDA/cuDNN are installed, GPU will not be used. Please use WSL2 or the TensorFlow-DirectML plugin.
WARNING:tensorflow:5 out of the last 7 calls to <function TensorFlowTrainer.make_predict_function.<locals>.one_step_on_data_distributed at 0x0000017B5632FE20> triggered tf.function retracing. Tracing is expensive and the excessive number of tracings could be due to (1) creating @tf.function repeatedly in a loop, (2) passing tensors with different shapes, (3) passing Python objects instead of tensors. For (1), please define your @tf.function outside of the loop. For (2), @tf.function has reduce_retracing=True option that can avoid unnecessary retracing. For (3), please refer to https://www.tensorflow.org/guide/function#controlling_retracing and https://www.tensorflow.org/api_docs/python/tf/function for  more details.
WARNING:tensorflow:6 out of the last 8 calls to <function TensorFlowTrainer.make_predict_function.<locals>.one_step_on_data_distributed at 0x0000017B5632FE20> triggered tf.function retracing. Tracing is expensive and the excessive number of tracings could be due to (1) creating @tf.function repeatedly in a loop, (2) passing tensors with different shapes, (3) passing Python objects instead of tensors. For (1), please define your @tf.function outside of the loop. For (2), @tf.function has reduce_retracing=True option that can avoid unnecessary retracing. For (3), please refer to https://www.tensorflow.org/guide/function#controlling_retracing and https://www.tensorflow.org/api_docs/python/tf/function for  more details.
clgrid_20_sgd_momentum_cl_start_s2034: 129 s, epochs used 0 47 84 31 20 39 88 83 0 53 3 30 51 0 0 0 0 0 0, loss 839604.9 (homogeneous 842344.8)
clgrid_20_rmsprop_cl_paper_s2034: 250 s, epochs used 100 100 100 100 100 100 100 100 100 100 100 100 100 100 100 100 100 100 100, loss 836696.8 (homogeneous 842344.8)
clgrid_20-20-15_sgd_momentum_cl_paper_s2034: 262 s, epochs used 100 100 100 100 100 100 100 100 100 100 100 100 100 100 100 100 100 100 100, loss 836395.8 (homogeneous 842344.8)
clgrid_20-20-15_adamw_cl_paper_s2034: 261 s, epochs used 100 100 100 100 100 100 100 100 100 100 100 100 100 100 100 100 100 100 100, loss 835372.0 (homogeneous 842344.8)
clgrid_20-15-10_adadelta_cl_start_s2034: 184 s, epochs used 0 68 74 38 19 141 131 84 5 168 14 0 17 1 0 4 1 0 0, loss 839431.4 (homogeneous 842344.8)
clgrid_20-15-10_nadam_cl_start_s2034: 143 s, epochs used 0 53 0 43 41 62 45 41 2 55 1 24 18 2 1 3 2 0 0, loss 840036.4 (homogeneous 842344.8)
clgrid_20_adadelta_cl_paper_s2035: 245 s, epochs used 100 100 100 100 100 100 100 100 100 100 100 100 100 100 100 100 100 100 100, loss 839112.9 (homogeneous 842344.8)
clgrid_20-20-15_sgd_cl_start_s2035: 364 s, epochs used 0 221 40 43 500 60 500 500 7 59 15 72 500 0 4 2 0 0 39, loss 841117.5 (homogeneous 842344.8)
==== 2026-10-10 12:16:04 start si_calendar.nncl.cl_grid slot 4
[1] 1200
WARNING: All log messages before absl::InitializeLog() is called are written to STDERR
I0000 00:00:1791627371.546740   17788 port.cc:153] oneDNN custom operations are on. You may see slightly different numerical results due to floating-point round-off errors from different computation orders. To turn them off, set the environment variable `TF_ENABLE_ONEDNN_OPTS=0`.
WARNING: All log messages before absl::InitializeLog() is called are written to STDERR
I0000 00:00:1791627375.382933   17788 port.cc:153] oneDNN custom operations are on. You may see slightly different numerical results due to floating-point round-off errors from different computation orders. To turn them off, set the environment variable `TF_ENABLE_ONEDNN_OPTS=0`.
WARNING:tensorflow:From C:\Users\26196425\Work\MASTER~3\env\Lib\site-packages\keras\src\backend\common\global_state.py:82: The name tf.reset_default_graph is deprecated. Please use tf.compat.v1.reset_default_graph instead.

WARNING:tensorflow:TensorFlow GPU support is not available on native Windows for TensorFlow >= 2.11. Even if CUDA/cuDNN are installed, GPU will not be used. Please use WSL2 or the TensorFlow-DirectML plugin.
WARNING:tensorflow:5 out of the last 7 calls to <function TensorFlowTrainer.make_predict_function.<locals>.one_step_on_data_distributed at 0x000001D80A9E5580> triggered tf.function retracing. Tracing is expensive and the excessive number of tracings could be due to (1) creating @tf.function repeatedly in a loop, (2) passing tensors with different shapes, (3) passing Python objects instead of tensors. For (1), please define your @tf.function outside of the loop. For (2), @tf.function has reduce_retracing=True option that can avoid unnecessary retracing. For (3), please refer to https://www.tensorflow.org/guide/function#controlling_retracing and https://www.tensorflow.org/api_docs/python/tf/function for  more details.
WARNING:tensorflow:6 out of the last 8 calls to <function TensorFlowTrainer.make_predict_function.<locals>.one_step_on_data_distributed at 0x000001D80A9E5580> triggered tf.function retracing. Tracing is expensive and the excessive number of tracings could be due to (1) creating @tf.function repeatedly in a loop, (2) passing tensors with different shapes, (3) passing Python objects instead of tensors. For (1), please define your @tf.function outside of the loop. For (2), @tf.function has reduce_retracing=True option that can avoid unnecessary retracing. For (3), please refer to https://www.tensorflow.org/guide/function#controlling_retracing and https://www.tensorflow.org/api_docs/python/tf/function for  more details.
clgrid_20-15-10_sgd_cl_paper_s2035: 230 s, epochs used 100 100 100 100 100 100 100 100 100 100 100 100 100 100 100 100 100 100 100, loss 839696.8 (homogeneous 842344.8)
clgrid_20-15-10_adam_cl_start_s2035: 137 s, epochs used 0 30 70 16 48 54 131 48 4 13 1 0 7 0 1 0 0 0 0, loss 839832.6 (homogeneous 842344.8)
clgrid_20_sgd_cl_paper_s2036: 236 s, epochs used 100 100 100 100 100 100 100 100 100 100 100 100 100 100 100 100 100 100 100, loss 836862.6 (homogeneous 842344.8)
clgrid_20_adam_cl_paper_s2036: 243 s, epochs used 100 100 100 100 100 100 100 100 100 100 100 100 100 100 100 100 100 100 100, loss 836438.7 (homogeneous 842344.8)
clgrid_20-20-15_adagrad_cl_start_s2036: 238 s, epochs used 2 14 100 6 231 202 428 342 2 3 2 60 5 0 0 4 0 1 4, loss 838938.0 (homogeneous 842344.8)
clgrid_20-15-10_sgd_cl_paper_s2036: 238 s, epochs used 100 100 100 100 100 100 100 100 100 100 100 100 100 100 100 100 100 100 100, loss 838489.8 (homogeneous 842344.8)
clgrid_20-15-10_adam_cl_paper_s2036: 258 s, epochs used 100 100 100 100 100 100 100 100 100 100 100 100 100 100 100 100 100 100 100, loss 835910.5 (homogeneous 842344.8)
clgrid_20_sgd_nesterov_cl_start_s2037: 174 s, epochs used 0 24 72 23 37 80 163 46 4 500 4 0 16 0 0 2 0 0 5, loss 839770.1 (homogeneous 842344.8)
==== 2026-10-10 12:48:39 start si_calendar.nncl.cl_grid slot 4
[1] 1200
WARNING: All log messages before absl::InitializeLog() is called are written to STDERR
I0000 00:00:1791629326.029998    9476 port.cc:153] oneDNN custom operations are on. You may see slightly different numerical results due to floating-point round-off errors from different computation orders. To turn them off, set the environment variable `TF_ENABLE_ONEDNN_OPTS=0`.
WARNING: All log messages before absl::InitializeLog() is called are written to STDERR
I0000 00:00:1791629330.226852    9476 port.cc:153] oneDNN custom operations are on. You may see slightly different numerical results due to floating-point round-off errors from different computation orders. To turn them off, set the environment variable `TF_ENABLE_ONEDNN_OPTS=0`.
WARNING:tensorflow:From C:\Users\26196425\Work\MASTER~3\env\Lib\site-packages\keras\src\backend\common\global_state.py:82: The name tf.reset_default_graph is deprecated. Please use tf.compat.v1.reset_default_graph instead.

WARNING:tensorflow:TensorFlow GPU support is not available on native Windows for TensorFlow >= 2.11. Even if CUDA/cuDNN are installed, GPU will not be used. Please use WSL2 or the TensorFlow-DirectML plugin.
WARNING:tensorflow:5 out of the last 7 calls to <function TensorFlowTrainer.make_predict_function.<locals>.one_step_on_data_distributed at 0x00000229578FFB00> triggered tf.function retracing. Tracing is expensive and the excessive number of tracings could be due to (1) creating @tf.function repeatedly in a loop, (2) passing tensors with different shapes, (3) passing Python objects instead of tensors. For (1), please define your @tf.function outside of the loop. For (2), @tf.function has reduce_retracing=True option that can avoid unnecessary retracing. For (3), please refer to https://www.tensorflow.org/guide/function#controlling_retracing and https://www.tensorflow.org/api_docs/python/tf/function for  more details.
WARNING:tensorflow:6 out of the last 8 calls to <function TensorFlowTrainer.make_predict_function.<locals>.one_step_on_data_distributed at 0x00000229578FFB00> triggered tf.function retracing. Tracing is expensive and the excessive number of tracings could be due to (1) creating @tf.function repeatedly in a loop, (2) passing tensors with different shapes, (3) passing Python objects instead of tensors. For (1), please define your @tf.function outside of the loop. For (2), @tf.function has reduce_retracing=True option that can avoid unnecessary retracing. For (3), please refer to https://www.tensorflow.org/guide/function#controlling_retracing and https://www.tensorflow.org/api_docs/python/tf/function for  more details.
clgrid_20_adamax_cl_paper_s2037: 238 s, epochs used 100 100 100 100 100 100 100 100 100 100 100 100 100 100 100 100 100 100 100, loss 836479.8 (homogeneous 842344.8)
clgrid_20-20-15_rmsprop_cl_paper_s2037: 246 s, epochs used 100 100 100 100 100 100 100 100 100 100 100 100 100 100 100 100 100 100 100, loss 834963.2 (homogeneous 842344.8)
clgrid_20-15-10_sgd_cl_start_s2037: 500 s, epochs used 0 409 0 500 500 500 500 500 15 231 13 0 249 3 28 16 2 199 135, loss 840858.7 (homogeneous 842344.8)
clgrid_20_sgd_nesterov_cl_start_s2038: 139 s, epochs used 0 9 10 8 29 64 500 29 0 21 0 1 12 3 0 0 0 0 0, loss 840004.7 (homogeneous 842344.8)
clgrid_20_adamw_cl_paper_s2038: 249 s, epochs used 100 100 100 100 100 100 100 100 100 100 100 100 100 100 100 100 100 100 100, loss 836544.4 (homogeneous 842344.8)
clgrid_20-20-15_adadelta_cl_start_s2038: 159 s, epochs used 3 12 30 38 193 36 119 180 3 20 2 1 21 1 0 2 1 0 0, loss 839285.4 (homogeneous 842344.8)
clgrid_20-20-15_adamax_cl_paper_s2038: 255 s, epochs used 100 100 100 100 100 100 100 100 100 100 100 100 100 100 100 100 100 100 100, loss 836181.3 (homogeneous 842344.8)
clgrid_20-15-10_rmsprop_cl_paper_s2038: 249 s, epochs used 100 100 100 100 100 100 100 100 100 100 100 100 100 100 100 100 100 100 100, loss 834828.3 (homogeneous 842344.8)
==== 2026-10-10 13:26:00 start si_calendar.nncl.cl_grid slot 4
[1] 1200
WARNING: All log messages before absl::InitializeLog() is called are written to STDERR
I0000 00:00:1791631566.793130   13184 port.cc:153] oneDNN custom operations are on. You may see slightly different numerical results due to floating-point round-off errors from different computation orders. To turn them off, set the environment variable `TF_ENABLE_ONEDNN_OPTS=0`.
WARNING: All log messages before absl::InitializeLog() is called are written to STDERR
I0000 00:00:1791631570.815693   13184 port.cc:153] oneDNN custom operations are on. You may see slightly different numerical results due to floating-point round-off errors from different computation orders. To turn them off, set the environment variable `TF_ENABLE_ONEDNN_OPTS=0`.
WARNING:tensorflow:From C:\Users\26196425\Work\MASTER~3\env\Lib\site-packages\keras\src\backend\common\global_state.py:82: The name tf.reset_default_graph is deprecated. Please use tf.compat.v1.reset_default_graph instead.

WARNING:tensorflow:TensorFlow GPU support is not available on native Windows for TensorFlow >= 2.11. Even if CUDA/cuDNN are installed, GPU will not be used. Please use WSL2 or the TensorFlow-DirectML plugin.
WARNING:tensorflow:5 out of the last 7 calls to <function TensorFlowTrainer.make_predict_function.<locals>.one_step_on_data_distributed at 0x000001A60DDDBE20> triggered tf.function retracing. Tracing is expensive and the excessive number of tracings could be due to (1) creating @tf.function repeatedly in a loop, (2) passing tensors with different shapes, (3) passing Python objects instead of tensors. For (1), please define your @tf.function outside of the loop. For (2), @tf.function has reduce_retracing=True option that can avoid unnecessary retracing. For (3), please refer to https://www.tensorflow.org/guide/function#controlling_retracing and https://www.tensorflow.org/api_docs/python/tf/function for  more details.
WARNING:tensorflow:6 out of the last 8 calls to <function TensorFlowTrainer.make_predict_function.<locals>.one_step_on_data_distributed at 0x000001A60DDDBE20> triggered tf.function retracing. Tracing is expensive and the excessive number of tracings could be due to (1) creating @tf.function repeatedly in a loop, (2) passing tensors with different shapes, (3) passing Python objects instead of tensors. For (1), please define your @tf.function outside of the loop. For (2), @tf.function has reduce_retracing=True option that can avoid unnecessary retracing. For (3), please refer to https://www.tensorflow.org/guide/function#controlling_retracing and https://www.tensorflow.org/api_docs/python/tf/function for  more details.
clgrid_20_sgd_momentum_cl_start_s2039: 97 s, epochs used 0 22 29 22 31 18 30 36 1 78 3 7 27 5 0 0 0 0 8, loss 839627.7 (homogeneous 842344.8)
clgrid_20_rmsprop_cl_paper_s2039: 236 s, epochs used 100 100 100 100 100 100 100 100 100 100 100 100 100 100 100 100 100 100 100, loss 836680.1 (homogeneous 842344.8)
clgrid_20-20-15_sgd_momentum_cl_paper_s2039: 243 s, epochs used 100 100 100 100 100 100 100 100 100 100 100 100 100 100 100 100 100 100 100, loss 836044.3 (homogeneous 842344.8)
clgrid_20-20-15_adamw_cl_start_s2039: 155 s, epochs used 1 37 50 30 38 60 186 27 0 54 1 24 41 0 0 0 0 0 0, loss 839359.1 (homogeneous 842344.8)
clgrid_20-15-10_sgd_nesterov_cl_paper_s2039: 249 s, epochs used 100 100 100 100 100 100 100 100 100 100 100 100 100 100 100 100 100 100 100, loss 838084.6 (homogeneous 842344.8)
clgrid_20-15-10_adamax_cl_start_s2039: 156 s, epochs used 10 66 18 65 75 109 77 68 2 71 1 6 23 1 1 0 0 0 0, loss 839266.5 (homogeneous 842344.8)
clgrid_20_adagrad_cl_start_s2040: 224 s, epochs used 0 51 239 29 500 25 144 1 0 225 0 1 115 0 0 0 0 0 1, loss 839549.8 (homogeneous 842344.8)
clgrid_20_nadam_cl_start_s2040: 138 s, epochs used 1 48 76 45 110 28 51 94 2 27 1 2 20 1 0 0 0 0 0, loss 839526.8 (homogeneous 842344.8)
==== 2026-10-10 13:54:32 start si_calendar.nncl.cl_grid slot 4
[1] 1200
WARNING: All log messages before absl::InitializeLog() is called are written to STDERR
I0000 00:00:1791633279.456351   10068 port.cc:153] oneDNN custom operations are on. You may see slightly different numerical results due to floating-point round-off errors from different computation orders. To turn them off, set the environment variable `TF_ENABLE_ONEDNN_OPTS=0`.
WARNING: All log messages before absl::InitializeLog() is called are written to STDERR
I0000 00:00:1791633283.482347   10068 port.cc:153] oneDNN custom operations are on. You may see slightly different numerical results due to floating-point round-off errors from different computation orders. To turn them off, set the environment variable `TF_ENABLE_ONEDNN_OPTS=0`.
WARNING:tensorflow:From C:\Users\26196425\Work\MASTER~3\env\Lib\site-packages\keras\src\backend\common\global_state.py:82: The name tf.reset_default_graph is deprecated. Please use tf.compat.v1.reset_default_graph instead.

WARNING:tensorflow:TensorFlow GPU support is not available on native Windows for TensorFlow >= 2.11. Even if CUDA/cuDNN are installed, GPU will not be used. Please use WSL2 or the TensorFlow-DirectML plugin.
WARNING:tensorflow:5 out of the last 7 calls to <function TensorFlowTrainer.make_predict_function.<locals>.one_step_on_data_distributed at 0x000001A799AF14E0> triggered tf.function retracing. Tracing is expensive and the excessive number of tracings could be due to (1) creating @tf.function repeatedly in a loop, (2) passing tensors with different shapes, (3) passing Python objects instead of tensors. For (1), please define your @tf.function outside of the loop. For (2), @tf.function has reduce_retracing=True option that can avoid unnecessary retracing. For (3), please refer to https://www.tensorflow.org/guide/function#controlling_retracing and https://www.tensorflow.org/api_docs/python/tf/function for  more details.
WARNING:tensorflow:6 out of the last 8 calls to <function TensorFlowTrainer.make_predict_function.<locals>.one_step_on_data_distributed at 0x000001A799AF14E0> triggered tf.function retracing. Tracing is expensive and the excessive number of tracings could be due to (1) creating @tf.function repeatedly in a loop, (2) passing tensors with different shapes, (3) passing Python objects instead of tensors. For (1), please define your @tf.function outside of the loop. For (2), @tf.function has reduce_retracing=True option that can avoid unnecessary retracing. For (3), please refer to https://www.tensorflow.org/guide/function#controlling_retracing and https://www.tensorflow.org/api_docs/python/tf/function for  more details.
clgrid_20-20-15_adadelta_cl_paper_s2040: 261 s, epochs used 100 100 100 100 100 100 100 100 100 100 100 100 100 100 100 100 100 100 100, loss 839111.8 (homogeneous 842344.8)
clgrid_20-20-15_nadam_cl_start_s2040: 151 s, epochs used 1 40 51 36 128 34 117 54 0 11 0 4 20 1 0 0 0 0 0, loss 839345.5 (homogeneous 842344.8)
clgrid_20-15-10_adagrad_cl_start_s2040: 322 s, epochs used 0 60 154 81 389 130 496 296 3 4 0 29 500 0 0 6 0 0 2, loss 839308.3 (homogeneous 842344.8)
clgrid_20_sgd_momentum_cl_paper_s2041: 245 s, epochs used 100 100 100 100 100 100 100 100 100 100 100 100 100 100 100 100 100 100 100, loss 836590.3 (homogeneous 842344.8)
clgrid_20_adamw_cl_start_s2041: 165 s, epochs used 12 54 70 45 312 41 56 20 2 61 1 3 23 0 0 0 0 58 0, loss 837771.0 (homogeneous 842344.8)
clgrid_20-20-15_adagrad_cl_paper_s2041: 246 s, epochs used 100 100 100 100 100 100 100 100 100 100 100 100 100 100 100 100 100 100 100, loss 835914.5 (homogeneous 842344.8)
clgrid_20-20-15_nadam_cl_start_s2041: 143 s, epochs used 13 32 61 48 30 48 128 26 0 11 1 3 15 0 0 0 0 0 0, loss 838316.9 (homogeneous 842344.8)
clgrid_20-15-10_adadelta_cl_paper_s2041: 261 s, epochs used 100 100 100 100 100 100 100 100 100 100 100 100 100 100 100 100 100 100 100, loss 834792.1 (homogeneous 842344.8)
==== 2026-10-10 14:28:37 start si_calendar.nncl.cl_grid slot 4
[1] 1200
WARNING: All log messages before absl::InitializeLog() is called are written to STDERR
I0000 00:00:1791635324.291735   19860 port.cc:153] oneDNN custom operations are on. You may see slightly different numerical results due to floating-point round-off errors from different computation orders. To turn them off, set the environment variable `TF_ENABLE_ONEDNN_OPTS=0`.
WARNING: All log messages before absl::InitializeLog() is called are written to STDERR
I0000 00:00:1791635328.444873   19860 port.cc:153] oneDNN custom operations are on. You may see slightly different numerical results due to floating-point round-off errors from different computation orders. To turn them off, set the environment variable `TF_ENABLE_ONEDNN_OPTS=0`.
WARNING:tensorflow:From C:\Users\26196425\Work\MASTER~3\env\Lib\site-packages\keras\src\backend\common\global_state.py:82: The name tf.reset_default_graph is deprecated. Please use tf.compat.v1.reset_default_graph instead.

WARNING:tensorflow:TensorFlow GPU support is not available on native Windows for TensorFlow >= 2.11. Even if CUDA/cuDNN are installed, GPU will not be used. Please use WSL2 or the TensorFlow-DirectML plugin.
WARNING:tensorflow:5 out of the last 7 calls to <function TensorFlowTrainer.make_predict_function.<locals>.one_step_on_data_distributed at 0x000002092AC7FE20> triggered tf.function retracing. Tracing is expensive and the excessive number of tracings could be due to (1) creating @tf.function repeatedly in a loop, (2) passing tensors with different shapes, (3) passing Python objects instead of tensors. For (1), please define your @tf.function outside of the loop. For (2), @tf.function has reduce_retracing=True option that can avoid unnecessary retracing. For (3), please refer to https://www.tensorflow.org/guide/function#controlling_retracing and https://www.tensorflow.org/api_docs/python/tf/function for  more details.
WARNING:tensorflow:6 out of the last 8 calls to <function TensorFlowTrainer.make_predict_function.<locals>.one_step_on_data_distributed at 0x000002092AC7FE20> triggered tf.function retracing. Tracing is expensive and the excessive number of tracings could be due to (1) creating @tf.function repeatedly in a loop, (2) passing tensors with different shapes, (3) passing Python objects instead of tensors. For (1), please define your @tf.function outside of the loop. For (2), @tf.function has reduce_retracing=True option that can avoid unnecessary retracing. For (3), please refer to https://www.tensorflow.org/guide/function#controlling_retracing and https://www.tensorflow.org/api_docs/python/tf/function for  more details.
clgrid_20_sgd_momentum_cl_start_s2042: 111 s, epochs used 0 7 5 44 28 58 147 61 0 10 0 12 37 2 0 0 0 2 4, loss 840456.5 (homogeneous 842344.8)
clgrid_20_adadelta_cl_start_s2042: 120 s, epochs used 0 24 96 41 27 45 112 84 0 5 0 2 13 0 0 0 0 0 0, loss 839752.7 (homogeneous 842344.8)
clgrid_20_adamw_cl_start_s2042: 114 s, epochs used 3 21 97 8 37 47 60 15 0 8 1 5 15 0 0 0 0 58 0, loss 839753.3 (homogeneous 842344.8)
clgrid_20-20-15_sgd_momentum_cl_start_s2042: 126 s, epochs used 0 8 4 24 238 36 52 11 3 12 2 12 43 5 2 0 1 0 0, loss 841176.3 (homogeneous 842344.8)
clgrid_20-20-15_rmsprop_cl_start_s2042: 116 s, epochs used 0 12 64 48 31 57 52 61 2 3 0 1 17 0 0 2 0 0 0, loss 839854.8 (homogeneous 842344.8)
clgrid_20-20-15_adamax_cl_start_s2042: 131 s, epochs used 0 23 9 36 63 77 71 60 0 11 1 4 21 1 1 0 0 0 0, loss 840635.1 (homogeneous 842344.8)
clgrid_20-15-10_adagrad_cl_paper_s2042: 246 s, epochs used 100 100 100 100 100 100 100 100 100 100 100 100 100 100 100 100 100 100 100, loss 834893.7 (homogeneous 842344.8)
clgrid_20-15-10_nadam_cl_start_s2042: 161 s, epochs used 8 26 75 12 46 56 181 36 0 60 1 8 24 2 0 0 0 0 0, loss 839186.6 (homogeneous 842344.8)
==== 2026-10-10 14:50:57 start si_calendar.nncl.cl_grid slot 4
[1] 1200
WARNING: All log messages before absl::InitializeLog() is called are written to STDERR
I0000 00:00:1791636677.741992   13732 port.cc:153] oneDNN custom operations are on. You may see slightly different numerical results due to floating-point round-off errors from different computation orders. To turn them off, set the environment variable `TF_ENABLE_ONEDNN_OPTS=0`.
WARNING: All log messages before absl::InitializeLog() is called are written to STDERR
I0000 00:00:1791636711.518187   13732 port.cc:153] oneDNN custom operations are on. You may see slightly different numerical results due to floating-point round-off errors from different computation orders. To turn them off, set the environment variable `TF_ENABLE_ONEDNN_OPTS=0`.
WARNING:tensorflow:From C:\Users\26196425\Work\MASTER~3\env\Lib\site-packages\keras\src\backend\common\global_state.py:82: The name tf.reset_default_graph is deprecated. Please use tf.compat.v1.reset_default_graph instead.

WARNING:tensorflow:TensorFlow GPU support is not available on native Windows for TensorFlow >= 2.11. Even if CUDA/cuDNN are installed, GPU will not be used. Please use WSL2 or the TensorFlow-DirectML plugin.
WARNING:tensorflow:5 out of the last 7 calls to <function TensorFlowTrainer.make_predict_function.<locals>.one_step_on_data_distributed at 0x000001A75D458400> triggered tf.function retracing. Tracing is expensive and the excessive number of tracings could be due to (1) creating @tf.function repeatedly in a loop, (2) passing tensors with different shapes, (3) passing Python objects instead of tensors. For (1), please define your @tf.function outside of the loop. For (2), @tf.function has reduce_retracing=True option that can avoid unnecessary retracing. For (3), please refer to https://www.tensorflow.org/guide/function#controlling_retracing and https://www.tensorflow.org/api_docs/python/tf/function for  more details.
WARNING:tensorflow:6 out of the last 8 calls to <function TensorFlowTrainer.make_predict_function.<locals>.one_step_on_data_distributed at 0x000001A75D458400> triggered tf.function retracing. Tracing is expensive and the excessive number of tracings could be due to (1) creating @tf.function repeatedly in a loop, (2) passing tensors with different shapes, (3) passing Python objects instead of tensors. For (1), please define your @tf.function outside of the loop. For (2), @tf.function has reduce_retracing=True option that can avoid unnecessary retracing. For (3), please refer to https://www.tensorflow.org/guide/function#controlling_retracing and https://www.tensorflow.org/api_docs/python/tf/function for  more details.
clgrid_20_adadelta_cl_paper_s2043: 261 s, epochs used 100 100 100 100 100 100 100 100 100 100 100 100 100 100 100 100 100 100 100, loss 837199.4 (homogeneous 842344.8)
clgrid_20-20-15_adagrad_cl_paper_s2043: 246 s, epochs used 100 100 100 100 100 100 100 100 100 100 100 100 100 100 100 100 100 100 100, loss 835073.5 (homogeneous 842344.8)
clgrid_20-20-15_nadam_cl_paper_s2043: 265 s, epochs used 100 100 100 100 100 100 100 100 100 100 100 100 100 100 100 100 100 100 100, loss 834788.7 (homogeneous 842344.8)
clgrid_20-15-10_rmsprop_cl_start_s2043: 167 s, epochs used 3 23 63 15 34 48 217 83 1 12 1 192 98 0 2 0 0 0 0, loss 839425.4 (homogeneous 842344.8)
clgrid_20-15-10_nadam_cl_start_s2043: 140 s, epochs used 1 31 71 22 45 58 46 66 2 17 1 0 58 0 0 1 0 0 5, loss 839875.0 (homogeneous 842344.8)
clgrid_20_adadelta_cl_paper_s2044: 249 s, epochs used 100 100 100 100 100 100 100 100 100 100 100 100 100 100 100 100 100 100 100, loss 836860.8 (homogeneous 842344.8)
clgrid_20-20-15_sgd_cl_paper_s2044: 236 s, epochs used 100 100 100 100 100 100 100 100 100 100 100 100 100 100 100 100 100 100 100, loss 838057.4 (homogeneous 842344.8)
clgrid_20-20-15_adamw_cl_paper_s2044: 264 s, epochs used 100 100 100 100 100 100 100 100 100 100 100 100 100 100 100 100 100 100 100, loss 836113.0 (homogeneous 842344.8)
==== 2026-10-10 15:26:28 start si_calendar.nncl.cl_grid slot 4
[1] 1200
WARNING: All log messages before absl::InitializeLog() is called are written to STDERR
I0000 00:00:1791638796.478707   10936 port.cc:153] oneDNN custom operations are on. You may see slightly different numerical results due to floating-point round-off errors from different computation orders. To turn them off, set the environment variable `TF_ENABLE_ONEDNN_OPTS=0`.
WARNING: All log messages before absl::InitializeLog() is called are written to STDERR
I0000 00:00:1791638800.794931   10936 port.cc:153] oneDNN custom operations are on. You may see slightly different numerical results due to floating-point round-off errors from different computation orders. To turn them off, set the environment variable `TF_ENABLE_ONEDNN_OPTS=0`.
WARNING:tensorflow:From C:\Users\26196425\Work\MASTER~3\env\Lib\site-packages\keras\src\backend\common\global_state.py:82: The name tf.reset_default_graph is deprecated. Please use tf.compat.v1.reset_default_graph instead.

WARNING:tensorflow:TensorFlow GPU support is not available on native Windows for TensorFlow >= 2.11. Even if CUDA/cuDNN are installed, GPU will not be used. Please use WSL2 or the TensorFlow-DirectML plugin.
WARNING:tensorflow:5 out of the last 7 calls to <function TensorFlowTrainer.make_predict_function.<locals>.one_step_on_data_distributed at 0x000001E5EE0ED4E0> triggered tf.function retracing. Tracing is expensive and the excessive number of tracings could be due to (1) creating @tf.function repeatedly in a loop, (2) passing tensors with different shapes, (3) passing Python objects instead of tensors. For (1), please define your @tf.function outside of the loop. For (2), @tf.function has reduce_retracing=True option that can avoid unnecessary retracing. For (3), please refer to https://www.tensorflow.org/guide/function#controlling_retracing and https://www.tensorflow.org/api_docs/python/tf/function for  more details.
WARNING:tensorflow:6 out of the last 8 calls to <function TensorFlowTrainer.make_predict_function.<locals>.one_step_on_data_distributed at 0x000001E5EE0ED4E0> triggered tf.function retracing. Tracing is expensive and the excessive number of tracings could be due to (1) creating @tf.function repeatedly in a loop, (2) passing tensors with different shapes, (3) passing Python objects instead of tensors. For (1), please define your @tf.function outside of the loop. For (2), @tf.function has reduce_retracing=True option that can avoid unnecessary retracing. For (3), please refer to https://www.tensorflow.org/guide/function#controlling_retracing and https://www.tensorflow.org/api_docs/python/tf/function for  more details.
clgrid_20-15-10_adadelta_cl_start_s2044: 200 s, epochs used 0 22 76 35 267 61 249 84 8 203 6 4 21 0 2 6 0 0 0, loss 839611.9 (homogeneous 842344.8)
clgrid_20-15-10_adamax_cl_paper_s2044: 254 s, epochs used 100 100 100 100 100 100 100 100 100 100 100 100 100 100 100 100 100 100 100, loss 836971.7 (homogeneous 842344.8)
clgrid_20_rmsprop_cl_paper_s2045: 244 s, epochs used 100 100 100 100 100 100 100 100 100 100 100 100 100 100 100 100 100 100 100, loss 837199.4 (homogeneous 842344.8)
clgrid_20-20-15_sgd_momentum_cl_start_s2045: 119 s, epochs used 0 152 6 4 184 3 10 27 3 0 4 27 6 0 0 0 0 5 0, loss 840635.0 (homogeneous 842344.8)
clgrid_20-20-15_rmsprop_cl_paper_s2045: 255 s, epochs used 100 100 100 100 100 100 100 100 100 100 100 100 100 100 100 100 100 100 100, loss 835566.2 (homogeneous 842344.8)
clgrid_20-15-10_sgd_nesterov_cl_start_s2045: 114 s, epochs used 0 16 9 5 38 2 9 255 1 7 0 7 3 4 0 0 0 9 0, loss 841396.4 (homogeneous 842344.8)
clgrid_20-15-10_adam_cl_paper_s2045: 257 s, epochs used 100 100 100 100 100 100 100 100 100 100 100 100 100 100 100 100 100 100 100, loss 835475.0 (homogeneous 842344.8)
