==== 2026-10-09 19:12:51 start si_calendar.nncl.grid slot 11
[1] 1200
WARNING: All log messages before absl::InitializeLog() is called are written to STDERR
I0000 00:00:1791565978.106180   18232 port.cc:153] oneDNN custom operations are on. You may see slightly different numerical results due to floating-point round-off errors from different computation orders. To turn them off, set the environment variable `TF_ENABLE_ONEDNN_OPTS=0`.
WARNING: All log messages before absl::InitializeLog() is called are written to STDERR
I0000 00:00:1791565981.711144   18232 port.cc:153] oneDNN custom operations are on. You may see slightly different numerical results due to floating-point round-off errors from different computation orders. To turn them off, set the environment variable `TF_ENABLE_ONEDNN_OPTS=0`.
WARNING:tensorflow:From C:\Users\26196425\Work\MASTER~3\env\Lib\site-packages\keras\src\backend\common\global_state.py:82: The name tf.reset_default_graph is deprecated. Please use tf.compat.v1.reset_default_graph instead.

WARNING:tensorflow:TensorFlow GPU support is not available on native Windows for TensorFlow >= 2.11. Even if CUDA/cuDNN are installed, GPU will not be used. Please use WSL2 or the TensorFlow-DirectML plugin.
WARNING:tensorflow:5 out of the last 7 calls to <function TensorFlowTrainer.make_predict_function.<locals>.one_step_on_data_distributed at 0x000002105D04FCE0> triggered tf.function retracing. Tracing is expensive and the excessive number of tracings could be due to (1) creating @tf.function repeatedly in a loop, (2) passing tensors with different shapes, (3) passing Python objects instead of tensors. For (1), please define your @tf.function outside of the loop. For (2), @tf.function has reduce_retracing=True option that can avoid unnecessary retracing. For (3), please refer to https://www.tensorflow.org/guide/function#controlling_retracing and https://www.tensorflow.org/api_docs/python/tf/function for  more details.
WARNING:tensorflow:6 out of the last 8 calls to <function TensorFlowTrainer.make_predict_function.<locals>.one_step_on_data_distributed at 0x000002105D04FCE0> triggered tf.function retracing. Tracing is expensive and the excessive number of tracings could be due to (1) creating @tf.function repeatedly in a loop, (2) passing tensors with different shapes, (3) passing Python objects instead of tensors. For (1), please define your @tf.function outside of the loop. For (2), @tf.function has reduce_retracing=True option that can avoid unnecessary retracing. For (3), please refer to https://www.tensorflow.org/guide/function#controlling_retracing and https://www.tensorflow.org/api_docs/python/tf/function for  more details.
grid_20_sgd_momentum_early_stop_s2026: 601 s, epochs used 38 20 53 39 39 500 477 500 399 27 500 500 57 500 41 500 7 500 5, loss 839058.3 (homogeneous 842344.8)
grid_20-20-15_sgd_momentum_paper_s2026: 247 s, epochs used 100 100 100 100 100 100 100 100 100 100 100 100 100 100 100 100 100 100 100, loss 837028.4 (homogeneous 842344.8)
grid_20-20-15_adagrad_early_stop_s2026: 710 s, epochs used 15 77 104 137 42 78 500 356 500 120 500 500 500 500 500 500 51 500 26, loss 842927.1 (homogeneous 842344.8)
grid_20-15-10_adadelta_paper_s2026: 255 s, epochs used 100 100 100 100 100 100 100 100 100 100 100 100 100 100 100 100 100 100 100, loss 837445.7 (homogeneous 842344.8)
grid_20-15-10_adam_early_stop_s2026: 668 s, epochs used 71 161 137 78 49 75 500 339 500 83 500 386 215 500 243 500 31 35 500, loss 842731.7 (homogeneous 842344.8)
grid_20_rmsprop_paper_s2027: 243 s, epochs used 100 100 100 100 100 100 100 100 100 100 100 100 100 100 100 100 100 100 100, loss 842846.9 (homogeneous 842344.8)
grid_20_adamax_early_stop_s2027: 1082 s, epochs used 447 500 198 500 500 500 500 500 500 500 500 500 500 500 500 500 113 500 437, loss 838287.4 (homogeneous 842344.8)
grid_20-15-10_sgd_momentum_early_stop_s2027: 488 s, epochs used 23 51 46 87 500 48 500 69 89 46 500 52 12 500 500 461 14 44 14, loss 845317.7 (homogeneous 842344.8)
==== 2026-10-09 20:28:11 start si_calendar.nncl.grid slot 11
[1] 1200
WARNING: All log messages before absl::InitializeLog() is called are written to STDERR
I0000 00:00:1791570499.335414   18612 port.cc:153] oneDNN custom operations are on. You may see slightly different numerical results due to floating-point round-off errors from different computation orders. To turn them off, set the environment variable `TF_ENABLE_ONEDNN_OPTS=0`.
WARNING: All log messages before absl::InitializeLog() is called are written to STDERR
I0000 00:00:1791570503.435815   18612 port.cc:153] oneDNN custom operations are on. You may see slightly different numerical results due to floating-point round-off errors from different computation orders. To turn them off, set the environment variable `TF_ENABLE_ONEDNN_OPTS=0`.
WARNING:tensorflow:From C:\Users\26196425\Work\MASTER~3\env\Lib\site-packages\keras\src\backend\common\global_state.py:82: The name tf.reset_default_graph is deprecated. Please use tf.compat.v1.reset_default_graph instead.

WARNING:tensorflow:TensorFlow GPU support is not available on native Windows for TensorFlow >= 2.11. Even if CUDA/cuDNN are installed, GPU will not be used. Please use WSL2 or the TensorFlow-DirectML plugin.
WARNING:tensorflow:5 out of the last 7 calls to <function TensorFlowTrainer.make_predict_function.<locals>.one_step_on_data_distributed at 0x000001A6BA42FA60> triggered tf.function retracing. Tracing is expensive and the excessive number of tracings could be due to (1) creating @tf.function repeatedly in a loop, (2) passing tensors with different shapes, (3) passing Python objects instead of tensors. For (1), please define your @tf.function outside of the loop. For (2), @tf.function has reduce_retracing=True option that can avoid unnecessary retracing. For (3), please refer to https://www.tensorflow.org/guide/function#controlling_retracing and https://www.tensorflow.org/api_docs/python/tf/function for  more details.
WARNING:tensorflow:6 out of the last 8 calls to <function TensorFlowTrainer.make_predict_function.<locals>.one_step_on_data_distributed at 0x000001A6BA42FA60> triggered tf.function retracing. Tracing is expensive and the excessive number of tracings could be due to (1) creating @tf.function repeatedly in a loop, (2) passing tensors with different shapes, (3) passing Python objects instead of tensors. For (1), please define your @tf.function outside of the loop. For (2), @tf.function has reduce_retracing=True option that can avoid unnecessary retracing. For (3), please refer to https://www.tensorflow.org/guide/function#controlling_retracing and https://www.tensorflow.org/api_docs/python/tf/function for  more details.
grid_20-15-10_adamw_early_stop_s2027: 1050 s, epochs used 98 500 500 483 500 387 500 500 500 500 500 500 500 500 500 500 161 133 500, loss 838118.2 (homogeneous 842344.8)
grid_20_nadam_early_stop_s2028: 840 s, epochs used 262 64 95 146 500 500 500 500 500 57 500 236 500 500 500 500 39 500 191, loss 839947.8 (homogeneous 842344.8)
grid_20-15-10_sgd_early_stop_s2028: 822 s, epochs used 44 20 29 261 338 50 500 500 500 29 500 500 500 500 500 500 238 500 500, loss 841129.1 (homogeneous 842344.8)
grid_20_sgd_early_stop_s2029: 991 s, epochs used 20 500 500 400 128 352 500 500 500 500 500 500 500 500 500 500 61 500 500, loss 839562.4 (homogeneous 842344.8)
grid_20-20-15_adagrad_early_stop_s2029: 873 s, epochs used 33 35 335 174 500 264 500 500 500 32 500 338 500 500 500 500 36 500 500, loss 840678.4 (homogeneous 842344.8)
grid_20-15-10_adadelta_paper_s2029: 262 s, epochs used 100 100 100 100 100 100 100 100 100 100 100 100 100 100 100 100 100 100 100, loss 839848.7 (homogeneous 842344.8)
grid_20-15-10_adamw_paper_s2029: 264 s, epochs used 100 100 100 100 100 100 100 100 100 100 100 100 100 100 100 100 100 100 100, loss 839314.1 (homogeneous 842344.8)
grid_20_sgd_momentum_paper_s2030: 240 s, epochs used 100 100 100 100 100 100 100 100 100 100 100 100 100 100 100 100 100 100 100, loss 1530792.1 (homogeneous 842344.8)
==== 2026-10-09 22:01:01 start si_calendar.nncl.grid slot 11
[1] 1200
WARNING: All log messages before absl::InitializeLog() is called are written to STDERR
I0000 00:00:1791576068.431245    7744 port.cc:153] oneDNN custom operations are on. You may see slightly different numerical results due to floating-point round-off errors from different computation orders. To turn them off, set the environment variable `TF_ENABLE_ONEDNN_OPTS=0`.
WARNING: All log messages before absl::InitializeLog() is called are written to STDERR
I0000 00:00:1791576072.545653    7744 port.cc:153] oneDNN custom operations are on. You may see slightly different numerical results due to floating-point round-off errors from different computation orders. To turn them off, set the environment variable `TF_ENABLE_ONEDNN_OPTS=0`.
WARNING:tensorflow:From C:\Users\26196425\Work\MASTER~3\env\Lib\site-packages\keras\src\backend\common\global_state.py:82: The name tf.reset_default_graph is deprecated. Please use tf.compat.v1.reset_default_graph instead.

WARNING:tensorflow:TensorFlow GPU support is not available on native Windows for TensorFlow >= 2.11. Even if CUDA/cuDNN are installed, GPU will not be used. Please use WSL2 or the TensorFlow-DirectML plugin.
WARNING:tensorflow:5 out of the last 7 calls to <function TensorFlowTrainer.make_predict_function.<locals>.one_step_on_data_distributed at 0x000001FC52A4B740> triggered tf.function retracing. Tracing is expensive and the excessive number of tracings could be due to (1) creating @tf.function repeatedly in a loop, (2) passing tensors with different shapes, (3) passing Python objects instead of tensors. For (1), please define your @tf.function outside of the loop. For (2), @tf.function has reduce_retracing=True option that can avoid unnecessary retracing. For (3), please refer to https://www.tensorflow.org/guide/function#controlling_retracing and https://www.tensorflow.org/api_docs/python/tf/function for  more details.
WARNING:tensorflow:6 out of the last 8 calls to <function TensorFlowTrainer.make_predict_function.<locals>.one_step_on_data_distributed at 0x000001FC52A4B740> triggered tf.function retracing. Tracing is expensive and the excessive number of tracings could be due to (1) creating @tf.function repeatedly in a loop, (2) passing tensors with different shapes, (3) passing Python objects instead of tensors. For (1), please define your @tf.function outside of the loop. For (2), @tf.function has reduce_retracing=True option that can avoid unnecessary retracing. For (3), please refer to https://www.tensorflow.org/guide/function#controlling_retracing and https://www.tensorflow.org/api_docs/python/tf/function for  more details.
grid_20_rmsprop_paper_s2030: 239 s, epochs used 100 100 100 100 100 100 100 100 100 100 100 100 100 100 100 100 100 100 100, loss 847463.9 (homogeneous 842344.8)
grid_20_nadam_paper_s2030: 251 s, epochs used 100 100 100 100 100 100 100 100 100 100 100 100 100 100 100 100 100 100 100, loss 866265.1 (homogeneous 842344.8)
grid_20-20-15_sgd_nesterov_paper_s2030: 247 s, epochs used 100 100 100 100 100 100 100 100 100 100 100 100 100 100 100 100 100 100 100, loss NaN (homogeneous 842344.8)
grid_20-20-15_adadelta_paper_s2030: 255 s, epochs used 100 100 100 100 100 100 100 100 100 100 100 100 100 100 100 100 100 100 100, loss 839854.1 (homogeneous 842344.8)
grid_20-20-15_adam_early_stop_s2030: 551 s, epochs used 74 67 74 33 51 32 500 62 281 19 500 235 224 500 254 500 46 500 36, loss 842709.8 (homogeneous 842344.8)
grid_20-15-10_rmsprop_paper_s2030: 247 s, epochs used 100 100 100 100 100 100 100 100 100 100 100 100 100 100 100 100 100 100 100, loss 836925.9 (homogeneous 842344.8)
grid_20-15-10_adamax_early_stop_s2030: 947 s, epochs used 126 467 356 135 500 500 500 488 500 409 500 243 500 500 500 500 43 500 1, loss 840135.7 (homogeneous 842344.8)
grid_20-20-15_sgd_momentum_paper_s2031: 252 s, epochs used 100 100 100 100 100 100 100 100 100 100 100 100 100 100 100 100 100 100 100, loss 1530425.4 (homogeneous 842344.8)
==== 2026-10-09 22:54:43 start si_calendar.nncl.grid slot 11
[1] 1200
WARNING: All log messages before absl::InitializeLog() is called are written to STDERR
I0000 00:00:1791579290.881082    7056 port.cc:153] oneDNN custom operations are on. You may see slightly different numerical results due to floating-point round-off errors from different computation orders. To turn them off, set the environment variable `TF_ENABLE_ONEDNN_OPTS=0`.
WARNING: All log messages before absl::InitializeLog() is called are written to STDERR
I0000 00:00:1791579294.795115    7056 port.cc:153] oneDNN custom operations are on. You may see slightly different numerical results due to floating-point round-off errors from different computation orders. To turn them off, set the environment variable `TF_ENABLE_ONEDNN_OPTS=0`.
WARNING:tensorflow:From C:\Users\26196425\Work\MASTER~3\env\Lib\site-packages\keras\src\backend\common\global_state.py:82: The name tf.reset_default_graph is deprecated. Please use tf.compat.v1.reset_default_graph instead.

WARNING:tensorflow:TensorFlow GPU support is not available on native Windows for TensorFlow >= 2.11. Even if CUDA/cuDNN are installed, GPU will not be used. Please use WSL2 or the TensorFlow-DirectML plugin.
WARNING:tensorflow:5 out of the last 7 calls to <function TensorFlowTrainer.make_predict_function.<locals>.one_step_on_data_distributed at 0x000001F2075014E0> triggered tf.function retracing. Tracing is expensive and the excessive number of tracings could be due to (1) creating @tf.function repeatedly in a loop, (2) passing tensors with different shapes, (3) passing Python objects instead of tensors. For (1), please define your @tf.function outside of the loop. For (2), @tf.function has reduce_retracing=True option that can avoid unnecessary retracing. For (3), please refer to https://www.tensorflow.org/guide/function#controlling_retracing and https://www.tensorflow.org/api_docs/python/tf/function for  more details.
WARNING:tensorflow:6 out of the last 8 calls to <function TensorFlowTrainer.make_predict_function.<locals>.one_step_on_data_distributed at 0x000001F2075014E0> triggered tf.function retracing. Tracing is expensive and the excessive number of tracings could be due to (1) creating @tf.function repeatedly in a loop, (2) passing tensors with different shapes, (3) passing Python objects instead of tensors. For (1), please define your @tf.function outside of the loop. For (2), @tf.function has reduce_retracing=True option that can avoid unnecessary retracing. For (3), please refer to https://www.tensorflow.org/guide/function#controlling_retracing and https://www.tensorflow.org/api_docs/python/tf/function for  more details.
grid_20-20-15_adadelta_early_stop_s2031: 308 s, epochs used 63 74 71 150 256 284 27 39 47 53 56 51 48 49 60 56 11 215 252, loss 840206.4 (homogeneous 842344.8)
grid_20-20-15_adamax_early_stop_s2031: 887 s, epochs used 79 181 244 207 500 52 500 500 500 51 500 500 500 500 500 500 23 500 500, loss 845614.8 (homogeneous 842344.8)
grid_20_sgd_early_stop_s2032: 852 s, epochs used 28 34 77 194 500 500 500 500 500 66 500 500 500 500 500 500 94 500 111, loss 838755.3 (homogeneous 842344.8)
grid_20-20-15_sgd_nesterov_paper_s2032: 252 s, epochs used 100 100 100 100 100 100 100 100 100 100 100 100 100 100 100 100 100 100 100, loss NaN (homogeneous 842344.8)
grid_20-20-15_rmsprop_early_stop_s2032: 505 s, epochs used 72 122 56 111 329 84 495 259 195 26 437 48 307 41 47 315 19 58 386, loss 837611.5 (homogeneous 842344.8)
grid_20-15-10_sgd_momentum_paper_s2032: 249 s, epochs used 100 100 100 100 100 100 100 100 100 100 100 100 100 100 100 100 100 100 100, loss 835579.9 (homogeneous 842344.8)
grid_20-15-10_adam_paper_s2032: 262 s, epochs used 100 100 100 100 100 100 100 100 100 100 100 100 100 100 100 100 100 100 100, loss 840431.5 (homogeneous 842344.8)
grid_20-15-10_nadam_early_stop_s2032: 652 s, epochs used 69 117 119 87 39 56 500 425 350 61 500 207 500 500 323 448 26 101 126, loss 847264.6 (homogeneous 842344.8)
==== 2026-10-10 00:04:54 start si_calendar.nncl.grid slot 11
[1] 1200
WARNING: All log messages before absl::InitializeLog() is called are written to STDERR
I0000 00:00:1791583501.336586   17948 port.cc:153] oneDNN custom operations are on. You may see slightly different numerical results due to floating-point round-off errors from different computation orders. To turn them off, set the environment variable `TF_ENABLE_ONEDNN_OPTS=0`.
WARNING: All log messages before absl::InitializeLog() is called are written to STDERR
I0000 00:00:1791583505.956988   17948 port.cc:153] oneDNN custom operations are on. You may see slightly different numerical results due to floating-point round-off errors from different computation orders. To turn them off, set the environment variable `TF_ENABLE_ONEDNN_OPTS=0`.
WARNING:tensorflow:From C:\Users\26196425\Work\MASTER~3\env\Lib\site-packages\keras\src\backend\common\global_state.py:82: The name tf.reset_default_graph is deprecated. Please use tf.compat.v1.reset_default_graph instead.

WARNING:tensorflow:TensorFlow GPU support is not available on native Windows for TensorFlow >= 2.11. Even if CUDA/cuDNN are installed, GPU will not be used. Please use WSL2 or the TensorFlow-DirectML plugin.
WARNING:tensorflow:5 out of the last 7 calls to <function TensorFlowTrainer.make_predict_function.<locals>.one_step_on_data_distributed at 0x00000120286ABB00> triggered tf.function retracing. Tracing is expensive and the excessive number of tracings could be due to (1) creating @tf.function repeatedly in a loop, (2) passing tensors with different shapes, (3) passing Python objects instead of tensors. For (1), please define your @tf.function outside of the loop. For (2), @tf.function has reduce_retracing=True option that can avoid unnecessary retracing. For (3), please refer to https://www.tensorflow.org/guide/function#controlling_retracing and https://www.tensorflow.org/api_docs/python/tf/function for  more details.
WARNING:tensorflow:6 out of the last 8 calls to <function TensorFlowTrainer.make_predict_function.<locals>.one_step_on_data_distributed at 0x00000120286ABB00> triggered tf.function retracing. Tracing is expensive and the excessive number of tracings could be due to (1) creating @tf.function repeatedly in a loop, (2) passing tensors with different shapes, (3) passing Python objects instead of tensors. For (1), please define your @tf.function outside of the loop. For (2), @tf.function has reduce_retracing=True option that can avoid unnecessary retracing. For (3), please refer to https://www.tensorflow.org/guide/function#controlling_retracing and https://www.tensorflow.org/api_docs/python/tf/function for  more details.
grid_20_nadam_early_stop_s2033: 878 s, epochs used 250 196 115 161 500 500 500 500 440 163 500 500 321 500 500 500 92 172 500, loss 838758.0 (homogeneous 842344.8)
grid_20-15-10_sgd_early_stop_s2033: 999 s, epochs used 22 151 500 500 500 500 500 500 500 500 500 500 500 500 500 500 178 500 117, loss 839748.7 (homogeneous 842344.8)
grid_20_adadelta_paper_s2034: 245 s, epochs used 100 100 100 100 100 100 100 100 100 100 100 100 100 100 100 100 100 100 100, loss 880483.5 (homogeneous 842344.8)
grid_20_adamw_early_stop_s2034: 1037 s, epochs used 243 464 500 500 500 500 500 500 500 114 500 500 500 500 500 500 500 500 17, loss 842506.8 (homogeneous 842344.8)
grid_20-20-15_nadam_paper_s2034: 268 s, epochs used 100 100 100 100 100 100 100 100 100 100 100 100 100 100 100 100 100 100 100, loss 839979.0 (homogeneous 842344.8)
grid_20-15-10_adagrad_early_stop_s2034: 981 s, epochs used 28 233 411 226 500 329 500 500 500 492 500 500 500 500 500 500 55 500 500, loss 838448.7 (homogeneous 842344.8)
grid_20_adadelta_early_stop_s2035: 480 s, epochs used 164 139 94 139 124 140 150 153 176 142 163 166 163 168 165 173 42 499 499, loss 839791.8 (homogeneous 842344.8)
grid_20-20-15_sgd_paper_s2035: 245 s, epochs used 100 100 100 100 100 100 100 100 100 100 100 100 100 100 100 100 100 100 100, loss 840510.7 (homogeneous 842344.8)
==== 2026-10-10 01:34:12 start si_calendar.nncl.grid slot 11
