==== 2026-10-10 08:51:26 start si_calendar.nncl.cl_grid slot 1
[1] 1200
WARNING: All log messages before absl::InitializeLog() is called are written to STDERR
I0000 00:00:1791615093.361805   15240 port.cc:153] oneDNN custom operations are on. You may see slightly different numerical results due to floating-point round-off errors from different computation orders. To turn them off, set the environment variable `TF_ENABLE_ONEDNN_OPTS=0`.
WARNING: All log messages before absl::InitializeLog() is called are written to STDERR
I0000 00:00:1791615097.653217   15240 port.cc:153] oneDNN custom operations are on. You may see slightly different numerical results due to floating-point round-off errors from different computation orders. To turn them off, set the environment variable `TF_ENABLE_ONEDNN_OPTS=0`.
WARNING:tensorflow:From C:\Users\26196425\Work\MASTER~3\env\Lib\site-packages\keras\src\backend\common\global_state.py:82: The name tf.reset_default_graph is deprecated. Please use tf.compat.v1.reset_default_graph instead.

WARNING:tensorflow:TensorFlow GPU support is not available on native Windows for TensorFlow >= 2.11. Even if CUDA/cuDNN are installed, GPU will not be used. Please use WSL2 or the TensorFlow-DirectML plugin.
WARNING:tensorflow:5 out of the last 7 calls to <function TensorFlowTrainer.make_predict_function.<locals>.one_step_on_data_distributed at 0x000001EBB3B7FC40> triggered tf.function retracing. Tracing is expensive and the excessive number of tracings could be due to (1) creating @tf.function repeatedly in a loop, (2) passing tensors with different shapes, (3) passing Python objects instead of tensors. For (1), please define your @tf.function outside of the loop. For (2), @tf.function has reduce_retracing=True option that can avoid unnecessary retracing. For (3), please refer to https://www.tensorflow.org/guide/function#controlling_retracing and https://www.tensorflow.org/api_docs/python/tf/function for  more details.
WARNING:tensorflow:6 out of the last 8 calls to <function TensorFlowTrainer.make_predict_function.<locals>.one_step_on_data_distributed at 0x000001EBB3B7FC40> triggered tf.function retracing. Tracing is expensive and the excessive number of tracings could be due to (1) creating @tf.function repeatedly in a loop, (2) passing tensors with different shapes, (3) passing Python objects instead of tensors. For (1), please define your @tf.function outside of the loop. For (2), @tf.function has reduce_retracing=True option that can avoid unnecessary retracing. For (3), please refer to https://www.tensorflow.org/guide/function#controlling_retracing and https://www.tensorflow.org/api_docs/python/tf/function for  more details.
clgrid_20_sgd_momentum_cl_start_s2026: 153 s, epochs used 0 23 42 39 500 49 38 33 3 27 3 27 14 0 0 0 0 4 9, loss 839486.4 (homogeneous 842344.8)
clgrid_20_adagrad_cl_start_s2026: 215 s, epochs used 2 14 171 5 500 37 49 42 3 500 0 8 7 0 0 0 0 0 1, loss 838433.4 (homogeneous 842344.8)
clgrid_20_nadam_cl_paper_s2026: 252 s, epochs used 100 100 100 100 100 100 100 100 100 100 100 100 100 100 100 100 100 100 100, loss 835420.2 (homogeneous 842344.8)
clgrid_20-20-15_rmsprop_cl_paper_s2026: 244 s, epochs used 100 100 100 100 100 100 100 100 100 100 100 100 100 100 100 100 100 100 100, loss 833223.7 (homogeneous 842344.8)
clgrid_20-15-10_sgd_nesterov_cl_paper_s2026: 250 s, epochs used 100 100 100 100 100 100 100 100 100 100 100 100 100 100 100 100 100 100 100, loss 835509.1 (homogeneous 842344.8)
clgrid_20-15-10_adamw_cl_paper_s2026: 256 s, epochs used 100 100 100 100 100 100 100 100 100 100 100 100 100 100 100 100 100 100 100, loss 835608.4 (homogeneous 842344.8)
clgrid_20_adadelta_cl_start_s2027: 130 s, epochs used 0 22 72 32 35 49 68 96 3 149 2 1 17 0 0 0 0 0 0, loss 839697.5 (homogeneous 842344.8)
clgrid_20_adamax_cl_start_s2027: 153 s, epochs used 0 45 120 58 75 66 56 108 2 159 1 3 26 0 0 0 0 0 0, loss 839671.2 (homogeneous 842344.8)
==== 2026-10-10 09:22:32 start si_calendar.nncl.cl_grid slot 1
[1] 1200
WARNING: All log messages before absl::InitializeLog() is called are written to STDERR
I0000 00:00:1791616958.954861    7640 port.cc:153] oneDNN custom operations are on. You may see slightly different numerical results due to floating-point round-off errors from different computation orders. To turn them off, set the environment variable `TF_ENABLE_ONEDNN_OPTS=0`.
WARNING: All log messages before absl::InitializeLog() is called are written to STDERR
I0000 00:00:1791616962.913782    7640 port.cc:153] oneDNN custom operations are on. You may see slightly different numerical results due to floating-point round-off errors from different computation orders. To turn them off, set the environment variable `TF_ENABLE_ONEDNN_OPTS=0`.
WARNING:tensorflow:From C:\Users\26196425\Work\MASTER~3\env\Lib\site-packages\keras\src\backend\common\global_state.py:82: The name tf.reset_default_graph is deprecated. Please use tf.compat.v1.reset_default_graph instead.

WARNING:tensorflow:TensorFlow GPU support is not available on native Windows for TensorFlow >= 2.11. Even if CUDA/cuDNN are installed, GPU will not be used. Please use WSL2 or the TensorFlow-DirectML plugin.
WARNING:tensorflow:5 out of the last 7 calls to <function TensorFlowTrainer.make_predict_function.<locals>.one_step_on_data_distributed at 0x0000019759A90400> triggered tf.function retracing. Tracing is expensive and the excessive number of tracings could be due to (1) creating @tf.function repeatedly in a loop, (2) passing tensors with different shapes, (3) passing Python objects instead of tensors. For (1), please define your @tf.function outside of the loop. For (2), @tf.function has reduce_retracing=True option that can avoid unnecessary retracing. For (3), please refer to https://www.tensorflow.org/guide/function#controlling_retracing and https://www.tensorflow.org/api_docs/python/tf/function for  more details.
WARNING:tensorflow:6 out of the last 8 calls to <function TensorFlowTrainer.make_predict_function.<locals>.one_step_on_data_distributed at 0x0000019759A90400> triggered tf.function retracing. Tracing is expensive and the excessive number of tracings could be due to (1) creating @tf.function repeatedly in a loop, (2) passing tensors with different shapes, (3) passing Python objects instead of tensors. For (1), please define your @tf.function outside of the loop. For (2), @tf.function has reduce_retracing=True option that can avoid unnecessary retracing. For (3), please refer to https://www.tensorflow.org/guide/function#controlling_retracing and https://www.tensorflow.org/api_docs/python/tf/function for  more details.
clgrid_20-20-15_adagrad_cl_start_s2027: 292 s, epochs used 4 31 105 37 499 153 500 439 2 3 2 1 179 1 0 6 0 2 1, loss 838538.9 (homogeneous 842344.8)
clgrid_20-15-10_sgd_momentum_cl_paper_s2027: 245 s, epochs used 100 100 100 100 100 100 100 100 100 100 100 100 100 100 100 100 100 100 100, loss 838207.1 (homogeneous 842344.8)
clgrid_20-15-10_adam_cl_start_s2027: 134 s, epochs used 0 46 58 39 74 45 45 67 4 7 0 19 9 6 0 0 0 0 0, loss 839639.6 (homogeneous 842344.8)
clgrid_20-15-10_nadam_cl_paper_s2027: 262 s, epochs used 100 100 100 100 100 100 100 100 100 100 100 100 100 100 100 100 100 100 100, loss 836177.3 (homogeneous 842344.8)
clgrid_20_adam_cl_paper_s2028: 248 s, epochs used 100 100 100 100 100 100 100 100 100 100 100 100 100 100 100 100 100 100 100, loss 836446.7 (homogeneous 842344.8)
clgrid_20-20-15_adagrad_cl_start_s2028: 379 s, epochs used 0 54 189 33 499 323 500 500 2 1 0 8 500 4 2 6 0 1 0, loss 839322.1 (homogeneous 842344.8)
clgrid_20-15-10_sgd_nesterov_cl_start_s2028: 199 s, epochs used 4 88 68 75 56 140 291 337 0 2 0 23 0 10 0 0 0 5 0, loss 838303.0 (homogeneous 842344.8)
clgrid_20-15-10_adamw_cl_start_s2028: 138 s, epochs used 13 65 67 52 33 60 41 29 5 34 0 6 32 3 0 0 0 0 0, loss 838101.5 (homogeneous 842344.8)
==== 2026-10-10 09:58:05 start si_calendar.nncl.cl_grid slot 1
[1] 1200
WARNING: All log messages before absl::InitializeLog() is called are written to STDERR
I0000 00:00:1791619092.059118   14504 port.cc:153] oneDNN custom operations are on. You may see slightly different numerical results due to floating-point round-off errors from different computation orders. To turn them off, set the environment variable `TF_ENABLE_ONEDNN_OPTS=0`.
WARNING: All log messages before absl::InitializeLog() is called are written to STDERR
I0000 00:00:1791619095.992036   14504 port.cc:153] oneDNN custom operations are on. You may see slightly different numerical results due to floating-point round-off errors from different computation orders. To turn them off, set the environment variable `TF_ENABLE_ONEDNN_OPTS=0`.
WARNING:tensorflow:From C:\Users\26196425\Work\MASTER~3\env\Lib\site-packages\keras\src\backend\common\global_state.py:82: The name tf.reset_default_graph is deprecated. Please use tf.compat.v1.reset_default_graph instead.

WARNING:tensorflow:TensorFlow GPU support is not available on native Windows for TensorFlow >= 2.11. Even if CUDA/cuDNN are installed, GPU will not be used. Please use WSL2 or the TensorFlow-DirectML plugin.
WARNING:tensorflow:5 out of the last 7 calls to <function TensorFlowTrainer.make_predict_function.<locals>.one_step_on_data_distributed at 0x000001832392BE20> triggered tf.function retracing. Tracing is expensive and the excessive number of tracings could be due to (1) creating @tf.function repeatedly in a loop, (2) passing tensors with different shapes, (3) passing Python objects instead of tensors. For (1), please define your @tf.function outside of the loop. For (2), @tf.function has reduce_retracing=True option that can avoid unnecessary retracing. For (3), please refer to https://www.tensorflow.org/guide/function#controlling_retracing and https://www.tensorflow.org/api_docs/python/tf/function for  more details.
WARNING:tensorflow:6 out of the last 8 calls to <function TensorFlowTrainer.make_predict_function.<locals>.one_step_on_data_distributed at 0x000001832392BE20> triggered tf.function retracing. Tracing is expensive and the excessive number of tracings could be due to (1) creating @tf.function repeatedly in a loop, (2) passing tensors with different shapes, (3) passing Python objects instead of tensors. For (1), please define your @tf.function outside of the loop. For (2), @tf.function has reduce_retracing=True option that can avoid unnecessary retracing. For (3), please refer to https://www.tensorflow.org/guide/function#controlling_retracing and https://www.tensorflow.org/api_docs/python/tf/function for  more details.
clgrid_20_sgd_momentum_cl_start_s2029: 90 s, epochs used 0 40 46 7 22 13 52 22 3 15 2 21 11 7 0 0 0 0 0, loss 839909.3 (homogeneous 842344.8)
clgrid_20_rmsprop_cl_paper_s2029: 245 s, epochs used 100 100 100 100 100 100 100 100 100 100 100 100 100 100 100 100 100 100 100, loss 837008.6 (homogeneous 842344.8)
clgrid_20-20-15_sgd_nesterov_cl_paper_s2029: 243 s, epochs used 100 100 100 100 100 100 100 100 100 100 100 100 100 100 100 100 100 100 100, loss 1365766.6 (homogeneous 842344.8)
clgrid_20-20-15_adamax_cl_paper_s2029: 250 s, epochs used 100 100 100 100 100 100 100 100 100 100 100 100 100 100 100 100 100 100 100, loss 836495.6 (homogeneous 842344.8)
clgrid_20-15-10_rmsprop_cl_paper_s2029: 248 s, epochs used 100 100 100 100 100 100 100 100 100 100 100 100 100 100 100 100 100 100 100, loss 835491.6 (homogeneous 842344.8)
clgrid_20_sgd_nesterov_cl_paper_s2030: 241 s, epochs used 100 100 100 100 100 100 100 100 100 100 100 100 100 100 100 100 100 100 100, loss 837374.9 (homogeneous 842344.8)
clgrid_20_adamax_cl_paper_s2030: 244 s, epochs used 100 100 100 100 100 100 100 100 100 100 100 100 100 100 100 100 100 100 100, loss 837002.8 (homogeneous 842344.8)
clgrid_20-20-15_rmsprop_cl_paper_s2030: 245 s, epochs used 100 100 100 100 100 100 100 100 100 100 100 100 100 100 100 100 100 100 100, loss 836481.8 (homogeneous 842344.8)
==== 2026-10-10 10:31:37 start si_calendar.nncl.cl_grid slot 1
[1] 1200
WARNING: All log messages before absl::InitializeLog() is called are written to STDERR
I0000 00:00:1791621104.482967    9324 port.cc:153] oneDNN custom operations are on. You may see slightly different numerical results due to floating-point round-off errors from different computation orders. To turn them off, set the environment variable `TF_ENABLE_ONEDNN_OPTS=0`.
WARNING: All log messages before absl::InitializeLog() is called are written to STDERR
I0000 00:00:1791621108.357421    9324 port.cc:153] oneDNN custom operations are on. You may see slightly different numerical results due to floating-point round-off errors from different computation orders. To turn them off, set the environment variable `TF_ENABLE_ONEDNN_OPTS=0`.
WARNING:tensorflow:From C:\Users\26196425\Work\MASTER~3\env\Lib\site-packages\keras\src\backend\common\global_state.py:82: The name tf.reset_default_graph is deprecated. Please use tf.compat.v1.reset_default_graph instead.

WARNING:tensorflow:TensorFlow GPU support is not available on native Windows for TensorFlow >= 2.11. Even if CUDA/cuDNN are installed, GPU will not be used. Please use WSL2 or the TensorFlow-DirectML plugin.
WARNING:tensorflow:5 out of the last 7 calls to <function TensorFlowTrainer.make_predict_function.<locals>.one_step_on_data_distributed at 0x000001DEDA8DB880> triggered tf.function retracing. Tracing is expensive and the excessive number of tracings could be due to (1) creating @tf.function repeatedly in a loop, (2) passing tensors with different shapes, (3) passing Python objects instead of tensors. For (1), please define your @tf.function outside of the loop. For (2), @tf.function has reduce_retracing=True option that can avoid unnecessary retracing. For (3), please refer to https://www.tensorflow.org/guide/function#controlling_retracing and https://www.tensorflow.org/api_docs/python/tf/function for  more details.
WARNING:tensorflow:6 out of the last 8 calls to <function TensorFlowTrainer.make_predict_function.<locals>.one_step_on_data_distributed at 0x000001DEDA8DB880> triggered tf.function retracing. Tracing is expensive and the excessive number of tracings could be due to (1) creating @tf.function repeatedly in a loop, (2) passing tensors with different shapes, (3) passing Python objects instead of tensors. For (1), please define your @tf.function outside of the loop. For (2), @tf.function has reduce_retracing=True option that can avoid unnecessary retracing. For (3), please refer to https://www.tensorflow.org/guide/function#controlling_retracing and https://www.tensorflow.org/api_docs/python/tf/function for  more details.
clgrid_20-20-15_nadam_cl_start_s2030: 158 s, epochs used 0 58 63 28 28 39 118 29 2 30 2 57 97 0 1 1 0 0 0, loss 839415.5 (homogeneous 842344.8)
clgrid_20-15-10_adadelta_cl_start_s2030: 173 s, epochs used 0 85 41 38 181 51 154 64 6 67 4 72 25 0 0 4 1 0 0, loss 839094.2 (homogeneous 842344.8)
clgrid_20-15-10_adamax_cl_start_s2030: 154 s, epochs used 0 55 78 45 54 49 132 66 7 38 1 50 30 0 1 0 0 0 0, loss 839604.4 (homogeneous 842344.8)
clgrid_20_adagrad_cl_paper_s2031: 238 s, epochs used 100 100 100 100 100 100 100 100 100 100 100 100 100 100 100 100 100 100 100, loss 836771.8 (homogeneous 842344.8)
clgrid_20_nadam_cl_paper_s2031: 253 s, epochs used 100 100 100 100 100 100 100 100 100 100 100 100 100 100 100 100 100 100 100, loss 836714.2 (homogeneous 842344.8)
clgrid_20-20-15_adam_cl_start_s2031: 141 s, epochs used 0 23 58 40 27 51 63 35 0 100 1 14 76 0 0 0 0 0 0, loss 839840.8 (homogeneous 842344.8)
clgrid_20-15-10_sgd_momentum_cl_paper_s2031: 244 s, epochs used 100 100 100 100 100 100 100 100 100 100 100 100 100 100 100 100 100 100 100, loss 837637.6 (homogeneous 842344.8)
clgrid_20-15-10_adamw_cl_paper_s2031: 260 s, epochs used 100 100 100 100 100 100 100 100 100 100 100 100 100 100 100 100 100 100 100, loss 836166.3 (homogeneous 842344.8)
==== 2026-10-10 11:02:58 start si_calendar.nncl.cl_grid slot 1
[1] 1200
WARNING: All log messages before absl::InitializeLog() is called are written to STDERR
I0000 00:00:1791622996.482967   19760 port.cc:153] oneDNN custom operations are on. You may see slightly different numerical results due to floating-point round-off errors from different computation orders. To turn them off, set the environment variable `TF_ENABLE_ONEDNN_OPTS=0`.
WARNING: All log messages before absl::InitializeLog() is called are written to STDERR
I0000 00:00:1791623025.632557   19760 port.cc:153] oneDNN custom operations are on. You may see slightly different numerical results due to floating-point round-off errors from different computation orders. To turn them off, set the environment variable `TF_ENABLE_ONEDNN_OPTS=0`.
WARNING:tensorflow:From C:\Users\26196425\Work\MASTER~3\env\Lib\site-packages\keras\src\backend\common\global_state.py:82: The name tf.reset_default_graph is deprecated. Please use tf.compat.v1.reset_default_graph instead.

WARNING:tensorflow:TensorFlow GPU support is not available on native Windows for TensorFlow >= 2.11. Even if CUDA/cuDNN are installed, GPU will not be used. Please use WSL2 or the TensorFlow-DirectML plugin.
WARNING:tensorflow:5 out of the last 7 calls to <function TensorFlowTrainer.make_predict_function.<locals>.one_step_on_data_distributed at 0x000001FC3BF54400> triggered tf.function retracing. Tracing is expensive and the excessive number of tracings could be due to (1) creating @tf.function repeatedly in a loop, (2) passing tensors with different shapes, (3) passing Python objects instead of tensors. For (1), please define your @tf.function outside of the loop. For (2), @tf.function has reduce_retracing=True option that can avoid unnecessary retracing. For (3), please refer to https://www.tensorflow.org/guide/function#controlling_retracing and https://www.tensorflow.org/api_docs/python/tf/function for  more details.
WARNING:tensorflow:6 out of the last 8 calls to <function TensorFlowTrainer.make_predict_function.<locals>.one_step_on_data_distributed at 0x000001FC3BF54400> triggered tf.function retracing. Tracing is expensive and the excessive number of tracings could be due to (1) creating @tf.function repeatedly in a loop, (2) passing tensors with different shapes, (3) passing Python objects instead of tensors. For (1), please define your @tf.function outside of the loop. For (2), @tf.function has reduce_retracing=True option that can avoid unnecessary retracing. For (3), please refer to https://www.tensorflow.org/guide/function#controlling_retracing and https://www.tensorflow.org/api_docs/python/tf/function for  more details.
clgrid_20_adadelta_cl_paper_s2032: 240 s, epochs used 100 100 100 100 100 100 100 100 100 100 100 100 100 100 100 100 100 100 100, loss 837628.7 (homogeneous 842344.8)
clgrid_20-20-15_sgd_momentum_cl_start_s2032: 233 s, epochs used 0 59 172 43 88 12 500 500 3 13 4 13 11 0 0 0 0 0 7, loss 839826.5 (homogeneous 842344.8)
clgrid_20-20-15_adamw_cl_paper_s2032: 256 s, epochs used 100 100 100 100 100 100 100 100 100 100 100 100 100 100 100 100 100 100 100, loss 835515.6 (homogeneous 842344.8)
clgrid_20-15-10_adadelta_cl_start_s2032: 165 s, epochs used 8 20 62 52 23 105 116 104 4 163 3 5 34 4 0 0 0 0 0, loss 838724.0 (homogeneous 842344.8)
clgrid_20-15-10_adamax_cl_start_s2032: 154 s, epochs used 12 50 27 85 66 88 64 53 0 41 1 7 124 0 0 0 0 0 0, loss 839204.5 (homogeneous 842344.8)
clgrid_20_adagrad_cl_start_s2033: 101 s, epochs used 0 11 97 37 35 46 46 18 3 4 2 0 5 0 0 0 0 0 0, loss 839861.5 (homogeneous 842344.8)
clgrid_20_adamw_cl_start_s2033: 111 s, epochs used 0 30 64 13 45 34 39 19 0 28 1 0 25 0 1 1 0 0 0, loss 840032.9 (homogeneous 842344.8)
clgrid_20-20-15_sgd_momentum_cl_start_s2033: 198 s, epochs used 0 38 161 16 46 236 471 51 9 0 12 0 17 0 5 9 0 4 10, loss 840078.1 (homogeneous 842344.8)
==== 2026-10-10 11:32:02 start si_calendar.nncl.cl_grid slot 1
[1] 1200
WARNING: All log messages before absl::InitializeLog() is called are written to STDERR
I0000 00:00:1791624729.237528   18888 port.cc:153] oneDNN custom operations are on. You may see slightly different numerical results due to floating-point round-off errors from different computation orders. To turn them off, set the environment variable `TF_ENABLE_ONEDNN_OPTS=0`.
WARNING: All log messages before absl::InitializeLog() is called are written to STDERR
I0000 00:00:1791624733.062972   18888 port.cc:153] oneDNN custom operations are on. You may see slightly different numerical results due to floating-point round-off errors from different computation orders. To turn them off, set the environment variable `TF_ENABLE_ONEDNN_OPTS=0`.
WARNING:tensorflow:From C:\Users\26196425\Work\MASTER~3\env\Lib\site-packages\keras\src\backend\common\global_state.py:82: The name tf.reset_default_graph is deprecated. Please use tf.compat.v1.reset_default_graph instead.

WARNING:tensorflow:TensorFlow GPU support is not available on native Windows for TensorFlow >= 2.11. Even if CUDA/cuDNN are installed, GPU will not be used. Please use WSL2 or the TensorFlow-DirectML plugin.
WARNING:tensorflow:5 out of the last 7 calls to <function TensorFlowTrainer.make_predict_function.<locals>.one_step_on_data_distributed at 0x00000296CDCEF740> triggered tf.function retracing. Tracing is expensive and the excessive number of tracings could be due to (1) creating @tf.function repeatedly in a loop, (2) passing tensors with different shapes, (3) passing Python objects instead of tensors. For (1), please define your @tf.function outside of the loop. For (2), @tf.function has reduce_retracing=True option that can avoid unnecessary retracing. For (3), please refer to https://www.tensorflow.org/guide/function#controlling_retracing and https://www.tensorflow.org/api_docs/python/tf/function for  more details.
WARNING:tensorflow:6 out of the last 8 calls to <function TensorFlowTrainer.make_predict_function.<locals>.one_step_on_data_distributed at 0x00000296CDCEF740> triggered tf.function retracing. Tracing is expensive and the excessive number of tracings could be due to (1) creating @tf.function repeatedly in a loop, (2) passing tensors with different shapes, (3) passing Python objects instead of tensors. For (1), please define your @tf.function outside of the loop. For (2), @tf.function has reduce_retracing=True option that can avoid unnecessary retracing. For (3), please refer to https://www.tensorflow.org/guide/function#controlling_retracing and https://www.tensorflow.org/api_docs/python/tf/function for  more details.
clgrid_20-20-15_adam_cl_start_s2033: 127 s, epochs used 0 31 53 16 25 29 95 19 2 28 1 12 58 0 1 1 0 0 0, loss 839759.9 (homogeneous 842344.8)
clgrid_20-15-10_sgd_momentum_cl_paper_s2033: 247 s, epochs used 100 100 100 100 100 100 100 100 100 100 100 100 100 100 100 100 100 100 100, loss 838394.0 (homogeneous 842344.8)
clgrid_20-15-10_adamw_cl_start_s2033: 142 s, epochs used 5 34 75 15 50 58 45 29 3 61 0 0 71 0 1 1 0 0 0, loss 839812.2 (homogeneous 842344.8)
clgrid_20_sgd_nesterov_cl_paper_s2034: 254 s, epochs used 100 100 100 100 100 100 100 100 100 100 100 100 100 100 100 100 100 100 100, loss 836526.7 (homogeneous 842344.8)
clgrid_20_adamax_cl_start_s2034: 177 s, epochs used 0 58 159 44 37 93 123 177 0 31 1 16 41 0 0 0 0 0 0, loss 839683.1 (homogeneous 842344.8)
clgrid_20-20-15_sgd_nesterov_cl_start_s2034: 197 s, epochs used 0 43 53 15 65 39 500 125 0 31 0 50 43 2 2 0 1 0 8, loss 839957.6 (homogeneous 842344.8)
clgrid_20-20-15_adamax_cl_paper_s2034: 257 s, epochs used 100 100 100 100 100 100 100 100 100 100 100 100 100 100 100 100 100 100 100, loss 836033.9 (homogeneous 842344.8)
clgrid_20-15-10_rmsprop_cl_paper_s2034: 262 s, epochs used 100 100 100 100 100 100 100 100 100 100 100 100 100 100 100 100 100 100 100, loss 835331.8 (homogeneous 842344.8)
==== 2026-10-10 12:03:45 start si_calendar.nncl.cl_grid slot 1
[1] 1200
WARNING: All log messages before absl::InitializeLog() is called are written to STDERR
I0000 00:00:1791626632.188286   17940 port.cc:153] oneDNN custom operations are on. You may see slightly different numerical results due to floating-point round-off errors from different computation orders. To turn them off, set the environment variable `TF_ENABLE_ONEDNN_OPTS=0`.
WARNING: All log messages before absl::InitializeLog() is called are written to STDERR
I0000 00:00:1791626636.251538   17940 port.cc:153] oneDNN custom operations are on. You may see slightly different numerical results due to floating-point round-off errors from different computation orders. To turn them off, set the environment variable `TF_ENABLE_ONEDNN_OPTS=0`.
WARNING:tensorflow:From C:\Users\26196425\Work\MASTER~3\env\Lib\site-packages\keras\src\backend\common\global_state.py:82: The name tf.reset_default_graph is deprecated. Please use tf.compat.v1.reset_default_graph instead.

WARNING:tensorflow:TensorFlow GPU support is not available on native Windows for TensorFlow >= 2.11. Even if CUDA/cuDNN are installed, GPU will not be used. Please use WSL2 or the TensorFlow-DirectML plugin.
WARNING:tensorflow:5 out of the last 7 calls to <function TensorFlowTrainer.make_predict_function.<locals>.one_step_on_data_distributed at 0x000001A006D6BE20> triggered tf.function retracing. Tracing is expensive and the excessive number of tracings could be due to (1) creating @tf.function repeatedly in a loop, (2) passing tensors with different shapes, (3) passing Python objects instead of tensors. For (1), please define your @tf.function outside of the loop. For (2), @tf.function has reduce_retracing=True option that can avoid unnecessary retracing. For (3), please refer to https://www.tensorflow.org/guide/function#controlling_retracing and https://www.tensorflow.org/api_docs/python/tf/function for  more details.
WARNING:tensorflow:6 out of the last 8 calls to <function TensorFlowTrainer.make_predict_function.<locals>.one_step_on_data_distributed at 0x000001A006D6BE20> triggered tf.function retracing. Tracing is expensive and the excessive number of tracings could be due to (1) creating @tf.function repeatedly in a loop, (2) passing tensors with different shapes, (3) passing Python objects instead of tensors. For (1), please define your @tf.function outside of the loop. For (2), @tf.function has reduce_retracing=True option that can avoid unnecessary retracing. For (3), please refer to https://www.tensorflow.org/guide/function#controlling_retracing and https://www.tensorflow.org/api_docs/python/tf/function for  more details.
clgrid_20_sgd_nesterov_cl_start_s2035: 176 s, epochs used 0 15 64 27 500 92 57 197 4 9 4 0 15 3 2 2 0 0 6, loss 839861.0 (homogeneous 842344.8)
clgrid_20_adamw_cl_start_s2035: 121 s, epochs used 0 34 79 34 47 51 43 40 2 41 1 23 7 1 0 0 0 0 0, loss 839695.6 (homogeneous 842344.8)
clgrid_20-20-15_sgd_momentum_cl_paper_s2035: 246 s, epochs used 100 100 100 100 100 100 100 100 100 100 100 100 100 100 100 100 100 100 100, loss 836791.0 (homogeneous 842344.8)
clgrid_20-20-15_adam_cl_start_s2035: 141 s, epochs used 0 23 61 11 81 48 128 65 2 47 1 3 24 0 1 0 0 0 0, loss 840005.4 (homogeneous 842344.8)
clgrid_20-15-10_sgd_nesterov_cl_paper_s2035: 246 s, epochs used 100 100 100 100 100 100 100 100 100 100 100 100 100 100 100 100 100 100 100, loss 836161.4 (homogeneous 842344.8)
clgrid_20-15-10_adamax_cl_paper_s2035: 254 s, epochs used 100 100 100 100 100 100 100 100 100 100 100 100 100 100 100 100 100 100 100, loss 836019.1 (homogeneous 842344.8)
clgrid_20_rmsprop_cl_paper_s2036: 238 s, epochs used 100 100 100 100 100 100 100 100 100 100 100 100 100 100 100 100 100 100 100, loss 836215.4 (homogeneous 842344.8)
clgrid_20-20-15_sgd_nesterov_cl_paper_s2036: 248 s, epochs used 100 100 100 100 100 100 100 100 100 100 100 100 100 100 100 100 100 100 100, loss 833311.6 (homogeneous 842344.8)
==== 2026-10-10 12:35:18 start si_calendar.nncl.cl_grid slot 1
[1] 1200
WARNING: All log messages before absl::InitializeLog() is called are written to STDERR
I0000 00:00:1791628525.069962   20152 port.cc:153] oneDNN custom operations are on. You may see slightly different numerical results due to floating-point round-off errors from different computation orders. To turn them off, set the environment variable `TF_ENABLE_ONEDNN_OPTS=0`.
WARNING: All log messages before absl::InitializeLog() is called are written to STDERR
I0000 00:00:1791628529.007863   20152 port.cc:153] oneDNN custom operations are on. You may see slightly different numerical results due to floating-point round-off errors from different computation orders. To turn them off, set the environment variable `TF_ENABLE_ONEDNN_OPTS=0`.
WARNING:tensorflow:From C:\Users\26196425\Work\MASTER~3\env\Lib\site-packages\keras\src\backend\common\global_state.py:82: The name tf.reset_default_graph is deprecated. Please use tf.compat.v1.reset_default_graph instead.

WARNING:tensorflow:TensorFlow GPU support is not available on native Windows for TensorFlow >= 2.11. Even if CUDA/cuDNN are installed, GPU will not be used. Please use WSL2 or the TensorFlow-DirectML plugin.
WARNING:tensorflow:5 out of the last 7 calls to <function TensorFlowTrainer.make_predict_function.<locals>.one_step_on_data_distributed at 0x000001AF11F07740> triggered tf.function retracing. Tracing is expensive and the excessive number of tracings could be due to (1) creating @tf.function repeatedly in a loop, (2) passing tensors with different shapes, (3) passing Python objects instead of tensors. For (1), please define your @tf.function outside of the loop. For (2), @tf.function has reduce_retracing=True option that can avoid unnecessary retracing. For (3), please refer to https://www.tensorflow.org/guide/function#controlling_retracing and https://www.tensorflow.org/api_docs/python/tf/function for  more details.
WARNING:tensorflow:6 out of the last 8 calls to <function TensorFlowTrainer.make_predict_function.<locals>.one_step_on_data_distributed at 0x000001AF11F07740> triggered tf.function retracing. Tracing is expensive and the excessive number of tracings could be due to (1) creating @tf.function repeatedly in a loop, (2) passing tensors with different shapes, (3) passing Python objects instead of tensors. For (1), please define your @tf.function outside of the loop. For (2), @tf.function has reduce_retracing=True option that can avoid unnecessary retracing. For (3), please refer to https://www.tensorflow.org/guide/function#controlling_retracing and https://www.tensorflow.org/api_docs/python/tf/function for  more details.
clgrid_20-20-15_adamax_cl_start_s2036: 137 s, epochs used 11 30 22 69 54 52 99 75 0 3 1 25 17 0 1 0 0 0 0, loss 839068.8 (homogeneous 842344.8)
clgrid_20-15-10_adagrad_cl_paper_s2036: 250 s, epochs used 100 100 100 100 100 100 100 100 100 100 100 100 100 100 100 100 100 100 100, loss 835351.3 (homogeneous 842344.8)
clgrid_20-15-10_nadam_cl_paper_s2036: 269 s, epochs used 100 100 100 100 100 100 100 100 100 100 100 100 100 100 100 100 100 100 100, loss 835822.5 (homogeneous 842344.8)
clgrid_20_adam_cl_paper_s2037: 243 s, epochs used 100 100 100 100 100 100 100 100 100 100 100 100 100 100 100 100 100 100 100, loss 836328.2 (homogeneous 842344.8)
clgrid_20-20-15_adagrad_cl_paper_s2037: 251 s, epochs used 100 100 100 100 100 100 100 100 100 100 100 100 100 100 100 100 100 100 100, loss 836537.5 (homogeneous 842344.8)
clgrid_20-20-15_nadam_cl_paper_s2037: 271 s, epochs used 100 100 100 100 100 100 100 100 100 100 100 100 100 100 100 100 100 100 100, loss 834760.1 (homogeneous 842344.8)
clgrid_20-15-10_rmsprop_cl_start_s2037: 155 s, epochs used 0 26 81 27 27 38 247 41 3 94 3 78 16 1 0 3 1 0 29, loss 839476.2 (homogeneous 842344.8)
clgrid_20_sgd_momentum_cl_paper_s2038: 241 s, epochs used 100 100 100 100 100 100 100 100 100 100 100 100 100 100 100 100 100 100 100, loss 836991.0 (homogeneous 842344.8)
==== 2026-10-10 13:09:45 start si_calendar.nncl.cl_grid slot 1
[1] 1200
WARNING: All log messages before absl::InitializeLog() is called are written to STDERR
I0000 00:00:1791630592.265803    8576 port.cc:153] oneDNN custom operations are on. You may see slightly different numerical results due to floating-point round-off errors from different computation orders. To turn them off, set the environment variable `TF_ENABLE_ONEDNN_OPTS=0`.
WARNING: All log messages before absl::InitializeLog() is called are written to STDERR
I0000 00:00:1791630596.055716    8576 port.cc:153] oneDNN custom operations are on. You may see slightly different numerical results due to floating-point round-off errors from different computation orders. To turn them off, set the environment variable `TF_ENABLE_ONEDNN_OPTS=0`.
WARNING:tensorflow:From C:\Users\26196425\Work\MASTER~3\env\Lib\site-packages\keras\src\backend\common\global_state.py:82: The name tf.reset_default_graph is deprecated. Please use tf.compat.v1.reset_default_graph instead.

WARNING:tensorflow:TensorFlow GPU support is not available on native Windows for TensorFlow >= 2.11. Even if CUDA/cuDNN are installed, GPU will not be used. Please use WSL2 or the TensorFlow-DirectML plugin.
WARNING:tensorflow:5 out of the last 7 calls to <function TensorFlowTrainer.make_predict_function.<locals>.one_step_on_data_distributed at 0x0000018CE66139C0> triggered tf.function retracing. Tracing is expensive and the excessive number of tracings could be due to (1) creating @tf.function repeatedly in a loop, (2) passing tensors with different shapes, (3) passing Python objects instead of tensors. For (1), please define your @tf.function outside of the loop. For (2), @tf.function has reduce_retracing=True option that can avoid unnecessary retracing. For (3), please refer to https://www.tensorflow.org/guide/function#controlling_retracing and https://www.tensorflow.org/api_docs/python/tf/function for  more details.
WARNING:tensorflow:6 out of the last 8 calls to <function TensorFlowTrainer.make_predict_function.<locals>.one_step_on_data_distributed at 0x0000018CE66139C0> triggered tf.function retracing. Tracing is expensive and the excessive number of tracings could be due to (1) creating @tf.function repeatedly in a loop, (2) passing tensors with different shapes, (3) passing Python objects instead of tensors. For (1), please define your @tf.function outside of the loop. For (2), @tf.function has reduce_retracing=True option that can avoid unnecessary retracing. For (3), please refer to https://www.tensorflow.org/guide/function#controlling_retracing and https://www.tensorflow.org/api_docs/python/tf/function for  more details.
clgrid_20_adamax_cl_start_s2038: 158 s, epochs used 1 33 148 21 43 60 242 111 0 17 1 0 7 0 0 0 0 0 0, loss 839628.6 (homogeneous 842344.8)
clgrid_20-20-15_adagrad_cl_start_s2038: 261 s, epochs used 3 23 40 16 500 53 500 499 3 5 2 1 31 1 0 4 0 0 2, loss 838468.8 (homogeneous 842344.8)
clgrid_20-15-10_sgd_cl_paper_s2038: 232 s, epochs used 100 100 100 100 100 100 100 100 100 100 100 100 100 100 100 100 100 100 100, loss 838337.0 (homogeneous 842344.8)
clgrid_20-15-10_adam_cl_paper_s2038: 255 s, epochs used 100 100 100 100 100 100 100 100 100 100 100 100 100 100 100 100 100 100 100, loss 835515.9 (homogeneous 842344.8)
clgrid_20_sgd_nesterov_cl_start_s2039: 109 s, epochs used 0 20 59 21 30 18 32 35 0 130 3 6 27 4 0 0 0 0 8, loss 839605.7 (homogeneous 842344.8)
