==== 2026-10-10 08:51:05 start si_calendar.nncl.cl_grid slot 5
[1] 1200
WARNING: All log messages before absl::InitializeLog() is called are written to STDERR
I0000 00:00:1791615072.601571   11892 port.cc:153] oneDNN custom operations are on. You may see slightly different numerical results due to floating-point round-off errors from different computation orders. To turn them off, set the environment variable `TF_ENABLE_ONEDNN_OPTS=0`.
WARNING: All log messages before absl::InitializeLog() is called are written to STDERR
I0000 00:00:1791615076.392650   11892 port.cc:153] oneDNN custom operations are on. You may see slightly different numerical results due to floating-point round-off errors from different computation orders. To turn them off, set the environment variable `TF_ENABLE_ONEDNN_OPTS=0`.
WARNING:tensorflow:From C:\Users\26196425\Work\MASTER~3\env\Lib\site-packages\keras\src\backend\common\global_state.py:82: The name tf.reset_default_graph is deprecated. Please use tf.compat.v1.reset_default_graph instead.

WARNING:tensorflow:TensorFlow GPU support is not available on native Windows for TensorFlow >= 2.11. Even if CUDA/cuDNN are installed, GPU will not be used. Please use WSL2 or the TensorFlow-DirectML plugin.
WARNING:tensorflow:5 out of the last 7 calls to <function TensorFlowTrainer.make_predict_function.<locals>.one_step_on_data_distributed at 0x000001286024FC40> triggered tf.function retracing. Tracing is expensive and the excessive number of tracings could be due to (1) creating @tf.function repeatedly in a loop, (2) passing tensors with different shapes, (3) passing Python objects instead of tensors. For (1), please define your @tf.function outside of the loop. For (2), @tf.function has reduce_retracing=True option that can avoid unnecessary retracing. For (3), please refer to https://www.tensorflow.org/guide/function#controlling_retracing and https://www.tensorflow.org/api_docs/python/tf/function for  more details.
WARNING:tensorflow:6 out of the last 8 calls to <function TensorFlowTrainer.make_predict_function.<locals>.one_step_on_data_distributed at 0x000001286024FC40> triggered tf.function retracing. Tracing is expensive and the excessive number of tracings could be due to (1) creating @tf.function repeatedly in a loop, (2) passing tensors with different shapes, (3) passing Python objects instead of tensors. For (1), please define your @tf.function outside of the loop. For (2), @tf.function has reduce_retracing=True option that can avoid unnecessary retracing. For (3), please refer to https://www.tensorflow.org/guide/function#controlling_retracing and https://www.tensorflow.org/api_docs/python/tf/function for  more details.
clgrid_20_sgd_momentum_cl_paper_s2026: 237 s, epochs used 100 100 100 100 100 100 100 100 100 100 100 100 100 100 100 100 100 100 100, loss 835635.2 (homogeneous 842344.8)
clgrid_20_rmsprop_cl_start_s2026: 185 s, epochs used 2 26 54 22 493 33 150 30 2 92 0 7 1 0 0 0 0 0 0, loss 838731.4 (homogeneous 842344.8)
clgrid_20_nadam_cl_start_s2026: 116 s, epochs used 1 38 70 24 41 47 40 27 0 49 1 12 8 0 1 0 0 0 0, loss 839513.9 (homogeneous 842344.8)
clgrid_20-20-15_adagrad_cl_paper_s2026: 244 s, epochs used 100 100 100 100 100 100 100 100 100 100 100 100 100 100 100 100 100 100 100, loss 833778.1 (homogeneous 842344.8)
clgrid_20-20-15_nadam_cl_start_s2026: 144 s, epochs used 14 26 47 21 29 37 89 24 2 81 1 17 68 0 1 1 0 0 0, loss 838165.2 (homogeneous 842344.8)
clgrid_20-15-10_adagrad_cl_start_s2026: 220 s, epochs used 1 36 110 55 287 112 500 178 0 2 0 0 1 0 0 0 0 5 1, loss 838896.8 (homogeneous 842344.8)
clgrid_20-15-10_adamax_cl_start_s2026: 202 s, epochs used 2 68 30 65 335 66 213 42 2 112 1 20 54 0 1 1 0 0 0, loss 839097.5 (homogeneous 842344.8)
clgrid_20_adadelta_cl_paper_s2027: 242 s, epochs used 100 100 100 100 100 100 100 100 100 100 100 100 100 100 100 100 100 100 100, loss 836867.4 (homogeneous 842344.8)
==== 2026-10-10 09:21:20 start si_calendar.nncl.cl_grid slot 5
[1] 1200
WARNING: All log messages before absl::InitializeLog() is called are written to STDERR
I0000 00:00:1791616887.786373   10024 port.cc:153] oneDNN custom operations are on. You may see slightly different numerical results due to floating-point round-off errors from different computation orders. To turn them off, set the environment variable `TF_ENABLE_ONEDNN_OPTS=0`.
WARNING: All log messages before absl::InitializeLog() is called are written to STDERR
I0000 00:00:1791616891.881135   10024 port.cc:153] oneDNN custom operations are on. You may see slightly different numerical results due to floating-point round-off errors from different computation orders. To turn them off, set the environment variable `TF_ENABLE_ONEDNN_OPTS=0`.
WARNING:tensorflow:From C:\Users\26196425\Work\MASTER~3\env\Lib\site-packages\keras\src\backend\common\global_state.py:82: The name tf.reset_default_graph is deprecated. Please use tf.compat.v1.reset_default_graph instead.

WARNING:tensorflow:TensorFlow GPU support is not available on native Windows for TensorFlow >= 2.11. Even if CUDA/cuDNN are installed, GPU will not be used. Please use WSL2 or the TensorFlow-DirectML plugin.
WARNING:tensorflow:5 out of the last 7 calls to <function TensorFlowTrainer.make_predict_function.<locals>.one_step_on_data_distributed at 0x00000195B9D8C360> triggered tf.function retracing. Tracing is expensive and the excessive number of tracings could be due to (1) creating @tf.function repeatedly in a loop, (2) passing tensors with different shapes, (3) passing Python objects instead of tensors. For (1), please define your @tf.function outside of the loop. For (2), @tf.function has reduce_retracing=True option that can avoid unnecessary retracing. For (3), please refer to https://www.tensorflow.org/guide/function#controlling_retracing and https://www.tensorflow.org/api_docs/python/tf/function for  more details.
WARNING:tensorflow:6 out of the last 8 calls to <function TensorFlowTrainer.make_predict_function.<locals>.one_step_on_data_distributed at 0x00000195B9D8C360> triggered tf.function retracing. Tracing is expensive and the excessive number of tracings could be due to (1) creating @tf.function repeatedly in a loop, (2) passing tensors with different shapes, (3) passing Python objects instead of tensors. For (1), please define your @tf.function outside of the loop. For (2), @tf.function has reduce_retracing=True option that can avoid unnecessary retracing. For (3), please refer to https://www.tensorflow.org/guide/function#controlling_retracing and https://www.tensorflow.org/api_docs/python/tf/function for  more details.
clgrid_20-20-15_sgd_momentum_cl_start_s2027: 333 s, epochs used 8 38 27 82 152 500 500 500 0 0 0 10 484 15 0 0 3 8 7, loss 838514.9 (homogeneous 842344.8)
clgrid_20-20-15_nadam_cl_paper_s2027: 262 s, epochs used 100 100 100 100 100 100 100 100 100 100 100 100 100 100 100 100 100 100 100, loss 834807.9 (homogeneous 842344.8)
clgrid_20-15-10_rmsprop_cl_start_s2027: 144 s, epochs used 0 36 48 26 274 33 42 66 2 42 2 21 15 3 0 2 0 0 0, loss 839143.0 (homogeneous 842344.8)
clgrid_20-15-10_nadam_cl_start_s2027: 151 s, epochs used 0 42 57 17 177 42 44 63 0 55 0 16 12 1 1 0 0 0 0, loss 839454.6 (homogeneous 842344.8)
clgrid_20_adagrad_cl_start_s2028: 296 s, epochs used 0 29 99 24 500 500 50 500 2 291 2 7 8 1 0 6 0 0 0, loss 839540.7 (homogeneous 842344.8)
clgrid_20-20-15_sgd_nesterov_cl_paper_s2028: 251 s, epochs used 100 100 100 100 100 100 100 100 100 100 100 100 100 100 100 100 100 100 100, loss NaN (homogeneous 842344.8)
clgrid_20-20-15_adamw_cl_paper_s2028: 257 s, epochs used 100 100 100 100 100 100 100 100 100 100 100 100 100 100 100 100 100 100 100, loss 834863.7 (homogeneous 842344.8)
clgrid_20-15-10_adadelta_cl_paper_s2028: 253 s, epochs used 100 100 100 100 100 100 100 100 100 100 100 100 100 100 100 100 100 100 100, loss 832871.8 (homogeneous 842344.8)
==== 2026-10-10 09:58:00 start si_calendar.nncl.cl_grid slot 5
[1] 1200
WARNING: All log messages before absl::InitializeLog() is called are written to STDERR
I0000 00:00:1791619087.035122   12976 port.cc:153] oneDNN custom operations are on. You may see slightly different numerical results due to floating-point round-off errors from different computation orders. To turn them off, set the environment variable `TF_ENABLE_ONEDNN_OPTS=0`.
WARNING: All log messages before absl::InitializeLog() is called are written to STDERR
I0000 00:00:1791619090.715452   12976 port.cc:153] oneDNN custom operations are on. You may see slightly different numerical results due to floating-point round-off errors from different computation orders. To turn them off, set the environment variable `TF_ENABLE_ONEDNN_OPTS=0`.
WARNING:tensorflow:From C:\Users\26196425\Work\MASTER~3\env\Lib\site-packages\keras\src\backend\common\global_state.py:82: The name tf.reset_default_graph is deprecated. Please use tf.compat.v1.reset_default_graph instead.

WARNING:tensorflow:TensorFlow GPU support is not available on native Windows for TensorFlow >= 2.11. Even if CUDA/cuDNN are installed, GPU will not be used. Please use WSL2 or the TensorFlow-DirectML plugin.
WARNING:tensorflow:5 out of the last 7 calls to <function TensorFlowTrainer.make_predict_function.<locals>.one_step_on_data_distributed at 0x00000143E562FE20> triggered tf.function retracing. Tracing is expensive and the excessive number of tracings could be due to (1) creating @tf.function repeatedly in a loop, (2) passing tensors with different shapes, (3) passing Python objects instead of tensors. For (1), please define your @tf.function outside of the loop. For (2), @tf.function has reduce_retracing=True option that can avoid unnecessary retracing. For (3), please refer to https://www.tensorflow.org/guide/function#controlling_retracing and https://www.tensorflow.org/api_docs/python/tf/function for  more details.
WARNING:tensorflow:6 out of the last 8 calls to <function TensorFlowTrainer.make_predict_function.<locals>.one_step_on_data_distributed at 0x00000143E562FE20> triggered tf.function retracing. Tracing is expensive and the excessive number of tracings could be due to (1) creating @tf.function repeatedly in a loop, (2) passing tensors with different shapes, (3) passing Python objects instead of tensors. For (1), please define your @tf.function outside of the loop. For (2), @tf.function has reduce_retracing=True option that can avoid unnecessary retracing. For (3), please refer to https://www.tensorflow.org/guide/function#controlling_retracing and https://www.tensorflow.org/api_docs/python/tf/function for  more details.
clgrid_20_sgd_momentum_cl_paper_s2029: 233 s, epochs used 100 100 100 100 100 100 100 100 100 100 100 100 100 100 100 100 100 100 100, loss 837041.0 (homogeneous 842344.8)
clgrid_20_adamax_cl_paper_s2029: 248 s, epochs used 100 100 100 100 100 100 100 100 100 100 100 100 100 100 100 100 100 100 100, loss 837478.3 (homogeneous 842344.8)
clgrid_20-20-15_rmsprop_cl_start_s2029: 143 s, epochs used 0 98 37 7 312 16 59 25 1 8 0 26 16 4 2 0 0 0 0, loss 838756.2 (homogeneous 842344.8)
clgrid_20-15-10_sgd_cl_paper_s2029: 235 s, epochs used 100 100 100 100 100 100 100 100 100 100 100 100 100 100 100 100 100 100 100, loss 839445.7 (homogeneous 842344.8)
clgrid_20-15-10_rmsprop_cl_start_s2029: 154 s, epochs used 0 59 70 44 41 103 214 38 2 15 4 35 21 4 2 2 0 0 0, loss 839321.6 (homogeneous 842344.8)
clgrid_20_sgd_cl_paper_s2030: 240 s, epochs used 100 100 100 100 100 100 100 100 100 100 100 100 100 100 100 100 100 100 100, loss 837759.8 (homogeneous 842344.8)
clgrid_20_adam_cl_paper_s2030: 247 s, epochs used 100 100 100 100 100 100 100 100 100 100 100 100 100 100 100 100 100 100 100, loss 836937.5 (homogeneous 842344.8)
clgrid_20-20-15_adagrad_cl_paper_s2030: 246 s, epochs used 100 100 100 100 100 100 100 100 100 100 100 100 100 100 100 100 100 100 100, loss 837066.5 (homogeneous 842344.8)
==== 2026-10-10 10:30:21 start si_calendar.nncl.cl_grid slot 5
[1] 1200
WARNING: All log messages before absl::InitializeLog() is called are written to STDERR
I0000 00:00:1791621027.990984   19840 port.cc:153] oneDNN custom operations are on. You may see slightly different numerical results due to floating-point round-off errors from different computation orders. To turn them off, set the environment variable `TF_ENABLE_ONEDNN_OPTS=0`.
WARNING: All log messages before absl::InitializeLog() is called are written to STDERR
I0000 00:00:1791621032.096457   19840 port.cc:153] oneDNN custom operations are on. You may see slightly different numerical results due to floating-point round-off errors from different computation orders. To turn them off, set the environment variable `TF_ENABLE_ONEDNN_OPTS=0`.
WARNING:tensorflow:From C:\Users\26196425\Work\MASTER~3\env\Lib\site-packages\keras\src\backend\common\global_state.py:82: The name tf.reset_default_graph is deprecated. Please use tf.compat.v1.reset_default_graph instead.

WARNING:tensorflow:TensorFlow GPU support is not available on native Windows for TensorFlow >= 2.11. Even if CUDA/cuDNN are installed, GPU will not be used. Please use WSL2 or the TensorFlow-DirectML plugin.
WARNING:tensorflow:5 out of the last 7 calls to <function TensorFlowTrainer.make_predict_function.<locals>.one_step_on_data_distributed at 0x0000024EC1A9F740> triggered tf.function retracing. Tracing is expensive and the excessive number of tracings could be due to (1) creating @tf.function repeatedly in a loop, (2) passing tensors with different shapes, (3) passing Python objects instead of tensors. For (1), please define your @tf.function outside of the loop. For (2), @tf.function has reduce_retracing=True option that can avoid unnecessary retracing. For (3), please refer to https://www.tensorflow.org/guide/function#controlling_retracing and https://www.tensorflow.org/api_docs/python/tf/function for  more details.
WARNING:tensorflow:6 out of the last 8 calls to <function TensorFlowTrainer.make_predict_function.<locals>.one_step_on_data_distributed at 0x0000024EC1A9F740> triggered tf.function retracing. Tracing is expensive and the excessive number of tracings could be due to (1) creating @tf.function repeatedly in a loop, (2) passing tensors with different shapes, (3) passing Python objects instead of tensors. For (1), please define your @tf.function outside of the loop. For (2), @tf.function has reduce_retracing=True option that can avoid unnecessary retracing. For (3), please refer to https://www.tensorflow.org/guide/function#controlling_retracing and https://www.tensorflow.org/api_docs/python/tf/function for  more details.
clgrid_20-20-15_adamax_cl_start_s2030: 172 s, epochs used 0 89 104 38 40 57 204 41 0 42 4 89 53 0 1 1 0 0 0, loss 839479.5 (homogeneous 842344.8)
clgrid_20-15-10_adagrad_cl_start_s2030: 223 s, epochs used 0 50 101 46 152 370 271 235 2 3 2 0 24 0 0 4 0 0 0, loss 839561.4 (homogeneous 842344.8)
clgrid_20-15-10_adamax_cl_paper_s2030: 251 s, epochs used 100 100 100 100 100 100 100 100 100 100 100 100 100 100 100 100 100 100 100, loss 836904.0 (homogeneous 842344.8)
clgrid_20_rmsprop_cl_paper_s2031: 241 s, epochs used 100 100 100 100 100 100 100 100 100 100 100 100 100 100 100 100 100 100 100, loss 836687.5 (homogeneous 842344.8)
clgrid_20-20-15_sgd_nesterov_cl_paper_s2031: 246 s, epochs used 100 100 100 100 100 100 100 100 100 100 100 100 100 100 100 100 100 100 100, loss 844407.4 (homogeneous 842344.8)
clgrid_20-20-15_adamw_cl_start_s2031: 141 s, epochs used 0 23 58 40 27 51 63 35 0 100 1 14 76 0 0 0 0 0 0, loss 839841.0 (homogeneous 842344.8)
clgrid_20-15-10_sgd_nesterov_cl_start_s2031: 251 s, epochs used 1 48 369 11 500 22 19 431 3 22 0 28 56 0 0 0 0 9 13, loss 840095.9 (homogeneous 842344.8)
clgrid_20-15-10_adamax_cl_paper_s2031: 254 s, epochs used 100 100 100 100 100 100 100 100 100 100 100 100 100 100 100 100 100 100 100, loss 836479.4 (homogeneous 842344.8)
==== 2026-10-10 11:03:54 start si_calendar.nncl.cl_grid slot 5
[1] 1200
WARNING: All log messages before absl::InitializeLog() is called are written to STDERR
I0000 00:00:1791623041.290449    5188 port.cc:153] oneDNN custom operations are on. You may see slightly different numerical results due to floating-point round-off errors from different computation orders. To turn them off, set the environment variable `TF_ENABLE_ONEDNN_OPTS=0`.
WARNING: All log messages before absl::InitializeLog() is called are written to STDERR
I0000 00:00:1791623045.223156    5188 port.cc:153] oneDNN custom operations are on. You may see slightly different numerical results due to floating-point round-off errors from different computation orders. To turn them off, set the environment variable `TF_ENABLE_ONEDNN_OPTS=0`.
WARNING:tensorflow:From C:\Users\26196425\Work\MASTER~3\env\Lib\site-packages\keras\src\backend\common\global_state.py:82: The name tf.reset_default_graph is deprecated. Please use tf.compat.v1.reset_default_graph instead.

WARNING:tensorflow:TensorFlow GPU support is not available on native Windows for TensorFlow >= 2.11. Even if CUDA/cuDNN are installed, GPU will not be used. Please use WSL2 or the TensorFlow-DirectML plugin.
WARNING:tensorflow:5 out of the last 7 calls to <function TensorFlowTrainer.make_predict_function.<locals>.one_step_on_data_distributed at 0x0000021A19A477E0> triggered tf.function retracing. Tracing is expensive and the excessive number of tracings could be due to (1) creating @tf.function repeatedly in a loop, (2) passing tensors with different shapes, (3) passing Python objects instead of tensors. For (1), please define your @tf.function outside of the loop. For (2), @tf.function has reduce_retracing=True option that can avoid unnecessary retracing. For (3), please refer to https://www.tensorflow.org/guide/function#controlling_retracing and https://www.tensorflow.org/api_docs/python/tf/function for  more details.
WARNING:tensorflow:6 out of the last 8 calls to <function TensorFlowTrainer.make_predict_function.<locals>.one_step_on_data_distributed at 0x0000021A19A477E0> triggered tf.function retracing. Tracing is expensive and the excessive number of tracings could be due to (1) creating @tf.function repeatedly in a loop, (2) passing tensors with different shapes, (3) passing Python objects instead of tensors. For (1), please define your @tf.function outside of the loop. For (2), @tf.function has reduce_retracing=True option that can avoid unnecessary retracing. For (3), please refer to https://www.tensorflow.org/guide/function#controlling_retracing and https://www.tensorflow.org/api_docs/python/tf/function for  more details.
clgrid_20_rmsprop_cl_paper_s2032: 237 s, epochs used 100 100 100 100 100 100 100 100 100 100 100 100 100 100 100 100 100 100 100, loss 836702.7 (homogeneous 842344.8)
clgrid_20-20-15_sgd_nesterov_cl_paper_s2032: 244 s, epochs used 100 100 100 100 100 100 100 100 100 100 100 100 100 100 100 100 100 100 100, loss 844851.5 (homogeneous 842344.8)
clgrid_20-20-15_adamax_cl_paper_s2032: 249 s, epochs used 100 100 100 100 100 100 100 100 100 100 100 100 100 100 100 100 100 100 100, loss 836652.6 (homogeneous 842344.8)
clgrid_20-15-10_rmsprop_cl_paper_s2032: 250 s, epochs used 100 100 100 100 100 100 100 100 100 100 100 100 100 100 100 100 100 100 100, loss 835525.2 (homogeneous 842344.8)
clgrid_20_sgd_nesterov_cl_paper_s2033: 241 s, epochs used 100 100 100 100 100 100 100 100 100 100 100 100 100 100 100 100 100 100 100, loss 837036.5 (homogeneous 842344.8)
clgrid_20_adamax_cl_paper_s2033: 246 s, epochs used 100 100 100 100 100 100 100 100 100 100 100 100 100 100 100 100 100 100 100, loss 836599.4 (homogeneous 842344.8)
clgrid_20-20-15_rmsprop_cl_paper_s2033: 244 s, epochs used 100 100 100 100 100 100 100 100 100 100 100 100 100 100 100 100 100 100 100, loss 834824.0 (homogeneous 842344.8)
clgrid_20-15-10_sgd_nesterov_cl_start_s2033: 213 s, epochs used 0 59 14 8 148 437 427 32 1 0 0 0 14 0 2 3 0 9 11, loss 840794.3 (homogeneous 842344.8)
==== 2026-10-10 11:39:30 start si_calendar.nncl.cl_grid slot 5
[1] 1200
WARNING: All log messages before absl::InitializeLog() is called are written to STDERR
I0000 00:00:1791625199.451742   17588 port.cc:153] oneDNN custom operations are on. You may see slightly different numerical results due to floating-point round-off errors from different computation orders. To turn them off, set the environment variable `TF_ENABLE_ONEDNN_OPTS=0`.
WARNING: All log messages before absl::InitializeLog() is called are written to STDERR
I0000 00:00:1791625233.420914   17588 port.cc:153] oneDNN custom operations are on. You may see slightly different numerical results due to floating-point round-off errors from different computation orders. To turn them off, set the environment variable `TF_ENABLE_ONEDNN_OPTS=0`.
WARNING:tensorflow:From C:\Users\26196425\Work\MASTER~3\env\Lib\site-packages\keras\src\backend\common\global_state.py:82: The name tf.reset_default_graph is deprecated. Please use tf.compat.v1.reset_default_graph instead.

WARNING:tensorflow:TensorFlow GPU support is not available on native Windows for TensorFlow >= 2.11. Even if CUDA/cuDNN are installed, GPU will not be used. Please use WSL2 or the TensorFlow-DirectML plugin.
WARNING:tensorflow:5 out of the last 7 calls to <function TensorFlowTrainer.make_predict_function.<locals>.one_step_on_data_distributed at 0x00000237F82B7880> triggered tf.function retracing. Tracing is expensive and the excessive number of tracings could be due to (1) creating @tf.function repeatedly in a loop, (2) passing tensors with different shapes, (3) passing Python objects instead of tensors. For (1), please define your @tf.function outside of the loop. For (2), @tf.function has reduce_retracing=True option that can avoid unnecessary retracing. For (3), please refer to https://www.tensorflow.org/guide/function#controlling_retracing and https://www.tensorflow.org/api_docs/python/tf/function for  more details.
WARNING:tensorflow:6 out of the last 8 calls to <function TensorFlowTrainer.make_predict_function.<locals>.one_step_on_data_distributed at 0x00000237F82B7880> triggered tf.function retracing. Tracing is expensive and the excessive number of tracings could be due to (1) creating @tf.function repeatedly in a loop, (2) passing tensors with different shapes, (3) passing Python objects instead of tensors. For (1), please define your @tf.function outside of the loop. For (2), @tf.function has reduce_retracing=True option that can avoid unnecessary retracing. For (3), please refer to https://www.tensorflow.org/guide/function#controlling_retracing and https://www.tensorflow.org/api_docs/python/tf/function for  more details.
clgrid_20-15-10_adamax_cl_paper_s2033: 260 s, epochs used 100 100 100 100 100 100 100 100 100 100 100 100 100 100 100 100 100 100 100, loss 836534.5 (homogeneous 842344.8)
clgrid_20_rmsprop_cl_start_s2034: 142 s, epochs used 0 28 82 32 25 103 78 72 2 77 0 0 15 0 0 2 0 0 0, loss 839661.9 (homogeneous 842344.8)
clgrid_20-20-15_sgd_cl_paper_s2034: 249 s, epochs used 100 100 100 100 100 100 100 100 100 100 100 100 100 100 100 100 100 100 100, loss 838279.5 (homogeneous 842344.8)
clgrid_20-20-15_adam_cl_start_s2034: 130 s, epochs used 0 41 65 18 24 19 108 17 0 14 0 15 14 0 1 0 0 0 0, loss 839540.4 (homogeneous 842344.8)
clgrid_20-15-10_sgd_cl_start_s2034: 301 s, epochs used 0 500 0 500 10 18 2 500 29 67 13 0 267 45 4 74 5 0 0, loss 841419.8 (homogeneous 842344.8)
clgrid_20-15-10_adamax_cl_start_s2034: 158 s, epochs used 0 75 0 73 65 151 73 66 4 9 1 0 17 2 1 1 0 0 0, loss 840082.7 (homogeneous 842344.8)
clgrid_20_adagrad_cl_paper_s2035: 241 s, epochs used 100 100 100 100 100 100 100 100 100 100 100 100 100 100 100 100 100 100 100, loss 836621.5 (homogeneous 842344.8)
clgrid_20_nadam_cl_paper_s2035: 253 s, epochs used 100 100 100 100 100 100 100 100 100 100 100 100 100 100 100 100 100 100 100, loss 836426.8 (homogeneous 842344.8)
==== 2026-10-10 12:13:16 start si_calendar.nncl.cl_grid slot 5
[1] 1200
WARNING: All log messages before absl::InitializeLog() is called are written to STDERR
I0000 00:00:1791627203.466313    4556 port.cc:153] oneDNN custom operations are on. You may see slightly different numerical results due to floating-point round-off errors from different computation orders. To turn them off, set the environment variable `TF_ENABLE_ONEDNN_OPTS=0`.
WARNING: All log messages before absl::InitializeLog() is called are written to STDERR
I0000 00:00:1791627207.416075    4556 port.cc:153] oneDNN custom operations are on. You may see slightly different numerical results due to floating-point round-off errors from different computation orders. To turn them off, set the environment variable `TF_ENABLE_ONEDNN_OPTS=0`.
WARNING:tensorflow:From C:\Users\26196425\Work\MASTER~3\env\Lib\site-packages\keras\src\backend\common\global_state.py:82: The name tf.reset_default_graph is deprecated. Please use tf.compat.v1.reset_default_graph instead.

WARNING:tensorflow:TensorFlow GPU support is not available on native Windows for TensorFlow >= 2.11. Even if CUDA/cuDNN are installed, GPU will not be used. Please use WSL2 or the TensorFlow-DirectML plugin.
WARNING:tensorflow:5 out of the last 7 calls to <function TensorFlowTrainer.make_predict_function.<locals>.one_step_on_data_distributed at 0x0000020B408B0900> triggered tf.function retracing. Tracing is expensive and the excessive number of tracings could be due to (1) creating @tf.function repeatedly in a loop, (2) passing tensors with different shapes, (3) passing Python objects instead of tensors. For (1), please define your @tf.function outside of the loop. For (2), @tf.function has reduce_retracing=True option that can avoid unnecessary retracing. For (3), please refer to https://www.tensorflow.org/guide/function#controlling_retracing and https://www.tensorflow.org/api_docs/python/tf/function for  more details.
WARNING:tensorflow:6 out of the last 8 calls to <function TensorFlowTrainer.make_predict_function.<locals>.one_step_on_data_distributed at 0x0000020B408B0900> triggered tf.function retracing. Tracing is expensive and the excessive number of tracings could be due to (1) creating @tf.function repeatedly in a loop, (2) passing tensors with different shapes, (3) passing Python objects instead of tensors. For (1), please define your @tf.function outside of the loop. For (2), @tf.function has reduce_retracing=True option that can avoid unnecessary retracing. For (3), please refer to https://www.tensorflow.org/guide/function#controlling_retracing and https://www.tensorflow.org/api_docs/python/tf/function for  more details.
clgrid_20-20-15_rmsprop_cl_start_s2035: 158 s, epochs used 0 15 69 21 108 48 179 27 3 150 0 3 126 0 0 0 0 0 0, loss 839599.6 (homogeneous 842344.8)
clgrid_20-15-10_sgd_momentum_cl_paper_s2035: 239 s, epochs used 100 100 100 100 100 100 100 100 100 100 100 100 100 100 100 100 100 100 100, loss 836325.6 (homogeneous 842344.8)
clgrid_20-15-10_adamw_cl_start_s2035: 139 s, epochs used 0 30 70 16 48 54 131 48 4 13 1 0 7 0 1 0 0 0 0, loss 839832.7 (homogeneous 842344.8)
clgrid_20_sgd_momentum_cl_start_s2036: 150 s, epochs used 2 9 8 25 75 30 500 39 0 38 2 7 28 0 0 0 0 0 0, loss 839363.2 (homogeneous 842344.8)
clgrid_20_rmsprop_cl_start_s2036: 160 s, epochs used 2 18 57 22 38 31 184 32 2 221 2 95 17 0 0 0 0 0 0, loss 839125.4 (homogeneous 842344.8)
clgrid_20_nadam_cl_start_s2036: 126 s, epochs used 8 28 73 45 49 43 68 24 0 59 1 2 13 0 1 0 0 0 0, loss 838969.5 (homogeneous 842344.8)
clgrid_20-20-15_adadelta_cl_start_s2036: 141 s, epochs used 6 13 62 35 175 63 96 36 2 3 0 29 8 0 0 2 0 0 0, loss 838680.9 (homogeneous 842344.8)
clgrid_20-20-15_adamw_cl_start_s2036: 129 s, epochs used 8 24 67 52 39 35 73 30 0 4 1 18 13 0 0 0 0 0 0, loss 838903.0 (homogeneous 842344.8)
==== 2026-10-10 12:37:41 start si_calendar.nncl.cl_grid slot 5
[1] 1200
WARNING: All log messages before absl::InitializeLog() is called are written to STDERR
I0000 00:00:1791628668.059600    5220 port.cc:153] oneDNN custom operations are on. You may see slightly different numerical results due to floating-point round-off errors from different computation orders. To turn them off, set the environment variable `TF_ENABLE_ONEDNN_OPTS=0`.
WARNING: All log messages before absl::InitializeLog() is called are written to STDERR
I0000 00:00:1791628672.062738    5220 port.cc:153] oneDNN custom operations are on. You may see slightly different numerical results due to floating-point round-off errors from different computation orders. To turn them off, set the environment variable `TF_ENABLE_ONEDNN_OPTS=0`.
WARNING:tensorflow:From C:\Users\26196425\Work\MASTER~3\env\Lib\site-packages\keras\src\backend\common\global_state.py:82: The name tf.reset_default_graph is deprecated. Please use tf.compat.v1.reset_default_graph instead.

WARNING:tensorflow:TensorFlow GPU support is not available on native Windows for TensorFlow >= 2.11. Even if CUDA/cuDNN are installed, GPU will not be used. Please use WSL2 or the TensorFlow-DirectML plugin.
WARNING:tensorflow:5 out of the last 7 calls to <function TensorFlowTrainer.make_predict_function.<locals>.one_step_on_data_distributed at 0x000001BDAB194360> triggered tf.function retracing. Tracing is expensive and the excessive number of tracings could be due to (1) creating @tf.function repeatedly in a loop, (2) passing tensors with different shapes, (3) passing Python objects instead of tensors. For (1), please define your @tf.function outside of the loop. For (2), @tf.function has reduce_retracing=True option that can avoid unnecessary retracing. For (3), please refer to https://www.tensorflow.org/guide/function#controlling_retracing and https://www.tensorflow.org/api_docs/python/tf/function for  more details.
WARNING:tensorflow:6 out of the last 8 calls to <function TensorFlowTrainer.make_predict_function.<locals>.one_step_on_data_distributed at 0x000001BDAB194360> triggered tf.function retracing. Tracing is expensive and the excessive number of tracings could be due to (1) creating @tf.function repeatedly in a loop, (2) passing tensors with different shapes, (3) passing Python objects instead of tensors. For (1), please define your @tf.function outside of the loop. For (2), @tf.function has reduce_retracing=True option that can avoid unnecessary retracing. For (3), please refer to https://www.tensorflow.org/guide/function#controlling_retracing and https://www.tensorflow.org/api_docs/python/tf/function for  more details.
clgrid_20-15-10_sgd_nesterov_cl_start_s2036: 282 s, epochs used 0 49 216 13 131 482 500 325 0 2 13 0 45 4 0 0 0 0 8, loss 839953.6 (homogeneous 842344.8)
clgrid_20-15-10_nadam_cl_start_s2036: 138 s, epochs used 10 33 57 20 38 32 64 32 0 78 1 26 12 1 0 3 0 0 0, loss 839124.6 (homogeneous 842344.8)
clgrid_20_adagrad_cl_paper_s2037: 239 s, epochs used 100 100 100 100 100 100 100 100 100 100 100 100 100 100 100 100 100 100 100, loss 836513.1 (homogeneous 842344.8)
clgrid_20_nadam_cl_start_s2037: 131 s, epochs used 0 35 92 32 44 51 39 32 2 47 1 23 35 0 0 1 0 0 0, loss 839814.6 (homogeneous 842344.8)
clgrid_20-20-15_adadelta_cl_paper_s2037: 259 s, epochs used 100 100 100 100 100 100 100 100 100 100 100 100 100 100 100 100 100 100 100, loss 839188.9 (homogeneous 842344.8)
clgrid_20-15-10_sgd_cl_paper_s2037: 241 s, epochs used 100 100 100 100 100 100 100 100 100 100 100 100 100 100 100 100 100 100 100, loss 840647.7 (homogeneous 842344.8)
clgrid_20-15-10_adam_cl_paper_s2037: 258 s, epochs used 100 100 100 100 100 100 100 100 100 100 100 100 100 100 100 100 100 100 100, loss 836026.9 (homogeneous 842344.8)
clgrid_20_adadelta_cl_paper_s2038: 240 s, epochs used 100 100 100 100 100 100 100 100 100 100 100 100 100 100 100 100 100 100 100, loss 836971.9 (homogeneous 842344.8)
==== 2026-10-10 13:11:27 start si_calendar.nncl.cl_grid slot 5
[1] 1200
WARNING: All log messages before absl::InitializeLog() is called are written to STDERR
I0000 00:00:1791630694.458086    9136 port.cc:153] oneDNN custom operations are on. You may see slightly different numerical results due to floating-point round-off errors from different computation orders. To turn them off, set the environment variable `TF_ENABLE_ONEDNN_OPTS=0`.
WARNING: All log messages before absl::InitializeLog() is called are written to STDERR
I0000 00:00:1791630698.566218    9136 port.cc:153] oneDNN custom operations are on. You may see slightly different numerical results due to floating-point round-off errors from different computation orders. To turn them off, set the environment variable `TF_ENABLE_ONEDNN_OPTS=0`.
WARNING:tensorflow:From C:\Users\26196425\Work\MASTER~3\env\Lib\site-packages\keras\src\backend\common\global_state.py:82: The name tf.reset_default_graph is deprecated. Please use tf.compat.v1.reset_default_graph instead.

WARNING:tensorflow:TensorFlow GPU support is not available on native Windows for TensorFlow >= 2.11. Even if CUDA/cuDNN are installed, GPU will not be used. Please use WSL2 or the TensorFlow-DirectML plugin.
WARNING:tensorflow:5 out of the last 7 calls to <function TensorFlowTrainer.make_predict_function.<locals>.one_step_on_data_distributed at 0x000002850ECE04A0> triggered tf.function retracing. Tracing is expensive and the excessive number of tracings could be due to (1) creating @tf.function repeatedly in a loop, (2) passing tensors with different shapes, (3) passing Python objects instead of tensors. For (1), please define your @tf.function outside of the loop. For (2), @tf.function has reduce_retracing=True option that can avoid unnecessary retracing. For (3), please refer to https://www.tensorflow.org/guide/function#controlling_retracing and https://www.tensorflow.org/api_docs/python/tf/function for  more details.
WARNING:tensorflow:6 out of the last 8 calls to <function TensorFlowTrainer.make_predict_function.<locals>.one_step_on_data_distributed at 0x000002850ECE04A0> triggered tf.function retracing. Tracing is expensive and the excessive number of tracings could be due to (1) creating @tf.function repeatedly in a loop, (2) passing tensors with different shapes, (3) passing Python objects instead of tensors. For (1), please define your @tf.function outside of the loop. For (2), @tf.function has reduce_retracing=True option that can avoid unnecessary retracing. For (3), please refer to https://www.tensorflow.org/guide/function#controlling_retracing and https://www.tensorflow.org/api_docs/python/tf/function for  more details.
clgrid_20-20-15_sgd_momentum_cl_paper_s2038: 243 s, epochs used 100 100 100 100 100 100 100 100 100 100 100 100 100 100 100 100 100 100 100, loss 836681.1 (homogeneous 842344.8)
clgrid_20-20-15_adamw_cl_paper_s2038: 256 s, epochs used 100 100 100 100 100 100 100 100 100 100 100 100 100 100 100 100 100 100 100, loss 835295.0 (homogeneous 842344.8)
clgrid_20-15-10_adadelta_cl_paper_s2038: 255 s, epochs used 100 100 100 100 100 100 100 100 100 100 100 100 100 100 100 100 100 100 100, loss 833890.3 (homogeneous 842344.8)
clgrid_20_sgd_cl_paper_s2039: 237 s, epochs used 100 100 100 100 100 100 100 100 100 100 100 100 100 100 100 100 100 100 100, loss 837311.4 (homogeneous 842344.8)
