==== 2026-10-10 08:54:40 start si_calendar.nncl.cl_grid slot 6
[1] 1200
WARNING: All log messages before absl::InitializeLog() is called are written to STDERR
I0000 00:00:1791615287.727475   19908 port.cc:153] oneDNN custom operations are on. You may see slightly different numerical results due to floating-point round-off errors from different computation orders. To turn them off, set the environment variable `TF_ENABLE_ONEDNN_OPTS=0`.
WARNING: All log messages before absl::InitializeLog() is called are written to STDERR
I0000 00:00:1791615291.692547   19908 port.cc:153] oneDNN custom operations are on. You may see slightly different numerical results due to floating-point round-off errors from different computation orders. To turn them off, set the environment variable `TF_ENABLE_ONEDNN_OPTS=0`.
WARNING:tensorflow:From C:\Users\26196425\Work\MASTER~3\env\Lib\site-packages\keras\src\backend\common\global_state.py:82: The name tf.reset_default_graph is deprecated. Please use tf.compat.v1.reset_default_graph instead.

WARNING:tensorflow:TensorFlow GPU support is not available on native Windows for TensorFlow >= 2.11. Even if CUDA/cuDNN are installed, GPU will not be used. Please use WSL2 or the TensorFlow-DirectML plugin.
WARNING:tensorflow:5 out of the last 7 calls to <function TensorFlowTrainer.make_predict_function.<locals>.one_step_on_data_distributed at 0x000002560C00B880> triggered tf.function retracing. Tracing is expensive and the excessive number of tracings could be due to (1) creating @tf.function repeatedly in a loop, (2) passing tensors with different shapes, (3) passing Python objects instead of tensors. For (1), please define your @tf.function outside of the loop. For (2), @tf.function has reduce_retracing=True option that can avoid unnecessary retracing. For (3), please refer to https://www.tensorflow.org/guide/function#controlling_retracing and https://www.tensorflow.org/api_docs/python/tf/function for  more details.
WARNING:tensorflow:6 out of the last 8 calls to <function TensorFlowTrainer.make_predict_function.<locals>.one_step_on_data_distributed at 0x000002560C00B880> triggered tf.function retracing. Tracing is expensive and the excessive number of tracings could be due to (1) creating @tf.function repeatedly in a loop, (2) passing tensors with different shapes, (3) passing Python objects instead of tensors. For (1), please define your @tf.function outside of the loop. For (2), @tf.function has reduce_retracing=True option that can avoid unnecessary retracing. For (3), please refer to https://www.tensorflow.org/guide/function#controlling_retracing and https://www.tensorflow.org/api_docs/python/tf/function for  more details.
clgrid_20_adadelta_cl_paper_s2026: 246 s, epochs used 100 100 100 100 100 100 100 100 100 100 100 100 100 100 100 100 100 100 100, loss 837570.1 (homogeneous 842344.8)
clgrid_20-20-15_sgd_cl_paper_s2026: 238 s, epochs used 100 100 100 100 100 100 100 100 100 100 100 100 100 100 100 100 100 100 100, loss 837414.1 (homogeneous 842344.8)
clgrid_20-20-15_adam_cl_paper_s2026: 255 s, epochs used 100 100 100 100 100 100 100 100 100 100 100 100 100 100 100 100 100 100 100, loss 833995.8 (homogeneous 842344.8)
clgrid_20-15-10_adagrad_cl_paper_s2026: 245 s, epochs used 100 100 100 100 100 100 100 100 100 100 100 100 100 100 100 100 100 100 100, loss 836676.3 (homogeneous 842344.8)
clgrid_20-15-10_adamax_cl_paper_s2026: 256 s, epochs used 100 100 100 100 100 100 100 100 100 100 100 100 100 100 100 100 100 100 100, loss 836220.2 (homogeneous 842344.8)
clgrid_20_rmsprop_cl_start_s2027: 121 s, epochs used 0 34 68 32 43 35 40 96 3 81 0 1 21 0 0 0 0 0 0, loss 839551.2 (homogeneous 842344.8)
clgrid_20_nadam_cl_paper_s2027: 249 s, epochs used 100 100 100 100 100 100 100 100 100 100 100 100 100 100 100 100 100 100 100, loss 836746.8 (homogeneous 842344.8)
clgrid_20-20-15_rmsprop_cl_start_s2027: 152 s, epochs used 4 20 45 24 239 31 100 70 2 69 0 1 53 1 0 2 1 0 0, loss 838612.2 (homogeneous 842344.8)
==== 2026-10-10 09:27:43 start si_calendar.nncl.cl_grid slot 6
[1] 1200
WARNING: All log messages before absl::InitializeLog() is called are written to STDERR
I0000 00:00:1791617269.670940    2484 port.cc:153] oneDNN custom operations are on. You may see slightly different numerical results due to floating-point round-off errors from different computation orders. To turn them off, set the environment variable `TF_ENABLE_ONEDNN_OPTS=0`.
WARNING: All log messages before absl::InitializeLog() is called are written to STDERR
I0000 00:00:1791617273.733274    2484 port.cc:153] oneDNN custom operations are on. You may see slightly different numerical results due to floating-point round-off errors from different computation orders. To turn them off, set the environment variable `TF_ENABLE_ONEDNN_OPTS=0`.
WARNING:tensorflow:From C:\Users\26196425\Work\MASTER~3\env\Lib\site-packages\keras\src\backend\common\global_state.py:82: The name tf.reset_default_graph is deprecated. Please use tf.compat.v1.reset_default_graph instead.

WARNING:tensorflow:TensorFlow GPU support is not available on native Windows for TensorFlow >= 2.11. Even if CUDA/cuDNN are installed, GPU will not be used. Please use WSL2 or the TensorFlow-DirectML plugin.
WARNING:tensorflow:5 out of the last 7 calls to <function TensorFlowTrainer.make_predict_function.<locals>.one_step_on_data_distributed at 0x00000199F61E1440> triggered tf.function retracing. Tracing is expensive and the excessive number of tracings could be due to (1) creating @tf.function repeatedly in a loop, (2) passing tensors with different shapes, (3) passing Python objects instead of tensors. For (1), please define your @tf.function outside of the loop. For (2), @tf.function has reduce_retracing=True option that can avoid unnecessary retracing. For (3), please refer to https://www.tensorflow.org/guide/function#controlling_retracing and https://www.tensorflow.org/api_docs/python/tf/function for  more details.
WARNING:tensorflow:6 out of the last 8 calls to <function TensorFlowTrainer.make_predict_function.<locals>.one_step_on_data_distributed at 0x00000199F61E1440> triggered tf.function retracing. Tracing is expensive and the excessive number of tracings could be due to (1) creating @tf.function repeatedly in a loop, (2) passing tensors with different shapes, (3) passing Python objects instead of tensors. For (1), please define your @tf.function outside of the loop. For (2), @tf.function has reduce_retracing=True option that can avoid unnecessary retracing. For (3), please refer to https://www.tensorflow.org/guide/function#controlling_retracing and https://www.tensorflow.org/api_docs/python/tf/function for  more details.
clgrid_20-15-10_sgd_cl_start_s2027: 542 s, epochs used 0 500 500 28 500 500 500 500 0 44 0 500 500 178 3 0 0 39 0, loss 841052.8 (homogeneous 842344.8)
clgrid_20_adagrad_cl_paper_s2028: 238 s, epochs used 100 100 100 100 100 100 100 100 100 100 100 100 100 100 100 100 100 100 100, loss 836720.6 (homogeneous 842344.8)
clgrid_20_nadam_cl_paper_s2028: 246 s, epochs used 100 100 100 100 100 100 100 100 100 100 100 100 100 100 100 100 100 100 100, loss 836404.4 (homogeneous 842344.8)
clgrid_20-20-15_rmsprop_cl_start_s2028: 164 s, epochs used 0 34 72 23 223 55 99 60 2 57 0 19 114 1 0 2 0 0 0, loss 839020.4 (homogeneous 842344.8)
clgrid_20-20-15_adamax_cl_start_s2028: 155 s, epochs used 0 64 91 62 42 75 171 47 3 6 1 20 35 1 1 0 0 0 0, loss 839417.4 (homogeneous 842344.8)
clgrid_20-15-10_adagrad_cl_start_s2028: 179 s, epochs used 2 48 193 64 45 298 139 125 4 3 2 5 0 2 4 6 0 1 2, loss 838553.8 (homogeneous 842344.8)
clgrid_20-15-10_adamax_cl_paper_s2028: 249 s, epochs used 100 100 100 100 100 100 100 100 100 100 100 100 100 100 100 100 100 100 100, loss 836591.4 (homogeneous 842344.8)
clgrid_20_rmsprop_cl_start_s2029: 182 s, epochs used 0 48 73 22 500 71 206 18 2 3 0 3 1 0 0 0 0 0 0, loss 839305.6 (homogeneous 842344.8)
==== 2026-10-10 10:03:46 start si_calendar.nncl.cl_grid slot 6
[1] 1200
WARNING: All log messages before absl::InitializeLog() is called are written to STDERR
I0000 00:00:1791619433.839044    9264 port.cc:153] oneDNN custom operations are on. You may see slightly different numerical results due to floating-point round-off errors from different computation orders. To turn them off, set the environment variable `TF_ENABLE_ONEDNN_OPTS=0`.
WARNING: All log messages before absl::InitializeLog() is called are written to STDERR
I0000 00:00:1791619437.864131    9264 port.cc:153] oneDNN custom operations are on. You may see slightly different numerical results due to floating-point round-off errors from different computation orders. To turn them off, set the environment variable `TF_ENABLE_ONEDNN_OPTS=0`.
WARNING:tensorflow:From C:\Users\26196425\Work\MASTER~3\env\Lib\site-packages\keras\src\backend\common\global_state.py:82: The name tf.reset_default_graph is deprecated. Please use tf.compat.v1.reset_default_graph instead.

WARNING:tensorflow:TensorFlow GPU support is not available on native Windows for TensorFlow >= 2.11. Even if CUDA/cuDNN are installed, GPU will not be used. Please use WSL2 or the TensorFlow-DirectML plugin.
WARNING:tensorflow:5 out of the last 7 calls to <function TensorFlowTrainer.make_predict_function.<locals>.one_step_on_data_distributed at 0x0000024746F51440> triggered tf.function retracing. Tracing is expensive and the excessive number of tracings could be due to (1) creating @tf.function repeatedly in a loop, (2) passing tensors with different shapes, (3) passing Python objects instead of tensors. For (1), please define your @tf.function outside of the loop. For (2), @tf.function has reduce_retracing=True option that can avoid unnecessary retracing. For (3), please refer to https://www.tensorflow.org/guide/function#controlling_retracing and https://www.tensorflow.org/api_docs/python/tf/function for  more details.
WARNING:tensorflow:6 out of the last 8 calls to <function TensorFlowTrainer.make_predict_function.<locals>.one_step_on_data_distributed at 0x0000024746F51440> triggered tf.function retracing. Tracing is expensive and the excessive number of tracings could be due to (1) creating @tf.function repeatedly in a loop, (2) passing tensors with different shapes, (3) passing Python objects instead of tensors. For (1), please define your @tf.function outside of the loop. For (2), @tf.function has reduce_retracing=True option that can avoid unnecessary retracing. For (3), please refer to https://www.tensorflow.org/guide/function#controlling_retracing and https://www.tensorflow.org/api_docs/python/tf/function for  more details.
clgrid_20-20-15_sgd_cl_start_s2029: 510 s, epochs used 0 500 500 50 500 309 500 500 8 256 6 500 301 2 0 0 0 4 0, loss 840022.3 (homogeneous 842344.8)
clgrid_20-15-10_adadelta_cl_paper_s2029: 255 s, epochs used 100 100 100 100 100 100 100 100 100 100 100 100 100 100 100 100 100 100 100, loss 836303.0 (homogeneous 842344.8)
clgrid_20_sgd_momentum_cl_paper_s2030: 238 s, epochs used 100 100 100 100 100 100 100 100 100 100 100 100 100 100 100 100 100 100 100, loss 837403.5 (homogeneous 842344.8)
clgrid_20_adamw_cl_start_s2030: 119 s, epochs used 0 42 85 30 33 26 62 25 2 37 2 35 5 0 0 0 0 0 0, loss 839632.8 (homogeneous 842344.8)
clgrid_20-20-15_sgd_cl_start_s2030: 512 s, epochs used 0 500 500 500 500 500 500 500 0 117 67 113 86 0 0 0 0 0 15, loss 840116.8 (homogeneous 842344.8)
clgrid_20-15-10_sgd_nesterov_cl_start_s2030: 365 s, epochs used 0 78 251 106 500 500 500 500 0 0 0 0 42 0 0 0 0 0 0, loss 839635.7 (homogeneous 842344.8)
clgrid_20_sgd_momentum_cl_paper_s2031: 239 s, epochs used 100 100 100 100 100 100 100 100 100 100 100 100 100 100 100 100 100 100 100, loss 837572.7 (homogeneous 842344.8)
clgrid_20_adam_cl_start_s2031: 124 s, epochs used 0 31 90 54 24 63 51 20 0 60 0 8 22 0 0 0 0 0 0, loss 839873.9 (homogeneous 842344.8)
==== 2026-10-10 10:46:24 start si_calendar.nncl.cl_grid slot 6
[1] 1200
WARNING: All log messages before absl::InitializeLog() is called are written to STDERR
I0000 00:00:1791621991.336936   19292 port.cc:153] oneDNN custom operations are on. You may see slightly different numerical results due to floating-point round-off errors from different computation orders. To turn them off, set the environment variable `TF_ENABLE_ONEDNN_OPTS=0`.
WARNING: All log messages before absl::InitializeLog() is called are written to STDERR
I0000 00:00:1791621995.329555   19292 port.cc:153] oneDNN custom operations are on. You may see slightly different numerical results due to floating-point round-off errors from different computation orders. To turn them off, set the environment variable `TF_ENABLE_ONEDNN_OPTS=0`.
WARNING:tensorflow:From C:\Users\26196425\Work\MASTER~3\env\Lib\site-packages\keras\src\backend\common\global_state.py:82: The name tf.reset_default_graph is deprecated. Please use tf.compat.v1.reset_default_graph instead.

WARNING:tensorflow:TensorFlow GPU support is not available on native Windows for TensorFlow >= 2.11. Even if CUDA/cuDNN are installed, GPU will not be used. Please use WSL2 or the TensorFlow-DirectML plugin.
WARNING:tensorflow:5 out of the last 7 calls to <function TensorFlowTrainer.make_predict_function.<locals>.one_step_on_data_distributed at 0x000001DA39C7C4A0> triggered tf.function retracing. Tracing is expensive and the excessive number of tracings could be due to (1) creating @tf.function repeatedly in a loop, (2) passing tensors with different shapes, (3) passing Python objects instead of tensors. For (1), please define your @tf.function outside of the loop. For (2), @tf.function has reduce_retracing=True option that can avoid unnecessary retracing. For (3), please refer to https://www.tensorflow.org/guide/function#controlling_retracing and https://www.tensorflow.org/api_docs/python/tf/function for  more details.
WARNING:tensorflow:6 out of the last 8 calls to <function TensorFlowTrainer.make_predict_function.<locals>.one_step_on_data_distributed at 0x000001DA39C7C4A0> triggered tf.function retracing. Tracing is expensive and the excessive number of tracings could be due to (1) creating @tf.function repeatedly in a loop, (2) passing tensors with different shapes, (3) passing Python objects instead of tensors. For (1), please define your @tf.function outside of the loop. For (2), @tf.function has reduce_retracing=True option that can avoid unnecessary retracing. For (3), please refer to https://www.tensorflow.org/guide/function#controlling_retracing and https://www.tensorflow.org/api_docs/python/tf/function for  more details.
clgrid_20-20-15_sgd_momentum_cl_paper_s2031: 240 s, epochs used 100 100 100 100 100 100 100 100 100 100 100 100 100 100 100 100 100 100 100, loss 836663.9 (homogeneous 842344.8)
clgrid_20-20-15_adamw_cl_paper_s2031: 254 s, epochs used 100 100 100 100 100 100 100 100 100 100 100 100 100 100 100 100 100 100 100, loss 835358.8 (homogeneous 842344.8)
clgrid_20-15-10_adadelta_cl_start_s2031: 191 s, epochs used 3 15 71 43 304 92 330 23 3 14 0 18 24 30 0 0 0 0 0, loss 839558.5 (homogeneous 842344.8)
clgrid_20-15-10_adamax_cl_start_s2031: 133 s, epochs used 3 42 93 20 63 21 65 44 4 20 1 14 30 1 1 1 0 0 0, loss 839901.2 (homogeneous 842344.8)
clgrid_20_sgd_nesterov_cl_start_s2032: 189 s, epochs used 0 20 261 45 39 56 500 32 1 10 3 8 136 3 0 0 0 0 5, loss 839777.2 (homogeneous 842344.8)
clgrid_20_adamw_cl_start_s2032: 136 s, epochs used 6 40 54 31 230 45 29 23 0 8 1 3 24 0 0 0 0 0 0, loss 838918.9 (homogeneous 842344.8)
clgrid_20-20-15_sgd_momentum_cl_paper_s2032: 244 s, epochs used 100 100 100 100 100 100 100 100 100 100 100 100 100 100 100 100 100 100 100, loss 836292.0 (homogeneous 842344.8)
clgrid_20-20-15_adamax_cl_start_s2032: 138 s, epochs used 0 70 91 36 59 75 66 60 0 13 1 4 5 0 0 1 0 0 25, loss 839661.0 (homogeneous 842344.8)
==== 2026-10-10 11:15:53 start si_calendar.nncl.cl_grid slot 6
[1] 1200
WARNING: All log messages before absl::InitializeLog() is called are written to STDERR
I0000 00:00:1791623760.463208   16624 port.cc:153] oneDNN custom operations are on. You may see slightly different numerical results due to floating-point round-off errors from different computation orders. To turn them off, set the environment variable `TF_ENABLE_ONEDNN_OPTS=0`.
WARNING: All log messages before absl::InitializeLog() is called are written to STDERR
I0000 00:00:1791623764.374901   16624 port.cc:153] oneDNN custom operations are on. You may see slightly different numerical results due to floating-point round-off errors from different computation orders. To turn them off, set the environment variable `TF_ENABLE_ONEDNN_OPTS=0`.
WARNING:tensorflow:From C:\Users\26196425\Work\MASTER~3\env\Lib\site-packages\keras\src\backend\common\global_state.py:82: The name tf.reset_default_graph is deprecated. Please use tf.compat.v1.reset_default_graph instead.

WARNING:tensorflow:TensorFlow GPU support is not available on native Windows for TensorFlow >= 2.11. Even if CUDA/cuDNN are installed, GPU will not be used. Please use WSL2 or the TensorFlow-DirectML plugin.
WARNING:tensorflow:5 out of the last 7 calls to <function TensorFlowTrainer.make_predict_function.<locals>.one_step_on_data_distributed at 0x000001FE03DF8360> triggered tf.function retracing. Tracing is expensive and the excessive number of tracings could be due to (1) creating @tf.function repeatedly in a loop, (2) passing tensors with different shapes, (3) passing Python objects instead of tensors. For (1), please define your @tf.function outside of the loop. For (2), @tf.function has reduce_retracing=True option that can avoid unnecessary retracing. For (3), please refer to https://www.tensorflow.org/guide/function#controlling_retracing and https://www.tensorflow.org/api_docs/python/tf/function for  more details.
WARNING:tensorflow:6 out of the last 8 calls to <function TensorFlowTrainer.make_predict_function.<locals>.one_step_on_data_distributed at 0x000001FE03DF8360> triggered tf.function retracing. Tracing is expensive and the excessive number of tracings could be due to (1) creating @tf.function repeatedly in a loop, (2) passing tensors with different shapes, (3) passing Python objects instead of tensors. For (1), please define your @tf.function outside of the loop. For (2), @tf.function has reduce_retracing=True option that can avoid unnecessary retracing. For (3), please refer to https://www.tensorflow.org/guide/function#controlling_retracing and https://www.tensorflow.org/api_docs/python/tf/function for  more details.
clgrid_20-15-10_sgd_nesterov_cl_start_s2032: 147 s, epochs used 2 48 176 59 10 5 142 152 0 54 1 14 0 0 0 0 0 9 8, loss 839479.0 (homogeneous 842344.8)
clgrid_20-15-10_adamw_cl_paper_s2032: 259 s, epochs used 100 100 100 100 100 100 100 100 100 100 100 100 100 100 100 100 100 100 100, loss 836232.5 (homogeneous 842344.8)
clgrid_20_adadelta_cl_paper_s2033: 242 s, epochs used 100 100 100 100 100 100 100 100 100 100 100 100 100 100 100 100 100 100 100, loss 838627.9 (homogeneous 842344.8)
clgrid_20-20-15_sgd_momentum_cl_paper_s2033: 245 s, epochs used 100 100 100 100 100 100 100 100 100 100 100 100 100 100 100 100 100 100 100, loss 836280.0 (homogeneous 842344.8)
clgrid_20-20-15_adamw_cl_paper_s2033: 259 s, epochs used 100 100 100 100 100 100 100 100 100 100 100 100 100 100 100 100 100 100 100, loss 834664.4 (homogeneous 842344.8)
clgrid_20-15-10_adadelta_cl_start_s2033: 198 s, epochs used 3 17 69 63 24 72 223 37 2 312 4 0 101 0 1 1 0 0 0, loss 839798.5 (homogeneous 842344.8)
clgrid_20_sgd_cl_paper_s2034: 244 s, epochs used 100 100 100 100 100 100 100 100 100 100 100 100 100 100 100 100 100 100 100, loss 837231.5 (homogeneous 842344.8)
clgrid_20_adam_cl_paper_s2034: 261 s, epochs used 100 100 100 100 100 100 100 100 100 100 100 100 100 100 100 100 100 100 100, loss 836484.3 (homogeneous 842344.8)
==== 2026-10-10 11:50:44 start si_calendar.nncl.cl_grid slot 6
[1] 1200
WARNING: All log messages before absl::InitializeLog() is called are written to STDERR
I0000 00:00:1791625854.406790   13936 port.cc:153] oneDNN custom operations are on. You may see slightly different numerical results due to floating-point round-off errors from different computation orders. To turn them off, set the environment variable `TF_ENABLE_ONEDNN_OPTS=0`.
WARNING: All log messages before absl::InitializeLog() is called are written to STDERR
I0000 00:00:1791625858.762052   13936 port.cc:153] oneDNN custom operations are on. You may see slightly different numerical results due to floating-point round-off errors from different computation orders. To turn them off, set the environment variable `TF_ENABLE_ONEDNN_OPTS=0`.
WARNING:tensorflow:From C:\Users\26196425\Work\MASTER~3\env\Lib\site-packages\keras\src\backend\common\global_state.py:82: The name tf.reset_default_graph is deprecated. Please use tf.compat.v1.reset_default_graph instead.

WARNING:tensorflow:TensorFlow GPU support is not available on native Windows for TensorFlow >= 2.11. Even if CUDA/cuDNN are installed, GPU will not be used. Please use WSL2 or the TensorFlow-DirectML plugin.
WARNING:tensorflow:5 out of the last 7 calls to <function TensorFlowTrainer.make_predict_function.<locals>.one_step_on_data_distributed at 0x0000011A40DF14E0> triggered tf.function retracing. Tracing is expensive and the excessive number of tracings could be due to (1) creating @tf.function repeatedly in a loop, (2) passing tensors with different shapes, (3) passing Python objects instead of tensors. For (1), please define your @tf.function outside of the loop. For (2), @tf.function has reduce_retracing=True option that can avoid unnecessary retracing. For (3), please refer to https://www.tensorflow.org/guide/function#controlling_retracing and https://www.tensorflow.org/api_docs/python/tf/function for  more details.
WARNING:tensorflow:6 out of the last 8 calls to <function TensorFlowTrainer.make_predict_function.<locals>.one_step_on_data_distributed at 0x0000011A40DF14E0> triggered tf.function retracing. Tracing is expensive and the excessive number of tracings could be due to (1) creating @tf.function repeatedly in a loop, (2) passing tensors with different shapes, (3) passing Python objects instead of tensors. For (1), please define your @tf.function outside of the loop. For (2), @tf.function has reduce_retracing=True option that can avoid unnecessary retracing. For (3), please refer to https://www.tensorflow.org/guide/function#controlling_retracing and https://www.tensorflow.org/api_docs/python/tf/function for  more details.
clgrid_20-20-15_adadelta_cl_paper_s2034: 262 s, epochs used 100 100 100 100 100 100 100 100 100 100 100 100 100 100 100 100 100 100 100, loss 838287.9 (homogeneous 842344.8)
clgrid_20-15-10_sgd_momentum_cl_paper_s2034: 243 s, epochs used 100 100 100 100 100 100 100 100 100 100 100 100 100 100 100 100 100 100 100, loss 837216.0 (homogeneous 842344.8)
clgrid_20-15-10_adamw_cl_paper_s2034: 270 s, epochs used 100 100 100 100 100 100 100 100 100 100 100 100 100 100 100 100 100 100 100, loss 835430.4 (homogeneous 842344.8)
clgrid_20_adadelta_cl_start_s2035: 124 s, epochs used 0 21 81 29 28 52 24 99 3 108 1 24 5 1 0 0 0 0 0, loss 839706.4 (homogeneous 842344.8)
clgrid_20_adamax_cl_start_s2035: 134 s, epochs used 0 42 124 36 66 73 61 53 3 6 1 31 6 1 1 1 0 44 0, loss 839814.8 (homogeneous 842344.8)
clgrid_20-20-15_sgd_nesterov_cl_start_s2035: 263 s, epochs used 0 25 278 6 500 10 500 301 3 12 5 14 16 0 2 1 0 0 8, loss 840404.6 (homogeneous 842344.8)
clgrid_20-20-15_nadam_cl_paper_s2035: 262 s, epochs used 100 100 100 100 100 100 100 100 100 100 100 100 100 100 100 100 100 100 100, loss 834831.3 (homogeneous 842344.8)
clgrid_20-15-10_adam_cl_paper_s2035: 257 s, epochs used 100 100 100 100 100 100 100 100 100 100 100 100 100 100 100 100 100 100 100, loss 835675.9 (homogeneous 842344.8)
==== 2026-10-10 12:25:06 start si_calendar.nncl.cl_grid slot 6
[1] 1200
WARNING: All log messages before absl::InitializeLog() is called are written to STDERR
I0000 00:00:1791627913.123260    8208 port.cc:153] oneDNN custom operations are on. You may see slightly different numerical results due to floating-point round-off errors from different computation orders. To turn them off, set the environment variable `TF_ENABLE_ONEDNN_OPTS=0`.
WARNING: All log messages before absl::InitializeLog() is called are written to STDERR
I0000 00:00:1791627917.329217    8208 port.cc:153] oneDNN custom operations are on. You may see slightly different numerical results due to floating-point round-off errors from different computation orders. To turn them off, set the environment variable `TF_ENABLE_ONEDNN_OPTS=0`.
WARNING:tensorflow:From C:\Users\26196425\Work\MASTER~3\env\Lib\site-packages\keras\src\backend\common\global_state.py:82: The name tf.reset_default_graph is deprecated. Please use tf.compat.v1.reset_default_graph instead.

WARNING:tensorflow:TensorFlow GPU support is not available on native Windows for TensorFlow >= 2.11. Even if CUDA/cuDNN are installed, GPU will not be used. Please use WSL2 or the TensorFlow-DirectML plugin.
WARNING:tensorflow:5 out of the last 7 calls to <function TensorFlowTrainer.make_predict_function.<locals>.one_step_on_data_distributed at 0x000001CF57F1BF60> triggered tf.function retracing. Tracing is expensive and the excessive number of tracings could be due to (1) creating @tf.function repeatedly in a loop, (2) passing tensors with different shapes, (3) passing Python objects instead of tensors. For (1), please define your @tf.function outside of the loop. For (2), @tf.function has reduce_retracing=True option that can avoid unnecessary retracing. For (3), please refer to https://www.tensorflow.org/guide/function#controlling_retracing and https://www.tensorflow.org/api_docs/python/tf/function for  more details.
WARNING:tensorflow:6 out of the last 8 calls to <function TensorFlowTrainer.make_predict_function.<locals>.one_step_on_data_distributed at 0x000001CF57F1BF60> triggered tf.function retracing. Tracing is expensive and the excessive number of tracings could be due to (1) creating @tf.function repeatedly in a loop, (2) passing tensors with different shapes, (3) passing Python objects instead of tensors. For (1), please define your @tf.function outside of the loop. For (2), @tf.function has reduce_retracing=True option that can avoid unnecessary retracing. For (3), please refer to https://www.tensorflow.org/guide/function#controlling_retracing and https://www.tensorflow.org/api_docs/python/tf/function for  more details.
clgrid_20_adagrad_cl_start_s2036: 145 s, epochs used 2 10 136 40 65 60 358 55 2 3 0 1 7 0 0 2 0 0 2, loss 838298.7 (homogeneous 842344.8)
clgrid_20_adamax_cl_start_s2036: 141 s, epochs used 2 28 107 63 59 48 124 32 0 97 1 2 17 0 1 0 0 0 0, loss 839538.8 (homogeneous 842344.8)
clgrid_20-20-15_sgd_nesterov_cl_start_s2036: 265 s, epochs used 5 14 14 7 500 500 56 500 0 6 0 96 16 2 0 0 0 9 0, loss 838446.3 (homogeneous 842344.8)
clgrid_20-20-15_adamax_cl_paper_s2036: 254 s, epochs used 100 100 100 100 100 100 100 100 100 100 100 100 100 100 100 100 100 100 100, loss 835666.1 (homogeneous 842344.8)
clgrid_20-15-10_rmsprop_cl_start_s2036: 158 s, epochs used 2 28 52 24 216 35 124 26 2 139 2 30 7 0 0 2 0 0 0, loss 838799.4 (homogeneous 842344.8)
clgrid_20_sgd_cl_paper_s2037: 240 s, epochs used 100 100 100 100 100 100 100 100 100 100 100 100 100 100 100 100 100 100 100, loss 837631.0 (homogeneous 842344.8)
clgrid_20_adam_cl_start_s2037: 128 s, epochs used 0 33 85 48 40 48 33 28 2 47 1 17 30 0 0 0 0 0 0, loss 839706.9 (homogeneous 842344.8)
clgrid_20-20-15_sgd_cl_paper_s2037: 237 s, epochs used 100 100 100 100 100 100 100 100 100 100 100 100 100 100 100 100 100 100 100, loss 839408.6 (homogeneous 842344.8)
==== 2026-10-10 12:54:41 start si_calendar.nncl.cl_grid slot 6
[1] 1200
WARNING: All log messages before absl::InitializeLog() is called are written to STDERR
I0000 00:00:1791629689.074639    8352 port.cc:153] oneDNN custom operations are on. You may see slightly different numerical results due to floating-point round-off errors from different computation orders. To turn them off, set the environment variable `TF_ENABLE_ONEDNN_OPTS=0`.
WARNING: All log messages before absl::InitializeLog() is called are written to STDERR
I0000 00:00:1791629693.363076    8352 port.cc:153] oneDNN custom operations are on. You may see slightly different numerical results due to floating-point round-off errors from different computation orders. To turn them off, set the environment variable `TF_ENABLE_ONEDNN_OPTS=0`.
WARNING:tensorflow:From C:\Users\26196425\Work\MASTER~3\env\Lib\site-packages\keras\src\backend\common\global_state.py:82: The name tf.reset_default_graph is deprecated. Please use tf.compat.v1.reset_default_graph instead.

WARNING:tensorflow:TensorFlow GPU support is not available on native Windows for TensorFlow >= 2.11. Even if CUDA/cuDNN are installed, GPU will not be used. Please use WSL2 or the TensorFlow-DirectML plugin.
WARNING:tensorflow:5 out of the last 7 calls to <function TensorFlowTrainer.make_predict_function.<locals>.one_step_on_data_distributed at 0x00000249850EF880> triggered tf.function retracing. Tracing is expensive and the excessive number of tracings could be due to (1) creating @tf.function repeatedly in a loop, (2) passing tensors with different shapes, (3) passing Python objects instead of tensors. For (1), please define your @tf.function outside of the loop. For (2), @tf.function has reduce_retracing=True option that can avoid unnecessary retracing. For (3), please refer to https://www.tensorflow.org/guide/function#controlling_retracing and https://www.tensorflow.org/api_docs/python/tf/function for  more details.
WARNING:tensorflow:6 out of the last 8 calls to <function TensorFlowTrainer.make_predict_function.<locals>.one_step_on_data_distributed at 0x00000249850EF880> triggered tf.function retracing. Tracing is expensive and the excessive number of tracings could be due to (1) creating @tf.function repeatedly in a loop, (2) passing tensors with different shapes, (3) passing Python objects instead of tensors. For (1), please define your @tf.function outside of the loop. For (2), @tf.function has reduce_retracing=True option that can avoid unnecessary retracing. For (3), please refer to https://www.tensorflow.org/guide/function#controlling_retracing and https://www.tensorflow.org/api_docs/python/tf/function for  more details.
clgrid_20-20-15_adam_cl_paper_s2037: 253 s, epochs used 100 100 100 100 100 100 100 100 100 100 100 100 100 100 100 100 100 100 100, loss 835092.2 (homogeneous 842344.8)
clgrid_20-15-10_adagrad_cl_start_s2037: 195 s, epochs used 0 29 132 47 47 164 483 161 3 2 1 0 6 0 1 3 0 2 2, loss 839750.0 (homogeneous 842344.8)
clgrid_20-15-10_adamax_cl_paper_s2037: 252 s, epochs used 100 100 100 100 100 100 100 100 100 100 100 100 100 100 100 100 100 100 100, loss 836464.6 (homogeneous 842344.8)
clgrid_20_rmsprop_cl_paper_s2038: 236 s, epochs used 100 100 100 100 100 100 100 100 100 100 100 100 100 100 100 100 100 100 100, loss 836615.7 (homogeneous 842344.8)
clgrid_20-20-15_sgd_nesterov_cl_paper_s2038: 248 s, epochs used 100 100 100 100 100 100 100 100 100 100 100 100 100 100 100 100 100 100 100, loss 836679.2 (homogeneous 842344.8)
clgrid_20-20-15_adamax_cl_start_s2038: 135 s, epochs used 1 33 90 21 56 60 116 28 3 20 1 3 29 3 1 1 0 0 0, loss 839652.1 (homogeneous 842344.8)
clgrid_20-15-10_sgd_nesterov_cl_start_s2038: 158 s, epochs used 0 25 22 7 500 33 32 36 0 36 0 71 20 9 0 0 0 0 0, loss 840399.5 (homogeneous 842344.8)
clgrid_20-15-10_adamw_cl_paper_s2038: 258 s, epochs used 100 100 100 100 100 100 100 100 100 100 100 100 100 100 100 100 100 100 100, loss 835516.0 (homogeneous 842344.8)
==== 2026-10-10 13:27:37 start si_calendar.nncl.cl_grid slot 6
[1] 1200
WARNING: All log messages before absl::InitializeLog() is called are written to STDERR
I0000 00:00:1791631664.064400   11884 port.cc:153] oneDNN custom operations are on. You may see slightly different numerical results due to floating-point round-off errors from different computation orders. To turn them off, set the environment variable `TF_ENABLE_ONEDNN_OPTS=0`.
WARNING: All log messages before absl::InitializeLog() is called are written to STDERR
I0000 00:00:1791631667.958849   11884 port.cc:153] oneDNN custom operations are on. You may see slightly different numerical results due to floating-point round-off errors from different computation orders. To turn them off, set the environment variable `TF_ENABLE_ONEDNN_OPTS=0`.
WARNING:tensorflow:From C:\Users\26196425\Work\MASTER~3\env\Lib\site-packages\keras\src\backend\common\global_state.py:82: The name tf.reset_default_graph is deprecated. Please use tf.compat.v1.reset_default_graph instead.

WARNING:tensorflow:TensorFlow GPU support is not available on native Windows for TensorFlow >= 2.11. Even if CUDA/cuDNN are installed, GPU will not be used. Please use WSL2 or the TensorFlow-DirectML plugin.
WARNING:tensorflow:5 out of the last 7 calls to <function TensorFlowTrainer.make_predict_function.<locals>.one_step_on_data_distributed at 0x000001FB0AA58400> triggered tf.function retracing. Tracing is expensive and the excessive number of tracings could be due to (1) creating @tf.function repeatedly in a loop, (2) passing tensors with different shapes, (3) passing Python objects instead of tensors. For (1), please define your @tf.function outside of the loop. For (2), @tf.function has reduce_retracing=True option that can avoid unnecessary retracing. For (3), please refer to https://www.tensorflow.org/guide/function#controlling_retracing and https://www.tensorflow.org/api_docs/python/tf/function for  more details.
WARNING:tensorflow:6 out of the last 8 calls to <function TensorFlowTrainer.make_predict_function.<locals>.one_step_on_data_distributed at 0x000001FB0AA58400> triggered tf.function retracing. Tracing is expensive and the excessive number of tracings could be due to (1) creating @tf.function repeatedly in a loop, (2) passing tensors with different shapes, (3) passing Python objects instead of tensors. For (1), please define your @tf.function outside of the loop. For (2), @tf.function has reduce_retracing=True option that can avoid unnecessary retracing. For (3), please refer to https://www.tensorflow.org/guide/function#controlling_retracing and https://www.tensorflow.org/api_docs/python/tf/function for  more details.
clgrid_20_adadelta_cl_paper_s2039: 239 s, epochs used 100 100 100 100 100 100 100 100 100 100 100 100 100 100 100 100 100 100 100, loss 837441.5 (homogeneous 842344.8)
clgrid_20-20-15_sgd_cl_start_s2039: 497 s, epochs used 1 448 500 206 500 488 500 500 4 29 39 18 500 15 0 0 0 0 0, loss 839841.0 (homogeneous 842344.8)
clgrid_20-15-10_adagrad_cl_start_s2039: 100 s, epochs used 1 38 4 49 108 4 1 5 3 4 7 1 38 1 0 0 0 0 6, loss 839780.3 (homogeneous 842344.8)
clgrid_20-15-10_adamw_cl_paper_s2039: 256 s, epochs used 100 100 100 100 100 100 100 100 100 100 100 100 100 100 100 100 100 100 100, loss 835416.3 (homogeneous 842344.8)
clgrid_20_adadelta_cl_paper_s2040: 248 s, epochs used 100 100 100 100 100 100 100 100 100 100 100 100 100 100 100 100 100 100 100, loss 839327.8 (homogeneous 842344.8)
clgrid_20-20-15_sgd_cl_paper_s2040: 245 s, epochs used 100 100 100 100 100 100 100 100 100 100 100 100 100 100 100 100 100 100 100, loss 839365.2 (homogeneous 842344.8)
clgrid_20-20-15_adam_cl_paper_s2040: 260 s, epochs used 100 100 100 100 100 100 100 100 100 100 100 100 100 100 100 100 100 100 100, loss 835675.0 (homogeneous 842344.8)
clgrid_20-15-10_adagrad_cl_paper_s2040: 250 s, epochs used 100 100 100 100 100 100 100 100 100 100 100 100 100 100 100 100 100 100 100, loss 834367.5 (homogeneous 842344.8)
==== 2026-10-10 14:06:02 start si_calendar.nncl.cl_grid slot 6
[1] 1200
WARNING: All log messages before absl::InitializeLog() is called are written to STDERR
I0000 00:00:1791633969.967499    9272 port.cc:153] oneDNN custom operations are on. You may see slightly different numerical results due to floating-point round-off errors from different computation orders. To turn them off, set the environment variable `TF_ENABLE_ONEDNN_OPTS=0`.
WARNING: All log messages before absl::InitializeLog() is called are written to STDERR
I0000 00:00:1791633974.120745    9272 port.cc:153] oneDNN custom operations are on. You may see slightly different numerical results due to floating-point round-off errors from different computation orders. To turn them off, set the environment variable `TF_ENABLE_ONEDNN_OPTS=0`.
WARNING:tensorflow:From C:\Users\26196425\Work\MASTER~3\env\Lib\site-packages\keras\src\backend\common\global_state.py:82: The name tf.reset_default_graph is deprecated. Please use tf.compat.v1.reset_default_graph instead.

WARNING:tensorflow:TensorFlow GPU support is not available on native Windows for TensorFlow >= 2.11. Even if CUDA/cuDNN are installed, GPU will not be used. Please use WSL2 or the TensorFlow-DirectML plugin.
WARNING:tensorflow:5 out of the last 7 calls to <function TensorFlowTrainer.make_predict_function.<locals>.one_step_on_data_distributed at 0x000002A87A227A60> triggered tf.function retracing. Tracing is expensive and the excessive number of tracings could be due to (1) creating @tf.function repeatedly in a loop, (2) passing tensors with different shapes, (3) passing Python objects instead of tensors. For (1), please define your @tf.function outside of the loop. For (2), @tf.function has reduce_retracing=True option that can avoid unnecessary retracing. For (3), please refer to https://www.tensorflow.org/guide/function#controlling_retracing and https://www.tensorflow.org/api_docs/python/tf/function for  more details.
WARNING:tensorflow:6 out of the last 8 calls to <function TensorFlowTrainer.make_predict_function.<locals>.one_step_on_data_distributed at 0x000002A87A227A60> triggered tf.function retracing. Tracing is expensive and the excessive number of tracings could be due to (1) creating @tf.function repeatedly in a loop, (2) passing tensors with different shapes, (3) passing Python objects instead of tensors. For (1), please define your @tf.function outside of the loop. For (2), @tf.function has reduce_retracing=True option that can avoid unnecessary retracing. For (3), please refer to https://www.tensorflow.org/guide/function#controlling_retracing and https://www.tensorflow.org/api_docs/python/tf/function for  more details.
clgrid_20-15-10_adamw_cl_start_s2040: 143 s, epochs used 0 53 0 63 85 41 123 45 3 13 1 14 28 0 0 2 0 0 0, loss 839914.3 (homogeneous 842344.8)
clgrid_20_sgd_nesterov_cl_start_s2041: 119 s, epochs used 2 20 113 28 9 9 185 28 2 8 4 9 62 0 0 0 0 0 0, loss 838534.1 (homogeneous 842344.8)
clgrid_20_adam_cl_paper_s2041: 250 s, epochs used 100 100 100 100 100 100 100 100 100 100 100 100 100 100 100 100 100 100 100, loss 836542.2 (homogeneous 842344.8)
clgrid_20-20-15_sgd_nesterov_cl_start_s2041: 159 s, epochs used 2 19 6 104 48 9 500 55 0 10 18 6 27 0 0 0 0 0 2, loss 839770.6 (homogeneous 842344.8)
clgrid_20-20-15_adamw_cl_paper_s2041: 259 s, epochs used 100 100 100 100 100 100 100 100 100 100 100 100 100 100 100 100 100 100 100, loss 835073.7 (homogeneous 842344.8)
clgrid_20-15-10_adadelta_cl_start_s2041: 166 s, epochs used 0 19 49 21 218 230 16 101 1 12 1 0 12 1 2 0 0 0 0, loss 839775.2 (homogeneous 842344.8)
clgrid_20-15-10_adamax_cl_start_s2041: 169 s, epochs used 1 62 89 19 298 25 138 67 3 19 1 0 17 2 1 1 0 0 0, loss 839326.1 (homogeneous 842344.8)
clgrid_20_adagrad_cl_start_s2042: 157 s, epochs used 0 14 159 54 35 75 138 95 2 1 0 1 206 0 0 6 0 0 0, loss 839762.6 (homogeneous 842344.8)
==== 2026-10-10 14:33:44 start si_calendar.nncl.cl_grid slot 6
[1] 1200
WARNING: All log messages before absl::InitializeLog() is called are written to STDERR
I0000 00:00:1791635630.856403   13784 port.cc:153] oneDNN custom operations are on. You may see slightly different numerical results due to floating-point round-off errors from different computation orders. To turn them off, set the environment variable `TF_ENABLE_ONEDNN_OPTS=0`.
WARNING: All log messages before absl::InitializeLog() is called are written to STDERR
I0000 00:00:1791635634.793001   13784 port.cc:153] oneDNN custom operations are on. You may see slightly different numerical results due to floating-point round-off errors from different computation orders. To turn them off, set the environment variable `TF_ENABLE_ONEDNN_OPTS=0`.
WARNING:tensorflow:From C:\Users\26196425\Work\MASTER~3\env\Lib\site-packages\keras\src\backend\common\global_state.py:82: The name tf.reset_default_graph is deprecated. Please use tf.compat.v1.reset_default_graph instead.

WARNING:tensorflow:TensorFlow GPU support is not available on native Windows for TensorFlow >= 2.11. Even if CUDA/cuDNN are installed, GPU will not be used. Please use WSL2 or the TensorFlow-DirectML plugin.
WARNING:tensorflow:5 out of the last 7 calls to <function TensorFlowTrainer.make_predict_function.<locals>.one_step_on_data_distributed at 0x000001F90CA9BA60> triggered tf.function retracing. Tracing is expensive and the excessive number of tracings could be due to (1) creating @tf.function repeatedly in a loop, (2) passing tensors with different shapes, (3) passing Python objects instead of tensors. For (1), please define your @tf.function outside of the loop. For (2), @tf.function has reduce_retracing=True option that can avoid unnecessary retracing. For (3), please refer to https://www.tensorflow.org/guide/function#controlling_retracing and https://www.tensorflow.org/api_docs/python/tf/function for  more details.
WARNING:tensorflow:6 out of the last 8 calls to <function TensorFlowTrainer.make_predict_function.<locals>.one_step_on_data_distributed at 0x000001F90CA9BA60> triggered tf.function retracing. Tracing is expensive and the excessive number of tracings could be due to (1) creating @tf.function repeatedly in a loop, (2) passing tensors with different shapes, (3) passing Python objects instead of tensors. For (1), please define your @tf.function outside of the loop. For (2), @tf.function has reduce_retracing=True option that can avoid unnecessary retracing. For (3), please refer to https://www.tensorflow.org/guide/function#controlling_retracing and https://www.tensorflow.org/api_docs/python/tf/function for  more details.
clgrid_20_nadam_cl_paper_s2042: 253 s, epochs used 100 100 100 100 100 100 100 100 100 100 100 100 100 100 100 100 100 100 100, loss 836360.4 (homogeneous 842344.8)
clgrid_20-20-15_adam_cl_paper_s2042: 254 s, epochs used 100 100 100 100 100 100 100 100 100 100 100 100 100 100 100 100 100 100 100, loss 835063.2 (homogeneous 842344.8)
clgrid_20-15-10_adagrad_cl_start_s2042: 218 s, epochs used 2 39 158 2 52 1 376 83 2 3 0 1 485 9 0 4 0 0 3, loss 838503.2 (homogeneous 842344.8)
clgrid_20-15-10_adamax_cl_paper_s2042: 260 s, epochs used 100 100 100 100 100 100 100 100 100 100 100 100 100 100 100 100 100 100 100, loss 835690.0 (homogeneous 842344.8)
clgrid_20_rmsprop_cl_start_s2043: 150 s, epochs used 0 36 68 40 29 35 60 21 3 61 0 195 5 0 0 0 0 0 0, loss 839510.4 (homogeneous 842344.8)
clgrid_20_nadam_cl_start_s2043: 136 s, epochs used 0 40 76 21 38 43 36 24 2 50 1 26 135 0 0 0 0 0 0, loss 839791.7 (homogeneous 842344.8)
clgrid_20-20-15_adadelta_cl_paper_s2043: 255 s, epochs used 100 100 100 100 100 100 100 100 100 100 100 100 100 100 100 100 100 100 100, loss 839268.2 (homogeneous 842344.8)
clgrid_20-15-10_sgd_momentum_cl_paper_s2043: 252 s, epochs used 100 100 100 100 100 100 100 100 100 100 100 100 100 100 100 100 100 100 100, loss 836961.4 (homogeneous 842344.8)
==== 2026-10-10 15:07:24 start si_calendar.nncl.cl_grid slot 6
[1] 1200
WARNING: All log messages before absl::InitializeLog() is called are written to STDERR
I0000 00:00:1791637651.304756   12592 port.cc:153] oneDNN custom operations are on. You may see slightly different numerical results due to floating-point round-off errors from different computation orders. To turn them off, set the environment variable `TF_ENABLE_ONEDNN_OPTS=0`.
WARNING: All log messages before absl::InitializeLog() is called are written to STDERR
I0000 00:00:1791637655.272201   12592 port.cc:153] oneDNN custom operations are on. You may see slightly different numerical results due to floating-point round-off errors from different computation orders. To turn them off, set the environment variable `TF_ENABLE_ONEDNN_OPTS=0`.
WARNING:tensorflow:From C:\Users\26196425\Work\MASTER~3\env\Lib\site-packages\keras\src\backend\common\global_state.py:82: The name tf.reset_default_graph is deprecated. Please use tf.compat.v1.reset_default_graph instead.

WARNING:tensorflow:TensorFlow GPU support is not available on native Windows for TensorFlow >= 2.11. Even if CUDA/cuDNN are installed, GPU will not be used. Please use WSL2 or the TensorFlow-DirectML plugin.
WARNING:tensorflow:5 out of the last 7 calls to <function TensorFlowTrainer.make_predict_function.<locals>.one_step_on_data_distributed at 0x000002C1FF62BA60> triggered tf.function retracing. Tracing is expensive and the excessive number of tracings could be due to (1) creating @tf.function repeatedly in a loop, (2) passing tensors with different shapes, (3) passing Python objects instead of tensors. For (1), please define your @tf.function outside of the loop. For (2), @tf.function has reduce_retracing=True option that can avoid unnecessary retracing. For (3), please refer to https://www.tensorflow.org/guide/function#controlling_retracing and https://www.tensorflow.org/api_docs/python/tf/function for  more details.
WARNING:tensorflow:6 out of the last 8 calls to <function TensorFlowTrainer.make_predict_function.<locals>.one_step_on_data_distributed at 0x000002C1FF62BA60> triggered tf.function retracing. Tracing is expensive and the excessive number of tracings could be due to (1) creating @tf.function repeatedly in a loop, (2) passing tensors with different shapes, (3) passing Python objects instead of tensors. For (1), please define your @tf.function outside of the loop. For (2), @tf.function has reduce_retracing=True option that can avoid unnecessary retracing. For (3), please refer to https://www.tensorflow.org/guide/function#controlling_retracing and https://www.tensorflow.org/api_docs/python/tf/function for  more details.
clgrid_20-15-10_adamw_cl_paper_s2043: 254 s, epochs used 100 100 100 100 100 100 100 100 100 100 100 100 100 100 100 100 100 100 100, loss 835598.9 (homogeneous 842344.8)
clgrid_20_adadelta_cl_start_s2044: 154 s, epochs used 0 30 71 30 137 49 78 66 4 199 2 3 71 0 0 0 0 0 0, loss 839445.7 (homogeneous 842344.8)
clgrid_20_adamax_cl_start_s2044: 160 s, epochs used 0 67 103 51 39 56 52 74 0 207 1 7 40 0 0 0 0 0 0, loss 839536.2 (homogeneous 842344.8)
clgrid_20-20-15_adagrad_cl_start_s2044: 240 s, epochs used 0 22 65 4 29 246 378 26 2 136 2 5 500 0 6 4 0 0 0, loss 839755.2 (homogeneous 842344.8)
clgrid_20-20-15_nadam_cl_start_s2044: 137 s, epochs used 1 58 46 14 26 35 77 19 0 50 0 6 25 1 0 0 0 0 0, loss 839332.0 (homogeneous 842344.8)
clgrid_20-15-10_adagrad_cl_paper_s2044: 250 s, epochs used 100 100 100 100 100 100 100 100 100 100 100 100 100 100 100 100 100 100 100, loss 836902.6 (homogeneous 842344.8)
clgrid_20-15-10_adamw_cl_start_s2044: 161 s, epochs used 0 51 0 55 197 57 86 62 4 59 1 28 8 0 0 1 0 0 0, loss 839564.4 (homogeneous 842344.8)
clgrid_20_adagrad_cl_paper_s2045: 243 s, epochs used 100 100 100 100 100 100 100 100 100 100 100 100 100 100 100 100 100 100 100, loss 836922.5 (homogeneous 842344.8)
==== 2026-10-10 15:38:03 start si_calendar.nncl.cl_grid slot 6
[1] 1200
WARNING: All log messages before absl::InitializeLog() is called are written to STDERR
I0000 00:00:1791639490.354295   19404 port.cc:153] oneDNN custom operations are on. You may see slightly different numerical results due to floating-point round-off errors from different computation orders. To turn them off, set the environment variable `TF_ENABLE_ONEDNN_OPTS=0`.
WARNING: All log messages before absl::InitializeLog() is called are written to STDERR
I0000 00:00:1791639494.868200   19404 port.cc:153] oneDNN custom operations are on. You may see slightly different numerical results due to floating-point round-off errors from different computation orders. To turn them off, set the environment variable `TF_ENABLE_ONEDNN_OPTS=0`.
WARNING:tensorflow:From C:\Users\26196425\Work\MASTER~3\env\Lib\site-packages\keras\src\backend\common\global_state.py:82: The name tf.reset_default_graph is deprecated. Please use tf.compat.v1.reset_default_graph instead.

WARNING:tensorflow:TensorFlow GPU support is not available on native Windows for TensorFlow >= 2.11. Even if CUDA/cuDNN are installed, GPU will not be used. Please use WSL2 or the TensorFlow-DirectML plugin.
WARNING:tensorflow:5 out of the last 7 calls to <function TensorFlowTrainer.make_predict_function.<locals>.one_step_on_data_distributed at 0x0000021CADE25580> triggered tf.function retracing. Tracing is expensive and the excessive number of tracings could be due to (1) creating @tf.function repeatedly in a loop, (2) passing tensors with different shapes, (3) passing Python objects instead of tensors. For (1), please define your @tf.function outside of the loop. For (2), @tf.function has reduce_retracing=True option that can avoid unnecessary retracing. For (3), please refer to https://www.tensorflow.org/guide/function#controlling_retracing and https://www.tensorflow.org/api_docs/python/tf/function for  more details.
WARNING:tensorflow:6 out of the last 8 calls to <function TensorFlowTrainer.make_predict_function.<locals>.one_step_on_data_distributed at 0x0000021CADE25580> triggered tf.function retracing. Tracing is expensive and the excessive number of tracings could be due to (1) creating @tf.function repeatedly in a loop, (2) passing tensors with different shapes, (3) passing Python objects instead of tensors. For (1), please define your @tf.function outside of the loop. For (2), @tf.function has reduce_retracing=True option that can avoid unnecessary retracing. For (3), please refer to https://www.tensorflow.org/guide/function#controlling_retracing and https://www.tensorflow.org/api_docs/python/tf/function for  more details.
clgrid_20-20-15_sgd_cl_paper_s2045: 235 s, epochs used 100 100 100 100 100 100 100 100 100 100 100 100 100 100 100 100 100 100 100, loss 839222.5 (homogeneous 842344.8)
clgrid_20-20-15_adam_cl_start_s2045: 135 s, epochs used 1 71 10 43 44 56 63 62 0 48 1 13 59 0 0 0 0 0 0, loss 839712.7 (homogeneous 842344.8)
clgrid_20-15-10_sgd_cl_start_s2045: 280 s, epochs used 0 135 41 41 500 4 500 500 2 24 0 28 10 10 0 0 0 41 0, loss 841364.6 (homogeneous 842344.8)
clgrid_20-15-10_adamw_cl_start_s2045: 128 s, epochs used 0 28 16 47 30 0 83 79 0 6 1 3 37 1 0 0 0 0 0, loss 840423.8 (homogeneous 842344.8)
