==== 2026-10-08 17:27:03 start si_calendar.bccnn.bootstrap.rolling_origin_partition.analysis slot 4
                        refits     seconds per refit (median) 
                       1000.00                          11.37 
           hours of all refits seconds per Keras fit (median) 
                          3.23                          10.64 
       hours of all Keras fits 
                          2.96 
               method    phi  reserve boot_mean process_sd estimation_sd
1  ccODP, phi pearson 20.396 222254.2  222253.4   2129.107      5396.713
2 ccODP, phi deviance 19.848 222254.2  222313.6   2100.331      5311.140
3 bCCNN, phi deviance 19.775 225576.5  225821.1   2112.080      6911.514
     rmsep   mc_se    cv     true      bias
1 5801.517 112.849 0.026 224063.2 -1809.018
2 5711.357 108.434 0.026 224063.2 -1809.018
3 7227.026 150.360 0.032 224063.2  1513.318
  model phi_estimate      phi  reserve process_sd    rmsep
1 ccODP      pearson 20.39600 222254.2   2129.107 5801.517
2 ccODP     deviance 19.84841 222254.2   2100.331 5711.357
3 bCCNN      pearson 20.32106 225576.5   2141.017       NA
4 bCCNN     deviance 19.77548 225576.5   2112.080 7227.026
