==== 2026-10-08 16:47:05 start si_calendar.bccnn.search slot 9
WARNING: All log messages before absl::InitializeLog() is called are written to STDERR
I0000 00:00:1791470832.626511   17756 port.cc:153] oneDNN custom operations are on. You may see slightly different numerical results due to floating-point round-off errors from different computation orders. To turn them off, set the environment variable `TF_ENABLE_ONEDNN_OPTS=0`.
WARNING: All log messages before absl::InitializeLog() is called are written to STDERR
I0000 00:00:1791470837.598805   17756 port.cc:153] oneDNN custom operations are on. You may see slightly different numerical results due to floating-point round-off errors from different computation orders. To turn them off, set the environment variable `TF_ENABLE_ONEDNN_OPTS=0`.
WARNING:tensorflow:From C:\Users\26196425\Work\MASTER~3\env\Lib\site-packages\keras\src\backend\common\global_state.py:82: The name tf.reset_default_graph is deprecated. Please use tf.compat.v1.reset_default_graph instead.

WARNING:tensorflow:TensorFlow GPU support is not available on native Windows for TensorFlow >= 2.11. Even if CUDA/cuDNN are installed, GPU will not be used. Please use WSL2 or the TensorFlow-DirectML plugin.
16:55 dropout=0.1, hidden=20-15-10, activation=tanh, learning_rate=0.001: score 51.0094 (baseline 51.0434), 511 s
17:04 dropout=0, hidden=20-15-10, activation=tanh, learning_rate=0.001: score 51.5225 (baseline 51.0434), 502 s
17:11 dropout=0.2, hidden=20-15-10, activation=tanh, learning_rate=0.001: score 50.8452 (baseline 51.0434), 441 s
17:19 dropout=0.2, hidden=20, activation=tanh, learning_rate=0.001: score 51.0819 (baseline 51.0434), 513 s
17:27 dropout=0.2, hidden=20-15, activation=tanh, learning_rate=0.001: score 51.7865 (baseline 51.0434), 431 s
17:35 dropout=0.2, hidden=40-30-20, activation=tanh, learning_rate=0.001: score 51.1974 (baseline 51.0434), 528 s
17:43 dropout=0.2, hidden=20-20-20-20, activation=tanh, learning_rate=0.001: score 50.9164 (baseline 51.0434), 464 s
17:51 dropout=0.2, hidden=20-15-10, activation=sigmoid, learning_rate=0.001: score 51.2156 (baseline 51.0434), 484 s
18:00 dropout=0.2, hidden=20-15-10, activation=relu, learning_rate=0.001: score 51.2313 (baseline 51.0434), 538 s
18:09 dropout=0.2, hidden=20-15-10, activation=tanh, learning_rate=5e-04: score 51.0247 (baseline 51.0434), 512 s
18:16 dropout=0.2, hidden=20-15-10, activation=tanh, learning_rate=0.002: score 50.6751 (baseline 51.0434), 421 s
   dropout      hidden activation learning_rate
1      0.2    20-15-10       tanh         0.002
2      0.2    20-15-10       tanh         0.001
3      0.2 20-20-20-20       tanh         0.001
4      0.1    20-15-10       tanh         0.001
5      0.2    20-15-10       tanh         5e-04
6      0.2          20       tanh         0.001
7      0.2    40-30-20       tanh         0.001
8      0.2    20-15-10    sigmoid         0.001
9      0.2    20-15-10       relu         0.001
10       0    20-15-10       tanh         0.001
11     0.2       20-15       tanh         0.001
                                                                   label
1     dropout=0.2, hidden=20-15-10, activation=tanh, learning_rate=0.002
2     dropout=0.2, hidden=20-15-10, activation=tanh, learning_rate=0.001
3  dropout=0.2, hidden=20-20-20-20, activation=tanh, learning_rate=0.001
4     dropout=0.1, hidden=20-15-10, activation=tanh, learning_rate=0.001
5     dropout=0.2, hidden=20-15-10, activation=tanh, learning_rate=5e-04
6           dropout=0.2, hidden=20, activation=tanh, learning_rate=0.001
7     dropout=0.2, hidden=40-30-20, activation=tanh, learning_rate=0.001
8  dropout=0.2, hidden=20-15-10, activation=sigmoid, learning_rate=0.001
9     dropout=0.2, hidden=20-15-10, activation=relu, learning_rate=0.001
10      dropout=0, hidden=20-15-10, activation=tanh, learning_rate=0.001
11       dropout=0.2, hidden=20-15, activation=tanh, learning_rate=0.001
      score   score_sd n_seeds score_baseline ratio_to_baseline mean_steps_15
1  50.67511 0.70776011       3       51.04343         0.9927840      125.6667
2  50.84515 0.06206940       3       51.04343         0.9961154      200.3333
3  50.91645 0.06843016       3       51.04343         0.9975122       10.0000
4  51.00937 0.36036716       3       51.04343         0.9993326       84.0000
5  51.02472 0.05871728       3       51.04343         0.9996335      485.6667
6  51.08189 0.11731095       3       51.04343         1.0007535      350.3333
7  51.19736 0.17278653       3       51.04343         1.0030156      163.0000
8  51.21564 0.18655146       3       51.04343         1.0033738      100.3333
9  51.23128 0.12677171       3       51.04343         1.0036801       13.0000
10 51.52255 0.42662523       3       51.04343         1.0093864        1.0000
11 51.78645 1.06081541       3       51.04343         1.0145566      264.3333
   mean_steps_18
1       191.0000
2       266.3333
3       442.0000
4       696.3333
5       251.6667
6       507.0000
7       662.3333
8       527.6667
9       840.0000
10      813.6667
11      117.0000
  step         tuned
1    0         start
2    1       dropout
3    2        hidden
4    3    activation
5    4 learning_rate
                                                               label    score
1 dropout=0.1, hidden=20-15-10, activation=tanh, learning_rate=0.001 51.00937
2 dropout=0.2, hidden=20-15-10, activation=tanh, learning_rate=0.001 50.84515
3 dropout=0.2, hidden=20-15-10, activation=tanh, learning_rate=0.001 50.84515
4 dropout=0.2, hidden=20-15-10, activation=tanh, learning_rate=0.001 50.84515
5 dropout=0.2, hidden=20-15-10, activation=tanh, learning_rate=0.002 50.67511
              hyperparameter      value
dropout              dropout        0.2
hidden                hidden 20, 15, 10
activation        activation       tanh
learning_rate  learning_rate      0.002
                model steps test_error reserves out_of_sample_loss  seconds
config.yml config.yml   165   50.62624 222609.4           32698.03 238.9172
chosen         chosen   477   50.60712 223475.5           32700.09 218.7553
           true_reserves CL_reserves CL_out_of_sample_loss   units
config.yml      224063.2    222254.2              32711.93 1000000
chosen          224063.2    222254.2              32711.93 1000000
