==== 2026-10-09 19:15:46 start si_calendar.nncl.grid slot 4
[1] 1200
WARNING: All log messages before absl::InitializeLog() is called are written to STDERR
I0000 00:00:1791566153.239094   14484 port.cc:153] oneDNN custom operations are on. You may see slightly different numerical results due to floating-point round-off errors from different computation orders. To turn them off, set the environment variable `TF_ENABLE_ONEDNN_OPTS=0`.
WARNING: All log messages before absl::InitializeLog() is called are written to STDERR
I0000 00:00:1791566157.222524   14484 port.cc:153] oneDNN custom operations are on. You may see slightly different numerical results due to floating-point round-off errors from different computation orders. To turn them off, set the environment variable `TF_ENABLE_ONEDNN_OPTS=0`.
WARNING:tensorflow:From C:\Users\26196425\Work\MASTER~3\env\Lib\site-packages\keras\src\backend\common\global_state.py:82: The name tf.reset_default_graph is deprecated. Please use tf.compat.v1.reset_default_graph instead.

WARNING:tensorflow:TensorFlow GPU support is not available on native Windows for TensorFlow >= 2.11. Even if CUDA/cuDNN are installed, GPU will not be used. Please use WSL2 or the TensorFlow-DirectML plugin.
WARNING:tensorflow:5 out of the last 7 calls to <function TensorFlowTrainer.make_predict_function.<locals>.one_step_on_data_distributed at 0x000001969586FEC0> triggered tf.function retracing. Tracing is expensive and the excessive number of tracings could be due to (1) creating @tf.function repeatedly in a loop, (2) passing tensors with different shapes, (3) passing Python objects instead of tensors. For (1), please define your @tf.function outside of the loop. For (2), @tf.function has reduce_retracing=True option that can avoid unnecessary retracing. For (3), please refer to https://www.tensorflow.org/guide/function#controlling_retracing and https://www.tensorflow.org/api_docs/python/tf/function for  more details.
WARNING:tensorflow:6 out of the last 8 calls to <function TensorFlowTrainer.make_predict_function.<locals>.one_step_on_data_distributed at 0x000001969586FEC0> triggered tf.function retracing. Tracing is expensive and the excessive number of tracings could be due to (1) creating @tf.function repeatedly in a loop, (2) passing tensors with different shapes, (3) passing Python objects instead of tensors. For (1), please define your @tf.function outside of the loop. For (2), @tf.function has reduce_retracing=True option that can avoid unnecessary retracing. For (3), please refer to https://www.tensorflow.org/guide/function#controlling_retracing and https://www.tensorflow.org/api_docs/python/tf/function for  more details.
grid_20_rmsprop_early_stop_s2026: 721 s, epochs used 136 171 72 66 48 50 499 471 293 64 500 500 266 499 499 497 35 499 500, loss 838179.3 (homogeneous 842344.8)
grid_20-20-15_adadelta_paper_s2026: 256 s, epochs used 100 100 100 100 100 100 100 100 100 100 100 100 100 100 100 100 100 100 100, loss 835947.9 (homogeneous 842344.8)
grid_20-20-15_adamw_early_stop_s2026: 814 s, epochs used 43 114 170 197 94 154 500 415 500 192 500 500 500 500 500 500 56 500 182, loss 851640.2 (homogeneous 842344.8)
grid_20-15-10_adamax_paper_s2026: 259 s, epochs used 100 100 100 100 100 100 100 100 100 100 100 100 100 100 100 100 100 100 100, loss 844946.4 (homogeneous 842344.8)
grid_20_sgd_momentum_paper_s2027: 242 s, epochs used 100 100 100 100 100 100 100 100 100 100 100 100 100 100 100 100 100 100 100, loss 836138.5 (homogeneous 842344.8)
grid_20_adadelta_early_stop_s2027: 463 s, epochs used 186 92 106 169 151 173 181 190 204 210 194 185 187 186 189 202 74 198 209, loss 837242.9 (homogeneous 842344.8)
grid_20-20-15_sgd_momentum_paper_s2027: 250 s, epochs used 100 100 100 100 100 100 100 100 100 100 100 100 100 100 100 100 100 100 100, loss 1530709.1 (homogeneous 842344.8)
grid_20-20-15_adadelta_early_stop_s2027: 288 s, epochs used 32 108 85 79 36 99 100 112 113 89 113 109 110 108 104 92 31 110 121, loss 842640.9 (homogeneous 842344.8)
==== 2026-10-09 20:14:40 start si_calendar.nncl.grid slot 4
[1] 1200
WARNING: All log messages before absl::InitializeLog() is called are written to STDERR
I0000 00:00:1791569687.429824    6800 port.cc:153] oneDNN custom operations are on. You may see slightly different numerical results due to floating-point round-off errors from different computation orders. To turn them off, set the environment variable `TF_ENABLE_ONEDNN_OPTS=0`.
WARNING: All log messages before absl::InitializeLog() is called are written to STDERR
I0000 00:00:1791569691.295365    6800 port.cc:153] oneDNN custom operations are on. You may see slightly different numerical results due to floating-point round-off errors from different computation orders. To turn them off, set the environment variable `TF_ENABLE_ONEDNN_OPTS=0`.
WARNING:tensorflow:From C:\Users\26196425\Work\MASTER~3\env\Lib\site-packages\keras\src\backend\common\global_state.py:82: The name tf.reset_default_graph is deprecated. Please use tf.compat.v1.reset_default_graph instead.

WARNING:tensorflow:TensorFlow GPU support is not available on native Windows for TensorFlow >= 2.11. Even if CUDA/cuDNN are installed, GPU will not be used. Please use WSL2 or the TensorFlow-DirectML plugin.
WARNING:tensorflow:5 out of the last 7 calls to <function TensorFlowTrainer.make_predict_function.<locals>.one_step_on_data_distributed at 0x0000028DF13E3880> triggered tf.function retracing. Tracing is expensive and the excessive number of tracings could be due to (1) creating @tf.function repeatedly in a loop, (2) passing tensors with different shapes, (3) passing Python objects instead of tensors. For (1), please define your @tf.function outside of the loop. For (2), @tf.function has reduce_retracing=True option that can avoid unnecessary retracing. For (3), please refer to https://www.tensorflow.org/guide/function#controlling_retracing and https://www.tensorflow.org/api_docs/python/tf/function for  more details.
WARNING:tensorflow:6 out of the last 8 calls to <function TensorFlowTrainer.make_predict_function.<locals>.one_step_on_data_distributed at 0x0000028DF13E3880> triggered tf.function retracing. Tracing is expensive and the excessive number of tracings could be due to (1) creating @tf.function repeatedly in a loop, (2) passing tensors with different shapes, (3) passing Python objects instead of tensors. For (1), please define your @tf.function outside of the loop. For (2), @tf.function has reduce_retracing=True option that can avoid unnecessary retracing. For (3), please refer to https://www.tensorflow.org/guide/function#controlling_retracing and https://www.tensorflow.org/api_docs/python/tf/function for  more details.
grid_20-20-15_nadam_paper_s2027: 264 s, epochs used 100 100 100 100 100 100 100 100 100 100 100 100 100 100 100 100 100 100 100, loss 838753.3 (homogeneous 842344.8)
grid_20-15-10_sgd_nesterov_paper_s2027: 245 s, epochs used 100 100 100 100 100 100 100 100 100 100 100 100 100 100 100 100 100 100 100, loss 1530696.2 (homogeneous 842344.8)
grid_20-15-10_rmsprop_paper_s2027: 249 s, epochs used 100 100 100 100 100 100 100 100 100 100 100 100 100 100 100 100 100 100 100, loss 837986.0 (homogeneous 842344.8)
grid_20-15-10_adamax_paper_s2027: 257 s, epochs used 100 100 100 100 100 100 100 100 100 100 100 100 100 100 100 100 100 100 100, loss 888490.2 (homogeneous 842344.8)
grid_20_sgd_momentum_early_stop_s2028: 375 s, epochs used 29 32 59 41 57 56 224 64 51 6 500 267 500 57 85 86 28 500 5, loss 839576.9 (homogeneous 842344.8)
grid_20_adam_paper_s2028: 254 s, epochs used 100 100 100 100 100 100 100 100 100 100 100 100 100 100 100 100 100 100 100, loss 855393.6 (homogeneous 842344.8)
grid_20_adamax_paper_s2028: 251 s, epochs used 100 100 100 100 100 100 100 100 100 100 100 100 100 100 100 100 100 100 100, loss 861787.3 (homogeneous 842344.8)
grid_20-20-15_sgd_nesterov_paper_s2028: 250 s, epochs used 100 100 100 100 100 100 100 100 100 100 100 100 100 100 100 100 100 100 100, loss NaN (homogeneous 842344.8)
==== 2026-10-09 20:54:29 start si_calendar.nncl.grid slot 4
[1] 1200
WARNING: All log messages before absl::InitializeLog() is called are written to STDERR
I0000 00:00:1791572088.550864    8700 port.cc:153] oneDNN custom operations are on. You may see slightly different numerical results due to floating-point round-off errors from different computation orders. To turn them off, set the environment variable `TF_ENABLE_ONEDNN_OPTS=0`.
WARNING: All log messages before absl::InitializeLog() is called are written to STDERR
I0000 00:00:1791572122.591793    8700 port.cc:153] oneDNN custom operations are on. You may see slightly different numerical results due to floating-point round-off errors from different computation orders. To turn them off, set the environment variable `TF_ENABLE_ONEDNN_OPTS=0`.
WARNING:tensorflow:From C:\Users\26196425\Work\MASTER~3\env\Lib\site-packages\keras\src\backend\common\global_state.py:82: The name tf.reset_default_graph is deprecated. Please use tf.compat.v1.reset_default_graph instead.

WARNING:tensorflow:TensorFlow GPU support is not available on native Windows for TensorFlow >= 2.11. Even if CUDA/cuDNN are installed, GPU will not be used. Please use WSL2 or the TensorFlow-DirectML plugin.
WARNING:tensorflow:5 out of the last 7 calls to <function TensorFlowTrainer.make_predict_function.<locals>.one_step_on_data_distributed at 0x00000215E52DC900> triggered tf.function retracing. Tracing is expensive and the excessive number of tracings could be due to (1) creating @tf.function repeatedly in a loop, (2) passing tensors with different shapes, (3) passing Python objects instead of tensors. For (1), please define your @tf.function outside of the loop. For (2), @tf.function has reduce_retracing=True option that can avoid unnecessary retracing. For (3), please refer to https://www.tensorflow.org/guide/function#controlling_retracing and https://www.tensorflow.org/api_docs/python/tf/function for  more details.
WARNING:tensorflow:6 out of the last 8 calls to <function TensorFlowTrainer.make_predict_function.<locals>.one_step_on_data_distributed at 0x00000215E52DC900> triggered tf.function retracing. Tracing is expensive and the excessive number of tracings could be due to (1) creating @tf.function repeatedly in a loop, (2) passing tensors with different shapes, (3) passing Python objects instead of tensors. For (1), please define your @tf.function outside of the loop. For (2), @tf.function has reduce_retracing=True option that can avoid unnecessary retracing. For (3), please refer to https://www.tensorflow.org/guide/function#controlling_retracing and https://www.tensorflow.org/api_docs/python/tf/function for  more details.
grid_20-20-15_rmsprop_early_stop_s2028: 349 s, epochs used 58 213 80 111 70 72 87 74 336 88 89 89 88 87 85 90 37 119 486, loss 839667.9 (homogeneous 842344.8)
grid_20-15-10_sgd_momentum_paper_s2028: 248 s, epochs used 100 100 100 100 100 100 100 100 100 100 100 100 100 100 100 100 100 100 100, loss NaN (homogeneous 842344.8)
grid_20-15-10_adadelta_early_stop_s2028: 308 s, epochs used 51 118 65 35 80 70 58 39 210 12 82 208 236 83 22 57 26 208 275, loss 843064.1 (homogeneous 842344.8)
grid_20-15-10_adamax_paper_s2028: 255 s, epochs used 100 100 100 100 100 100 100 100 100 100 100 100 100 100 100 100 100 100 100, loss 844177.8 (homogeneous 842344.8)
grid_20_sgd_momentum_early_stop_s2029: 226 s, epochs used 27 44 39 59 500 57 41 81 71 57 77 65 81 68 15 19 9 28 48, loss 841041.6 (homogeneous 842344.8)
grid_20_rmsprop_early_stop_s2029: 734 s, epochs used 121 361 158 99 499 87 499 379 88 142 499 217 499 490 161 357 56 500 494, loss 840201.5 (homogeneous 842344.8)
grid_20-20-15_adadelta_early_stop_s2029: 325 s, epochs used 69 63 94 107 116 122 126 128 129 28 128 127 128 133 133 123 53 134 134, loss 841417.3 (homogeneous 842344.8)
grid_20-20-15_adamax_early_stop_s2029: 981 s, epochs used 186 69 500 500 500 500 500 500 500 34 500 500 500 500 500 500 120 500 153, loss 842083.8 (homogeneous 842344.8)
==== 2026-10-09 21:56:22 start si_calendar.nncl.grid slot 4
[1] 1200
WARNING: All log messages before absl::InitializeLog() is called are written to STDERR
I0000 00:00:1791575789.429191   12980 port.cc:153] oneDNN custom operations are on. You may see slightly different numerical results due to floating-point round-off errors from different computation orders. To turn them off, set the environment variable `TF_ENABLE_ONEDNN_OPTS=0`.
WARNING: All log messages before absl::InitializeLog() is called are written to STDERR
I0000 00:00:1791575793.609382   12980 port.cc:153] oneDNN custom operations are on. You may see slightly different numerical results due to floating-point round-off errors from different computation orders. To turn them off, set the environment variable `TF_ENABLE_ONEDNN_OPTS=0`.
WARNING:tensorflow:From C:\Users\26196425\Work\MASTER~3\env\Lib\site-packages\keras\src\backend\common\global_state.py:82: The name tf.reset_default_graph is deprecated. Please use tf.compat.v1.reset_default_graph instead.

WARNING:tensorflow:TensorFlow GPU support is not available on native Windows for TensorFlow >= 2.11. Even if CUDA/cuDNN are installed, GPU will not be used. Please use WSL2 or the TensorFlow-DirectML plugin.
WARNING:tensorflow:5 out of the last 7 calls to <function TensorFlowTrainer.make_predict_function.<locals>.one_step_on_data_distributed at 0x0000017574A3FEC0> triggered tf.function retracing. Tracing is expensive and the excessive number of tracings could be due to (1) creating @tf.function repeatedly in a loop, (2) passing tensors with different shapes, (3) passing Python objects instead of tensors. For (1), please define your @tf.function outside of the loop. For (2), @tf.function has reduce_retracing=True option that can avoid unnecessary retracing. For (3), please refer to https://www.tensorflow.org/guide/function#controlling_retracing and https://www.tensorflow.org/api_docs/python/tf/function for  more details.
WARNING:tensorflow:6 out of the last 8 calls to <function TensorFlowTrainer.make_predict_function.<locals>.one_step_on_data_distributed at 0x0000017574A3FEC0> triggered tf.function retracing. Tracing is expensive and the excessive number of tracings could be due to (1) creating @tf.function repeatedly in a loop, (2) passing tensors with different shapes, (3) passing Python objects instead of tensors. For (1), please define your @tf.function outside of the loop. For (2), @tf.function has reduce_retracing=True option that can avoid unnecessary retracing. For (3), please refer to https://www.tensorflow.org/guide/function#controlling_retracing and https://www.tensorflow.org/api_docs/python/tf/function for  more details.
grid_20_sgd_momentum_early_stop_s2030: 334 s, epochs used 2 40 79 46 59 84 500 67 80 33 66 78 59 500 500 77 23 46 46, loss 922161.3 (homogeneous 842344.8)
grid_20_adam_early_stop_s2030: 986 s, epochs used 274 500 500 209 500 242 500 500 500 500 500 500 500 500 500 500 198 500 1, loss 839657.5 (homogeneous 842344.8)
grid_20-20-15_adamw_paper_s2030: 257 s, epochs used 100 100 100 100 100 100 100 100 100 100 100 100 100 100 100 100 100 100 100, loss 839556.0 (homogeneous 842344.8)
grid_20-15-10_sgd_momentum_paper_s2030: 245 s, epochs used 100 100 100 100 100 100 100 100 100 100 100 100 100 100 100 100 100 100 100, loss 836596.7 (homogeneous 842344.8)
grid_20-15-10_adadelta_early_stop_s2030: 269 s, epochs used 70 146 132 63 104 100 91 90 90 112 85 85 81 74 86 79 27 85 1, loss 838283.0 (homogeneous 842344.8)
grid_20-15-10_adamax_paper_s2030: 268 s, epochs used 100 100 100 100 100 100 100 100 100 100 100 100 100 100 100 100 100 100 100, loss 844011.1 (homogeneous 842344.8)
grid_20_sgd_momentum_early_stop_s2031: 188 s, epochs used 32 54 58 46 42 70 73 47 58 28 60 61 75 84 84 84 30 45 46, loss 837051.9 (homogeneous 842344.8)
grid_20_rmsprop_early_stop_s2031: 468 s, epochs used 104 119 105 92 78 104 107 124 475 390 109 111 95 111 500 106 68 500 65, loss 841185.6 (homogeneous 842344.8)
==== 2026-10-09 22:50:24 start si_calendar.nncl.grid slot 4
[1] 1200
WARNING: All log messages before absl::InitializeLog() is called are written to STDERR
I0000 00:00:1791579031.793357    1564 port.cc:153] oneDNN custom operations are on. You may see slightly different numerical results due to floating-point round-off errors from different computation orders. To turn them off, set the environment variable `TF_ENABLE_ONEDNN_OPTS=0`.
WARNING: All log messages before absl::InitializeLog() is called are written to STDERR
I0000 00:00:1791579035.914887    1564 port.cc:153] oneDNN custom operations are on. You may see slightly different numerical results due to floating-point round-off errors from different computation orders. To turn them off, set the environment variable `TF_ENABLE_ONEDNN_OPTS=0`.
WARNING:tensorflow:From C:\Users\26196425\Work\MASTER~3\env\Lib\site-packages\keras\src\backend\common\global_state.py:82: The name tf.reset_default_graph is deprecated. Please use tf.compat.v1.reset_default_graph instead.

WARNING:tensorflow:TensorFlow GPU support is not available on native Windows for TensorFlow >= 2.11. Even if CUDA/cuDNN are installed, GPU will not be used. Please use WSL2 or the TensorFlow-DirectML plugin.
WARNING:tensorflow:5 out of the last 7 calls to <function TensorFlowTrainer.make_predict_function.<locals>.one_step_on_data_distributed at 0x0000011F0B09C4A0> triggered tf.function retracing. Tracing is expensive and the excessive number of tracings could be due to (1) creating @tf.function repeatedly in a loop, (2) passing tensors with different shapes, (3) passing Python objects instead of tensors. For (1), please define your @tf.function outside of the loop. For (2), @tf.function has reduce_retracing=True option that can avoid unnecessary retracing. For (3), please refer to https://www.tensorflow.org/guide/function#controlling_retracing and https://www.tensorflow.org/api_docs/python/tf/function for  more details.
WARNING:tensorflow:6 out of the last 8 calls to <function TensorFlowTrainer.make_predict_function.<locals>.one_step_on_data_distributed at 0x0000011F0B09C4A0> triggered tf.function retracing. Tracing is expensive and the excessive number of tracings could be due to (1) creating @tf.function repeatedly in a loop, (2) passing tensors with different shapes, (3) passing Python objects instead of tensors. For (1), please define your @tf.function outside of the loop. For (2), @tf.function has reduce_retracing=True option that can avoid unnecessary retracing. For (3), please refer to https://www.tensorflow.org/guide/function#controlling_retracing and https://www.tensorflow.org/api_docs/python/tf/function for  more details.
grid_20-20-15_sgd_nesterov_paper_s2031: 245 s, epochs used 100 100 100 100 100 100 100 100 100 100 100 100 100 100 100 100 100 100 100, loss 1530141.5 (homogeneous 842344.8)
grid_20-20-15_rmsprop_early_stop_s2031: 705 s, epochs used 55 48 104 102 26 441 497 306 161 142 499 446 491 489 219 473 25 493 223, loss 840436.7 (homogeneous 842344.8)
grid_20-15-10_adagrad_paper_s2031: 247 s, epochs used 100 100 100 100 100 100 100 100 100 100 100 100 100 100 100 100 100 100 100, loss 834000.0 (homogeneous 842344.8)
grid_20-15-10_adamw_paper_s2031: 264 s, epochs used 100 100 100 100 100 100 100 100 100 100 100 100 100 100 100 100 100 100 100, loss 841127.2 (homogeneous 842344.8)
grid_20_sgd_momentum_early_stop_s2032: 178 s, epochs used 38 32 63 46 36 58 94 42 59 21 66 43 71 52 54 72 8 65 47, loss 839349.7 (homogeneous 842344.8)
grid_20_adadelta_paper_s2032: 250 s, epochs used 100 100 100 100 100 100 100 100 100 100 100 100 100 100 100 100 100 100 100, loss 852500.6 (homogeneous 842344.8)
grid_20_adamax_paper_s2032: 253 s, epochs used 100 100 100 100 100 100 100 100 100 100 100 100 100 100 100 100 100 100 100, loss 872754.3 (homogeneous 842344.8)
grid_20-20-15_sgd_momentum_paper_s2032: 253 s, epochs used 100 100 100 100 100 100 100 100 100 100 100 100 100 100 100 100 100 100 100, loss 836339.0 (homogeneous 842344.8)
==== 2026-10-09 23:34:04 start si_calendar.nncl.grid slot 4
[1] 1200
WARNING: All log messages before absl::InitializeLog() is called are written to STDERR
I0000 00:00:1791581652.248336   18744 port.cc:153] oneDNN custom operations are on. You may see slightly different numerical results due to floating-point round-off errors from different computation orders. To turn them off, set the environment variable `TF_ENABLE_ONEDNN_OPTS=0`.
WARNING: All log messages before absl::InitializeLog() is called are written to STDERR
I0000 00:00:1791581656.404978   18744 port.cc:153] oneDNN custom operations are on. You may see slightly different numerical results due to floating-point round-off errors from different computation orders. To turn them off, set the environment variable `TF_ENABLE_ONEDNN_OPTS=0`.
WARNING:tensorflow:From C:\Users\26196425\Work\MASTER~3\env\Lib\site-packages\keras\src\backend\common\global_state.py:82: The name tf.reset_default_graph is deprecated. Please use tf.compat.v1.reset_default_graph instead.

WARNING:tensorflow:TensorFlow GPU support is not available on native Windows for TensorFlow >= 2.11. Even if CUDA/cuDNN are installed, GPU will not be used. Please use WSL2 or the TensorFlow-DirectML plugin.
WARNING:tensorflow:5 out of the last 7 calls to <function TensorFlowTrainer.make_predict_function.<locals>.one_step_on_data_distributed at 0x00000229B59F14E0> triggered tf.function retracing. Tracing is expensive and the excessive number of tracings could be due to (1) creating @tf.function repeatedly in a loop, (2) passing tensors with different shapes, (3) passing Python objects instead of tensors. For (1), please define your @tf.function outside of the loop. For (2), @tf.function has reduce_retracing=True option that can avoid unnecessary retracing. For (3), please refer to https://www.tensorflow.org/guide/function#controlling_retracing and https://www.tensorflow.org/api_docs/python/tf/function for  more details.
WARNING:tensorflow:6 out of the last 8 calls to <function TensorFlowTrainer.make_predict_function.<locals>.one_step_on_data_distributed at 0x00000229B59F14E0> triggered tf.function retracing. Tracing is expensive and the excessive number of tracings could be due to (1) creating @tf.function repeatedly in a loop, (2) passing tensors with different shapes, (3) passing Python objects instead of tensors. For (1), please define your @tf.function outside of the loop. For (2), @tf.function has reduce_retracing=True option that can avoid unnecessary retracing. For (3), please refer to https://www.tensorflow.org/guide/function#controlling_retracing and https://www.tensorflow.org/api_docs/python/tf/function for  more details.
grid_20-20-15_adadelta_paper_s2032: 265 s, epochs used 100 100 100 100 100 100 100 100 100 100 100 100 100 100 100 100 100 100 100, loss 837522.2 (homogeneous 842344.8)
grid_20-20-15_adamw_paper_s2032: 275 s, epochs used 100 100 100 100 100 100 100 100 100 100 100 100 100 100 100 100 100 100 100, loss 841896.8 (homogeneous 842344.8)
grid_20-15-10_sgd_momentum_early_stop_s2032: 175 s, epochs used 20 18 23 36 32 57 74 70 45 17 48 55 63 73 70 72 8 83 39, loss 839545.1 (homogeneous 842344.8)
grid_20-15-10_adadelta_early_stop_s2032: 353 s, epochs used 37 96 47 110 34 60 136 137 143 202 139 135 138 137 138 143 18 141 302, loss 847974.9 (homogeneous 842344.8)
grid_20_sgd_early_stop_s2033: 899 s, epochs used 17 118 465 229 96 89 500 500 500 67 500 500 500 500 500 500 500 500 500, loss 838816.2 (homogeneous 842344.8)
grid_20-20-15_sgd_nesterov_paper_s2033: 253 s, epochs used 100 100 100 100 100 100 100 100 100 100 100 100 100 100 100 100 100 100 100, loss 1530275.4 (homogeneous 842344.8)
grid_20-20-15_rmsprop_early_stop_s2033: 265 s, epochs used 71 160 61 56 77 74 147 81 111 72 113 62 65 133 99 109 30 67 30, loss 836998.3 (homogeneous 842344.8)
grid_20-20-15_nadam_early_stop_s2033: 633 s, epochs used 110 213 71 66 63 119 500 214 342 117 500 82 106 497 311 500 44 500 161, loss 837337.0 (homogeneous 842344.8)
==== 2026-10-10 00:30:12 start si_calendar.nncl.grid slot 4
[1] 1200
WARNING: All log messages before absl::InitializeLog() is called are written to STDERR
I0000 00:00:1791585032.228421   17016 port.cc:153] oneDNN custom operations are on. You may see slightly different numerical results due to floating-point round-off errors from different computation orders. To turn them off, set the environment variable `TF_ENABLE_ONEDNN_OPTS=0`.
WARNING: All log messages before absl::InitializeLog() is called are written to STDERR
I0000 00:00:1791585067.001407   17016 port.cc:153] oneDNN custom operations are on. You may see slightly different numerical results due to floating-point round-off errors from different computation orders. To turn them off, set the environment variable `TF_ENABLE_ONEDNN_OPTS=0`.
WARNING:tensorflow:From C:\Users\26196425\Work\MASTER~3\env\Lib\site-packages\keras\src\backend\common\global_state.py:82: The name tf.reset_default_graph is deprecated. Please use tf.compat.v1.reset_default_graph instead.

WARNING:tensorflow:TensorFlow GPU support is not available on native Windows for TensorFlow >= 2.11. Even if CUDA/cuDNN are installed, GPU will not be used. Please use WSL2 or the TensorFlow-DirectML plugin.
WARNING:tensorflow:5 out of the last 7 calls to <function TensorFlowTrainer.make_predict_function.<locals>.one_step_on_data_distributed at 0x0000024517DB7880> triggered tf.function retracing. Tracing is expensive and the excessive number of tracings could be due to (1) creating @tf.function repeatedly in a loop, (2) passing tensors with different shapes, (3) passing Python objects instead of tensors. For (1), please define your @tf.function outside of the loop. For (2), @tf.function has reduce_retracing=True option that can avoid unnecessary retracing. For (3), please refer to https://www.tensorflow.org/guide/function#controlling_retracing and https://www.tensorflow.org/api_docs/python/tf/function for  more details.
WARNING:tensorflow:6 out of the last 8 calls to <function TensorFlowTrainer.make_predict_function.<locals>.one_step_on_data_distributed at 0x0000024517DB7880> triggered tf.function retracing. Tracing is expensive and the excessive number of tracings could be due to (1) creating @tf.function repeatedly in a loop, (2) passing tensors with different shapes, (3) passing Python objects instead of tensors. For (1), please define your @tf.function outside of the loop. For (2), @tf.function has reduce_retracing=True option that can avoid unnecessary retracing. For (3), please refer to https://www.tensorflow.org/guide/function#controlling_retracing and https://www.tensorflow.org/api_docs/python/tf/function for  more details.
grid_20-15-10_adamax_paper_s2033: 255 s, epochs used 100 100 100 100 100 100 100 100 100 100 100 100 100 100 100 100 100 100 100, loss 845143.1 (homogeneous 842344.8)
grid_20_sgd_nesterov_paper_s2034: 241 s, epochs used 100 100 100 100 100 100 100 100 100 100 100 100 100 100 100 100 100 100 100, loss 836949.1 (homogeneous 842344.8)
grid_20_adam_paper_s2034: 248 s, epochs used 100 100 100 100 100 100 100 100 100 100 100 100 100 100 100 100 100 100 100, loss 884918.3 (homogeneous 842344.8)
grid_20_nadam_early_stop_s2034: 1056 s, epochs used 251 500 500 500 500 500 500 500 500 124 500 500 500 500 500 500 500 500 24, loss 842791.6 (homogeneous 842344.8)
grid_20-15-10_sgd_nesterov_paper_s2034: 248 s, epochs used 100 100 100 100 100 100 100 100 100 100 100 100 100 100 100 100 100 100 100, loss NaN (homogeneous 842344.8)
grid_20-15-10_adam_paper_s2034: 257 s, epochs used 100 100 100 100 100 100 100 100 100 100 100 100 100 100 100 100 100 100 100, loss 841122.0 (homogeneous 842344.8)
grid_20-15-10_adamax_early_stop_s2034: 1054 s, epochs used 143 500 500 500 500 500 500 500 500 98 500 500 500 500 500 500 125 500 500, loss 840521.4 (homogeneous 842344.8)
grid_20-20-15_sgd_momentum_paper_s2035: 255 s, epochs used 100 100 100 100 100 100 100 100 100 100 100 100 100 100 100 100 100 100 100, loss NaN (homogeneous 842344.8)
==== 2026-10-10 01:35:13 start si_calendar.nncl.grid slot 4
