==== 2026-10-09 19:18:34 start si_calendar.nncl.grid slot 9
[1] 1200
WARNING: All log messages before absl::InitializeLog() is called are written to STDERR
I0000 00:00:1791566321.332547    7576 port.cc:153] oneDNN custom operations are on. You may see slightly different numerical results due to floating-point round-off errors from different computation orders. To turn them off, set the environment variable `TF_ENABLE_ONEDNN_OPTS=0`.
WARNING: All log messages before absl::InitializeLog() is called are written to STDERR
I0000 00:00:1791566325.504570    7576 port.cc:153] oneDNN custom operations are on. You may see slightly different numerical results due to floating-point round-off errors from different computation orders. To turn them off, set the environment variable `TF_ENABLE_ONEDNN_OPTS=0`.
WARNING:tensorflow:From C:\Users\26196425\Work\MASTER~3\env\Lib\site-packages\keras\src\backend\common\global_state.py:82: The name tf.reset_default_graph is deprecated. Please use tf.compat.v1.reset_default_graph instead.

WARNING:tensorflow:TensorFlow GPU support is not available on native Windows for TensorFlow >= 2.11. Even if CUDA/cuDNN are installed, GPU will not be used. Please use WSL2 or the TensorFlow-DirectML plugin.
WARNING:tensorflow:5 out of the last 7 calls to <function TensorFlowTrainer.make_predict_function.<locals>.one_step_on_data_distributed at 0x0000028F8385FBA0> triggered tf.function retracing. Tracing is expensive and the excessive number of tracings could be due to (1) creating @tf.function repeatedly in a loop, (2) passing tensors with different shapes, (3) passing Python objects instead of tensors. For (1), please define your @tf.function outside of the loop. For (2), @tf.function has reduce_retracing=True option that can avoid unnecessary retracing. For (3), please refer to https://www.tensorflow.org/guide/function#controlling_retracing and https://www.tensorflow.org/api_docs/python/tf/function for  more details.
WARNING:tensorflow:6 out of the last 8 calls to <function TensorFlowTrainer.make_predict_function.<locals>.one_step_on_data_distributed at 0x0000028F8385FBA0> triggered tf.function retracing. Tracing is expensive and the excessive number of tracings could be due to (1) creating @tf.function repeatedly in a loop, (2) passing tensors with different shapes, (3) passing Python objects instead of tensors. For (1), please define your @tf.function outside of the loop. For (2), @tf.function has reduce_retracing=True option that can avoid unnecessary retracing. For (3), please refer to https://www.tensorflow.org/guide/function#controlling_retracing and https://www.tensorflow.org/api_docs/python/tf/function for  more details.
grid_20_adamw_early_stop_s2026: 719 s, epochs used 265 500 95 108 50 51 500 500 377 101 500 500 344 500 98 500 27 102 500, loss 840195.0 (homogeneous 842344.8)
grid_20-20-15_adam_early_stop_s2026: 800 s, epochs used 43 114 170 196 94 154 500 414 500 192 500 500 500 500 500 500 56 500 181, loss 851647.3 (homogeneous 842344.8)
grid_20-15-10_adamw_paper_s2026: 261 s, epochs used 100 100 100 100 100 100 100 100 100 100 100 100 100 100 100 100 100 100 100, loss 840702.1 (homogeneous 842344.8)
grid_20_sgd_early_stop_s2027: 937 s, epochs used 29 500 500 500 118 303 500 500 500 500 500 500 500 500 500 500 107 500 7, loss 840335.8 (homogeneous 842344.8)
grid_20-20-15_sgd_nesterov_paper_s2027: 253 s, epochs used 100 100 100 100 100 100 100 100 100 100 100 100 100 100 100 100 100 100 100, loss 834536.9 (homogeneous 842344.8)
grid_20-20-15_rmsprop_early_stop_s2027: 553 s, epochs used 49 175 71 80 45 228 436 141 240 69 442 416 61 435 246 444 33 352 52, loss 838949.7 (homogeneous 842344.8)
grid_20-15-10_sgd_nesterov_early_stop_s2027: 559 s, epochs used 4 50 85 76 500 46 500 233 500 55 500 57 500 500 500 28 18 25 13, loss 1012698.9 (homogeneous 842344.8)
grid_20-15-10_nadam_paper_s2027: 270 s, epochs used 100 100 100 100 100 100 100 100 100 100 100 100 100 100 100 100 100 100 100, loss 847879.3 (homogeneous 842344.8)
==== 2026-10-09 20:35:03 start si_calendar.nncl.grid slot 9
[1] 1200
WARNING: All log messages before absl::InitializeLog() is called are written to STDERR
I0000 00:00:1791570910.183715   19728 port.cc:153] oneDNN custom operations are on. You may see slightly different numerical results due to floating-point round-off errors from different computation orders. To turn them off, set the environment variable `TF_ENABLE_ONEDNN_OPTS=0`.
WARNING: All log messages before absl::InitializeLog() is called are written to STDERR
I0000 00:00:1791570914.341045   19728 port.cc:153] oneDNN custom operations are on. You may see slightly different numerical results due to floating-point round-off errors from different computation orders. To turn them off, set the environment variable `TF_ENABLE_ONEDNN_OPTS=0`.
WARNING:tensorflow:From C:\Users\26196425\Work\MASTER~3\env\Lib\site-packages\keras\src\backend\common\global_state.py:82: The name tf.reset_default_graph is deprecated. Please use tf.compat.v1.reset_default_graph instead.

WARNING:tensorflow:TensorFlow GPU support is not available on native Windows for TensorFlow >= 2.11. Even if CUDA/cuDNN are installed, GPU will not be used. Please use WSL2 or the TensorFlow-DirectML plugin.
WARNING:tensorflow:5 out of the last 7 calls to <function TensorFlowTrainer.make_predict_function.<locals>.one_step_on_data_distributed at 0x000001E045A37F60> triggered tf.function retracing. Tracing is expensive and the excessive number of tracings could be due to (1) creating @tf.function repeatedly in a loop, (2) passing tensors with different shapes, (3) passing Python objects instead of tensors. For (1), please define your @tf.function outside of the loop. For (2), @tf.function has reduce_retracing=True option that can avoid unnecessary retracing. For (3), please refer to https://www.tensorflow.org/guide/function#controlling_retracing and https://www.tensorflow.org/api_docs/python/tf/function for  more details.
WARNING:tensorflow:6 out of the last 8 calls to <function TensorFlowTrainer.make_predict_function.<locals>.one_step_on_data_distributed at 0x000001E045A37F60> triggered tf.function retracing. Tracing is expensive and the excessive number of tracings could be due to (1) creating @tf.function repeatedly in a loop, (2) passing tensors with different shapes, (3) passing Python objects instead of tensors. For (1), please define your @tf.function outside of the loop. For (2), @tf.function has reduce_retracing=True option that can avoid unnecessary retracing. For (3), please refer to https://www.tensorflow.org/guide/function#controlling_retracing and https://www.tensorflow.org/api_docs/python/tf/function for  more details.
grid_20_adagrad_paper_s2028: 239 s, epochs used 100 100 100 100 100 100 100 100 100 100 100 100 100 100 100 100 100 100 100, loss 841030.7 (homogeneous 842344.8)
grid_20_rmsprop_early_stop_s2028: 706 s, epochs used 116 62 54 56 499 499 437 451 497 71 499 64 499 95 437 499 31 493 87, loss 838898.5 (homogeneous 842344.8)
grid_20-20-15_adadelta_paper_s2028: 257 s, epochs used 100 100 100 100 100 100 100 100 100 100 100 100 100 100 100 100 100 100 100, loss 838240.2 (homogeneous 842344.8)
grid_20-20-15_adamw_early_stop_s2028: 748 s, epochs used 69 92 205 236 152 119 500 500 500 186 500 289 500 500 500 500 50 203 45, loss 840575.3 (homogeneous 842344.8)
grid_20-15-10_adam_paper_s2028: 258 s, epochs used 100 100 100 100 100 100 100 100 100 100 100 100 100 100 100 100 100 100 100, loss 840694.5 (homogeneous 842344.8)
grid_20-15-10_nadam_paper_s2028: 266 s, epochs used 100 100 100 100 100 100 100 100 100 100 100 100 100 100 100 100 100 100 100, loss 840668.0 (homogeneous 842344.8)
grid_20_adagrad_early_stop_s2029: 695 s, epochs used 57 500 209 62 60 63 500 500 78 298 500 373 500 500 104 84 16 500 500, loss 846905.1 (homogeneous 842344.8)
grid_20-20-15_adagrad_paper_s2029: 250 s, epochs used 100 100 100 100 100 100 100 100 100 100 100 100 100 100 100 100 100 100 100, loss 837656.9 (homogeneous 842344.8)
==== 2026-10-09 21:35:59 start si_calendar.nncl.grid slot 9
[1] 1200
WARNING: All log messages before absl::InitializeLog() is called are written to STDERR
I0000 00:00:1791574566.781875     900 port.cc:153] oneDNN custom operations are on. You may see slightly different numerical results due to floating-point round-off errors from different computation orders. To turn them off, set the environment variable `TF_ENABLE_ONEDNN_OPTS=0`.
WARNING: All log messages before absl::InitializeLog() is called are written to STDERR
I0000 00:00:1791574570.887915     900 port.cc:153] oneDNN custom operations are on. You may see slightly different numerical results due to floating-point round-off errors from different computation orders. To turn them off, set the environment variable `TF_ENABLE_ONEDNN_OPTS=0`.
WARNING:tensorflow:From C:\Users\26196425\Work\MASTER~3\env\Lib\site-packages\keras\src\backend\common\global_state.py:82: The name tf.reset_default_graph is deprecated. Please use tf.compat.v1.reset_default_graph instead.

WARNING:tensorflow:TensorFlow GPU support is not available on native Windows for TensorFlow >= 2.11. Even if CUDA/cuDNN are installed, GPU will not be used. Please use WSL2 or the TensorFlow-DirectML plugin.
WARNING:tensorflow:5 out of the last 7 calls to <function TensorFlowTrainer.make_predict_function.<locals>.one_step_on_data_distributed at 0x0000017B262F3880> triggered tf.function retracing. Tracing is expensive and the excessive number of tracings could be due to (1) creating @tf.function repeatedly in a loop, (2) passing tensors with different shapes, (3) passing Python objects instead of tensors. For (1), please define your @tf.function outside of the loop. For (2), @tf.function has reduce_retracing=True option that can avoid unnecessary retracing. For (3), please refer to https://www.tensorflow.org/guide/function#controlling_retracing and https://www.tensorflow.org/api_docs/python/tf/function for  more details.
WARNING:tensorflow:6 out of the last 8 calls to <function TensorFlowTrainer.make_predict_function.<locals>.one_step_on_data_distributed at 0x0000017B262F3880> triggered tf.function retracing. Tracing is expensive and the excessive number of tracings could be due to (1) creating @tf.function repeatedly in a loop, (2) passing tensors with different shapes, (3) passing Python objects instead of tensors. For (1), please define your @tf.function outside of the loop. For (2), @tf.function has reduce_retracing=True option that can avoid unnecessary retracing. For (3), please refer to https://www.tensorflow.org/guide/function#controlling_retracing and https://www.tensorflow.org/api_docs/python/tf/function for  more details.
grid_20-20-15_adam_early_stop_s2029: 795 s, epochs used 87 52 338 210 500 320 500 500 500 24 500 377 500 500 500 500 73 44 116, loss 843112.1 (homogeneous 842344.8)
grid_20-15-10_adam_early_stop_s2029: 617 s, epochs used 95 61 74 35 44 48 500 500 47 55 500 74 500 500 102 500 28 500 500, loss 840102.8 (homogeneous 842344.8)
grid_20_adadelta_early_stop_s2030: 519 s, epochs used 156 451 168 122 156 149 146 146 145 500 140 142 140 145 140 145 219 141 500, loss 838778.9 (homogeneous 842344.8)
grid_20-20-15_sgd_momentum_early_stop_s2030: 322 s, epochs used 1 36 64 56 37 17 89 43 50 14 500 500 75 500 55 74 11 34 40, loss 889067.7 (homogeneous 842344.8)
grid_20-20-15_adadelta_early_stop_s2030: 241 s, epochs used 64 104 44 125 21 61 69 76 79 18 87 88 88 86 89 90 49 93 49, loss 840942.6 (homogeneous 842344.8)
grid_20-20-15_adamw_early_stop_s2030: 547 s, epochs used 74 67 74 33 51 32 500 62 283 19 500 236 226 500 256 500 46 500 36, loss 842713.4 (homogeneous 842344.8)
grid_20-15-10_rmsprop_early_stop_s2030: 507 s, epochs used 83 98 97 94 209 188 64 79 184 72 292 57 209 338 154 328 26 478 426, loss 836697.6 (homogeneous 842344.8)
grid_20_sgd_nesterov_early_stop_s2031: 347 s, epochs used 9 52 31 69 39 27 500 44 290 26 500 57 38 500 43 47 21 36 67, loss 843111.0 (homogeneous 842344.8)
==== 2026-10-09 22:45:14 start si_calendar.nncl.grid slot 9
[1] 1200
WARNING: All log messages before absl::InitializeLog() is called are written to STDERR
I0000 00:00:1791578721.990039    5272 port.cc:153] oneDNN custom operations are on. You may see slightly different numerical results due to floating-point round-off errors from different computation orders. To turn them off, set the environment variable `TF_ENABLE_ONEDNN_OPTS=0`.
WARNING: All log messages before absl::InitializeLog() is called are written to STDERR
I0000 00:00:1791578726.042720    5272 port.cc:153] oneDNN custom operations are on. You may see slightly different numerical results due to floating-point round-off errors from different computation orders. To turn them off, set the environment variable `TF_ENABLE_ONEDNN_OPTS=0`.
WARNING:tensorflow:From C:\Users\26196425\Work\MASTER~3\env\Lib\site-packages\keras\src\backend\common\global_state.py:82: The name tf.reset_default_graph is deprecated. Please use tf.compat.v1.reset_default_graph instead.

WARNING:tensorflow:TensorFlow GPU support is not available on native Windows for TensorFlow >= 2.11. Even if CUDA/cuDNN are installed, GPU will not be used. Please use WSL2 or the TensorFlow-DirectML plugin.
WARNING:tensorflow:5 out of the last 7 calls to <function TensorFlowTrainer.make_predict_function.<locals>.one_step_on_data_distributed at 0x000001FCEE83BD80> triggered tf.function retracing. Tracing is expensive and the excessive number of tracings could be due to (1) creating @tf.function repeatedly in a loop, (2) passing tensors with different shapes, (3) passing Python objects instead of tensors. For (1), please define your @tf.function outside of the loop. For (2), @tf.function has reduce_retracing=True option that can avoid unnecessary retracing. For (3), please refer to https://www.tensorflow.org/guide/function#controlling_retracing and https://www.tensorflow.org/api_docs/python/tf/function for  more details.
WARNING:tensorflow:6 out of the last 8 calls to <function TensorFlowTrainer.make_predict_function.<locals>.one_step_on_data_distributed at 0x000001FCEE83BD80> triggered tf.function retracing. Tracing is expensive and the excessive number of tracings could be due to (1) creating @tf.function repeatedly in a loop, (2) passing tensors with different shapes, (3) passing Python objects instead of tensors. For (1), please define your @tf.function outside of the loop. For (2), @tf.function has reduce_retracing=True option that can avoid unnecessary retracing. For (3), please refer to https://www.tensorflow.org/guide/function#controlling_retracing and https://www.tensorflow.org/api_docs/python/tf/function for  more details.
grid_20_adamw_early_stop_s2031: 683 s, epochs used 148 124 166 191 101 171 500 500 500 264 500 316 176 500 500 500 88 1 5, loss 849701.7 (homogeneous 842344.8)
grid_20-20-15_adam_paper_s2031: 266 s, epochs used 100 100 100 100 100 100 100 100 100 100 100 100 100 100 100 100 100 100 100, loss 839003.6 (homogeneous 842344.8)
grid_20-20-15_nadam_early_stop_s2031: 740 s, epochs used 58 95 128 118 396 500 500 315 196 41 500 225 500 344 255 500 18 500 277, loss 844721.1 (homogeneous 842344.8)
grid_20-15-10_nadam_paper_s2031: 272 s, epochs used 100 100 100 100 100 100 100 100 100 100 100 100 100 100 100 100 100 100 100, loss 841389.8 (homogeneous 842344.8)
grid_20_adagrad_early_stop_s2032: 838 s, epochs used 144 15 98 229 500 218 500 500 500 92 500 500 500 500 500 500 27 500 109, loss 839951.8 (homogeneous 842344.8)
grid_20-20-15_rmsprop_paper_s2032: 260 s, epochs used 100 100 100 100 100 100 100 100 100 100 100 100 100 100 100 100 100 100 100, loss 835767.0 (homogeneous 842344.8)
grid_20-20-15_adamax_paper_s2032: 272 s, epochs used 100 100 100 100 100 100 100 100 100 100 100 100 100 100 100 100 100 100 100, loss 846018.2 (homogeneous 842344.8)
grid_20-15-10_sgd_nesterov_paper_s2032: 250 s, epochs used 100 100 100 100 100 100 100 100 100 100 100 100 100 100 100 100 100 100 100, loss 835778.0 (homogeneous 842344.8)
==== 2026-10-09 23:49:19 start si_calendar.nncl.grid slot 9
[1] 1200
WARNING: All log messages before absl::InitializeLog() is called are written to STDERR
I0000 00:00:1791582566.017820   16988 port.cc:153] oneDNN custom operations are on. You may see slightly different numerical results due to floating-point round-off errors from different computation orders. To turn them off, set the environment variable `TF_ENABLE_ONEDNN_OPTS=0`.
WARNING: All log messages before absl::InitializeLog() is called are written to STDERR
I0000 00:00:1791582570.054106   16988 port.cc:153] oneDNN custom operations are on. You may see slightly different numerical results due to floating-point round-off errors from different computation orders. To turn them off, set the environment variable `TF_ENABLE_ONEDNN_OPTS=0`.
WARNING:tensorflow:From C:\Users\26196425\Work\MASTER~3\env\Lib\site-packages\keras\src\backend\common\global_state.py:82: The name tf.reset_default_graph is deprecated. Please use tf.compat.v1.reset_default_graph instead.

WARNING:tensorflow:TensorFlow GPU support is not available on native Windows for TensorFlow >= 2.11. Even if CUDA/cuDNN are installed, GPU will not be used. Please use WSL2 or the TensorFlow-DirectML plugin.
WARNING:tensorflow:5 out of the last 7 calls to <function TensorFlowTrainer.make_predict_function.<locals>.one_step_on_data_distributed at 0x000001FA341E3880> triggered tf.function retracing. Tracing is expensive and the excessive number of tracings could be due to (1) creating @tf.function repeatedly in a loop, (2) passing tensors with different shapes, (3) passing Python objects instead of tensors. For (1), please define your @tf.function outside of the loop. For (2), @tf.function has reduce_retracing=True option that can avoid unnecessary retracing. For (3), please refer to https://www.tensorflow.org/guide/function#controlling_retracing and https://www.tensorflow.org/api_docs/python/tf/function for  more details.
WARNING:tensorflow:6 out of the last 8 calls to <function TensorFlowTrainer.make_predict_function.<locals>.one_step_on_data_distributed at 0x000001FA341E3880> triggered tf.function retracing. Tracing is expensive and the excessive number of tracings could be due to (1) creating @tf.function repeatedly in a loop, (2) passing tensors with different shapes, (3) passing Python objects instead of tensors. For (1), please define your @tf.function outside of the loop. For (2), @tf.function has reduce_retracing=True option that can avoid unnecessary retracing. For (3), please refer to https://www.tensorflow.org/guide/function#controlling_retracing and https://www.tensorflow.org/api_docs/python/tf/function for  more details.
grid_20-15-10_adam_early_stop_s2032: 535 s, epochs used 66 87 110 36 34 55 500 430 357 60 500 200 500 500 131 81 22 47 140, loss 848246.4 (homogeneous 842344.8)
grid_20_adadelta_paper_s2033: 249 s, epochs used 100 100 100 100 100 100 100 100 100 100 100 100 100 100 100 100 100 100 100, loss 849654.1 (homogeneous 842344.8)
grid_20_adamw_early_stop_s2033: 880 s, epochs used 243 188 106 170 500 500 500 500 478 127 500 500 354 500 500 500 89 159 500, loss 838869.8 (homogeneous 842344.8)
grid_20-20-15_adamax_early_stop_s2033: 813 s, epochs used 163 377 117 114 500 178 500 500 500 182 500 177 238 500 500 500 57 500 137, loss 837522.1 (homogeneous 842344.8)
grid_20_sgd_paper_s2034: 233 s, epochs used 100 100 100 100 100 100 100 100 100 100 100 100 100 100 100 100 100 100 100, loss 847487.3 (homogeneous 842344.8)
grid_20_adagrad_paper_s2034: 240 s, epochs used 100 100 100 100 100 100 100 100 100 100 100 100 100 100 100 100 100 100 100, loss 850386.3 (homogeneous 842344.8)
grid_20_adamw_paper_s2034: 246 s, epochs used 100 100 100 100 100 100 100 100 100 100 100 100 100 100 100 100 100 100 100, loss 884881.1 (homogeneous 842344.8)
grid_20-20-15_sgd_early_stop_s2034: 924 s, epochs used 67 269 64 428 500 66 500 500 500 16 500 500 496 500 500 500 484 500 500, loss 838058.4 (homogeneous 842344.8)
==== 2026-10-10 01:01:46 start si_calendar.nncl.grid slot 9
[1] 1200
WARNING: All log messages before absl::InitializeLog() is called are written to STDERR
I0000 00:00:1791586914.053187   19200 port.cc:153] oneDNN custom operations are on. You may see slightly different numerical results due to floating-point round-off errors from different computation orders. To turn them off, set the environment variable `TF_ENABLE_ONEDNN_OPTS=0`.
WARNING: All log messages before absl::InitializeLog() is called are written to STDERR
I0000 00:00:1791586918.287559   19200 port.cc:153] oneDNN custom operations are on. You may see slightly different numerical results due to floating-point round-off errors from different computation orders. To turn them off, set the environment variable `TF_ENABLE_ONEDNN_OPTS=0`.
WARNING:tensorflow:From C:\Users\26196425\Work\MASTER~3\env\Lib\site-packages\keras\src\backend\common\global_state.py:82: The name tf.reset_default_graph is deprecated. Please use tf.compat.v1.reset_default_graph instead.

WARNING:tensorflow:TensorFlow GPU support is not available on native Windows for TensorFlow >= 2.11. Even if CUDA/cuDNN are installed, GPU will not be used. Please use WSL2 or the TensorFlow-DirectML plugin.
WARNING:tensorflow:5 out of the last 7 calls to <function TensorFlowTrainer.make_predict_function.<locals>.one_step_on_data_distributed at 0x000002295787C4A0> triggered tf.function retracing. Tracing is expensive and the excessive number of tracings could be due to (1) creating @tf.function repeatedly in a loop, (2) passing tensors with different shapes, (3) passing Python objects instead of tensors. For (1), please define your @tf.function outside of the loop. For (2), @tf.function has reduce_retracing=True option that can avoid unnecessary retracing. For (3), please refer to https://www.tensorflow.org/guide/function#controlling_retracing and https://www.tensorflow.org/api_docs/python/tf/function for  more details.
WARNING:tensorflow:6 out of the last 8 calls to <function TensorFlowTrainer.make_predict_function.<locals>.one_step_on_data_distributed at 0x000002295787C4A0> triggered tf.function retracing. Tracing is expensive and the excessive number of tracings could be due to (1) creating @tf.function repeatedly in a loop, (2) passing tensors with different shapes, (3) passing Python objects instead of tensors. For (1), please define your @tf.function outside of the loop. For (2), @tf.function has reduce_retracing=True option that can avoid unnecessary retracing. For (3), please refer to https://www.tensorflow.org/guide/function#controlling_retracing and https://www.tensorflow.org/api_docs/python/tf/function for  more details.
grid_20-15-10_sgd_momentum_paper_s2034: 244 s, epochs used 100 100 100 100 100 100 100 100 100 100 100 100 100 100 100 100 100 100 100, loss 837566.6 (homogeneous 842344.8)
grid_20-15-10_adadelta_early_stop_s2034: 391 s, epochs used 81 96 106 116 120 127 126 127 131 375 131 129 133 129 130 134 65 133 264, loss 840769.5 (homogeneous 842344.8)
grid_20_sgd_paper_s2035: 236 s, epochs used 100 100 100 100 100 100 100 100 100 100 100 100 100 100 100 100 100 100 100, loss 838687.7 (homogeneous 842344.8)
grid_20_adagrad_paper_s2035: 244 s, epochs used 100 100 100 100 100 100 100 100 100 100 100 100 100 100 100 100 100 100 100, loss 844137.4 (homogeneous 842344.8)
