==== 2026-10-10 09:04:18 start si_calendar.nncl.cl_grid slot 9
[1] 1200
WARNING: All log messages before absl::InitializeLog() is called are written to STDERR
I0000 00:00:1791615871.705503   13256 port.cc:153] oneDNN custom operations are on. You may see slightly different numerical results due to floating-point round-off errors from different computation orders. To turn them off, set the environment variable `TF_ENABLE_ONEDNN_OPTS=0`.
WARNING: All log messages before absl::InitializeLog() is called are written to STDERR
I0000 00:00:1791615905.230930   13256 port.cc:153] oneDNN custom operations are on. You may see slightly different numerical results due to floating-point round-off errors from different computation orders. To turn them off, set the environment variable `TF_ENABLE_ONEDNN_OPTS=0`.
WARNING:tensorflow:From C:\Users\26196425\Work\MASTER~3\env\Lib\site-packages\keras\src\backend\common\global_state.py:82: The name tf.reset_default_graph is deprecated. Please use tf.compat.v1.reset_default_graph instead.

WARNING:tensorflow:TensorFlow GPU support is not available on native Windows for TensorFlow >= 2.11. Even if CUDA/cuDNN are installed, GPU will not be used. Please use WSL2 or the TensorFlow-DirectML plugin.
WARNING:tensorflow:5 out of the last 7 calls to <function TensorFlowTrainer.make_predict_function.<locals>.one_step_on_data_distributed at 0x0000027206E536A0> triggered tf.function retracing. Tracing is expensive and the excessive number of tracings could be due to (1) creating @tf.function repeatedly in a loop, (2) passing tensors with different shapes, (3) passing Python objects instead of tensors. For (1), please define your @tf.function outside of the loop. For (2), @tf.function has reduce_retracing=True option that can avoid unnecessary retracing. For (3), please refer to https://www.tensorflow.org/guide/function#controlling_retracing and https://www.tensorflow.org/api_docs/python/tf/function for  more details.
WARNING:tensorflow:6 out of the last 8 calls to <function TensorFlowTrainer.make_predict_function.<locals>.one_step_on_data_distributed at 0x0000027206E536A0> triggered tf.function retracing. Tracing is expensive and the excessive number of tracings could be due to (1) creating @tf.function repeatedly in a loop, (2) passing tensors with different shapes, (3) passing Python objects instead of tensors. For (1), please define your @tf.function outside of the loop. For (2), @tf.function has reduce_retracing=True option that can avoid unnecessary retracing. For (3), please refer to https://www.tensorflow.org/guide/function#controlling_retracing and https://www.tensorflow.org/api_docs/python/tf/function for  more details.
clgrid_20-20-15_adamw_cl_paper_s2026: 258 s, epochs used 100 100 100 100 100 100 100 100 100 100 100 100 100 100 100 100 100 100 100, loss 833998.8 (homogeneous 842344.8)
clgrid_20-15-10_adadelta_cl_start_s2026: 153 s, epochs used 3 21 16 41 188 40 20 23 1 176 0 0 44 0 0 0 0 0 0, loss 839363.1 (homogeneous 842344.8)
clgrid_20-15-10_nadam_cl_paper_s2026: 264 s, epochs used 100 100 100 100 100 100 100 100 100 100 100 100 100 100 100 100 100 100 100, loss 835425.5 (homogeneous 842344.8)
clgrid_20_adam_cl_paper_s2027: 244 s, epochs used 100 100 100 100 100 100 100 100 100 100 100 100 100 100 100 100 100 100 100, loss 836781.3 (homogeneous 842344.8)
clgrid_20-20-15_sgd_nesterov_cl_start_s2027: 343 s, epochs used 7 37 27 78 150 500 500 500 0 0 0 9 480 15 0 0 2 7 6, loss 838573.5 (homogeneous 842344.8)
clgrid_20-15-10_sgd_nesterov_cl_paper_s2027: 253 s, epochs used 100 100 100 100 100 100 100 100 100 100 100 100 100 100 100 100 100 100 100, loss 838193.5 (homogeneous 842344.8)
clgrid_20-15-10_adamw_cl_paper_s2027: 256 s, epochs used 100 100 100 100 100 100 100 100 100 100 100 100 100 100 100 100 100 100 100, loss 836258.3 (homogeneous 842344.8)
clgrid_20_adadelta_cl_start_s2028: 133 s, epochs used 0 25 49 30 24 39 69 232 4 69 2 11 6 1 0 2 0 0 0, loss 839598.1 (homogeneous 842344.8)
==== 2026-10-10 09:41:17 start si_calendar.nncl.cl_grid slot 9
[1] 1200
WARNING: All log messages before absl::InitializeLog() is called are written to STDERR
I0000 00:00:1791618084.824484   17192 port.cc:153] oneDNN custom operations are on. You may see slightly different numerical results due to floating-point round-off errors from different computation orders. To turn them off, set the environment variable `TF_ENABLE_ONEDNN_OPTS=0`.
WARNING: All log messages before absl::InitializeLog() is called are written to STDERR
I0000 00:00:1791618088.593510   17192 port.cc:153] oneDNN custom operations are on. You may see slightly different numerical results due to floating-point round-off errors from different computation orders. To turn them off, set the environment variable `TF_ENABLE_ONEDNN_OPTS=0`.
WARNING:tensorflow:From C:\Users\26196425\Work\MASTER~3\env\Lib\site-packages\keras\src\backend\common\global_state.py:82: The name tf.reset_default_graph is deprecated. Please use tf.compat.v1.reset_default_graph instead.

WARNING:tensorflow:TensorFlow GPU support is not available on native Windows for TensorFlow >= 2.11. Even if CUDA/cuDNN are installed, GPU will not be used. Please use WSL2 or the TensorFlow-DirectML plugin.
WARNING:tensorflow:5 out of the last 7 calls to <function TensorFlowTrainer.make_predict_function.<locals>.one_step_on_data_distributed at 0x000001EA4E5179C0> triggered tf.function retracing. Tracing is expensive and the excessive number of tracings could be due to (1) creating @tf.function repeatedly in a loop, (2) passing tensors with different shapes, (3) passing Python objects instead of tensors. For (1), please define your @tf.function outside of the loop. For (2), @tf.function has reduce_retracing=True option that can avoid unnecessary retracing. For (3), please refer to https://www.tensorflow.org/guide/function#controlling_retracing and https://www.tensorflow.org/api_docs/python/tf/function for  more details.
WARNING:tensorflow:6 out of the last 8 calls to <function TensorFlowTrainer.make_predict_function.<locals>.one_step_on_data_distributed at 0x000001EA4E5179C0> triggered tf.function retracing. Tracing is expensive and the excessive number of tracings could be due to (1) creating @tf.function repeatedly in a loop, (2) passing tensors with different shapes, (3) passing Python objects instead of tensors. For (1), please define your @tf.function outside of the loop. For (2), @tf.function has reduce_retracing=True option that can avoid unnecessary retracing. For (3), please refer to https://www.tensorflow.org/guide/function#controlling_retracing and https://www.tensorflow.org/api_docs/python/tf/function for  more details.
clgrid_20_adamax_cl_start_s2028: 135 s, epochs used 0 64 111 61 45 69 56 40 5 56 1 18 7 1 0 0 0 0 0, loss 839544.5 (homogeneous 842344.8)
clgrid_20-20-15_adagrad_cl_paper_s2028: 247 s, epochs used 100 100 100 100 100 100 100 100 100 100 100 100 100 100 100 100 100 100 100, loss 833205.2 (homogeneous 842344.8)
clgrid_20-20-15_adamw_cl_start_s2028: 135 s, epochs used 0 48 59 32 31 50 105 28 3 5 1 16 28 3 0 0 0 0 0, loss 839430.2 (homogeneous 842344.8)
clgrid_20-15-10_sgd_momentum_cl_start_s2028: 197 s, epochs used 6 90 69 73 52 140 291 340 0 3 0 23 0 12 0 0 0 6 0, loss 838035.4 (homogeneous 842344.8)
clgrid_20-15-10_adam_cl_start_s2028: 134 s, epochs used 13 65 67 52 33 60 41 29 5 34 0 6 32 3 0 0 0 0 0, loss 838101.5 (homogeneous 842344.8)
clgrid_20_sgd_cl_start_s2029: 378 s, epochs used 0 381 500 34 332 87 500 448 5 70 5 138 82 25 0 0 0 0 19, loss 839838.1 (homogeneous 842344.8)
clgrid_20-20-15_sgd_momentum_cl_start_s2029: 101 s, epochs used 0 15 15 8 38 31 19 21 4 22 4 65 29 20 0 0 0 3 0, loss 840470.6 (homogeneous 842344.8)
clgrid_20-20-15_rmsprop_cl_paper_s2029: 244 s, epochs used 100 100 100 100 100 100 100 100 100 100 100 100 100 100 100 100 100 100 100, loss 835083.5 (homogeneous 842344.8)
==== 2026-10-10 10:11:15 start si_calendar.nncl.cl_grid slot 9
[1] 1200
WARNING: All log messages before absl::InitializeLog() is called are written to STDERR
I0000 00:00:1791619882.358026   14044 port.cc:153] oneDNN custom operations are on. You may see slightly different numerical results due to floating-point round-off errors from different computation orders. To turn them off, set the environment variable `TF_ENABLE_ONEDNN_OPTS=0`.
WARNING: All log messages before absl::InitializeLog() is called are written to STDERR
I0000 00:00:1791619886.366686   14044 port.cc:153] oneDNN custom operations are on. You may see slightly different numerical results due to floating-point round-off errors from different computation orders. To turn them off, set the environment variable `TF_ENABLE_ONEDNN_OPTS=0`.
WARNING:tensorflow:From C:\Users\26196425\Work\MASTER~3\env\Lib\site-packages\keras\src\backend\common\global_state.py:82: The name tf.reset_default_graph is deprecated. Please use tf.compat.v1.reset_default_graph instead.

WARNING:tensorflow:TensorFlow GPU support is not available on native Windows for TensorFlow >= 2.11. Even if CUDA/cuDNN are installed, GPU will not be used. Please use WSL2 or the TensorFlow-DirectML plugin.
WARNING:tensorflow:5 out of the last 7 calls to <function TensorFlowTrainer.make_predict_function.<locals>.one_step_on_data_distributed at 0x0000016AAEF18360> triggered tf.function retracing. Tracing is expensive and the excessive number of tracings could be due to (1) creating @tf.function repeatedly in a loop, (2) passing tensors with different shapes, (3) passing Python objects instead of tensors. For (1), please define your @tf.function outside of the loop. For (2), @tf.function has reduce_retracing=True option that can avoid unnecessary retracing. For (3), please refer to https://www.tensorflow.org/guide/function#controlling_retracing and https://www.tensorflow.org/api_docs/python/tf/function for  more details.
WARNING:tensorflow:6 out of the last 8 calls to <function TensorFlowTrainer.make_predict_function.<locals>.one_step_on_data_distributed at 0x0000016AAEF18360> triggered tf.function retracing. Tracing is expensive and the excessive number of tracings could be due to (1) creating @tf.function repeatedly in a loop, (2) passing tensors with different shapes, (3) passing Python objects instead of tensors. For (1), please define your @tf.function outside of the loop. For (2), @tf.function has reduce_retracing=True option that can avoid unnecessary retracing. For (3), please refer to https://www.tensorflow.org/guide/function#controlling_retracing and https://www.tensorflow.org/api_docs/python/tf/function for  more details.
clgrid_20-15-10_sgd_momentum_cl_start_s2029: 141 s, epochs used 0 0 8 3 30 17 7 500 0 19 32 27 10 9 0 0 0 0 11, loss 841963.9 (homogeneous 842344.8)
clgrid_20-15-10_adam_cl_start_s2029: 149 s, epochs used 0 75 77 60 54 21 131 41 0 21 1 29 24 2 0 0 0 0 0, loss 839361.6 (homogeneous 842344.8)
clgrid_20_sgd_cl_start_s2030: 443 s, epochs used 0 217 500 185 301 491 500 500 11 500 22 0 82 0 9 2 0 0 31, loss 839749.3 (homogeneous 842344.8)
clgrid_20-20-15_sgd_nesterov_cl_paper_s2030: 248 s, epochs used 100 100 100 100 100 100 100 100 100 100 100 100 100 100 100 100 100 100 100, loss 836932.6 (homogeneous 842344.8)
clgrid_20-20-15_adamw_cl_paper_s2030: 255 s, epochs used 100 100 100 100 100 100 100 100 100 100 100 100 100 100 100 100 100 100 100, loss 836439.9 (homogeneous 842344.8)
clgrid_20-15-10_adadelta_cl_paper_s2030: 259 s, epochs used 100 100 100 100 100 100 100 100 100 100 100 100 100 100 100 100 100 100 100, loss 837628.5 (homogeneous 842344.8)
clgrid_20-15-10_nadam_cl_paper_s2030: 263 s, epochs used 100 100 100 100 100 100 100 100 100 100 100 100 100 100 100 100 100 100 100, loss 836429.0 (homogeneous 842344.8)
clgrid_20_adam_cl_paper_s2031: 244 s, epochs used 100 100 100 100 100 100 100 100 100 100 100 100 100 100 100 100 100 100 100, loss 836732.4 (homogeneous 842344.8)
==== 2026-10-10 10:48:32 start si_calendar.nncl.cl_grid slot 9
[1] 1200
WARNING: All log messages before absl::InitializeLog() is called are written to STDERR
I0000 00:00:1791622131.307707    8016 port.cc:153] oneDNN custom operations are on. You may see slightly different numerical results due to floating-point round-off errors from different computation orders. To turn them off, set the environment variable `TF_ENABLE_ONEDNN_OPTS=0`.
WARNING: All log messages before absl::InitializeLog() is called are written to STDERR
I0000 00:00:1791622165.303768    8016 port.cc:153] oneDNN custom operations are on. You may see slightly different numerical results due to floating-point round-off errors from different computation orders. To turn them off, set the environment variable `TF_ENABLE_ONEDNN_OPTS=0`.
WARNING:tensorflow:From C:\Users\26196425\Work\MASTER~3\env\Lib\site-packages\keras\src\backend\common\global_state.py:82: The name tf.reset_default_graph is deprecated. Please use tf.compat.v1.reset_default_graph instead.

WARNING:tensorflow:TensorFlow GPU support is not available on native Windows for TensorFlow >= 2.11. Even if CUDA/cuDNN are installed, GPU will not be used. Please use WSL2 or the TensorFlow-DirectML plugin.
WARNING:tensorflow:5 out of the last 7 calls to <function TensorFlowTrainer.make_predict_function.<locals>.one_step_on_data_distributed at 0x0000023F8D7F93A0> triggered tf.function retracing. Tracing is expensive and the excessive number of tracings could be due to (1) creating @tf.function repeatedly in a loop, (2) passing tensors with different shapes, (3) passing Python objects instead of tensors. For (1), please define your @tf.function outside of the loop. For (2), @tf.function has reduce_retracing=True option that can avoid unnecessary retracing. For (3), please refer to https://www.tensorflow.org/guide/function#controlling_retracing and https://www.tensorflow.org/api_docs/python/tf/function for  more details.
WARNING:tensorflow:6 out of the last 8 calls to <function TensorFlowTrainer.make_predict_function.<locals>.one_step_on_data_distributed at 0x0000023F8D7F93A0> triggered tf.function retracing. Tracing is expensive and the excessive number of tracings could be due to (1) creating @tf.function repeatedly in a loop, (2) passing tensors with different shapes, (3) passing Python objects instead of tensors. For (1), please define your @tf.function outside of the loop. For (2), @tf.function has reduce_retracing=True option that can avoid unnecessary retracing. For (3), please refer to https://www.tensorflow.org/guide/function#controlling_retracing and https://www.tensorflow.org/api_docs/python/tf/function for  more details.
clgrid_20-20-15_adadelta_cl_start_s2031: 165 s, epochs used 0 14 70 42 19 89 111 26 2 217 2 17 151 0 0 0 0 0 0, loss 839887.9 (homogeneous 842344.8)
clgrid_20-15-10_sgd_cl_paper_s2031: 234 s, epochs used 100 100 100 100 100 100 100 100 100 100 100 100 100 100 100 100 100 100 100, loss 839400.4 (homogeneous 842344.8)
clgrid_20-15-10_rmsprop_cl_start_s2031: 176 s, epochs used 3 19 59 33 379 42 175 23 3 124 2 10 16 7 0 0 0 0 0, loss 838746.6 (homogeneous 842344.8)
clgrid_20_sgd_cl_start_s2032: 462 s, epochs used 0 156 500 219 498 499 500 500 3 44 8 35 500 7 0 0 0 0 19, loss 839826.1 (homogeneous 842344.8)
clgrid_20-20-15_sgd_nesterov_cl_start_s2032: 232 s, epochs used 0 56 172 23 85 12 500 500 2 12 3 12 10 0 0 0 0 0 6, loss 839920.6 (homogeneous 842344.8)
clgrid_20-20-15_adamw_cl_start_s2032: 129 s, epochs used 0 50 65 29 42 53 75 45 2 10 1 3 4 0 0 0 0 0 19, loss 839583.9 (homogeneous 842344.8)
clgrid_20-15-10_sgd_nesterov_cl_paper_s2032: 252 s, epochs used 100 100 100 100 100 100 100 100 100 100 100 100 100 100 100 100 100 100 100, loss 1530157.5 (homogeneous 842344.8)
clgrid_20-15-10_adamax_cl_paper_s2032: 256 s, epochs used 100 100 100 100 100 100 100 100 100 100 100 100 100 100 100 100 100 100 100, loss 836612.4 (homogeneous 842344.8)
==== 2026-10-10 11:24:53 start si_calendar.nncl.cl_grid slot 9
[1] 1200
WARNING: All log messages before absl::InitializeLog() is called are written to STDERR
I0000 00:00:1791624300.583659    1416 port.cc:153] oneDNN custom operations are on. You may see slightly different numerical results due to floating-point round-off errors from different computation orders. To turn them off, set the environment variable `TF_ENABLE_ONEDNN_OPTS=0`.
WARNING: All log messages before absl::InitializeLog() is called are written to STDERR
I0000 00:00:1791624304.678689    1416 port.cc:153] oneDNN custom operations are on. You may see slightly different numerical results due to floating-point round-off errors from different computation orders. To turn them off, set the environment variable `TF_ENABLE_ONEDNN_OPTS=0`.
WARNING:tensorflow:From C:\Users\26196425\Work\MASTER~3\env\Lib\site-packages\keras\src\backend\common\global_state.py:82: The name tf.reset_default_graph is deprecated. Please use tf.compat.v1.reset_default_graph instead.

WARNING:tensorflow:TensorFlow GPU support is not available on native Windows for TensorFlow >= 2.11. Even if CUDA/cuDNN are installed, GPU will not be used. Please use WSL2 or the TensorFlow-DirectML plugin.
WARNING:tensorflow:5 out of the last 7 calls to <function TensorFlowTrainer.make_predict_function.<locals>.one_step_on_data_distributed at 0x000001E3A0B4BEC0> triggered tf.function retracing. Tracing is expensive and the excessive number of tracings could be due to (1) creating @tf.function repeatedly in a loop, (2) passing tensors with different shapes, (3) passing Python objects instead of tensors. For (1), please define your @tf.function outside of the loop. For (2), @tf.function has reduce_retracing=True option that can avoid unnecessary retracing. For (3), please refer to https://www.tensorflow.org/guide/function#controlling_retracing and https://www.tensorflow.org/api_docs/python/tf/function for  more details.
WARNING:tensorflow:6 out of the last 8 calls to <function TensorFlowTrainer.make_predict_function.<locals>.one_step_on_data_distributed at 0x000001E3A0B4BEC0> triggered tf.function retracing. Tracing is expensive and the excessive number of tracings could be due to (1) creating @tf.function repeatedly in a loop, (2) passing tensors with different shapes, (3) passing Python objects instead of tensors. For (1), please define your @tf.function outside of the loop. For (2), @tf.function has reduce_retracing=True option that can avoid unnecessary retracing. For (3), please refer to https://www.tensorflow.org/guide/function#controlling_retracing and https://www.tensorflow.org/api_docs/python/tf/function for  more details.
clgrid_20_rmsprop_cl_start_s2033: 106 s, epochs used 0 24 68 38 37 34 28 28 0 64 0 5 19 0 0 0 0 0 0, loss 839695.3 (homogeneous 842344.8)
clgrid_20_nadam_cl_start_s2033: 134 s, epochs used 0 34 71 18 47 38 38 25 2 33 1 61 29 0 1 1 0 0 0, loss 839935.9 (homogeneous 842344.8)
clgrid_20-20-15_adagrad_cl_start_s2033: 195 s, epochs used 0 23 92 11 499 97 187 28 4 146 2 6 4 0 0 5 0 0 2, loss 839664.7 (homogeneous 842344.8)
clgrid_20-20-15_nadam_cl_paper_s2033: 265 s, epochs used 100 100 100 100 100 100 100 100 100 100 100 100 100 100 100 100 100 100 100, loss 834128.9 (homogeneous 842344.8)
clgrid_20-15-10_rmsprop_cl_start_s2033: 135 s, epochs used 3 23 65 41 37 52 69 33 2 64 2 0 91 0 0 1 0 0 0, loss 839230.3 (homogeneous 842344.8)
clgrid_20-15-10_nadam_cl_start_s2033: 144 s, epochs used 1 34 72 17 47 56 44 30 2 57 1 0 56 0 1 1 0 0 0, loss 839991.0 (homogeneous 842344.8)
clgrid_20_adadelta_cl_paper_s2034: 258 s, epochs used 100 100 100 100 100 100 100 100 100 100 100 100 100 100 100 100 100 100 100, loss 838637.9 (homogeneous 842344.8)
clgrid_20-20-15_sgd_momentum_cl_start_s2034: 178 s, epochs used 0 40 52 13 40 41 500 126 0 22 0 0 40 3 3 0 1 0 0, loss 840034.6 (homogeneous 842344.8)
==== 2026-10-10 11:52:26 start si_calendar.nncl.cl_grid slot 9
[1] 1200
WARNING: All log messages before absl::InitializeLog() is called are written to STDERR
I0000 00:00:1791625953.675811    9344 port.cc:153] oneDNN custom operations are on. You may see slightly different numerical results due to floating-point round-off errors from different computation orders. To turn them off, set the environment variable `TF_ENABLE_ONEDNN_OPTS=0`.
WARNING: All log messages before absl::InitializeLog() is called are written to STDERR
I0000 00:00:1791625958.107279    9344 port.cc:153] oneDNN custom operations are on. You may see slightly different numerical results due to floating-point round-off errors from different computation orders. To turn them off, set the environment variable `TF_ENABLE_ONEDNN_OPTS=0`.
WARNING:tensorflow:From C:\Users\26196425\Work\MASTER~3\env\Lib\site-packages\keras\src\backend\common\global_state.py:82: The name tf.reset_default_graph is deprecated. Please use tf.compat.v1.reset_default_graph instead.

WARNING:tensorflow:TensorFlow GPU support is not available on native Windows for TensorFlow >= 2.11. Even if CUDA/cuDNN are installed, GPU will not be used. Please use WSL2 or the TensorFlow-DirectML plugin.
WARNING:tensorflow:5 out of the last 7 calls to <function TensorFlowTrainer.make_predict_function.<locals>.one_step_on_data_distributed at 0x0000017FCF7EF880> triggered tf.function retracing. Tracing is expensive and the excessive number of tracings could be due to (1) creating @tf.function repeatedly in a loop, (2) passing tensors with different shapes, (3) passing Python objects instead of tensors. For (1), please define your @tf.function outside of the loop. For (2), @tf.function has reduce_retracing=True option that can avoid unnecessary retracing. For (3), please refer to https://www.tensorflow.org/guide/function#controlling_retracing and https://www.tensorflow.org/api_docs/python/tf/function for  more details.
WARNING:tensorflow:6 out of the last 8 calls to <function TensorFlowTrainer.make_predict_function.<locals>.one_step_on_data_distributed at 0x0000017FCF7EF880> triggered tf.function retracing. Tracing is expensive and the excessive number of tracings could be due to (1) creating @tf.function repeatedly in a loop, (2) passing tensors with different shapes, (3) passing Python objects instead of tensors. For (1), please define your @tf.function outside of the loop. For (2), @tf.function has reduce_retracing=True option that can avoid unnecessary retracing. For (3), please refer to https://www.tensorflow.org/guide/function#controlling_retracing and https://www.tensorflow.org/api_docs/python/tf/function for  more details.
clgrid_20-20-15_adam_cl_paper_s2034: 258 s, epochs used 100 100 100 100 100 100 100 100 100 100 100 100 100 100 100 100 100 100 100, loss 835370.6 (homogeneous 842344.8)
clgrid_20-15-10_adagrad_cl_paper_s2034: 256 s, epochs used 100 100 100 100 100 100 100 100 100 100 100 100 100 100 100 100 100 100 100, loss 835887.8 (homogeneous 842344.8)
clgrid_20_sgd_cl_paper_s2035: 235 s, epochs used 100 100 100 100 100 100 100 100 100 100 100 100 100 100 100 100 100 100 100, loss 837963.4 (homogeneous 842344.8)
clgrid_20_adam_cl_paper_s2035: 245 s, epochs used 100 100 100 100 100 100 100 100 100 100 100 100 100 100 100 100 100 100 100, loss 836458.7 (homogeneous 842344.8)
clgrid_20-20-15_adagrad_cl_start_s2035: 223 s, epochs used 0 17 150 35 500 2 462 116 1 2 1 1 4 0 0 0 0 0 1, loss 839855.2 (homogeneous 842344.8)
clgrid_20-20-15_adamax_cl_paper_s2035: 251 s, epochs used 100 100 100 100 100 100 100 100 100 100 100 100 100 100 100 100 100 100 100, loss 835970.4 (homogeneous 842344.8)
clgrid_20-15-10_rmsprop_cl_paper_s2035: 245 s, epochs used 100 100 100 100 100 100 100 100 100 100 100 100 100 100 100 100 100 100 100, loss 835004.0 (homogeneous 842344.8)
clgrid_20_sgd_nesterov_cl_start_s2036: 152 s, epochs used 1 8 7 50 73 32 500 39 0 38 1 6 29 0 0 0 0 0 0, loss 839520.2 (homogeneous 842344.8)
==== 2026-10-10 12:27:13 start si_calendar.nncl.cl_grid slot 9
[1] 1200
WARNING: All log messages before absl::InitializeLog() is called are written to STDERR
I0000 00:00:1791628040.486035   13904 port.cc:153] oneDNN custom operations are on. You may see slightly different numerical results due to floating-point round-off errors from different computation orders. To turn them off, set the environment variable `TF_ENABLE_ONEDNN_OPTS=0`.
WARNING: All log messages before absl::InitializeLog() is called are written to STDERR
I0000 00:00:1791628044.485155   13904 port.cc:153] oneDNN custom operations are on. You may see slightly different numerical results due to floating-point round-off errors from different computation orders. To turn them off, set the environment variable `TF_ENABLE_ONEDNN_OPTS=0`.
WARNING:tensorflow:From C:\Users\26196425\Work\MASTER~3\env\Lib\site-packages\keras\src\backend\common\global_state.py:82: The name tf.reset_default_graph is deprecated. Please use tf.compat.v1.reset_default_graph instead.

WARNING:tensorflow:TensorFlow GPU support is not available on native Windows for TensorFlow >= 2.11. Even if CUDA/cuDNN are installed, GPU will not be used. Please use WSL2 or the TensorFlow-DirectML plugin.
WARNING:tensorflow:5 out of the last 7 calls to <function TensorFlowTrainer.make_predict_function.<locals>.one_step_on_data_distributed at 0x000001B87AA2B9C0> triggered tf.function retracing. Tracing is expensive and the excessive number of tracings could be due to (1) creating @tf.function repeatedly in a loop, (2) passing tensors with different shapes, (3) passing Python objects instead of tensors. For (1), please define your @tf.function outside of the loop. For (2), @tf.function has reduce_retracing=True option that can avoid unnecessary retracing. For (3), please refer to https://www.tensorflow.org/guide/function#controlling_retracing and https://www.tensorflow.org/api_docs/python/tf/function for  more details.
WARNING:tensorflow:6 out of the last 8 calls to <function TensorFlowTrainer.make_predict_function.<locals>.one_step_on_data_distributed at 0x000001B87AA2B9C0> triggered tf.function retracing. Tracing is expensive and the excessive number of tracings could be due to (1) creating @tf.function repeatedly in a loop, (2) passing tensors with different shapes, (3) passing Python objects instead of tensors. For (1), please define your @tf.function outside of the loop. For (2), @tf.function has reduce_retracing=True option that can avoid unnecessary retracing. For (3), please refer to https://www.tensorflow.org/guide/function#controlling_retracing and https://www.tensorflow.org/api_docs/python/tf/function for  more details.
clgrid_20_adam_cl_start_s2036: 122 s, epochs used 6 23 68 44 46 44 68 26 0 64 1 2 13 0 0 0 0 0 0, loss 839077.5 (homogeneous 842344.8)
clgrid_20-20-15_sgd_cl_start_s2036: 427 s, epochs used 15 109 167 113 500 500 500 500 0 26 0 500 185 4 0 0 0 41 0, loss 838490.6 (homogeneous 842344.8)
clgrid_20-15-10_sgd_nesterov_cl_paper_s2036: 249 s, epochs used 100 100 100 100 100 100 100 100 100 100 100 100 100 100 100 100 100 100 100, loss 836255.6 (homogeneous 842344.8)
clgrid_20-15-10_adamw_cl_start_s2036: 135 s, epochs used 8 47 58 16 42 53 62 32 4 67 1 21 11 1 0 3 0 0 0, loss 839106.7 (homogeneous 842344.8)
clgrid_20_sgd_momentum_cl_start_s2037: 163 s, epochs used 0 23 73 23 36 79 54 45 5 500 5 0 16 0 0 3 0 0 6, loss 839811.4 (homogeneous 842344.8)
clgrid_20_rmsprop_cl_start_s2037: 121 s, epochs used 0 26 100 23 35 45 43 33 3 65 0 70 27 0 0 0 0 0 0, loss 839734.9 (homogeneous 842344.8)
clgrid_20_nadam_cl_paper_s2037: 247 s, epochs used 100 100 100 100 100 100 100 100 100 100 100 100 100 100 100 100 100 100 100, loss 836273.5 (homogeneous 842344.8)
clgrid_20-20-15_rmsprop_cl_start_s2037: 148 s, epochs used 2 27 63 27 24 38 105 29 1 48 3 57 133 0 0 3 0 0 0, loss 839239.9 (homogeneous 842344.8)
==== 2026-10-10 12:57:35 start si_calendar.nncl.cl_grid slot 9
[1] 1200
WARNING: All log messages before absl::InitializeLog() is called are written to STDERR
I0000 00:00:1791629862.450356   19276 port.cc:153] oneDNN custom operations are on. You may see slightly different numerical results due to floating-point round-off errors from different computation orders. To turn them off, set the environment variable `TF_ENABLE_ONEDNN_OPTS=0`.
WARNING: All log messages before absl::InitializeLog() is called are written to STDERR
I0000 00:00:1791629866.547951   19276 port.cc:153] oneDNN custom operations are on. You may see slightly different numerical results due to floating-point round-off errors from different computation orders. To turn them off, set the environment variable `TF_ENABLE_ONEDNN_OPTS=0`.
WARNING:tensorflow:From C:\Users\26196425\Work\MASTER~3\env\Lib\site-packages\keras\src\backend\common\global_state.py:82: The name tf.reset_default_graph is deprecated. Please use tf.compat.v1.reset_default_graph instead.

WARNING:tensorflow:TensorFlow GPU support is not available on native Windows for TensorFlow >= 2.11. Even if CUDA/cuDNN are installed, GPU will not be used. Please use WSL2 or the TensorFlow-DirectML plugin.
WARNING:tensorflow:5 out of the last 7 calls to <function TensorFlowTrainer.make_predict_function.<locals>.one_step_on_data_distributed at 0x000002903237C4A0> triggered tf.function retracing. Tracing is expensive and the excessive number of tracings could be due to (1) creating @tf.function repeatedly in a loop, (2) passing tensors with different shapes, (3) passing Python objects instead of tensors. For (1), please define your @tf.function outside of the loop. For (2), @tf.function has reduce_retracing=True option that can avoid unnecessary retracing. For (3), please refer to https://www.tensorflow.org/guide/function#controlling_retracing and https://www.tensorflow.org/api_docs/python/tf/function for  more details.
WARNING:tensorflow:6 out of the last 8 calls to <function TensorFlowTrainer.make_predict_function.<locals>.one_step_on_data_distributed at 0x000002903237C4A0> triggered tf.function retracing. Tracing is expensive and the excessive number of tracings could be due to (1) creating @tf.function repeatedly in a loop, (2) passing tensors with different shapes, (3) passing Python objects instead of tensors. For (1), please define your @tf.function outside of the loop. For (2), @tf.function has reduce_retracing=True option that can avoid unnecessary retracing. For (3), please refer to https://www.tensorflow.org/guide/function#controlling_retracing and https://www.tensorflow.org/api_docs/python/tf/function for  more details.
clgrid_20-15-10_sgd_momentum_cl_paper_s2037: 241 s, epochs used 100 100 100 100 100 100 100 100 100 100 100 100 100 100 100 100 100 100 100, loss 835928.2 (homogeneous 842344.8)
clgrid_20-15-10_adam_cl_start_s2037: 128 s, epochs used 0 36 0 42 37 46 145 44 2 13 1 0 11 1 1 1 0 0 6, loss 840179.3 (homogeneous 842344.8)
clgrid_20_sgd_cl_start_s2038: 301 s, epochs used 0 59 77 44 198 498 500 500 0 161 0 2 79 6 0 0 0 0 0, loss 839942.7 (homogeneous 842344.8)
clgrid_20_nadam_cl_paper_s2038: 248 s, epochs used 100 100 100 100 100 100 100 100 100 100 100 100 100 100 100 100 100 100 100, loss 836454.2 (homogeneous 842344.8)
clgrid_20-20-15_rmsprop_cl_start_s2038: 144 s, epochs used 3 16 46 10 136 28 164 119 3 16 2 1 13 4 0 2 0 0 0, loss 838882.9 (homogeneous 842344.8)
clgrid_20-20-15_nadam_cl_start_s2038: 127 s, epochs used 1 25 53 18 37 36 75 64 2 17 3 2 13 2 1 1 0 0 0, loss 839594.8 (homogeneous 842344.8)
clgrid_20-15-10_adagrad_cl_paper_s2038: 243 s, epochs used 100 100 100 100 100 100 100 100 100 100 100 100 100 100 100 100 100 100 100, loss 835127.8 (homogeneous 842344.8)
clgrid_20-15-10_nadam_cl_start_s2038: 148 s, epochs used 0 33 64 18 46 61 148 30 0 26 1 20 12 1 0 0 0 0 0, loss 839705.1 (homogeneous 842344.8)
==== 2026-10-10 13:27:42 start si_calendar.nncl.cl_grid slot 9
[1] 1200
WARNING: All log messages before absl::InitializeLog() is called are written to STDERR
I0000 00:00:1791631669.724537   16664 port.cc:153] oneDNN custom operations are on. You may see slightly different numerical results due to floating-point round-off errors from different computation orders. To turn them off, set the environment variable `TF_ENABLE_ONEDNN_OPTS=0`.
WARNING: All log messages before absl::InitializeLog() is called are written to STDERR
I0000 00:00:1791631673.868972   16664 port.cc:153] oneDNN custom operations are on. You may see slightly different numerical results due to floating-point round-off errors from different computation orders. To turn them off, set the environment variable `TF_ENABLE_ONEDNN_OPTS=0`.
WARNING:tensorflow:From C:\Users\26196425\Work\MASTER~3\env\Lib\site-packages\keras\src\backend\common\global_state.py:82: The name tf.reset_default_graph is deprecated. Please use tf.compat.v1.reset_default_graph instead.

WARNING:tensorflow:TensorFlow GPU support is not available on native Windows for TensorFlow >= 2.11. Even if CUDA/cuDNN are installed, GPU will not be used. Please use WSL2 or the TensorFlow-DirectML plugin.
WARNING:tensorflow:5 out of the last 7 calls to <function TensorFlowTrainer.make_predict_function.<locals>.one_step_on_data_distributed at 0x0000021D5E5EBB00> triggered tf.function retracing. Tracing is expensive and the excessive number of tracings could be due to (1) creating @tf.function repeatedly in a loop, (2) passing tensors with different shapes, (3) passing Python objects instead of tensors. For (1), please define your @tf.function outside of the loop. For (2), @tf.function has reduce_retracing=True option that can avoid unnecessary retracing. For (3), please refer to https://www.tensorflow.org/guide/function#controlling_retracing and https://www.tensorflow.org/api_docs/python/tf/function for  more details.
WARNING:tensorflow:6 out of the last 8 calls to <function TensorFlowTrainer.make_predict_function.<locals>.one_step_on_data_distributed at 0x0000021D5E5EBB00> triggered tf.function retracing. Tracing is expensive and the excessive number of tracings could be due to (1) creating @tf.function repeatedly in a loop, (2) passing tensors with different shapes, (3) passing Python objects instead of tensors. For (1), please define your @tf.function outside of the loop. For (2), @tf.function has reduce_retracing=True option that can avoid unnecessary retracing. For (3), please refer to https://www.tensorflow.org/guide/function#controlling_retracing and https://www.tensorflow.org/api_docs/python/tf/function for  more details.
clgrid_20_adadelta_cl_start_s2039: 119 s, epochs used 0 24 60 30 33 145 57 34 4 47 2 1 15 0 0 0 0 0 0, loss 839601.6 (homogeneous 842344.8)
