==== 2026-10-08 16:30:13 start status.benchmark slot 3
 id                                                                stage kind   state   runs done to_do sessions seconds seconds_from seconds_runs slot_hours hours
 keras.check                                                       0     single done       1  1      0  0          10.0  own           1             0.00      0.00
 baseline.simulation                                               0     single done       1  1      0  0         590.0  own           1             0.00      0.00
 baseline.fingerprint                                              0     single done       1  1      0  0          15.0  own           1             0.00      0.00
 baseline.triangles                                                0     single done       1  1      0  0          10.0  own           1             0.00      0.00
 baseline.nncl.cells                                               0     single done       1  1      0  0          10.0  own           1             0.00      0.00
 baseline.nncl_numeric.cells                                       0     single done       1  1      0  0          10.0  own           1             0.00      0.00
 baseline.description                                              0     single done       1  1      0  0          20.0  own           1             0.00      0.00
 baseline.features                                                 0     single done       1  1      0  0          35.0  own           1             0.00      0.00
 baseline.mack                                                     0     single done       1  1      0  0           5.0  own           1             0.00      0.00
 baseline.odp                                                      0     single done       1  1      0  0          55.0  own           1             0.00      0.00
 si_calendar.simulation                                            0     single done       1  1      0  0         620.0  own           1             0.00      0.00
 si_calendar.fingerprint                                           0     single done       1  1      0  0          15.0  own           1             0.00      0.00
 si_calendar.triangles                                             0     single done       1  1      0  0          10.0  own           1             0.00      0.00
 si_calendar.nncl.cells                                            0     single done       1  1      0  0          10.0  own           1             0.00      0.00
 si_calendar.nncl_numeric.cells                                    0     single done       1  1      0  0          10.0  own           1             0.00      0.00
 si_calendar.description                                           0     single done       1  1      0  0          20.0  own           1             0.00      0.00
 si_calendar.features                                              0     single done       1  1      0  0          35.0  own           1             0.00      0.00
 si_calendar.mack                                                  0     single done       1  1      0  0           5.0  own           1             0.00      0.00
 si_calendar.odp                                                   0     single done       1  1      0  0          45.0  own           1             0.00      0.00
 long_reporting.simulation                                         0     single done       1  1      0  0         590.0  own           1             0.00      0.00
 long_reporting.fingerprint                                        0     single done       1  1      0  0          15.0  own           1             0.00      0.00
 long_reporting.triangles                                          0     single done       1  1      0  0          10.0  own           1             0.00      0.00
 long_reporting.nncl.cells                                         0     single done       1  1      0  0          10.0  own           1             0.00      0.00
 long_reporting.nncl_numeric.cells                                 0     single done       1  1      0  0          10.0  own           1             0.00      0.00
 long_reporting.description                                        0     single done       1  1      0  0          20.0  own           1             0.00      0.00
 long_reporting.features                                           0     single done       1  1      0  0          35.0  own           1             0.00      0.00
 long_reporting.mack                                               0     single done       1  1      0  0           5.0  own           1             0.00      0.00
 long_reporting.odp                                                0     single done       1  1      0  0          30.0  own           1             0.00      0.00
 baseline.bccnn.fit.rolling_origin_refit                           1     single done       1  1      0  0         264.0  own           1             0.00      0.00
 baseline.bccnn.fit.rolling_origin_partition                       1     single done       1  1      0  0         203.0  own           1             0.00      0.00
 baseline.bccnn.fit.claims_split_refit                             1     single done       1  1      0  0          92.0  own           1             0.00      0.00
 baseline.nncl.main                                                1     queue  done       6  6      0  0         324.0  own           6             0.00      0.00
 baseline.nncl.main.analysis                                       1     single done       1  1      0  0          15.0  own           1             0.00      0.00
 baseline.nncl_numeric.main                                        1     queue  done       6  6      0  0         334.0  own           6             0.00      0.00
 baseline.nncl_numeric.main.analysis                               1     single done       1  1      0  0          15.0  own           1             0.00      0.00
 baseline.bccnn.partitions                                         1     single done       1  1      0  0           5.0  own           1             0.00      0.00
 baseline.nncl.partition                                           1     single done       1  1      0  0          10.0  own           1             0.00      0.00
 si_calendar.bccnn.fit.rolling_origin_refit                        1     single done       1  1      0  0         280.0  own           1             0.00      0.00
 si_calendar.bccnn.fit.rolling_origin_partition                    1     single done       1  1      0  0         203.0  own           1             0.00      0.00
 si_calendar.bccnn.fit.claims_split_refit                          1     single done       1  1      0  0         117.0  own           1             0.00      0.00
 si_calendar.nncl.main                                             1     queue  done       6  6      0  0         295.4  own           6             0.00      0.00
 si_calendar.nncl.main.analysis                                    1     single done       1  1      0  0          15.0  own           1             0.00      0.00
 si_calendar.nncl_numeric.main                                     1     queue  done       6  6      0  0         311.0  own           6             0.00      0.00
 si_calendar.nncl_numeric.main.analysis                            1     single done       1  1      0  0          15.0  own           1             0.00      0.00
 si_calendar.bccnn.partitions                                      1     single done       1  1      0  0           5.0  own           1             0.00      0.00
 si_calendar.nncl.partition                                        1     single done       1  1      0  0          10.0  own           1             0.00      0.00
 long_reporting.bccnn.fit.rolling_origin_refit                     1     single done       1  1      0  0         275.0  own           1             0.00      0.00
 long_reporting.bccnn.fit.rolling_origin_partition                 1     single done       1  1      0  0         203.0  own           1             0.00      0.00
 long_reporting.bccnn.fit.claims_split_refit                       1     single done       1  1      0  0         127.0  own           1             0.00      0.00
 long_reporting.nncl.main                                          1     queue  done       6  6      0  0         302.4  own           6             0.00      0.00
 long_reporting.nncl.main.analysis                                 1     single done       1  1      0  0          15.0  own           1             0.00      0.00
 long_reporting.nncl_numeric.main                                  1     queue  done       6  6      0  0         273.8  own           6             0.00      0.00
 long_reporting.nncl_numeric.main.analysis                         1     single done       1  1      0  0          15.0  own           1             0.00      0.00
 long_reporting.bccnn.partitions                                   1     single done       1  1      0  0           5.0  own           1             0.00      0.00
 long_reporting.nncl.partition                                     1     single done       1  1      0  0          10.0  own           1             0.00      0.00
 baseline.bccnn.bootstrap.rolling_origin_refit.benchmark           2     queue  done       1  1      0  0         583.0  own          17             0.00      0.00
 baseline.bccnn.bootstrap.rolling_origin_partition.benchmark       2     queue  done       1  1      0  0         580.9  own           2             0.00      0.00
 baseline.bccnn.bootstrap.claims_split_refit.benchmark             2     queue  done       1  1      0  0         138.5  own           1             0.00      0.00
 baseline.bccnn.masking.benchmark                                  2     queue  done       1  1      0  0          76.0  own           1             0.00      0.00
 baseline.nncl.grid.benchmark                                      2     queue  done       1  1      0  0         245.7  own           1             0.00      0.00
 baseline.nncl.cl_grid.benchmark                                   2     queue  done       1  1      0  0         247.8  own           1             0.00      0.00
 baseline.nncl_numeric.grid.benchmark                              2     queue  done       1  1      0  0         249.3  own           1             0.00      0.00
 baseline.nncl_numeric.cl_grid.benchmark                           2     queue  done       1  1      0  0         247.2  own           1             0.00      0.00
 baseline.bccnn.grid.benchmark                                     2     queue  done       1  1      0  0         780.2  own           1             0.00      0.00
 si_calendar.bccnn.bootstrap.rolling_origin_refit.benchmark        2     queue  done       1  1      0  0         574.8  own           1             0.00      0.00
 si_calendar.bccnn.bootstrap.rolling_origin_partition.benchmark    2     queue  done       1  1      0  0         572.0  own           1             0.00      0.00
 si_calendar.bccnn.bootstrap.claims_split_refit.benchmark          2     queue  done       1  1      0  0        1463.2  own           1             0.00      0.00
 si_calendar.bccnn.masking.benchmark                               2     queue  done       1  1      0  0          97.0  own           1             0.00      0.00
 si_calendar.nncl.grid.benchmark                                   2     queue  done       1  1      0  0         248.7  own           1             0.00      0.00
 si_calendar.nncl.cl_grid.benchmark                                2     queue  done       1  1      0  0         249.6  own           1             0.00      0.00
 si_calendar.nncl_numeric.grid.benchmark                           2     queue  done       1  1      0  0         249.9  own           1             0.00      0.00
 si_calendar.nncl_numeric.cl_grid.benchmark                        2     queue  done       1  1      0  0         247.6  own           1             0.00      0.00
 si_calendar.bccnn.grid.benchmark                                  2     queue  done       1  1      0  0         978.1  own           1             0.00      0.00
 long_reporting.bccnn.bootstrap.rolling_origin_refit.benchmark     2     queue  done       1  1      0  0         106.7  own           1             0.00      0.00
 long_reporting.bccnn.bootstrap.rolling_origin_partition.benchmark 2     queue  done       1  1      0  0         107.5  own           1             0.00      0.00
 long_reporting.bccnn.bootstrap.claims_split_refit.benchmark       2     queue  done       1  1      0  0        2018.5  own           1             0.00      0.00
 long_reporting.bccnn.masking.benchmark                            2     queue  done       1  1      0  0         106.5  own           1             0.00      0.00
 long_reporting.nncl.grid.benchmark                                2     queue  done       1  1      0  0         250.0  own           1             0.00      0.00
 long_reporting.nncl.cl_grid.benchmark                             2     queue  done       1  1      0  0         256.9  own           1             0.00      0.00
 long_reporting.nncl_numeric.grid.benchmark                        2     queue  done       1  1      0  0         247.8  own           1             0.00      0.00
 long_reporting.nncl_numeric.cl_grid.benchmark                     2     queue  done       1  1      0  0         250.3  own           1             0.00      0.00
 long_reporting.bccnn.grid.benchmark                               2     queue  done       1  1      0  0         881.6  own           1             0.00      0.00
 status.benchmark                                                  2     single done       1  1      0  0            NA                0             0.00      0.00
 baseline.bccnn.search                                             3     single running    1  0      1  1            NA                0               NA        NA
 baseline.bccnn.bootstrap.rolling_origin_refit                     3     queue  running   20 17      3  3         583.0  own          17             0.49      0.16
 baseline.bccnn.bootstrap.rolling_origin_refit.analysis            3     single waiting    1  0      1  0            NA                0               NA        NA
 baseline.bccnn.bootstrap.rolling_origin_partition                 3     queue  running   20  2     18  7         580.9  own           2             2.95      0.25
 baseline.bccnn.bootstrap.rolling_origin_partition.analysis        3     single waiting    1  0      1  0            NA                0               NA        NA
 baseline.bccnn.bootstrap.claims_split_refit                       3     queue  waiting   20  1     19  0         138.5  own           1             0.78      0.07
 baseline.bccnn.bootstrap.claims_split_refit.analysis              3     single waiting    1  0      1  0            NA                0               NA        NA
 baseline.bccnn.masking                                            3     queue  waiting   20  1     19  0          76.0  own           1             0.43      0.04
 baseline.bccnn.masking.analysis                                   3     single waiting    1  0      1  0            NA                0               NA        NA
 baseline.timings.stage3                                           3     single done       1  1      0  0           5.0  own           1             0.00      0.00
 si_calendar.bccnn.search                                          3     single waiting    1  0      1  0            NA                0               NA        NA
 si_calendar.bccnn.bootstrap.rolling_origin_refit                  3     queue  waiting   20  1     19  0         574.8  own           1             3.09      0.26
 si_calendar.bccnn.bootstrap.rolling_origin_refit.analysis         3     single waiting    1  0      1  0            NA                0               NA        NA
 si_calendar.bccnn.bootstrap.rolling_origin_partition              3     queue  waiting   20  1     19  0         572.0  own           1             3.07      0.26
 si_calendar.bccnn.bootstrap.rolling_origin_partition.analysis     3     single waiting    1  0      1  0            NA                0               NA        NA
 si_calendar.bccnn.bootstrap.claims_split_refit                    3     queue  waiting   20  1     19  0        1463.2  own           1             7.78      0.65
 si_calendar.bccnn.bootstrap.claims_split_refit.analysis           3     single waiting    1  0      1  0            NA                0               NA        NA
 si_calendar.bccnn.masking                                         3     queue  waiting   20  1     19  0          97.0  own           1             0.55      0.05
 si_calendar.bccnn.masking.analysis                                3     single waiting    1  0      1  0            NA                0               NA        NA
 si_calendar.timings.stage3                                        3     single done       1  1      0  0           5.0  own           1             0.00      0.00
 long_reporting.bccnn.search                                       3     single waiting    1  0      1  0            NA                0               NA        NA
 long_reporting.bccnn.bootstrap.rolling_origin_refit               3     queue  waiting   20  1     19  0         106.7  own           1             0.62      0.05
 long_reporting.bccnn.bootstrap.rolling_origin_refit.analysis      3     single waiting    1  0      1  0            NA                0               NA        NA
 long_reporting.bccnn.bootstrap.rolling_origin_partition           3     queue  waiting   20  1     19  0         107.5  own           1             0.62      0.05
 long_reporting.bccnn.bootstrap.rolling_origin_partition.analysis  3     single waiting    1  0      1  0            NA                0               NA        NA
 long_reporting.bccnn.bootstrap.claims_split_refit                 3     queue  waiting   20  1     19  0        2018.5  own           1            10.71      0.89
 long_reporting.bccnn.bootstrap.claims_split_refit.analysis        3     single waiting    1  0      1  0            NA                0               NA        NA
 long_reporting.bccnn.masking                                      3     queue  waiting   20  1     19  0         106.5  own           1             0.60      0.05
 long_reporting.bccnn.masking.analysis                             3     single waiting    1  0      1  0            NA                0               NA        NA
 long_reporting.timings.stage3                                     3     single done       1  1      0  0           5.0  own           1             0.00      0.00
 baseline.nncl.grid                                                4     queue  waiting 1200  1   1199  0         248.6  alike         6            83.21      6.93
 baseline.nncl.grid.analysis                                       4     single waiting    1  0      1  0          15.0  alike         6             0.00      0.00
 status.nncl.grid                                                  4     single waiting    1  0      1  0            NA                0               NA        NA
 baseline.nncl.cl_grid                                             4     queue  waiting 1200  1   1199  0         249.9  alike         6            83.65      6.97
 baseline.nncl.cl_grid.analysis                                    4     single waiting    1  0      1  0          15.0  alike         6             0.00      0.00
 status.nncl.cl_grid                                               4     single waiting    1  0      1  0            NA                0               NA        NA
 si_calendar.nncl.grid                                             4     queue  waiting 1200  1   1199  0         248.6  alike         6            83.21      6.93
 si_calendar.nncl.grid.analysis                                    4     single waiting    1  0      1  0          15.0  alike         6             0.00      0.00
 si_calendar.nncl.cl_grid                                          4     queue  waiting 1200  1   1199  0         249.9  alike         6            83.65      6.97
 si_calendar.nncl.cl_grid.analysis                                 4     single waiting    1  0      1  0          15.0  alike         6             0.00      0.00
 long_reporting.nncl.grid                                          4     queue  waiting 1200  1   1199  0         248.6  alike         6            83.21      6.93
 long_reporting.nncl.grid.analysis                                 4     single waiting    1  0      1  0          15.0  alike         6             0.00      0.00
 long_reporting.nncl.cl_grid                                       4     queue  waiting 1200  1   1199  0         249.9  alike         6            83.65      6.97
 long_reporting.nncl.cl_grid.analysis                              4     single waiting    1  0      1  0          15.0  alike         6             0.00      0.00
 baseline.nncl.search.cl_start                                     5     single waiting    1  0      1  0            NA                0               NA        NA
 baseline.nncl.search.paper                                        5     single waiting    1  0      1  0            NA                0               NA        NA
 baseline.nncl.search.early_stop                                   5     single waiting    1  0      1  0            NA                0               NA        NA
 si_calendar.nncl.search.cl_start                                  5     single waiting    1  0      1  0            NA                0               NA        NA
 si_calendar.nncl.search.paper                                     5     single waiting    1  0      1  0            NA                0               NA        NA
 si_calendar.nncl.search.early_stop                                5     single waiting    1  0      1  0            NA                0               NA        NA
 long_reporting.nncl.search.cl_start                               5     single waiting    1  0      1  0            NA                0               NA        NA
 long_reporting.nncl.search.paper                                  5     single waiting    1  0      1  0            NA                0               NA        NA
 long_reporting.nncl.search.early_stop                             5     single waiting    1  0      1  0            NA                0               NA        NA
 baseline.nncl_numeric.grid                                        6     queue  waiting 1200  1   1199  0         248.6  alike         6            83.21      6.93
 baseline.nncl_numeric.grid.analysis                               6     single waiting    1  0      1  0          15.0  alike         6             0.00      0.00
 baseline.nncl_numeric.cl_grid                                     6     queue  waiting 1200  1   1199  0         249.9  alike         6            83.65      6.97
 baseline.nncl_numeric.cl_grid.analysis                            6     single waiting    1  0      1  0          15.0  alike         6             0.00      0.00
 baseline.nncl.age_coding                                          6     single waiting    1  0      1  0            NA                0               NA        NA
 si_calendar.nncl_numeric.grid                                     6     queue  waiting 1200  1   1199  0         248.6  alike         6            83.21      6.93
 si_calendar.nncl_numeric.grid.analysis                            6     single waiting    1  0      1  0          15.0  alike         6             0.00      0.00
 si_calendar.nncl_numeric.cl_grid                                  6     queue  waiting 1200  1   1199  0         249.9  alike         6            83.65      6.97
 si_calendar.nncl_numeric.cl_grid.analysis                         6     single waiting    1  0      1  0          15.0  alike         6             0.00      0.00
 si_calendar.nncl.age_coding                                       6     single waiting    1  0      1  0            NA                0               NA        NA
 long_reporting.nncl_numeric.grid                                  6     queue  waiting 1200  1   1199  0         248.6  alike         6            83.21      6.93
 long_reporting.nncl_numeric.grid.analysis                         6     single waiting    1  0      1  0          15.0  alike         6             0.00      0.00
 long_reporting.nncl_numeric.cl_grid                               6     queue  waiting 1200  1   1199  0         249.9  alike         6            83.65      6.97
 long_reporting.nncl_numeric.cl_grid.analysis                      6     single waiting    1  0      1  0          15.0  alike         6             0.00      0.00
 long_reporting.nncl.age_coding                                    6     single waiting    1  0      1  0            NA                0               NA        NA
 baseline.nncl_numeric.search.cl_start                             7     single waiting    1  0      1  0            NA                0               NA        NA
 baseline.nncl_numeric.search.paper                                7     single waiting    1  0      1  0            NA                0               NA        NA
 baseline.nncl_numeric.search.early_stop                           7     single waiting    1  0      1  0            NA                0               NA        NA
 si_calendar.nncl_numeric.search.cl_start                          7     single waiting    1  0      1  0            NA                0               NA        NA
 si_calendar.nncl_numeric.search.paper                             7     single waiting    1  0      1  0            NA                0               NA        NA
 si_calendar.nncl_numeric.search.early_stop                        7     single waiting    1  0      1  0            NA                0               NA        NA
 long_reporting.nncl_numeric.search.cl_start                       7     single waiting    1  0      1  0            NA                0               NA        NA
 long_reporting.nncl_numeric.search.paper                          7     single waiting    1  0      1  0            NA                0               NA        NA
 long_reporting.nncl_numeric.search.early_stop                     7     single waiting    1  0      1  0            NA                0               NA        NA
 baseline.bccnn.grid                                               8     queue  waiting 2880  1   2879  0         880.0  alike         3           704.14     58.68
 baseline.bccnn.grid.analysis                                      8     single waiting    1  0      1  0            NA                0               NA        NA
 status.bccnn.grid                                                 8     single waiting    1  0      1  0            NA                0               NA        NA
 si_calendar.bccnn.grid                                            8     queue  waiting 2880  1   2879  0         880.0  alike         3           704.14     58.68
 si_calendar.bccnn.grid.analysis                                   8     single waiting    1  0      1  0            NA                0               NA        NA
 long_reporting.bccnn.grid                                         8     queue  waiting 2880  1   2879  0         880.0  alike         3           704.14     58.68
 long_reporting.bccnn.grid.analysis                                8     single waiting    1  0      1  0            NA                0               NA        NA
 baseline.timings.final                                            9     single waiting    1  0      1  0           5.0  alike         3             0.00      0.00
 si_calendar.timings.final                                         9     single waiting    1  0      1  0           5.0  alike         3             0.00      0.00
 long_reporting.timings.final                                      9     single waiting    1  0      1  0           5.0  alike         3             0.00      0.00
 status.final                                                      9     single waiting    1  0      1  0            NA                0               NA        NA
   stage tasks tasks_done failed  runs runs_done no_time slot_hours  hours  days
1      0    28         28      0     0         0       0       0.00   0.00  0.00
2      1    27         27      0    36        36       0       0.00   0.00  0.00
3      2    28         28      0    27        27       0       0.00   0.00  0.00
4      3    30          3      0   228        17      15      31.68   2.64  0.11
5      4    14          0      0  7194         0       2     500.59  41.72  1.74
6      5     9          0      0     0         0       9       0.00   0.00  0.00
7      6    15          0      0  7194         0       3     500.59  41.72  1.74
8      7     9          0      0     0         0       9       0.00   0.00  0.00
9      8     7          0      0  8637         0       4    2112.41 176.03  7.33
10     9     4          0      0     0         0       1       0.00   0.00  0.00
11   all   171         86      0 23316        80      43    3145.27 262.11 10.92
2026-10-08 16:30: 86 of 171 tasks done, 0 failed; 11 R sessions running; 12 slots (RUN_WORKERS)
work left: 3145.3 slot hours, at least 262.1 hours (10.9 days); end at the earliest: 2026-10-19 14:36
to do without a time yet (not in the hours): 0 runs of 0 queues, 43 other tasks
queues to do with a time from less than 5% of their runs: 15 (the first runs of a grid are its cheapest: their hours are too low)
