2026-10-08 11:40:41  ==== smoke test: 4 slots, RUN_ROOT /home/user/Masters-Research-R/final-run-results/results, parts data+nncl
2026-10-08 11:40:45  progress tasks 0 of 110 done, 0 failed, 0 blocked; runs 0 of 144; sessions 0 of 4: 
2026-10-08 11:40:45  start   keras.check slot 1 pid 5316
2026-10-08 11:40:45  start   baseline.simulation slot 2 pid 5317
2026-10-08 11:40:45  start   si_calendar.simulation slot 3 pid 5320
2026-10-08 11:40:45  start   long_reporting.simulation slot 4 pid 5331
2026-10-08 11:40:55  end     keras.check slot 1: exit code 0, 10 s
2026-10-08 11:40:55  done    keras.check
2026-10-08 11:43:53  ==== stopped by SIGTERM: start the launcher again to resume
2026-10-08 11:43:54  stopped baseline.simulation pid 5317
2026-10-08 11:43:54  stopped si_calendar.simulation pid 5320
2026-10-08 11:43:54  stopped long_reporting.simulation pid 5331
2026-10-08 11:43:57  ==== smoke test: 4 slots, RUN_ROOT /home/user/Masters-Research-R/final-run-results/results, parts data+nncl_main
2026-10-08 11:44:01  progress tasks 1 of 50 done, 0 failed, 0 blocked; runs 0 of 36; sessions 0 of 4: 
2026-10-08 11:44:01  start   baseline.simulation slot 1 pid 5664
2026-10-08 11:44:01  start   si_calendar.simulation slot 2 pid 5665
2026-10-08 11:44:01  start   long_reporting.simulation slot 3 pid 5667
2026-10-08 11:49:01  progress tasks 1 of 50 done, 0 failed, 0 blocked; runs 0 of 36; sessions 3 of 4: baseline.simulation x1, long_reporting.simulation x1, si_calendar.simulation x1
2026-10-08 11:54:01  end     long_reporting.simulation slot 3: exit code 0, 600 s
2026-10-08 11:54:01  done    long_reporting.simulation
2026-10-08 11:54:01  start   long_reporting.fingerprint slot 3 pid 6169
2026-10-08 11:54:01  progress tasks 2 of 50 done, 0 failed, 0 blocked; runs 0 of 36; sessions 3 of 4: baseline.simulation x1, long_reporting.fingerprint x1, si_calendar.simulation x1
2026-10-08 11:54:06  end     baseline.simulation slot 1: exit code 0, 605 s
2026-10-08 11:54:06  done    baseline.simulation
2026-10-08 11:54:06  start   baseline.fingerprint slot 1 pid 6192
2026-10-08 11:54:16  end     long_reporting.fingerprint slot 3: exit code 0, 15 s
2026-10-08 11:54:16  done    long_reporting.fingerprint
2026-10-08 11:54:16  start   long_reporting.triangles slot 3 pid 6227
2026-10-08 11:54:16  start   long_reporting.nncl.cells slot 4 pid 6228
2026-10-08 11:54:21  end     baseline.fingerprint slot 1: exit code 0, 15 s
2026-10-08 11:54:21  done    baseline.fingerprint
2026-10-08 11:54:21  start   baseline.triangles slot 1 pid 6262
2026-10-08 11:54:26  end     long_reporting.triangles slot 3: exit code 0, 10 s
2026-10-08 11:54:26  done    long_reporting.triangles
2026-10-08 11:54:26  end     long_reporting.nncl.cells slot 4: exit code 0, 10 s
2026-10-08 11:54:26  done    long_reporting.nncl.cells
2026-10-08 11:54:26  start   baseline.nncl.cells slot 3 pid 6278
2026-10-08 11:54:26  start   baseline.description slot 4 pid 6279
2026-10-08 11:54:31  end     baseline.triangles slot 1: exit code 0, 10 s
2026-10-08 11:54:31  done    baseline.triangles
2026-10-08 11:54:31  start   baseline.features slot 1 pid 6356
2026-10-08 11:54:36  end     baseline.nncl.cells slot 3: exit code 0, 10 s
2026-10-08 11:54:36  done    baseline.nncl.cells
2026-10-08 11:54:36  start   baseline.nncl_numeric.cells slot 3 pid 6374
2026-10-08 11:54:41  end     si_calendar.simulation slot 2: exit code 0, 640 s
2026-10-08 11:54:41  done    si_calendar.simulation
2026-10-08 11:54:41  start   baseline.mack slot 2 pid 6400
2026-10-08 11:54:46  end     baseline.mack slot 2: exit code 0, 5 s
2026-10-08 11:54:46  done    baseline.mack
2026-10-08 11:54:46  end     baseline.nncl_numeric.cells slot 3: exit code 0, 10 s
2026-10-08 11:54:46  done    baseline.nncl_numeric.cells
2026-10-08 11:54:46  end     baseline.description slot 4: exit code 0, 20 s
2026-10-08 11:54:46  done    baseline.description
2026-10-08 11:54:46  start   baseline.odp slot 2 pid 6449
2026-10-08 11:54:46  start   si_calendar.fingerprint slot 3 pid 6451
2026-10-08 11:54:46  start   long_reporting.nncl_numeric.cells slot 4 pid 6457
2026-10-08 11:54:56  end     baseline.odp slot 2: exit code 0, 10 s
2026-10-08 11:54:56  done    baseline.odp
2026-10-08 11:54:56  end     long_reporting.nncl_numeric.cells slot 4: exit code 0, 10 s
2026-10-08 11:54:56  done    long_reporting.nncl_numeric.cells
2026-10-08 11:54:56  start   long_reporting.description slot 2 pid 6492
2026-10-08 11:54:56  start   long_reporting.features slot 4 pid 6494
2026-10-08 11:55:01  end     si_calendar.fingerprint slot 3: exit code 0, 15 s
2026-10-08 11:55:01  done    si_calendar.fingerprint
2026-10-08 11:55:01  start   si_calendar.triangles slot 3 pid 6532
