==== 2026-10-08 15:24:54 start baseline.nncl.search.early_stop slot 6
==== early_stop: successive search
WARNING: All log messages before absl::InitializeLog() is called are written to STDERR
I0000 00:00:1791465901.742939   15724 port.cc:153] oneDNN custom operations are on. You may see slightly different numerical results due to floating-point round-off errors from different computation orders. To turn them off, set the environment variable `TF_ENABLE_ONEDNN_OPTS=0`.
WARNING: All log messages before absl::InitializeLog() is called are written to STDERR
I0000 00:00:1791465904.996437   15724 port.cc:153] oneDNN custom operations are on. You may see slightly different numerical results due to floating-point round-off errors from different computation orders. To turn them off, set the environment variable `TF_ENABLE_ONEDNN_OPTS=0`.
WARNING:tensorflow:From C:\Users\26196425\Work\MASTER~3\env\Lib\site-packages\keras\src\backend\common\global_state.py:82: The name tf.reset_default_graph is deprecated. Please use tf.compat.v1.reset_default_graph instead.

WARNING:tensorflow:TensorFlow GPU support is not available on native Windows for TensorFlow >= 2.11. Even if CUDA/cuDNN are installed, GPU will not be used. Please use WSL2 or the TensorFlow-DirectML plugin.
WARNING:tensorflow:5 out of the last 7 calls to <function TensorFlowTrainer.make_predict_function.<locals>.one_step_on_data_distributed at 0x00000162CB81BBA0> triggered tf.function retracing. Tracing is expensive and the excessive number of tracings could be due to (1) creating @tf.function repeatedly in a loop, (2) passing tensors with different shapes, (3) passing Python objects instead of tensors. For (1), please define your @tf.function outside of the loop. For (2), @tf.function has reduce_retracing=True option that can avoid unnecessary retracing. For (3), please refer to https://www.tensorflow.org/guide/function#controlling_retracing and https://www.tensorflow.org/api_docs/python/tf/function for  more details.
WARNING:tensorflow:6 out of the last 8 calls to <function TensorFlowTrainer.make_predict_function.<locals>.one_step_on_data_distributed at 0x00000162CB81BBA0> triggered tf.function retracing. Tracing is expensive and the excessive number of tracings could be due to (1) creating @tf.function repeatedly in a loop, (2) passing tensors with different shapes, (3) passing Python objects instead of tensors. For (1), please define your @tf.function outside of the loop. For (2), @tf.function has reduce_retracing=True option that can avoid unnecessary retracing. For (3), please refer to https://www.tensorflow.org/guide/function#controlling_retracing and https://www.tensorflow.org/api_docs/python/tf/function for  more details.
15:26 dropout=0: score 12.4783 (baseline 6.74986), 95 s
15:28 dropout=0.1: score 128438 (baseline 6.74986), 100 s
  dropout       label        score score_sd n_seeds score_baseline
1       0   dropout=0     12.47834       NA       1       6.749863
2     0.1 dropout=0.1 128437.89728       NA       1       6.749863
  ratio_to_baseline mean_steps_15 mean_steps_18
1          1.848681            10            10
2      19028.223303            10            10
  step   tuned     label    score
1    0   start dropout=0 12.47834
2    1 dropout dropout=0 12.47834
early_stop chosen: dropout=0
              model    reserves true_reserves         bias     bias_pct   units
1         seed 2026  111056.311      9626.776  101429.5348  1053.618942 1000000
2         seed 2027 6146721.003      9626.776 6137094.2274 63750.255199 1000000
3 nagging predictor  643787.124      9626.776  634160.3480  6587.463468 1000000
4 Mack chain ladder    9479.361      9626.776    -147.4154    -1.531306 1000000
