==== 2026-10-08 15:43:16 start baseline.timings.final slot 4
     model                                     task  runs  fits networks
    <char>                                   <char> <int> <int>    <num>
 1:  bccnn             bccnn.fit.claims_split_refit     1     2        2
 2:  bccnn       bccnn.fit.rolling_origin_partition     1     3        3
 3:  bccnn           bccnn.fit.rolling_origin_refit     1     6        6
 4:  bccnn       bccnn.bootstrap.claims_split_refit     2     8        8
 5:  bccnn bccnn.bootstrap.rolling_origin_partition     2     8        8
 6:  bccnn     bccnn.bootstrap.rolling_origin_refit     2     8        8
 7:  bccnn                            bccnn.masking     2     4        4
 8:  bccnn                             bccnn.search     4    20       20
 9:  bccnn                               bccnn.grid     8    99       99
10:   nncl                             nncl.cl_grid     8   152      152
11:   nncl                                nncl.grid     8   152      152
12:   nncl                                nncl.main     6   114      114
13:   nncl                     nncl.search.cl_start     4    42      100
14:   nncl                   nncl.search.early_stop     4    42      100
15:   nncl                        nncl.search.paper     4    42      100
16:   nncl                     nncl_numeric.cl_grid     8   152      152
17:   nncl                        nncl_numeric.grid     8   152      152
18:   nncl                        nncl_numeric.main     6   114      114
19:   nncl             nncl_numeric.search.cl_start     4    42      100
20:   nncl           nncl_numeric.search.early_stop     4    42      100
21:   nncl                nncl_numeric.search.paper     4    42      100
     model                                     task  runs  fits networks
    <char>                                   <char> <int> <int>    <num>
    hours_fit hours_run seconds_per_epoch
        <num>     <num>             <num>
 1:    0.0025    0.0052            0.0867
 2:    0.0058    0.0086            0.0698
 3:    0.0078    0.0109            0.0770
 4:    0.0027    0.0083            0.5967
 5:    0.0097    0.0150            0.0727
 6:    0.0098    0.0154            0.0737
 7:    0.0052    0.0105            0.0725
 8:    0.0233    0.0268            0.0740
 9:    0.2332    0.2641            0.0669
10:    0.0520    0.0790            0.2042
11:    0.0600    0.0874            0.1920
12:    0.0447    0.0653            0.2301
13:    0.0502    0.0795            0.2698
14:    0.0601    0.0889            0.2142
15:    0.0365    0.0632            0.2670
16:    0.0544    0.0831            0.2127
17:    0.0628    0.0926            0.1995
18:    0.0429    0.0629            0.2239
19:    0.0499    0.0755            0.2961
20:    0.0609    0.0863            0.2207
21:    0.0372    0.0626            0.2699
    hours_fit hours_run seconds_per_epoch
        <num>     <num>             <num>
      rows of timings_epochs rows of timings_epoch_blocks 
                        9552                          268 
