==== 2026-10-08 11:54:26 start baseline.nncl.cells slot 3
                            cells                  feature values x 
                             3342                               226 
        observed cells with C < 0         diagonal cells with C = 0 
                                0                                16 
            claims of these cells payments after development year J 
                               23                                39 
claims not reported at the end of year I (%) 
                                         0.7 
Legal Representation: 2 labels, reference label Y
Injury Severity: 6 labels, reference label 1
Age of Claimant: 5 labels, reference label 30-50
Vehicle type: 4 labels, reference label Passenger
Business use: 2 labels, reference label N
[1] 14
    j n_cells steps  f_hom loss_millions
1   1    2895     1 2.5277      122010.6
2   2    2952     1 1.3263        9756.0
3   3    2817     1 1.1380        4164.3
4   4    2670     1 1.0740        3955.7
5   5    2502     1 1.0422        3797.9
6   6    2336     1 1.0224        1352.9
7   7    2164     1 1.0156         633.9
8   8    1997     1 1.0100         144.8
9   9    1826     1 1.0064         272.2
10 10    1664     1 1.0059          85.6
11 11    1496     1 1.0023          44.4
12 12    1329     1 1.0022          16.4
13 13    1157     1 1.0014           8.0
14 14     984     1 1.0007           5.8
15 15     821     1 1.0005           1.2
16 16     655     1 1.0007           0.4
17 17     486     1 1.0011          39.2
18 18     322     1 1.0000           0.0
19 19     159     1 1.0000           0.0
feature values x with C_{i,0}(x) > 0                 learning cells j = 1 
                                 219                                 2895 
[1] 18 19
    LoB  i j      num den        g pooled    pooled_over g_first
80    1 14 7 8567.045   0 1.012738   TRUE accident years       0
94    1 15 7 8567.045   0 1.012738   TRUE accident years       0
109   1 16 7 8567.045   0 1.012738   TRUE accident years       0
     [,1] [,2] [,3] [,4] [,5] [,6] [,7] [,8] [,9] [,10] [,11] [,12] [,13] [,14]
[1,]    0    0    0    0    0    0    0    0    0     0     0     0     0     0
     [,15] [,16] [,17] [,18] [,19] [,20]
[1,]     0     0     0   4.7   8.8  61.7
zero claims factors              pooled pooled, g_first > 0 
                190                   3                   0 
                       zero claims reserve 
                                      75.3 
of the accident years with a pooled factor 
                                       0.0 
