==== 2026-10-08 15:39:22 start baseline.nncl_numeric.search.early_stop slot 3
==== early_stop: successive search
15:39 dropout=0: score 13.4042 (baseline 6.74986), 96 s
15:39 dropout=0.1: score 44405.4 (baseline 6.74986), 101 s
  dropout       label       score score_sd n_seeds score_baseline
1       0   dropout=0    13.40425       NA       1       6.749863
2     0.1 dropout=0.1 44405.43559       NA       1       6.749863
  ratio_to_baseline mean_steps_15 mean_steps_18
1          1.985855     10.000000     10.000000
2       6578.716736      9.357143      9.470588
  step   tuned     label    score
1    0   start dropout=0 13.40425
2    1 dropout dropout=0 13.40425
early_stop chosen: dropout=0
WARNING: All log messages before absl::InitializeLog() is called are written to STDERR
I0000 00:00:1791466769.993201    4256 port.cc:153] oneDNN custom operations are on. You may see slightly different numerical results due to floating-point round-off errors from different computation orders. To turn them off, set the environment variable `TF_ENABLE_ONEDNN_OPTS=0`.
WARNING: All log messages before absl::InitializeLog() is called are written to STDERR
I0000 00:00:1791466773.663785    4256 port.cc:153] oneDNN custom operations are on. You may see slightly different numerical results due to floating-point round-off errors from different computation orders. To turn them off, set the environment variable `TF_ENABLE_ONEDNN_OPTS=0`.
WARNING:tensorflow:From C:\Users\26196425\Work\MASTER~3\env\Lib\site-packages\keras\src\backend\common\global_state.py:82: The name tf.reset_default_graph is deprecated. Please use tf.compat.v1.reset_default_graph instead.

WARNING:tensorflow:TensorFlow GPU support is not available on native Windows for TensorFlow >= 2.11. Even if CUDA/cuDNN are installed, GPU will not be used. Please use WSL2 or the TensorFlow-DirectML plugin.
WARNING:tensorflow:5 out of the last 7 calls to <function TensorFlowTrainer.make_predict_function.<locals>.one_step_on_data_distributed at 0x0000021DC5A1FBA0> triggered tf.function retracing. Tracing is expensive and the excessive number of tracings could be due to (1) creating @tf.function repeatedly in a loop, (2) passing tensors with different shapes, (3) passing Python objects instead of tensors. For (1), please define your @tf.function outside of the loop. For (2), @tf.function has reduce_retracing=True option that can avoid unnecessary retracing. For (3), please refer to https://www.tensorflow.org/guide/function#controlling_retracing and https://www.tensorflow.org/api_docs/python/tf/function for  more details.
WARNING:tensorflow:6 out of the last 8 calls to <function TensorFlowTrainer.make_predict_function.<locals>.one_step_on_data_distributed at 0x0000021DC5A1FBA0> triggered tf.function retracing. Tracing is expensive and the excessive number of tracings could be due to (1) creating @tf.function repeatedly in a loop, (2) passing tensors with different shapes, (3) passing Python objects instead of tensors. For (1), please define your @tf.function outside of the loop. For (2), @tf.function has reduce_retracing=True option that can avoid unnecessary retracing. For (3), please refer to https://www.tensorflow.org/guide/function#controlling_retracing and https://www.tensorflow.org/api_docs/python/tf/function for  more details.
              model     reserves true_reserves          bias      bias_pct
1         seed 2026 3.146049e+05      9626.776  3.049782e+05  3.168020e+03
2         seed 2027 1.602807e+10      9626.776  1.602806e+10  1.664946e+08
3 nagging predictor 6.384342e+07      9626.776  6.383379e+07  6.630859e+05
4 Mack chain ladder 9.479361e+03      9626.776 -1.474154e+02 -1.531306e+00
    units
1 1000000
2 1000000
3 1000000
4 1000000
