==== 2026-10-08 15:32:26 start baseline.bccnn.grid slot 11
combinations        seeds         runs 
           2            4            8 
lowest validation loss of bCCNN fit.R at step 
                                           60 
                                  fixed steps 
                                           60 
WARNING: All log messages before absl::InitializeLog() is called are written to STDERR
I0000 00:00:1791466353.963483   14228 port.cc:153] oneDNN custom operations are on. You may see slightly different numerical results due to floating-point round-off errors from different computation orders. To turn them off, set the environment variable `TF_ENABLE_ONEDNN_OPTS=0`.
WARNING: All log messages before absl::InitializeLog() is called are written to STDERR
I0000 00:00:1791466357.676562   14228 port.cc:153] oneDNN custom operations are on. You may see slightly different numerical results due to floating-point round-off errors from different computation orders. To turn them off, set the environment variable `TF_ENABLE_ONEDNN_OPTS=0`.
WARNING:tensorflow:From C:\Users\26196425\Work\MASTER~3\env\Lib\site-packages\keras\src\backend\common\global_state.py:82: The name tf.reset_default_graph is deprecated. Please use tf.compat.v1.reset_default_graph instead.

WARNING:tensorflow:TensorFlow GPU support is not available on native Windows for TensorFlow >= 2.11. Even if CUDA/cuDNN are installed, GPU will not be used. Please use WSL2 or the TensorFlow-DirectML plugin.
15:34 grid_20_tanh_d0.1_rmsprop_bfull_s2027: 115 s, steps minimum 2, fixed 60, moving_average 216, patience 2
==== 2026-10-08 15:39:23 start baseline.bccnn.grid slot 11
combinations        seeds         runs 
           2            4            8 
lowest validation loss of bCCNN fit.R at step 
                                           60 
                                  fixed steps 
                                           60 
WARNING: All log messages before absl::InitializeLog() is called are written to STDERR
I0000 00:00:1791466770.121705    4708 port.cc:153] oneDNN custom operations are on. You may see slightly different numerical results due to floating-point round-off errors from different computation orders. To turn them off, set the environment variable `TF_ENABLE_ONEDNN_OPTS=0`.
WARNING: All log messages before absl::InitializeLog() is called are written to STDERR
I0000 00:00:1791466773.816123    4708 port.cc:153] oneDNN custom operations are on. You may see slightly different numerical results due to floating-point round-off errors from different computation orders. To turn them off, set the environment variable `TF_ENABLE_ONEDNN_OPTS=0`.
WARNING:tensorflow:From C:\Users\26196425\Work\MASTER~3\env\Lib\site-packages\keras\src\backend\common\global_state.py:82: The name tf.reset_default_graph is deprecated. Please use tf.compat.v1.reset_default_graph instead.

WARNING:tensorflow:TensorFlow GPU support is not available on native Windows for TensorFlow >= 2.11. Even if CUDA/cuDNN are installed, GPU will not be used. Please use WSL2 or the TensorFlow-DirectML plugin.
15:41 grid_20_tanh_d0.1_rmsprop_b64_s2027: 114 s, steps minimum 46, fixed 60, moving_average 268, patience 46
