==== 2026-10-08 15:29:45 start baseline.nncl_numeric.cl_grid.analysis slot 10
runs of the grids
   grid cl_grid 
      8       8 
nagging predictors 
                 8 
       AY  dev_0  dev_1  dev_2  dev_3  dev_4  dev_5  dev_6  dev_7  dev_8  dev_9
    <int>  <num>  <num>  <num>  <num>  <num>  <num>  <num>  <num>  <num>  <num>
 1:     1  793.2 2008.1 2613.2 3002.8 3179.6 3304.4 3382.1 3440.7 3459.8 3494.9
 2:     2  744.9 1963.4 2611.9 2967.5 3165.7 3286.6 3372.7 3429.8 3453.4 3478.8
 3:     3  801.4 2311.5 2968.9 3387.2 3643.9 3779.6 3847.9 3910.8 3940.9 3958.3
 4:     4  820.8 2023.2 2693.5 3066.7 3306.9 3484.7 3561.3 3631.7 3679.2 3722.5
 5:     5  833.6 2028.9 2693.1 3056.6 3294.3 3417.5 3486.3 3540.6 3583.6 3606.8
 6:     6  872.1 2145.6 2882.1 3258.6 3517.9 3658.8 3746.8 3797.2 3859.5 3887.6
 7:     7  898.2 2231.9 2938.2 3314.5 3568.5 3749.4 3859.2 3910.4 3934.7 3954.7
 8:     8  886.1 2203.7 2897.7 3304.1 3537.9 3736.0 3810.7 3856.9 3886.2 3897.6
 9:     9  891.7 2201.9 2923.5 3417.3 3669.3 3829.1 3897.5 3973.9 4012.4 4038.7
10:    10  897.8 2269.8 3077.0 3491.4 3787.0 3939.9 4035.8 4084.5 4146.8 4176.1
11:    11  940.4 2371.5 3158.3 3579.4 3881.4 4021.3 4120.2 4189.3 4235.0 4247.0
12:    12  952.7 2417.4 3252.8 3680.4 3955.6 4106.2 4178.9 4235.5 4271.0     NA
13:    13  999.6 2482.9 3294.7 3728.5 4003.9 4148.3 4244.7 4314.4     NA     NA
14:    14  921.2 2500.2 3255.5 3715.9 3995.2 4202.6 4300.2     NA     NA     NA
15:    15  978.4 2518.7 3419.1 3878.5 4133.8 4282.9     NA     NA     NA     NA
16:    16  989.1 2484.3 3323.4 3816.9 4071.6     NA     NA     NA     NA     NA
17:    17 1038.1 2654.1 3497.9 3945.0     NA     NA     NA     NA     NA     NA
18:    18 1072.4 2665.6 3534.7     NA     NA     NA     NA     NA     NA     NA
19:    19 1103.0 2746.1     NA     NA     NA     NA     NA     NA     NA     NA
20:    20 1055.8     NA     NA     NA     NA     NA     NA     NA     NA     NA
       AY  dev_0  dev_1  dev_2  dev_3  dev_4  dev_5  dev_6  dev_7  dev_8  dev_9
    <int>  <num>  <num>  <num>  <num>  <num>  <num>  <num>  <num>  <num>  <num>
    dev_10 dev_11 dev_12 dev_13 dev_14 dev_15 dev_16 dev_17 dev_18 dev_19
     <num>  <num>  <num>  <num>  <num>  <num>  <num>  <num>  <num>  <num>
 1: 3511.2 3521.5 3530.7 3535.4 3536.7 3538.1 3542.7 3543.0 3543.0 3543.1
 2: 3495.0 3509.6 3518.2 3522.9 3527.9 3528.6 3530.2 3541.7 3541.7     NA
 3: 3974.2 3984.6 3986.7 3989.9 3991.1 3991.3 3993.5 3993.6     NA     NA
 4: 3750.1 3755.4 3770.8 3772.0 3775.0 3781.6 3783.0     NA     NA     NA
 5: 3632.6 3643.6 3650.7 3656.9 3659.5 3659.9     NA     NA     NA     NA
 6: 3908.1 3914.3 3925.0 3935.6 3938.5     NA     NA     NA     NA     NA
 7: 3969.7 3978.1 3984.5 3990.4     NA     NA     NA     NA     NA     NA
 8: 3919.4 3927.0 3935.2     NA     NA     NA     NA     NA     NA     NA
 9: 4051.1 4056.2     NA     NA     NA     NA     NA     NA     NA     NA
10: 4228.4     NA     NA     NA     NA     NA     NA     NA     NA     NA
11:     NA     NA     NA     NA     NA     NA     NA     NA     NA     NA
12:     NA     NA     NA     NA     NA     NA     NA     NA     NA     NA
13:     NA     NA     NA     NA     NA     NA     NA     NA     NA     NA
14:     NA     NA     NA     NA     NA     NA     NA     NA     NA     NA
15:     NA     NA     NA     NA     NA     NA     NA     NA     NA     NA
16:     NA     NA     NA     NA     NA     NA     NA     NA     NA     NA
17:     NA     NA     NA     NA     NA     NA     NA     NA     NA     NA
18:     NA     NA     NA     NA     NA     NA     NA     NA     NA     NA
19:     NA     NA     NA     NA     NA     NA     NA     NA     NA     NA
20:     NA     NA     NA     NA     NA     NA     NA     NA     NA     NA
    dev_10 dev_11 dev_12 dev_13 dev_14 dev_15 dev_16 dev_17 dev_18 dev_19
     <num>  <num>  <num>  <num>  <num>  <num>  <num>  <num>  <num>  <num>
    ultimate
       <num>
 1:   3543.1
 2:   3542.0
 3:   3994.0
 4:   3783.9
 5:   3663.0
 6:   3941.0
 7:   3995.6
 8:   3945.8
 9:   4065.8
10:   4274.3
11:   4284.8
12:   4357.8
13:   4421.4
14:   4555.9
15:   4607.0
16:   4603.1
17:   4721.5
18:   4848.8
19:   4896.9
20:   5019.9
    ultimate
       <num>
        AY   true       NN NN_zero_claims     CL msep_sqrt
    <char>  <num>    <num>          <num>  <num>     <num>
 1:      1    0.0      0.0            0.0    0.0       0.0
 2:      2    0.3     40.5            0.0    0.1       0.0
 3:      3    0.3    186.5            0.0    0.1       0.0
 4:      4    0.9    403.6            0.0    4.1       7.9
 5:      5    3.1    725.8            0.0    6.4       7.9
 6:      6    2.5   1079.0            0.0    8.9       8.8
 7:      7    5.2   1589.5            0.0   11.9       9.1
 8:      8   10.6   3065.3            0.0   17.2       9.5
 9:      9    9.5   3608.9            0.0   26.8      10.6
10:     10   46.0   5019.2            0.0   37.8      11.6
11:     11   37.8   9998.6            0.0   63.0      16.8
12:     12   86.8   9668.9            0.0   91.3      20.6
13:     13  107.0  14290.5            0.0  136.4      26.0
14:     14  255.7  29820.9            0.0  205.0      28.5
15:     15  324.1  23199.2            0.0  304.7      32.3
16:     16  531.5  38794.8            0.0  473.8      44.1
17:     17  776.5  48171.0            0.0  785.0      53.5
18:     18 1314.1  65477.0            4.7 1288.5      67.5
19:     19 2150.7  88204.1            8.8 2225.3      95.7
20:     20 3964.0  50581.1           61.7 3793.1     209.1
21:  total 9626.8 393924.4           75.3 9479.4     285.4
        AY   true       NN NN_zero_claims     CL msep_sqrt
    <char>  <num>    <num>          <num>  <num>     <num>
Key: <i>
        i cells zero_cells zero_claims  true NN_zero_claims
    <int> <int>      <int>       <int> <num>          <num>
 1:     2   163          0           0   0.0            0.0
 2:     3   164          0           0   0.0            0.0
 3:     4   169          0           0   0.0            0.0
 4:     5   166          0           0   0.0            0.0
 5:     6   163          0           0   0.0            0.0
 6:     7   173          0           0   0.0            0.0
 7:     8   172          0           0   0.0            0.0
 8:     9   167          0           0   0.0            0.0
 9:    10   168          0           0   0.0            0.0
10:    11   162          0           0   0.0            0.0
11:    12   172          0           0   0.0            0.0
12:    13   167          0           0   0.0            0.0
13:    14   172          0           0   0.0            0.0
14:    15   166          0           0   0.0            0.0
15:    16   169          0           0   0.0            0.0
16:    17   161          0           0   0.0            0.0
17:    18   172          0           0   0.0            4.7
18:    19   173          3           4  15.7            8.8
19:    20   164         13          19  29.2           61.7
Key: <model>
         model        1       2      3      4      5      6      7      8
        <fctr>    <num>   <num>  <num>  <num>  <num>  <num>  <num>  <num>
1: homogeneous 122010.6  9756.0 4164.3 3955.7 3797.9 1352.9  633.9  144.8
2:    paper_q5 165853.7 16938.7 7506.0 6364.4 5798.2 3059.4 2159.7 1510.8
3:   paper_q10 161305.4 15262.6 6878.1 6186.3 5678.6 3004.0 2166.3 1525.2
4:   paper_q20 151575.1 11592.2 5020.9 4785.4 4594.4 2207.1 1467.1  933.7
        9     10     11    12    13    14    15    16    17    18    19
    <num>  <num>  <num> <num> <num> <num> <num> <num> <num> <num> <num>
1:  272.2   85.6   44.4  16.4   8.0   5.8   1.2   0.4  39.2   0.0   0.0
2: 1506.2 1186.1 1005.4 865.2 738.5 625.1 513.2 409.2 348.1 197.5  98.4
3: 1499.9 1227.6 1019.9 882.5 763.5 640.5 529.5 427.7 362.0 203.7 103.0
4: 1003.8  746.8  658.3 560.7 479.0 408.7 333.0 261.3 228.4 128.8  64.6
             run   true     CL   reserve zero_claims zero_claims_pooled
          <char>  <num>  <num>     <num>       <num>              <num>
1:      paper_q5 9626.8 9479.4  301500.9        75.3                  0
2:     paper_q10 9626.8 9479.4  602902.5        75.3                  0
3:     paper_q20 9626.8 9479.4  393924.4        75.3                  0
4:       s1_adam 9626.8 9479.4 1156898.2        75.3                  0
5: s2_early_stop 9626.8 9479.4  314604.9        75.3                  0
6:   s3_cl_start 9626.8 9479.4    9553.9        75.3                  0
7:    s4_balance 9626.8 9479.4    9510.8        75.3                  0
       loss loss_vali bias_pct bias_cl_pct
      <num>     <num>    <num>       <num>
1: 216683.8   23260.9   3031.9        -1.5
2: 209666.2   22475.7   6162.8        -1.5
3: 187049.4   19895.9   3992.0        -1.5
4: 197118.6   21112.4  11917.5        -1.5
5: 187584.7   19939.9   3168.0        -1.5
6: 146076.9   15224.6     -0.8        -1.5
7: 146076.9   15224.6     -1.2        -1.5
   hidden optimizer   training seeds diverged reserve_mean  reserve_sd
   <char>    <char>     <char> <int>    <int>        <num>       <num>
1:     20   rmsprop early_stop     2        0   1170315204  1654878026
2:     20       sgd early_stop     2        0     13143430    17872478
3:     20   rmsprop      paper     2        0   9557894268 13516346608
4:     20       sgd      paper     2        0     64199634    89255888
   bias_pct_mean bias_pct_sd bias_pct_min bias_pct_median bias_pct_max
           <num>       <num>        <num>           <num>        <num>
1:    12156775.9  17190366.1      1351.47      12156775.9     24312200
2:      136429.9    185653.8      5152.84        136429.9       267707
3:    99284378.3 140403668.9      3991.97      99284378.3    198564765
4:      666786.1    927162.8     11183.01        666786.1      1322389
   closer_than_cl nagging_bias_pct_1
            <num>              <num>
1:              0          152806.63
2:              0           18645.44
3:              0          781707.16
4:              0           54443.69
   hidden optimizer   training learning_rate block parameters run_time
   <char>    <char>     <char>         <num> <num>      <int>    <num>
1:     20   rmsprop      paper         0.001     1        261     24.6
2:     20   rmsprop early_stop         0.001     1        261     37.2
3:     20       sgd      paper         0.001     1        261     20.1
4:     20       sgd early_stop         0.001     1        261     33.0
   epochs_used epochs_run     loss loss_vali diverged   reserve bias_pct
         <int>      <int>    <num>     <num>    <int>     <num>    <num>
1:          95         95 187049.4   19895.9        0  393924.4   3992.0
2:         190        190 177458.1   18771.8        0  139730.1   1351.5
3:          95         95 185384.3   19732.1        0 1086190.3  11183.0
4:         190        190 168948.4   17847.8        0  505679.6   5152.8
Key: <optimizer>
   optimizer early_stop_20 paper_20
      <char>         <num>    <num>
1:   rmsprop        1351.5     3992
2:       sgd        5152.8    11183
   hidden optimizer training seeds diverged reserve_mean reserve_sd
   <char>    <char>   <char> <int>    <int>        <num>      <num>
1:     20   rmsprop cl_paper     2        0     10605.19     485.33
2:     20       sgd cl_paper     2        0      9572.80      26.98
3:     20   rmsprop cl_start     2        0      9732.60     219.80
4:     20       sgd cl_start     2        0      9583.16      15.91
   bias_pct_mean bias_pct_sd bias_pct_min bias_pct_median bias_pct_max
           <num>       <num>        <num>           <num>        <num>
1:         10.16        5.04         6.60           10.16        13.73
2:         -0.56        0.28        -0.76           -0.56        -0.36
3:          1.10        2.28        -0.52            1.10         2.71
4:         -0.45        0.17        -0.57           -0.45        -0.34
   closer_than_cl nagging_bias_pct_1
            <num>              <num>
1:            0.0              10.10
2:            1.0              -0.56
3:            0.5               1.07
4:            1.0              -0.46
   hidden optimizer training learning_rate block parameters run_time
   <char>    <char>   <char>         <num> <num>      <int>    <num>
1:     20   rmsprop cl_paper         0.001     1        261     24.4
2:     20   rmsprop cl_start         0.001     1        261     32.0
3:     20       sgd cl_paper         0.001     1        261     20.9
4:     20       sgd cl_start         0.001     1        261     24.5
   epochs_used epochs_run     loss loss_vali diverged reserve bias_pct
         <num>      <int>    <num>     <num>    <int>   <num>    <num>
1:          95         95 145888.0   15234.8        0 10262.0      6.6
2:          82        135 146082.4   15220.9        0  9577.2     -0.5
3:          95         95 146160.6   15244.8        0  9553.7     -0.8
4:         123        144 146217.0   15240.9        0  9571.9     -0.6
Key: <optimizer>
   optimizer cl_paper_20 cl_start_20
      <char>       <num>       <num>
1:   rmsprop         6.6        -0.5
2:       sgd        -0.8        -0.6
