==== 2026-10-08 15:18:28 start baseline.bccnn.fit.rolling_origin_refit slot 1
WARNING: All log messages before absl::InitializeLog() is called are written to STDERR
I0000 00:00:1791465514.351392    9864 port.cc:153] oneDNN custom operations are on. You may see slightly different numerical results due to floating-point round-off errors from different computation orders. To turn them off, set the environment variable `TF_ENABLE_ONEDNN_OPTS=0`.
WARNING: All log messages before absl::InitializeLog() is called are written to STDERR
I0000 00:00:1791465517.565580    9864 port.cc:153] oneDNN custom operations are on. You may see slightly different numerical results due to floating-point round-off errors from different computation orders. To turn them off, set the environment variable `TF_ENABLE_ONEDNN_OPTS=0`.
WARNING:tensorflow:From C:\Users\26196425\Work\MASTER~3\env\Lib\site-packages\keras\src\backend\common\global_state.py:82: The name tf.reset_default_graph is deprecated. Please use tf.compat.v1.reset_default_graph instead.

WARNING:tensorflow:TensorFlow GPU support is not available on native Windows for TensorFlow >= 2.11. Even if CUDA/cuDNN are installed, GPU will not be used. Please use WSL2 or the TensorFlow-DirectML plugin.
      early_stopping final_fit total
clock           34.3       5.0  39.4
keras           23.5       4.5  28.0
                                                    quantity         value
1                                              true reserves  9.626776e+03
2                                        CL reserves (ccODP)  9.479361e+03
3                                             bCCNN reserves  9.458256e+03
4                                                    bias CL -1.474154e+02
5                                                 bias bCCNN -1.685204e+02
6                                                bias CL (%) -1.531306e+00
7                                             bias bCCNN (%) -1.750538e+00
8                                       in-sample loss ccODP  4.447537e+02
9                                       in-sample loss bCCNN  4.449390e+02
10                                  out-of-sample loss ccODP  6.852359e+02
11                                  out-of-sample loss bCCNN  6.845577e+02
12                                          dispersion ccODP  2.600899e+00
13                                          dispersion bCCNN  2.592645e+00
14                                    gradient descent steps  6.000000e+01
15 payments after the last development period (not modelled)  3.851849e+01
16                                       amounts in units of  1.000000e+06
                                                      quantity        value
1                               validation run length (epochs) 100.00000000
2                             step with lowest validation loss  60.00000000
3                                 steps used for the final fit  60.00000000
4          in-sample deviance without dropout at start (ccODP) 332.60078082
5         in-sample deviance without dropout at the steps used 332.74366864
6                             validation loss at start (ccODP) 141.77186273
7                            validation loss at the steps used 141.32197480
8              decrease in-sample deviance without dropout (%)  -0.04296076
9  decrease in-sample training loss with dropout (%, Figure 2)  -0.06433800
10                  decrease out-of-sample validation loss (%)   0.31733232
         partition origin n_train n_vali n_test best_epoch test_actual
1                1     15      97     23     60          2    7768.394
2                2     18     142     29     33          2    5692.124
3            final     20     177     33      0         60          NA
4 test error (4.4)     NA      NA     NA     93         NA   13460.518
  test_ccODP test_ccODP_train test_bCCNN test_loss_ccODP test_loss_ccODP_train
1   7881.347         7890.361   7838.396        185.1910               213.387
2   5847.057         5829.888   5869.783        175.1588               171.359
3         NA               NA         NA              NA                    NA
4  13728.404        13720.249  13708.179        360.3497               384.746
  test_loss_bCCNN time_build time_early_stop time_refit
1        183.0043   8.696205        7.722092   1.014831
2        175.1849   0.293184        6.857413   1.193103
3              NA   0.329145        6.695036         NA
4        358.1892   8.989389       14.579505   2.207934
  test_loss_per_cell_ccODP test_loss_per_cell_ccODP_train
1                 3.086516                       3.556451
2                 5.307841                       5.192696
3                       NA                             NA
4                 3.874728                       4.137054
  test_loss_per_cell_bCCNN
1                 3.050072
2                 5.308635
3                       NA
4                 3.851497
