==== 2026-10-08 15:20:49 start baseline.bccnn.bootstrap.claims_split_refit.analysis slot 1
                        refits     seconds per refit (median) 
                          8.00                           1.63 
           hours of all refits seconds per Keras fit (median) 
                          0.01                           1.17 
       hours of all Keras fits 
                          0.00 
               method   phi  reserve boot_mean process_sd estimation_sd   rmsep
1  ccODP, phi pearson 2.670 9479.361  9460.403    159.079       211.228 264.430
2 ccODP, phi deviance 2.601 9479.361  9458.826    157.019       246.919 292.616
3 bCCNN, phi deviance 2.562 9468.031  9506.118    155.736       250.522 294.984
   mc_se    cv     true     bias
1 15.910 0.028 9626.776 -147.415
2 16.420 0.031 9626.776 -147.415
3 34.414 0.031 9626.776 -158.744
  model phi_estimate      phi  reserve process_sd    rmsep
1 ccODP      pearson 2.669609 9479.361   159.0792 264.4304
2 ccODP     deviance 2.600899 9479.361   157.0186 292.6159
3 bCCNN      pearson 2.629326 9468.031   157.7800       NA
4 bCCNN     deviance 2.561652 9468.031   155.7363 294.9836
