==== 2026-10-08 15:29:45 start baseline.nncl.age_coding slot 12
              true reserves         of the part-1 cells 
                    9626.78                     9581.94 
       zero claims reserves      error of Mack's CL (%) 
                      75.26                       -1.53 
sqrt(msep) of Mack's CL (%) 
                       2.96 
   0-15   15-30   30-50   50-65 over 65 
 2717.9  2056.8  2532.8  1330.2   944.3 
runs fitted under both codings 
                            23 
cl_grid    grid 
      2       2 
                                       run    coding parameters error_pct
                                    <char>    <char>      <int>     <num>
 1:                 homogeneous CL factors benchmark         NA      -1.0
 2: CL factors log-linear in the age score benchmark         NA      -0.7
 3:             CL factors of the age band benchmark         NA      -0.6
 4:                               paper_q5     dummy         81    2298.8
 5:                               paper_q5   numeric         66    3031.9
 6:                              paper_q10     dummy        161 1040778.6
 7:                              paper_q10   numeric        131    6162.8
 8:                              paper_q20     dummy        321    1405.3
 9:                              paper_q20   numeric        261    3992.0
10:                                s1_adam     dummy        321    2890.3
11:                                s1_adam   numeric        261   11917.5
12:                          s2_early_stop     dummy        321    1053.6
13:                          s2_early_stop   numeric        261    3168.0
14:                            s3_cl_start     dummy        321      -0.5
15:                            s3_cl_start   numeric        261      -0.8
16:                             s4_balance     dummy        321      -1.6
17:                             s4_balance   numeric        261      -1.2
    band_abs_error ay_band_rmse band_0_15 band_15_30 band_30_50 band_50_65
             <num>        <num>     <num>      <num>      <num>      <num>
 1:         1325.3         37.1     -26.6        2.0        5.0       11.2
 2:          730.3         26.8      -9.3       13.2        1.8       -7.0
 3:          328.7         25.3       3.0       -7.5        1.5       -3.4
 4:       278684.8       8472.2    -440.4      995.7     -569.5    17253.5
 5:       291843.7       5473.4    2533.4     3771.1     3361.9     2668.2
 6:    100193396.9    5477713.1   90498.5  4724195.9    16821.5     8749.9
 7:       605085.0      23558.0    -217.8      303.6     1842.8    20004.0
 8:       146462.2       2934.2     848.1     3123.2     1705.0     -421.2
 9:       384267.2       7534.2    1273.7     3061.3     5883.0     5954.8
10:       289702.6       6690.1    1403.0     7448.6     3112.5     -431.8
11:      1147241.0      24017.4    2800.8     7391.9    17064.1    20009.5
12:       114270.8       2298.8     674.7     2357.9     1353.3     -483.8
13:       304947.7       6049.9     973.2     2442.0     4718.8     4744.8
14:          666.0         27.2      -8.9       -6.3        4.8        0.5
15:          726.9         27.7     -10.3       12.2        2.4       -5.6
16:          673.4         27.4      -9.8       -7.4        3.6       -0.7
17:          726.1         27.7     -10.7       11.7        1.9       -6.1
    band_over_65
           <num>
 1:         30.0
 2:         -7.4
 3:         -1.2
 4:       -244.8
 5:       2624.7
 6:       2465.6
 7:      29668.6
 8:       1100.1
 9:       6192.4
10:       1460.6
11:      23374.8
12:        712.1
13:       4833.3
14:         17.8
15:         -6.3
16:         16.5
17:         -6.8
        j dummy numeric  both
    <num> <num>   <num> <num>
 1:     1  1.00    0.75  0.75
 2:     2  0.00    0.00  0.00
 3:     3  0.00    0.00  0.00
 4:     4  0.00    0.00  0.00
 5:     5  0.00    0.00  0.00
 6:     6  0.00    0.00  0.00
 7:     7  0.00    0.00  0.00
 8:     8  0.00    0.00  0.00
 9:     9  0.25    0.25  0.25
10:    10  0.25    0.00  0.00
11:    11  0.50    0.75  0.50
12:    12  0.00    0.00  0.00
13:    13  0.00    0.00  0.00
14:    14  0.50    1.00  0.50
15:    15  1.00    1.00  1.00
16:    16  1.00    1.00  1.00
17:    17  1.00    1.00  1.00
18:    18  0.50    0.75  0.50
19:    19  0.75    0.50  0.50
   hidden optimizer   training diverged_dummy diverged_numeric
   <char>    <char>     <char>          <int>            <int>
1:     20   rmsprop   cl_paper              0                0
2:     20       sgd   cl_paper              0                0
3:     20   rmsprop   cl_start              0                0
4:     20       sgd   cl_start              0                0
5:     20   rmsprop early_stop              0                0
6:     20       sgd early_stop              0                0
7:     20   rmsprop      paper              0                0
8:     20       sgd      paper              0                0
   band_abs_error_dummy band_abs_error_numeric ay_band_rmse_dummy
                  <num>                  <num>              <num>
1:                802.3                 1035.6               27.2
2:               1279.7                 1232.0               36.0
3:                469.3                  756.1               25.0
4:               1266.1                 1192.7               35.9
5:            1515716.2           1170305547.2            57739.4
6:            2186654.4             13135361.1            81719.1
7:            4423209.0           9557884610.9           181728.3
8:            4805857.1             64191772.1           190916.8
   ay_band_rmse_numeric error_abs_dummy error_abs_numeric
                  <num>           <num>             <num>
1:                 31.5             7.1              10.2
2:                 34.3             0.9               0.6
3:                 28.5             0.7               1.6
4:                 33.6             0.9               0.5
5:           80596153.4         15693.0        12156775.9
6:             728927.8         22614.1          136429.9
7:          679635538.7         45889.1        99284378.3
8:            3947536.3         49861.6          666786.1
   hidden optimizer seeds mean_diff   lower  upper numeric_smaller p_holm
   <char>    <char> <int>     <num>   <num>  <num>           <int>  <num>
1:     20   rmsprop     2     286.8 -2032.3 2605.9               0      1
2:     20       sgd     2     -73.4  -472.4  325.6               2      1
combinations with the CL start 
                             2 
            measure mean_dummy mean_numeric mean_diff    lower   upper seeds
             <char>      <num>        <num>     <num>    <num>   <num> <int>
1:   band_abs_error     867.71       974.38    106.67 -1252.38 1465.72     2
2:     ay_band_rmse      30.43        31.05      0.62   -11.49   12.73     2
3:        error_abs       0.77         1.03      0.26    -8.04    8.57     2
4:    abs_band_0_15      15.42        16.61      1.19    -7.19    9.56     2
5:   abs_band_15_30       2.75         9.05      6.29   -14.08   26.67     2
6:   abs_band_30_50       4.11         4.90      0.79   -34.87   36.44     2
7:   abs_band_50_65       6.52         5.78     -0.74   -12.26   10.77     2
8: abs_band_over_65      21.28        14.38     -6.89   -10.88   -2.90     2
   numeric_smaller p_wilcoxon p_holm
             <int>      <num>  <num>
1:               1        1.0     NA
2:               1        1.0      1
3:               1        1.0      1
4:               0        0.5      1
5:               0        0.5      1
6:               1        1.0      1
7:               1        1.0      1
8:               2        0.5      1
    measure mean_dummy mean_numeric mean_diff   lower   upper seeds
     <char>      <num>        <num>     <num>   <num>   <num> <int>
 1:   low_2     0.9940       0.9931   -0.0009 -0.0024  0.0006     2
 2:   low_3     0.9806       0.9806    0.0001 -0.0045  0.0047     2
 3:   low_4     0.9925       0.9916   -0.0008 -0.0048  0.0031     2
 4:   low_5     0.9843       0.9815   -0.0029 -0.0039 -0.0018     2
 5:   low_6     0.9953       0.9947   -0.0006 -0.0160  0.0147     2
 6:   low_7     0.9934       0.9915   -0.0019 -0.0215  0.0177     2
 7:   low_8     0.9982       0.9992    0.0010 -0.0043  0.0062     2
 8:  loss_2     0.9955       0.9949   -0.0006 -0.0059  0.0047     2
 9:  loss_3     0.9940       0.9938   -0.0002 -0.0005  0.0001     2
10:  loss_4     0.9946       0.9941   -0.0005 -0.0025  0.0014     2
11:  loss_5     0.9970       0.9968   -0.0002 -0.0025  0.0022     2
12:  loss_6     0.9977       0.9976   -0.0001 -0.0003  0.0000     2
13:  loss_7     0.9959       0.9952   -0.0008 -0.0075  0.0059     2
14:  loss_8     0.9942       0.9983    0.0041 -0.0327  0.0408     2
    numeric_smaller p_holm
              <int>  <num>
 1:               2      1
 2:               1      1
 3:               2      1
 4:               2      1
 5:               1      1
 6:               2      1
 7:               0      1
 8:               2      1
 9:               2      1
10:               2      1
11:               1      1
12:               2      1
13:               2      1
14:               0      1
Key: <training, coding>
     training  coding      0-15    15-30    30-50   50-65 over 65
       <char>  <char>     <num>    <num>    <num>   <num>   <num>
1:   cl_paper   dummy     -14.9      1.8      6.3     9.3    24.5
2:   cl_paper numeric     -13.3     12.4      7.7     8.9    17.0
3:   cl_start   dummy     -15.4      1.1      4.8     6.6    21.2
4:   cl_start numeric     -16.4      8.7      5.0     4.1    12.6
5: early_stop   dummy     373.3  16236.2  47907.9  -173.4  4215.7
6: early_stop numeric  411951.3  68117.3  16322.5  5635.3  1022.3
7:      paper   dummy     787.3  47226.2 136338.4   132.2  7531.5
8:      paper numeric 2128577.1 250092.3  36545.4 12612.6  3864.5
   hidden optimizer   training block seeds error_pct_dummy error_pct_numeric
   <char>    <char>     <char> <num> <num>           <num>             <num>
1:     20   rmsprop   cl_paper     1     2             7.1              10.1
2:     20       sgd   cl_paper     1     2            -0.9              -0.6
3:     20   rmsprop   cl_start     1     2             0.6               1.1
4:     20       sgd   cl_start     1     2            -0.9              -0.5
5:     20   rmsprop early_stop     1     2          3755.1          152806.6
6:     20       sgd early_stop     1     2          7047.9           18645.4
7:     20   rmsprop      paper     1     2          8747.2          781707.2
8:     20       sgd      paper     1     2         13011.8           54443.7
   band_abs_error_dummy band_abs_error_numeric
                  <num>                  <num>
1:                698.7                  957.9
2:               1279.7                 1232.0
3:                447.9                  724.6
4:               1266.1                 1192.6
5:             362154.9             14710321.0
6:             689283.6              1794924.5
7:             842040.6             75253166.4
8:            1259027.9              5241142.1
Key: <j, training, coding>
        j  training             coding  0-15 15-30 30-50 50-65 over 65
    <int>    <char>             <char> <num> <num> <num> <num>   <num>
 1:     2 benchmark all accident years 1.370 1.329 1.324 1.315   1.281
 2:     2 benchmark        homogeneous 1.326 1.326 1.326 1.326   1.326
 3:     2 benchmark     learning cells 1.367 1.327 1.326 1.313   1.279
 4:     2 benchmark      training rows 1.366 1.325 1.327 1.317   1.278
 5:     2     paper              dummy 1.027 1.237 1.174 0.952   1.105
 6:     2     paper            numeric 1.352 1.244 1.138 1.026   0.944
 7:     3 benchmark all accident years 1.175 1.134 1.133 1.135   1.116
 8:     3 benchmark        homogeneous 1.138 1.138 1.138 1.138   1.138
 9:     3 benchmark     learning cells 1.168 1.131 1.132 1.133   1.118
10:     3 benchmark      training rows 1.172 1.128 1.131 1.133   1.117
11:     3     paper              dummy 0.976 1.108 1.123 0.914   1.043
12:     3     paper            numeric 1.304 1.204 1.096 0.993   0.915
13:     4 benchmark all accident years 1.097 1.067 1.072 1.063   1.057
14:     4 benchmark        homogeneous 1.074 1.074 1.074 1.074   1.074
15:     4 benchmark     learning cells 1.097 1.067 1.075 1.062   1.060
16:     4 benchmark      training rows 1.098 1.067 1.075 1.061   1.060
17:     4     paper              dummy 0.929 1.066 1.086 0.884   0.984
18:     4     paper            numeric 1.271 1.170 1.066 0.967   0.887
19:     5 benchmark all accident years 1.057 1.038 1.040 1.042   1.032
20:     5 benchmark        homogeneous 1.042 1.042 1.042 1.042   1.042
21:     5 benchmark     learning cells 1.058 1.036 1.039 1.042   1.032
22:     5 benchmark      training rows 1.058 1.035 1.039 1.039   1.032
23:     5     paper              dummy 0.899 1.040 1.064 0.865   0.954
24:     5     paper            numeric 1.257 1.156 1.051 0.956   0.878
        j  training             coding  0-15 15-30 30-50 50-65 over 65
    <int>    <char>             <char> <num> <num> <num> <num>   <num>
