==== 2026-10-08 15:20:54 start baseline.bccnn.bootstrap.rolling_origin_refit.analysis slot 8
                        refits     seconds per refit (median) 
                          8.00                           4.95 
           hours of all refits seconds per Keras fit (median) 
                          0.02                           4.48 
       hours of all Keras fits 
                          0.01 
               method   phi  reserve boot_mean process_sd estimation_sd   rmsep
1  ccODP, phi pearson 2.670 9479.361  9460.403    159.079       211.228 264.430
2 ccODP, phi deviance 2.601 9479.361  9458.826    157.019       246.919 292.616
3 bCCNN, phi deviance 2.593 9458.256  9404.187    156.595       298.601 337.171
   mc_se    cv     true     bias
1 15.910 0.028 9626.776 -147.415
2 16.420 0.031 9626.776 -147.415
3 45.409 0.036 9626.776 -168.520
  model phi_estimate      phi  reserve process_sd    rmsep
1 ccODP      pearson 2.669609 9479.361   159.0792 264.4304
2 ccODP     deviance 2.600899 9479.361   157.0186 292.6159
3 bCCNN      pearson 2.661138 9458.256   158.6497       NA
4 bCCNN     deviance 2.592645 9458.256   156.5947 337.1714
