==== 2026-10-08 15:39:23 start long_reporting.nncl_numeric.search.early_stop slot 9
==== early_stop: successive search
15:39 dropout=0: score 28.5427 (baseline 20.6273), 100 s
WARNING: All log messages before absl::InitializeLog() is called are written to STDERR
I0000 00:00:1791466770.336462   17776 port.cc:153] oneDNN custom operations are on. You may see slightly different numerical results due to floating-point round-off errors from different computation orders. To turn them off, set the environment variable `TF_ENABLE_ONEDNN_OPTS=0`.
WARNING: All log messages before absl::InitializeLog() is called are written to STDERR
I0000 00:00:1791466774.103598   17776 port.cc:153] oneDNN custom operations are on. You may see slightly different numerical results due to floating-point round-off errors from different computation orders. To turn them off, set the environment variable `TF_ENABLE_ONEDNN_OPTS=0`.
WARNING:tensorflow:From C:\Users\26196425\Work\MASTER~3\env\Lib\site-packages\keras\src\backend\common\global_state.py:82: The name tf.reset_default_graph is deprecated. Please use tf.compat.v1.reset_default_graph instead.

WARNING:tensorflow:TensorFlow GPU support is not available on native Windows for TensorFlow >= 2.11. Even if CUDA/cuDNN are installed, GPU will not be used. Please use WSL2 or the TensorFlow-DirectML plugin.
WARNING:tensorflow:5 out of the last 7 calls to <function TensorFlowTrainer.make_predict_function.<locals>.one_step_on_data_distributed at 0x0000020F82298360> triggered tf.function retracing. Tracing is expensive and the excessive number of tracings could be due to (1) creating @tf.function repeatedly in a loop, (2) passing tensors with different shapes, (3) passing Python objects instead of tensors. For (1), please define your @tf.function outside of the loop. For (2), @tf.function has reduce_retracing=True option that can avoid unnecessary retracing. For (3), please refer to https://www.tensorflow.org/guide/function#controlling_retracing and https://www.tensorflow.org/api_docs/python/tf/function for  more details.
WARNING:tensorflow:6 out of the last 8 calls to <function TensorFlowTrainer.make_predict_function.<locals>.one_step_on_data_distributed at 0x0000020F82298360> triggered tf.function retracing. Tracing is expensive and the excessive number of tracings could be due to (1) creating @tf.function repeatedly in a loop, (2) passing tensors with different shapes, (3) passing Python objects instead of tensors. For (1), please define your @tf.function outside of the loop. For (2), @tf.function has reduce_retracing=True option that can avoid unnecessary retracing. For (3), please refer to https://www.tensorflow.org/guide/function#controlling_retracing and https://www.tensorflow.org/api_docs/python/tf/function for  more details.
WARNING:tensorflow:5 out of the last 27 calls to <function TensorFlowTrainer._make_function.<locals>.multi_step_on_iterator at 0x0000020F897419E0> triggered tf.function retracing. Tracing is expensive and the excessive number of tracings could be due to (1) creating @tf.function repeatedly in a loop, (2) passing tensors with different shapes, (3) passing Python objects instead of tensors. For (1), please define your @tf.function outside of the loop. For (2), @tf.function has reduce_retracing=True option that can avoid unnecessary retracing. For (3), please refer to https://www.tensorflow.org/guide/function#controlling_retracing and https://www.tensorflow.org/api_docs/python/tf/function for  more details.
15:41 dropout=0.1: score 39824.4 (baseline 20.6273), 103 s
  dropout       label       score score_sd n_seeds score_baseline
1       0   dropout=0    28.54266       NA       1       20.62729
2     0.1 dropout=0.1 39824.37511       NA       1       20.62729
  ratio_to_baseline mean_steps_15 mean_steps_18
1          1.383733     10.000000     10.000000
2       1930.664265      9.357143      9.470588
  step   tuned     label    score
1    0   start dropout=0 28.54266
2    1 dropout dropout=0 28.54266
early_stop chosen: dropout=0
WARNING:tensorflow:5 out of the last 27 calls to <function TensorFlowTrainer._make_function.<locals>.multi_step_on_iterator at 0x0000020F953BCFE0> triggered tf.function retracing. Tracing is expensive and the excessive number of tracings could be due to (1) creating @tf.function repeatedly in a loop, (2) passing tensors with different shapes, (3) passing Python objects instead of tensors. For (1), please define your @tf.function outside of the loop. For (2), @tf.function has reduce_retracing=True option that can avoid unnecessary retracing. For (3), please refer to https://www.tensorflow.org/guide/function#controlling_retracing and https://www.tensorflow.org/api_docs/python/tf/function for  more details.
              model     reserves true_reserves         bias     bias_pct
1         seed 2026 2.709450e+05      17502.76 2.534423e+05 1.448014e+03
2         seed 2027 7.378569e+09      17502.76 7.378552e+09 4.215652e+07
3 nagging predictor 4.091748e+07      17502.76 4.089998e+07 2.336774e+05
4 Mack chain ladder 1.796807e+04      17502.76 4.653150e+02 2.658524e+00
    units
1 1000000
2 1000000
3 1000000
4 1000000
