==== 2026-10-08 15:44:48 start long_reporting.timings.final slot 2
     model                                     task  runs  fits networks
    <char>                                   <char> <int> <int>    <num>
 1:  bccnn             bccnn.fit.claims_split_refit     1     2        2
 2:  bccnn       bccnn.fit.rolling_origin_partition     1     3        3
 3:  bccnn           bccnn.fit.rolling_origin_refit     1     6        6
 4:  bccnn       bccnn.bootstrap.claims_split_refit     2     8        8
 5:  bccnn bccnn.bootstrap.rolling_origin_partition     2     8        8
 6:  bccnn     bccnn.bootstrap.rolling_origin_refit     2     8        8
 7:  bccnn                            bccnn.masking     2     4        4
 8:  bccnn                             bccnn.search     4    20       20
 9:  bccnn                               bccnn.grid     8    77       77
10:   nncl                             nncl.cl_grid     8   152      152
11:   nncl                                nncl.grid     8   152      152
12:   nncl                                nncl.main     6   114      114
13:   nncl                     nncl.search.cl_start     4    42      100
14:   nncl                   nncl.search.early_stop     4    42      100
15:   nncl                        nncl.search.paper     4    42      100
16:   nncl                     nncl_numeric.cl_grid     8   152      152
17:   nncl                        nncl_numeric.grid     8   152      152
18:   nncl                        nncl_numeric.main     6   114      114
19:   nncl             nncl_numeric.search.cl_start     4    42      100
20:   nncl           nncl_numeric.search.early_stop     4    42      100
21:   nncl                nncl_numeric.search.paper     4    42      100
     model                                     task  runs  fits networks
    <char>                                   <char> <int> <int>    <num>
    hours_fit hours_run seconds_per_epoch
        <num>     <num>             <num>
 1:    0.0039    0.0066            0.0741
 2:    0.0059    0.0087            0.0702
 3:    0.0095    0.0128            0.0728
 4:    0.0138    0.0189            0.0674
 5:    0.0024    0.0076            1.0979
 6:    0.0024    0.0076            1.0884
 7:    0.0057    0.0107            0.0696
 8:    0.0260    0.0293            0.0692
 9:    0.1653    0.1923            0.0526
10:    0.0520    0.0784            0.2007
11:    0.0577    0.0842            0.1846
12:    0.0424    0.0617            0.2211
13:    0.0471    0.0766            0.2701
14:    0.0604    0.0892            0.2092
15:    0.0373    0.0637            0.2654
16:    0.0532    0.0805            0.2089
17:    0.0607    0.0883            0.1928
18:    0.0405    0.0598            0.2149
19:    0.0474    0.0730            0.2923
20:    0.0623    0.0914            0.2280
21:    0.0378    0.0620            0.2700
    hours_fit hours_run seconds_per_epoch
        <num>     <num>             <num>
      rows of timings_epochs rows of timings_epoch_blocks 
                        9682                          220 
