==== 2026-10-08 15:21:46 start long_reporting.bccnn.masking.analysis slot 6
  n_vali vali_masked
1    210           0
[1] origin   dev      payment  mu_ccODP deviance
<0 rows> (or 0-length row.names)
   reserve   bias_pct    loss_in   loss_out 
17968.0707     2.6585   460.6027   552.6017 
Key: <cells>
    cells seeds steps_mean steps_sd steps_min steps_median steps_max vali_start
   <char> <int>      <num>    <num>     <num>        <num>     <num>      <num>
1:    all     2         47  63.6396         2           47        92   840.0285
2: masked     2         47  63.6396         2           47        92   840.0285
   vali_decrease_pct_mean bias_pct_mean bias_pct_sd loss_in_mean loss_out_mean
                    <num>         <num>       <num>        <num>         <num>
1:                 0.7584        2.6899      0.0477     461.7462      554.7163
2:                 0.7584        2.6899      0.0477     461.7462      554.7163
   loss_out_sd
         <num>
1:       2.691
2:       2.691
   seeds steps_changed steps_diff_mean steps_diff_max reserve_changed
   <int>         <int>           <num>          <num>           <num>
1:     2             0               0              0               0
   bias_pct_diff_mean bias_pct_diff_max loss_out_diff_mean
                <num>             <num>              <num>
1:                  0                 0                  0
