==== 2026-10-08 15:18:28 start long_reporting.bccnn.fit.rolling_origin_refit slot 7
WARNING: All log messages before absl::InitializeLog() is called are written to STDERR
I0000 00:00:1791465514.803367   12124 port.cc:153] oneDNN custom operations are on. You may see slightly different numerical results due to floating-point round-off errors from different computation orders. To turn them off, set the environment variable `TF_ENABLE_ONEDNN_OPTS=0`.
WARNING: All log messages before absl::InitializeLog() is called are written to STDERR
I0000 00:00:1791465517.932010   12124 port.cc:153] oneDNN custom operations are on. You may see slightly different numerical results due to floating-point round-off errors from different computation orders. To turn them off, set the environment variable `TF_ENABLE_ONEDNN_OPTS=0`.
WARNING:tensorflow:From C:\Users\26196425\Work\MASTER~3\env\Lib\site-packages\keras\src\backend\common\global_state.py:82: The name tf.reset_default_graph is deprecated. Please use tf.compat.v1.reset_default_graph instead.

WARNING:tensorflow:TensorFlow GPU support is not available on native Windows for TensorFlow >= 2.11. Even if CUDA/cuDNN are installed, GPU will not be used. Please use WSL2 or the TensorFlow-DirectML plugin.
      early_stopping final_fit total
clock           44.5       1.5  46.0
keras           33.4       1.0  34.4
                                                    quantity        value
1                                              true reserves 1.750276e+04
2                                        CL reserves (ccODP) 1.796807e+04
3                                             bCCNN reserves 1.795356e+04
4                                                    bias CL 4.653150e+02
5                                                 bias bCCNN 4.508014e+02
6                                                bias CL (%) 2.658524e+00
7                                             bias bCCNN (%) 2.575603e+00
8                                       in-sample loss ccODP 4.606027e+02
9                                       in-sample loss bCCNN 4.608726e+02
10                                  out-of-sample loss ccODP 5.526017e+02
11                                  out-of-sample loss bCCNN 5.500631e+02
12                                          dispersion ccODP 2.693583e+00
13                                          dispersion bCCNN 2.648551e+00
14                                    gradient descent steps 1.000000e+00
15 payments after the last development period (not modelled) 1.354694e+03
16                                       amounts in units of 1.000000e+06
                                                      quantity       value
1                               validation run length (epochs) 100.0000000
2                             step with lowest validation loss   1.0000000
3                                 steps used for the final fit   1.0000000
4          in-sample deviance without dropout at start (ccODP) 395.3424988
5         in-sample deviance without dropout at the steps used 395.9461519
6                             validation loss at start (ccODP)  80.9069446
7                            validation loss at the steps used  79.5543176
8              decrease in-sample deviance without dropout (%)  -0.1526912
9  decrease in-sample training loss with dropout (%, Figure 2)  -0.1603279
10                  decrease out-of-sample validation loss (%)   1.6718305
         partition origin n_train n_vali n_test best_epoch test_actual
1                1     15      97     23     60         71   12031.267
2                2     18     142     29     33        100    7481.791
3            final     20     177     33      0          1          NA
4 test error (4.4)     NA      NA     NA     93         NA   19513.058
  test_ccODP test_ccODP_train test_bCCNN test_loss_ccODP test_loss_ccODP_train
1  11848.236        11716.679  11853.362       181.70747              189.6408
2   7533.173         7511.181   7536.183        87.00425               75.3257
3         NA               NA         NA              NA                    NA
4  19381.410        19227.860  19389.546       268.71171              264.9665
  test_loss_bCCNN time_build time_early_stop time_refit
1       181.60844  8.9487350        7.562146   5.090864
2        86.50113  0.3235788        6.594289   6.605103
3              NA  0.3318760        7.546663         NA
4       268.10957  9.2723138       14.156435  11.695967
  test_loss_per_cell_ccODP test_loss_per_cell_ccODP_train
1                 3.028458                       3.160679
2                 2.636492                       2.282597
3                       NA                             NA
4                 2.889373                       2.849102
  test_loss_per_cell_bCCNN
1                 3.026807
2                 2.621246
3                       NA
4                 2.882899
