==== 2026-10-08 11:54:56 start long_reporting.description slot 2
                                                 quantity       value
1                                                  claims  399568.000
2                                                payments 1931764.000
3                claim cost in constant values (millions)   66857.348
4                             nominal ultimate (millions)   88199.885
5                   paid to the valuation date (millions)   69342.436
6          paid to the valuation date (% of the ultimate)      78.620
7                             true outstanding (millions)   18857.449
8  true outstanding, development years 1 to 20 (millions)   17502.756
9  true outstanding, after development year 20 (millions)    1354.694
10                                          claims closed  327489.000
11                                            claims open   32424.000
12                                claims not yet reported   39655.000
13                         payments to the valuation date 1640948.000
14                      payments after the valuation date  290816.000
15                      mean claim size (constant values)  167324.080
16                    median claim size (constant values)   49877.948
17                        mean notification delay (years)       2.065
18                          mean settlement delay (years)       1.633
19                                mean number of payments       4.835
20               amount-weighted mean payment lag (years)       4.009
        AY claims claim_cost mean_size median_size max_size ultimate    paid
    <char>  <int>      <num>     <num>       <num>    <num>    <num>   <num>
 1:      1  20073     3380.8  168425.9     50688.9     40.4   3675.4  3607.8
 2:      2  19847     3307.7  166657.8     49170.8     13.6   3677.2  3599.3
 3:      3  19723     3663.5  185748.4     50538.2    308.0   4140.2  4036.4
 4:      4  19905     3390.5  170334.1     49875.1     21.2   3929.7  3832.8
 5:      5  20070     3227.7  160822.2     48803.1     15.7   3797.5  3692.2
 6:      6  20145     3401.6  168856.2     51255.7     14.0   4087.1  3933.3
 7:      7  19948     3385.5  169715.5     50271.2     22.2   4149.8  3970.3
 8:      8  19932     3281.4  164631.9     50901.2     34.7   4093.1  3900.2
 9:      9  19942     3309.4  165952.1     50764.1     14.6   4207.5  3997.0
10:     10  19968     3401.3  170335.3     50000.3     38.6   4420.5  4106.6
11:     11  19847     3354.5  169018.0     50139.6     44.2   4436.0  4089.2
12:     12  20190     3343.8  165618.4     49992.1     33.0   4525.2  4018.4
13:     13  20087     3328.2  165687.3     49388.5     19.8   4578.2  4010.8
14:     14  20030     3350.0  167248.4     48412.1     28.7   4715.9  3876.2
15:     15  19886     3326.0  167253.0     49753.8     21.9   4771.1  3734.7
16:     16  19981     3256.2  162966.9     49017.5     26.1   4772.7  3363.5
17:     17  19976     3279.5  164174.5     50048.1     38.0   4899.0  2988.0
18:     18  19743     3304.0  167348.0     50134.0     22.2   5028.4  2448.7
19:     19  20006     3271.7  163536.9     49548.9     16.4   5063.0  1652.5
20:     20  20269     3294.0  162514.7     48950.1     18.8   5232.2   484.6
21:  total 399568    66857.3  167324.1     49877.9    308.0  88199.9 69342.4
        AY claims claim_cost mean_size median_size max_size ultimate    paid
    <char>  <int>      <num>     <num>       <num>    <num>    <num>   <num>
    outstanding paid_pct nominal_to_constant
          <num>    <num>               <num>
 1:        67.7     98.2                 1.1
 2:        77.9     97.9                 1.1
 3:       103.7     97.5                 1.1
 4:        96.9     97.5                 1.2
 5:       105.3     97.2                 1.2
 6:       153.7     96.2                 1.2
 7:       179.6     95.7                 1.2
 8:       192.9     95.3                 1.2
 9:       210.5     95.0                 1.3
10:       313.9     92.9                 1.3
11:       346.8     92.2                 1.3
12:       506.8     88.8                 1.4
13:       567.4     87.6                 1.4
14:       839.7     82.2                 1.4
15:      1036.4     78.3                 1.4
16:      1409.2     70.5                 1.5
17:      1911.1     61.0                 1.5
18:      2579.7     48.7                 1.5
19:      3410.5     32.6                 1.5
20:      4747.6      9.3                 1.6
21:     18857.4     78.6                 1.3
    outstanding paid_pct nominal_to_constant
          <num>    <num>               <num>
                  statistic         raw     adjusted      nominal
1                   minimum       30.07         4.86         5.24
2                        1%      270.69       157.88       204.72
3                        5%     2377.56      1364.66      1762.78
4                       25%    24169.28     14244.02     18401.20
5                    median    78354.82     49877.95     64845.25
6                       75%   204993.52    147939.47    193639.89
7                       95%   629266.82    650638.96    858498.84
8                       99%  1213031.87   1852561.76   2478840.29
9                     99.9%  2327865.68   5686468.29   7710934.14
10                  maximum 12646644.34 307951599.51 331931743.71
11                     mean   167324.08    167324.08    220738.11
12 coefficient of variation        1.52         4.15         3.82
                           statistic    raw adjusted
1 largest 0.1% of claims (% of cost)  1.776    6.159
2   largest 1% of claims (% of cost) 10.104   21.553
3   largest 5% of claims (% of cost) 30.029   45.956
4  largest 10% of claims (% of cost) 45.368   60.492
5  largest 50% of claims (% of cost) 91.358   94.726
6                   Gini coefficient  0.628    0.735
    claim_no    AY claim_size  ultimate claim_size_raw raw_rank sev_relativity
       <int> <int>      <num>     <num>          <num>    <num>          <num>
 1:    54892     3  307951600 331931744      3027273.9      129     101.725715
 2:   215608    11   44209979  55898610       869199.7     9768      50.862858
 3:     5833     1   40448759  41221602      3595919.4       50      11.248517
 4:   180224    10   38600519  50266705      1979774.9      772      19.497429
 5:   333474    17   38014817  53724172       597918.7    22099      63.578572
 6:   154390     8   34733674  47818909       682888.8    16922      50.862858
 7:    57288     3   34208897  39595574      2185856.6      518      15.650110
 8:     4407     1   33909783  35340850      1449327.1     2320      23.396914
 9:   235666    12   33024395  43021044      2705346.3      215      12.207086
10:     2701     1   29688206  32749242     12646644.3        1       2.347517
      setldel no_payment Legal Representation Injury Severity Age of Claimant
        <num>      <int>               <fctr>          <fctr>          <fctr>
 1: 0.9697739          9                    Y               5            0-15
 2: 0.9400922          8                    Y               4           30-50
 3: 0.7962547          9                    Y               4           15-30
 4: 3.5361174         16                    Y               4           15-30
 5: 0.5226635         11                    Y               4            0-15
 6: 4.5135922          5                    Y               4           30-50
 7: 4.2099347         11                    Y               5           30-50
 8: 1.6362562          6                    Y               5           15-30
 9: 2.2306564          5                    Y               2           30-50
10: 2.3315441          7                    Y               2           30-50
        Vehicle type Business use status
              <fctr>       <fctr> <fctr>
 1:      Heavy goods            Y closed
 2:      Heavy goods            Y closed
 3: Light Commerical            N closed
 4:     Medium goods            Y closed
 5:      Heavy goods            Y closed
 6:      Heavy goods            Y closed
 7: Light Commerical            N closed
 8: Light Commerical            Y closed
 9:      Heavy goods            Y closed
10: Light Commerical            N closed
                  statistic notification settlement occurrence_to_settlement
1                      mean       2.0650     1.6334                   3.6984
2  coefficient of variation       1.9306     1.0790                   1.1771
3                        1%       0.0003     0.0136                   0.1031
4                       25%       0.1336     0.4315                   1.1627
5                    median       0.6448     1.0736                   2.4199
6                       75%       2.2198     2.2194                   4.6258
7                       90%       5.4974     3.8231                   8.0385
8                       99%      19.2033     8.2456                  21.2782
9                   maximum     112.7843    27.7380                 112.8335
10            % over 1 year      41.2513    52.3616                  78.8509
11           % over 5 years      11.2677     5.2219                  22.3954
   AY   T0   T1   T2   T3  T4  T5  T6  T7  T8  T9 T10 T11 T12 T13 T14 T15 T16
1   1 8498 4989 2057 1220 779 569 373 307 228 166 158 118  97  75  67  60  33
2   2 8226 4885 2085 1251 801 598 406 287 241 180 148 119 100  90  63  50  49
3   3 8221 4895 2048 1206 756 590 408 320 225 144 138 106  94  83  72  61  53
4   4 8325 4909 2033 1260 808 537 387 328 247 190 144  95  85  82  56  57  49
5   5 8457 4943 2090 1195 802 588 385 312 196 174 158 132  96  80  59  54  NA
6   6 8503 4955 2084 1221 819 571 422 276 240 173 154 114  90  77  58  NA  NA
7   7 8410 4968 2082 1169 755 526 413 314 249 180 145  96 107  85  NA  NA  NA
8   8 8329 5047 2045 1164 833 549 387 322 208 169 157 122  89  NA  NA  NA  NA
9   9 8285 4829 2083 1244 858 571 427 327 255 161 148 114  NA  NA  NA  NA  NA
10 10 8362 5005 2056 1173 794 576 404 306 218 194 165  NA  NA  NA  NA  NA  NA
11 11 8304 4988 2103 1150 762 530 399 304 235 160  NA  NA  NA  NA  NA  NA  NA
12 12 8520 4994 2127 1252 730 544 361 327 230  NA  NA  NA  NA  NA  NA  NA  NA
13 13 8323 5034 2015 1276 811 585 409 333  NA  NA  NA  NA  NA  NA  NA  NA  NA
14 14 8393 4975 2088 1214 852 528 382  NA  NA  NA  NA  NA  NA  NA  NA  NA  NA
15 15 8428 4864 2031 1171 797 640  NA  NA  NA  NA  NA  NA  NA  NA  NA  NA  NA
16 16 8405 4995 2106 1204 789  NA  NA  NA  NA  NA  NA  NA  NA  NA  NA  NA  NA
17 17 8390 4861 2095 1270  NA  NA  NA  NA  NA  NA  NA  NA  NA  NA  NA  NA  NA
18 18 8241 4801 2102   NA  NA  NA  NA  NA  NA  NA  NA  NA  NA  NA  NA  NA  NA
19 19 8394 4997   NA   NA  NA  NA  NA  NA  NA  NA  NA  NA  NA  NA  NA  NA  NA
20 20 8572   NA   NA   NA  NA  NA  NA  NA  NA  NA  NA  NA  NA  NA  NA  NA  NA
   T17 T18 T19 T20 reported unreported
1   37  26  29  NA    19886        187
2   37  20  NA  NA    19636        211
3   35  NA  NA  NA    19455        268
4   NA  NA  NA  NA    19592        313
5   NA  NA  NA  NA    19721        349
6   NA  NA  NA  NA    19757        388
7   NA  NA  NA  NA    19499        449
8   NA  NA  NA  NA    19421        511
9   NA  NA  NA  NA    19302        640
10  NA  NA  NA  NA    19253        715
11  NA  NA  NA  NA    18935        912
12  NA  NA  NA  NA    19085       1105
13  NA  NA  NA  NA    18786       1301
14  NA  NA  NA  NA    18432       1598
15  NA  NA  NA  NA    17931       1955
16  NA  NA  NA  NA    17499       2482
17  NA  NA  NA  NA    16616       3360
18  NA  NA  NA  NA    15144       4599
19  NA  NA  NA  NA    13391       6615
20  NA  NA  NA  NA     8572      11697
      AY reported CL_IBNYR msep_sqrt true_IBNYR
1      1    19886     0.00      0.00          0
2      2    19636    28.68      1.26         28
3      3    19455    51.13      5.10         64
4      4    19592    87.91      5.23        103
5      5    19721   135.10     11.65        161
6      6    19757   192.80     12.76        202
7      7    19499   253.38     14.48        269
8      8    19421   335.14     15.66        318
9      9    19302   429.35     17.38        434
10    10    19253   543.91     21.59        539
11    11    18935   689.66     22.98        718
12    12    19085   875.22     27.76        897
13    13    18786  1104.66     33.87       1104
14    14    18432  1416.01     38.79       1408
15    15    17931  1804.46     44.80       1769
16    16    17499  2388.34     58.95       2263
17    17    16616  3173.48     73.10       3180
18    18    15144  4314.62     89.48       4396
19    19    13391  6496.41    102.46       6427
20    20     8572 11678.85    148.94      11511
21 total   359913 35999.10    284.11      35791
        AY claims closed  open unreported open_no_payment os_open os_unreported
    <char>  <int>  <int> <int>      <int>           <int>   <num>         <num>
 1:      1  20073  19824    62        187              15    10.3          57.3
 2:      2  19847  19583    53        211              10    25.7          52.3
 3:      3  19723  19373    82        268              15    25.5          78.3
 4:      4  19905  19488   104        313              36    38.3          58.6
 5:      5  20070  19590   131        349              28    43.7          61.6
 6:      6  20145  19591   166        388              34    50.5         103.3
 7:      7  19948  19298   201        449              58    58.1         121.4
 8:      8  19932  19163   258        511              55    75.5         117.4
 9:      9  19942  18984   318        640              66    74.2         136.3
10:     10  19968  18819   434        715              98   157.2         156.7
11:     11  19847  18423   512        912             103   128.9         217.9
12:     12  20190  18360   725       1105             144   211.4         295.3
13:     13  20087  17768  1018       1301             192   267.3         300.1
14:     14  20030  17080  1352       1598             275   468.4         371.3
15:     15  19886  16028  1903       1955             393   558.7         477.7
16:     16  19981  14803  2696       2482             526   773.6         635.6
17:     17  19976  12898  3718       3360             812   978.6         932.5
18:     18  19743  10018  5126       4599            1356  1389.3        1190.4
19:     19  20006   6492  6899       6615            2288  1810.9        1599.6
20:     20  20269   1906  6666      11697            3784  1662.3        3085.3
21:  total 399568 327489 32424      39655           10288  8808.5       10049.0
        AY claims closed  open unreported open_no_payment os_open os_unreported
    <char>  <int>  <int> <int>      <int>           <int>   <num>         <num>
   accident_years     status claims mean_size mean_ultimate mean_notidel
           <char>     <fctr>  <int>     <num>         <num>        <num>
1:            all     closed 327489  166011.2      208504.5        1.311
2:            all       open  32424  197744.5      304341.9        1.758
3:            all unreported  39655  153292.8      253410.3        8.543
4:             20     closed   1906  146866.9      216840.9        0.137
5:             20       open   6666  168739.6      260068.6        0.187
6:             20 unreported  11697  161517.0      263766.1        3.392
   mean_setldel mean_no_payment
          <num>           <num>
1:        1.451           4.830
2:        3.510           4.948
3:        1.610           4.781
4:        0.245           4.661
5:        2.028           4.808
6:        1.607           4.833
Key: <rep_delay>
    rep_delay claims mean_size median_size mean_no_payment mean_setldel
        <num>  <num>     <num>       <num>           <num>        <num>
 1:         0 167586 174871.43    50816.99            4.85         1.64
 2:         1  98963 167032.59    50070.60            4.84         1.63
 3:         2  41436 161839.94    49764.99            4.84         1.63
 4:         3  24303 158377.20    48266.60            4.79         1.61
 5:         4  15955 160912.51    48459.34            4.78         1.62
 6:         5  11323 161291.82    50384.35            4.86         1.65
 7:         6   7958 155479.39    47989.58            4.78         1.67
 8:         7   6109 156168.11    47151.64            4.72         1.62
 9:         8   4594 156821.64    49213.19            4.89         1.60
10:         9   3544 148065.79    46202.26            4.72         1.61
11:        10   2943 145997.63    48776.18            4.79         1.57
12:        11   2349 149335.99    46291.30            4.67         1.60
13:        12   1856 167850.55    49425.57            4.88         1.60
14:        13   1579 143185.11    49298.31            4.80         1.58
15:        14   1331 146838.10    54223.26            4.86         1.64
16:        15   1045 157095.15    48059.97            4.69         1.56
17:        16    874 146342.74    45812.37            4.83         1.63
18:        17    777 137297.75    44365.44            4.66         1.63
19:        18    655 132358.82    42504.82            4.66         1.63
20:        19    524 166707.05    59130.14            5.01         1.69
21:        20    431 160107.85    49437.03            4.92         1.58
22:        21    403 125799.03    40154.21            4.68         1.67
23:        22    357 140366.18    38246.87            4.66         1.58
24:        23    329 153898.46    47591.95            4.69         1.60
25:        24    273 111961.94    42601.25            4.24         1.46
26:        25    236 143028.18    41464.90            4.67         1.68
27:        26    200 112029.22    43158.85            4.52         1.63
28:        27    170 108186.83    37882.66            4.45         1.47
29:        28    178 143102.30    45212.06            4.65         1.62
30:        29    137  85652.72    38836.83            4.63         1.71
31:        30    130 297565.23    50511.64            4.88         1.69
32:        31    104 106171.88    40344.14            4.81         1.76
33:        32    100 118127.89    45155.09            4.55         1.83
34:        33     79 112361.33    38720.26            4.43         1.49
35:        34     62 125860.69    34998.29            4.79         1.51
36:        35     69 137697.10    41000.40            4.93         1.64
37:        36     51 131675.03    39016.34            4.51         2.07
38:        37     55 121926.91    50188.05            5.13         1.68
39:        38     42 162046.39    50319.20            4.57         1.79
40:        39     40 440032.69   112422.55            5.97         2.10
41:        40     41  73541.92    40954.05            4.66         1.09
42:        41     36 217015.69    75046.07            5.39         2.00
43:        42     29  81822.16    27839.15            3.93         1.37
44:        43     13  52535.19    18212.82            3.62         2.41
45:        44     28 433309.79    31711.70            4.93         1.08
46:        45     20  66999.28    71401.09            4.65         1.04
47:        46     31  94191.33    36899.62            4.26         1.67
48:        47     15 113160.16    10165.35            3.33         2.28
49:        48     20 141715.43    93562.19            5.25         1.16
50:        49     14  47044.07    24490.05            3.79         1.53
51:        50     14 112189.59    79166.74            5.43         1.43
52:        51     19 104374.05    34271.70            4.00         1.57
53:        52     16 106428.41    54410.79            4.44         1.30
54:        53     13  65635.18    18650.98            3.54         2.09
55:        54      3  87745.46    63784.43            6.33         2.33
56:        55      9  90587.74    38272.08            5.00         1.25
57:        56      7  68151.14    57388.69            5.71         1.66
58:        57      5  58399.51    12821.15            4.40         2.52
59:        58      6 269278.88    36606.66            5.00         0.63
60:        59      6 293017.85    34352.15            4.50         1.62
61:        60     12 149019.87    15232.26            4.42         0.81
62:        61      6 149653.88    46618.36            5.83         2.15
63:        62      3  45200.00    13009.02            4.33         0.32
64:        64      5 167748.91    76863.91            4.60         1.76
65:        65      3 964523.12  1027919.41           10.33         1.92
66:        66      4  31469.78    28204.20            4.00         0.90
67:        67      4  27046.80    28546.02            3.50         0.20
68:        68      1  30452.62    30452.62            4.00         2.36
69:        69      2 634158.86   634158.86            8.00         2.58
70:        70      4  65817.09    25822.06            3.75         1.48
71:        71      2  66895.20    66895.20            4.00         0.31
72:        72      1  71579.45    71579.45            4.00         3.13
73:        73      5 733889.65    46858.47            6.00         2.73
74:        74      1  85142.95    85142.95            6.00         0.30
75:        75      1  17193.44    17193.44            4.00         4.78
76:        76      4 215303.40    83328.88            4.50         1.73
77:        77      2 143651.72   143651.72            5.00         2.22
78:        78      2 331313.94   331313.94            4.50         0.53
79:        79      1   4805.23     4805.23            1.00         1.11
80:        80      1  10883.36    10883.36            3.00         0.20
81:        81      1   5072.12     5072.12            2.00         0.02
82:        84      1  48084.51    48084.51            6.00         0.56
83:        85      1  15490.65    15490.65            4.00         2.99
84:        86      2 132635.77   132635.77            5.00         4.90
85:        87      1  84978.03    84978.03            8.00         1.52
86:        91      1   2288.15     2288.15            1.00         0.60
87:        93      1  58186.65    58186.65            5.00         1.19
88:       113      1    192.67      192.67            2.00         0.05
    rep_delay claims mean_size median_size mean_no_payment mean_setldel
        <num>  <num>     <num>       <num>           <num>        <num>
Key: <no_payment>
    no_payment claims mean_size median_size mean_setldel cost_pct
         <num>  <num>     <num>       <num>        <num>    <num>
 1:          1  33092   3066.38     2750.13         1.51     0.15
 2:          2  45251   5293.50     4405.13         1.51     0.36
 3:          3  24793  11040.76    10934.02         1.51     0.41
 4:          4 123455 135701.25    49479.76         1.62    25.06
 5:          5  61820 195286.43    79989.65         1.66    18.06
 6:          6  36520 241227.49   106723.02         1.70    13.18
 7:          7  23042 287295.68   127540.04         1.73     9.90
 8:          8  15261 326008.19   154851.08         1.73     7.44
 9:          9  10205 394623.83   177130.38         1.75     6.02
10:         10   7154 404063.46   200340.90         1.78     4.32
11:         11   5020 442698.30   225848.30         1.81     3.32
12:         12   3645 486248.41   244288.26         1.84     2.65
13:         13   2646 489908.70   271705.79         1.91     1.94
14:         14   1887 542600.80   298473.25         1.85     1.53
15:         15   5777 654246.52   386342.52         1.91     5.65
Key: <size_band>
              size_band claims claims_pct cost_pct mean_notidel mean_setldel
                 <fctr>  <int>      <num>    <num>        <num>        <num>
1:          up to 7,500  65729      16.45     0.30         2.09         1.51
2:      7,500 to 15,000  37407       9.36     0.62         2.12         1.51
3:     15,000 to 50,000  96869      24.24     4.37         2.12         1.54
4:    50,000 to 150,000 100799      25.23    13.58         2.08         1.63
5:   150,000 to 500,000  70674      17.69    28.27         1.99         1.77
6: 500,000 to 2 million  24623       6.16    32.82         1.93         2.05
7:       over 2 million   3467       0.87    20.03         1.73         2.44
   mean_no_payment outstanding_pct paid_pct
             <num>           <num>    <num>
1:            1.50            0.29    79.21
2:            2.66            0.54    81.21
3:            4.64            3.94    80.59
4:            5.75           12.80    79.78
5:            6.84           27.45    79.19
6:            7.88           34.71    77.49
7:            8.04           20.27    78.38
      dev
origin     1      2     3     4     5     6     7     8     9    10    11   12
    1  398.0  764.7 666.8 431.1 313.2 258.8 205.6 145.5  88.3  78.4  58.4 50.3
    2  335.9  783.9 669.1 432.9 370.7 233.7 195.8 125.0  95.0  66.3  56.9 42.0
    3  337.6 1154.8 587.4 540.0 365.0 274.8 204.3 148.4  85.9  63.1  60.1 57.1
    4  378.4  797.2 647.0 475.6 342.4 271.5 220.0 122.5 150.4 118.3 103.1 38.4
    5  369.9  828.4 687.4 485.5 345.0 232.4 171.7 132.4 123.5  79.2  49.5 50.9
    6  376.5  910.3 743.6 492.7 360.2 253.9 205.5 151.5 120.9  76.5  85.3 54.6
    7  370.6  927.3 721.8 510.6 394.8 295.9 207.9 147.3  98.7  77.1  65.4 56.7
    8  375.1  894.1 764.1 524.7 371.8 280.4 184.7 146.1 104.0 107.9  61.5 46.2
    9  382.8  901.6 737.4 600.0 377.3 316.5 212.0 183.6 102.5  66.2  66.4 50.7
    10 395.7  952.8 739.1 572.6 457.8 310.7 204.4 156.9 104.1 107.8 104.8   NA
    11 439.0 1001.8 784.0 574.3 416.5 281.6 200.4 161.2 134.5  95.9    NA   NA
    12 405.0  978.0 843.0 536.4 456.1 291.9 204.1 194.4 109.6    NA    NA   NA
    13 443.9  989.2 829.2 616.9 429.4 291.3 236.3 174.7    NA    NA    NA   NA
    14 418.4 1036.9 831.8 537.2 439.5 322.4 289.9    NA    NA    NA    NA   NA
    15 437.0  992.4 879.1 674.8 406.3 345.0    NA    NA    NA    NA    NA   NA
    16 461.3 1006.1 836.7 604.0 455.4    NA    NA    NA    NA    NA    NA   NA
    17 431.8 1101.5 845.9 608.8    NA    NA    NA    NA    NA    NA    NA   NA
    18 499.0 1116.7 832.9    NA    NA    NA    NA    NA    NA    NA    NA   NA
    19 534.6 1117.9    NA    NA    NA    NA    NA    NA    NA    NA    NA   NA
    20 484.6     NA    NA    NA    NA    NA    NA    NA    NA    NA    NA   NA
      dev
origin   13   14   15   16   17   18   19  20
    1  29.7 26.0 31.6 13.6 17.2 11.1 11.8 7.8
    2  47.4 41.2 31.8 24.8 13.8 14.4 18.7  NA
    3  30.9 37.6 22.2 31.0 25.8 10.4   NA  NA
    4  75.6 26.6 26.3 26.8 12.6   NA   NA  NA
    5  48.3 49.1 22.5 16.4   NA   NA   NA  NA
    6  33.4 29.9 38.5   NA   NA   NA   NA  NA
    7  62.1 34.1   NA   NA   NA   NA   NA  NA
    8  39.6   NA   NA   NA   NA   NA   NA  NA
    9    NA   NA   NA   NA   NA   NA   NA  NA
    10   NA   NA   NA   NA   NA   NA   NA  NA
    11   NA   NA   NA   NA   NA   NA   NA  NA
    12   NA   NA   NA   NA   NA   NA   NA  NA
    13   NA   NA   NA   NA   NA   NA   NA  NA
    14   NA   NA   NA   NA   NA   NA   NA  NA
    15   NA   NA   NA   NA   NA   NA   NA  NA
    16   NA   NA   NA   NA   NA   NA   NA  NA
    17   NA   NA   NA   NA   NA   NA   NA  NA
    18   NA   NA   NA   NA   NA   NA   NA  NA
    19   NA   NA   NA   NA   NA   NA   NA  NA
    20   NA   NA   NA   NA   NA   NA   NA  NA
   AY     1      2      3      4      5      6      7      8      9     10
1   1 398.0 1162.7 1829.5 2260.5 2573.7 2832.5 3038.1 3183.6 3271.9 3350.3
2   2 335.9 1119.8 1789.0 2221.8 2592.5 2826.2 3022.0 3147.0 3242.0 3308.2
3   3 337.6 1492.4 2079.8 2619.8 2984.8 3259.6 3463.9 3612.3 3698.2 3761.3
4   4 378.4 1175.5 1822.6 2298.2 2640.6 2912.1 3132.2 3254.7 3405.1 3523.4
5   5 369.9 1198.3 1885.7 2371.3 2716.3 2948.7 3120.4 3252.8 3376.3 3455.6
6   6 376.5 1286.8 2030.3 2523.0 2883.3 3137.2 3342.7 3494.3 3615.1 3691.6
7   7 370.6 1297.9 2019.7 2530.3 2925.1 3221.0 3428.9 3576.2 3674.9 3752.0
8   8 375.1 1269.2 2033.3 2558.0 2929.7 3210.1 3394.8 3540.9 3644.9 3752.9
9   9 382.8 1284.4 2021.8 2621.8 2999.1 3315.7 3527.7 3711.3 3813.8 3879.9
10 10 395.7 1348.5 2087.6 2660.2 3118.0 3428.7 3633.0 3789.9 3894.0 4001.8
11 11 439.0 1440.8 2224.7 2799.0 3215.6 3497.2 3697.6 3858.8 3993.3 4089.2
12 12 405.0 1383.0 2226.0 2762.4 3218.5 3510.4 3714.5 3908.8 4018.4     NA
13 13 443.9 1433.1 2262.2 2879.2 3308.5 3599.8 3836.1 4010.8     NA     NA
14 14 418.4 1455.3 2287.2 2824.4 3263.9 3586.3 3876.2     NA     NA     NA
15 15 437.0 1429.4 2308.5 2983.3 3389.6 3734.7     NA     NA     NA     NA
16 16 461.3 1467.4 2304.1 2908.1 3363.5     NA     NA     NA     NA     NA
17 17 431.8 1533.3 2379.2 2988.0     NA     NA     NA     NA     NA     NA
18 18 499.0 1615.8 2448.7     NA     NA     NA     NA     NA     NA     NA
19 19 534.6 1652.5     NA     NA     NA     NA     NA     NA     NA     NA
20 20 484.6     NA     NA     NA     NA     NA     NA     NA     NA     NA
       11     12     13     14     15     16     17     18     19     20
1  3408.7 3458.9 3488.7 3514.6 3546.2 3559.9 3577.1 3588.2 3600.0 3607.8
2  3365.1 3407.1 3454.5 3495.7 3527.5 3552.3 3566.2 3580.6 3599.3     NA
3  3821.4 3878.5 3909.4 3947.0 3969.2 4000.2 4026.0 4036.4     NA     NA
4  3626.4 3664.9 3740.5 3767.1 3793.4 3820.2 3832.8     NA     NA     NA
5  3505.0 3555.9 3604.3 3653.3 3675.8 3692.2     NA     NA     NA     NA
6  3776.9 3831.6 3865.0 3894.9 3933.3     NA     NA     NA     NA     NA
7  3817.4 3874.1 3936.2 3970.3     NA     NA     NA     NA     NA     NA
8  3814.3 3860.6 3900.2     NA     NA     NA     NA     NA     NA     NA
9  3946.3 3997.0     NA     NA     NA     NA     NA     NA     NA     NA
10 4106.6     NA     NA     NA     NA     NA     NA     NA     NA     NA
11     NA     NA     NA     NA     NA     NA     NA     NA     NA     NA
12     NA     NA     NA     NA     NA     NA     NA     NA     NA     NA
13     NA     NA     NA     NA     NA     NA     NA     NA     NA     NA
14     NA     NA     NA     NA     NA     NA     NA     NA     NA     NA
15     NA     NA     NA     NA     NA     NA     NA     NA     NA     NA
16     NA     NA     NA     NA     NA     NA     NA     NA     NA     NA
17     NA     NA     NA     NA     NA     NA     NA     NA     NA     NA
18     NA     NA     NA     NA     NA     NA     NA     NA     NA     NA
19     NA     NA     NA     NA     NA     NA     NA     NA     NA     NA
20     NA     NA     NA     NA     NA     NA     NA     NA     NA     NA
   ultimate
1    3607.8
2    3620.2
3    4060.8
4    3877.1
5    3753.7
6    4015.1
7    4074.4
8    4028.0
9    4154.0
10   4372.4
11   4363.0
12   4452.8
13   4518.4
14   4642.7
15   4713.2
16   4683.8
17   4825.1
18   4961.0
19   4993.4
20   5128.2
   dev cl_factor cl_factor_true link_min link_max paid_pct_cl paid_pct_true
2    1    3.3432         3.3329   2.9211   4.4205      9.4779        9.3824
3    2    1.5594         1.5618   1.3936   1.6150     31.6871       31.2701
4    3    1.2590         1.2601   1.2349   1.2968     49.4137       48.8390
5    4    1.1507         1.1504   1.1362   1.1721     62.2120       61.5411
6    5    1.0952         1.0952   1.0856   1.1055     71.5856       70.7968
7    6    1.0650         1.0648   1.0573   1.0808     78.4001       77.5375
8    7    1.0449         1.0447   1.0391   1.0523     83.4946       82.5658
9    8    1.0311         1.0313   1.0238   1.0462     87.2403       86.2573
10   9    1.0236         1.0233   1.0171   1.0347     89.9551       88.9605
11  10    1.0195         1.0186   1.0143   1.0293     92.0814       91.0323
12  11    1.0135         1.0135   1.0106   1.0150     93.8767       92.7218
13  12    1.0124         1.0114   1.0080   1.0206     95.1451       93.9699
14  13    1.0094         1.0077   1.0071   1.0136     96.3281       95.0386
15  14    1.0078         1.0075   1.0056   1.0099     97.2334       95.7745
16  15    1.0061         1.0064   1.0038   1.0078     97.9881       96.4959
17  16    1.0047         1.0039   1.0033   1.0065     98.5844       97.1104
18  17    1.0032         1.0039   1.0026   1.0040     99.0432       97.4881
19  18    1.0043         1.0034   1.0033   1.0052     99.3614       97.8641
20  19    1.0022         1.0027   1.0022   1.0022     99.7837       98.2012
    20        NA             NA       NA       NA    100.0000       98.4641
   incr_pct_true
2         9.3824
3        21.8878
4        17.5688
5        12.7021
6         9.2558
7         6.7407
8         5.0283
9         3.6915
10        2.7032
11        2.0719
12        1.6895
13        1.2480
14        1.0688
15        0.7359
16        0.7214
17        0.6145
18        0.3777
19        0.3760
20        0.3372
          0.2628
    calendar_year payments  nominal constant index outstanding_pct
           <char>    <int>    <num>    <num> <num>           <num>
 1:             1    15255  398.021  392.373 1.014              NA
 2:             2    41802 1100.562 1066.992 1.031              NA
 3:             3    58435 1788.317 1701.504 1.051              NA
 4:             4    69137 2633.299 2454.560 1.073              NA
 5:             5    76864 2500.559 2286.919 1.093              NA
 6:             6    82520 3021.453 2709.627 1.115              NA
 7:             7    86158 3248.204 2855.387 1.138              NA
 8:             8    87972 3489.868 3008.181 1.160              NA
 9:             9    90547 3525.607 2979.012 1.183              NA
10:            10    90662 3706.438 3070.618 1.207              NA
11:            11    91835 3807.445 3092.346 1.231              NA
12:            12    93184 4071.952 3242.230 1.256              NA
13:            13    94103 4169.366 3255.820 1.281              NA
14:            14    93928 4364.891 3340.858 1.307              NA
15:            15    94756 4291.605 3220.072 1.333              NA
16:            16    94487 4504.082 3313.739 1.359              NA
17:            17    94122 4402.378 3175.629 1.386              NA
18:            18    94209 4661.198 3296.087 1.414              NA
19:            19    94964 4808.819 3333.033 1.443              NA
20:            20    96008 4848.370 3295.210 1.471              NA
21:            21    80474 4254.809 2836.049 1.500          22.563
22:            22    54461 3393.028 2217.787 1.530          17.993
23:            23    36426 2503.876 1605.227 1.560          13.278
24:            24    25945 1837.226 1154.802 1.591           9.743
25:            25    18483 1320.831  814.179 1.622           7.004
26:            26    14091 1087.894  657.967 1.653           5.769
27:            27    10796  780.544  463.419 1.684           4.139
28:            28     8400  675.172  392.730 1.719           3.580
29:            29     6757  480.320  275.047 1.746           2.547
30:            30     5392  383.233  216.081 1.774           2.032
31:           31+    29591 2140.518 1133.863 1.888          11.351
    calendar_year payments  nominal constant index outstanding_pct
           <char>    <int>    <num>    <num> <num>           <num>
Key: <AY>
       AY claims payments  amount ultimate_pct
    <num>  <num>    <num>   <num>        <num>
 1:     1    249     1020  67.658        1.841
 2:     2    233     1034  57.031        1.551
 3:     3    269     1171  79.391        1.918
 4:     4    270     1176  52.536        1.337
 5:     5    263      996  43.882        1.156
 6:     6    240     1103  71.965        1.761
 7:     7    226      958  75.463        1.818
 8:     8    265     1117  65.084        1.590
 9:     9    261     1124  53.555        1.273
10:    10    227      959  48.080        1.088
11:    11    248     1036  72.990        1.645
12:    12    272     1115  72.449        1.601
13:    13    257     1046  59.773        1.306
14:    14    247     1095  73.258        1.553
15:    15    249     1026  57.856        1.213
16:    16    286     1225  88.909        1.863
17:    17    245     1102  73.888        1.508
18:    18    254     1088  67.353        1.339
19:    19    247     1074  69.594        1.375
20:    20    245      953 103.979        1.987
       AY claims payments  amount ultimate_pct
    <num>  <num>    <num>   <num>        <num>
      AY    paid CL_reserves msep_sqrt true_reserves error
1      1  3607.8         0.0       0.0           0.0   0.0
2      2  3599.3         7.8       3.9          20.9 -13.1
3      3  4036.4        25.9       7.7          24.3   1.6
4      4  3832.8        37.0       8.2          44.4  -7.4
5      5  3692.2        53.0       9.9          61.4  -8.4
6      6  3933.3        80.8      12.8          81.8  -1.0
7      7  3970.3       113.0      15.0         104.1   8.9
8      8  3900.2       148.7      18.1         127.8  20.8
9      9  3997.0       204.0      26.4         157.0  47.0
10    10  4106.6       267.9      27.9         265.8   2.0
11    11  4089.2       351.7      35.4         273.8  77.8
12    12  4018.4       448.7      42.3         434.3  14.4
13    13  4010.8       586.6      50.4         507.6  79.0
14    14  3876.2       766.3      53.5         766.5  -0.2
15    15  3734.7      1028.9      62.9         978.6  50.3
16    16  3363.5      1335.1      68.2        1320.3  14.8
17    17  2988.0      1814.9      81.1        1837.2 -22.3
18    18  2448.7      2506.8     106.3        2512.3  -5.5
19    19  1652.5      3562.6     192.2        3340.9 221.7
20    20   484.6      4628.6     452.3        4643.6 -15.0
21 total 69342.4     17968.1     575.0       17502.8 465.3
