==== 2026-10-08 11:55:36 start long_reporting.mack slot 2
MackChainLadder(Triangle = tri, est.sigma = "Mack")

     Latest Dev.To.Date Ultimate     IBNR Mack.S.E CV(IBNR)
1  3.61e+09      1.0000 3.61e+09 0.00e+00 0.00e+00      NaN
2  3.60e+09      0.9978 3.61e+09 7.80e+06 3.85e+06   0.4940
3  4.04e+09      0.9936 4.06e+09 2.59e+07 7.74e+06   0.2983
4  3.83e+09      0.9904 3.87e+09 3.70e+07 8.17e+06   0.2206
5  3.69e+09      0.9858 3.75e+09 5.30e+07 9.92e+06   0.1871
6  3.93e+09      0.9799 4.01e+09 8.08e+07 1.28e+07   0.1588
7  3.97e+09      0.9723 4.08e+09 1.13e+08 1.50e+07   0.1329
8  3.90e+09      0.9633 4.05e+09 1.49e+08 1.81e+07   0.1217
9  4.00e+09      0.9515 4.20e+09 2.04e+08 2.64e+07   0.1295
10 4.11e+09      0.9388 4.37e+09 2.68e+08 2.79e+07   0.1040
11 4.09e+09      0.9208 4.44e+09 3.52e+08 3.54e+07   0.1007
12 4.02e+09      0.8996 4.47e+09 4.49e+08 4.23e+07   0.0943
13 4.01e+09      0.8724 4.60e+09 5.87e+08 5.04e+07   0.0860
14 3.88e+09      0.8349 4.64e+09 7.66e+08 5.35e+07   0.0698
15 3.73e+09      0.7840 4.76e+09 1.03e+09 6.29e+07   0.0611
16 3.36e+09      0.7159 4.70e+09 1.34e+09 6.82e+07   0.0511
17 2.99e+09      0.6221 4.80e+09 1.81e+09 8.11e+07   0.0447
18 2.45e+09      0.4941 4.96e+09 2.51e+09 1.06e+08   0.0424
19 1.65e+09      0.3169 5.22e+09 3.56e+09 1.92e+08   0.0539
20 4.85e+08      0.0948 5.11e+09 4.63e+09 4.52e+08   0.0977

                     Totals
Latest:   69,342,436,133.41
Dev:                   0.79
Ultimate: 87,310,506,822.28
IBNR:     17,968,070,688.87
Mack.S.E     574,991,656.26
CV(IBNR):              0.03
     latest    ultimate        ibnr          se          cv        true 
69342436133 87310506822 17968070689   574991656           0 17502755713 
       bias        tail 
  465314976  1354693538 
