==== 2026-10-08 15:25:25 start long_reporting.nncl.search.paper slot 4
==== paper: grid search
WARNING: All log messages before absl::InitializeLog() is called are written to STDERR
I0000 00:00:1791465932.294062   18128 port.cc:153] oneDNN custom operations are on. You may see slightly different numerical results due to floating-point round-off errors from different computation orders. To turn them off, set the environment variable `TF_ENABLE_ONEDNN_OPTS=0`.
WARNING: All log messages before absl::InitializeLog() is called are written to STDERR
I0000 00:00:1791465935.699363   18128 port.cc:153] oneDNN custom operations are on. You may see slightly different numerical results due to floating-point round-off errors from different computation orders. To turn them off, set the environment variable `TF_ENABLE_ONEDNN_OPTS=0`.
WARNING:tensorflow:From C:\Users\26196425\Work\MASTER~3\env\Lib\site-packages\keras\src\backend\common\global_state.py:82: The name tf.reset_default_graph is deprecated. Please use tf.compat.v1.reset_default_graph instead.

WARNING:tensorflow:TensorFlow GPU support is not available on native Windows for TensorFlow >= 2.11. Even if CUDA/cuDNN are installed, GPU will not be used. Please use WSL2 or the TensorFlow-DirectML plugin.
WARNING:tensorflow:5 out of the last 7 calls to <function TensorFlowTrainer.make_predict_function.<locals>.one_step_on_data_distributed at 0x0000020E4AD3F920> triggered tf.function retracing. Tracing is expensive and the excessive number of tracings could be due to (1) creating @tf.function repeatedly in a loop, (2) passing tensors with different shapes, (3) passing Python objects instead of tensors. For (1), please define your @tf.function outside of the loop. For (2), @tf.function has reduce_retracing=True option that can avoid unnecessary retracing. For (3), please refer to https://www.tensorflow.org/guide/function#controlling_retracing and https://www.tensorflow.org/api_docs/python/tf/function for  more details.
WARNING:tensorflow:6 out of the last 8 calls to <function TensorFlowTrainer.make_predict_function.<locals>.one_step_on_data_distributed at 0x0000020E4AD3F920> triggered tf.function retracing. Tracing is expensive and the excessive number of tracings could be due to (1) creating @tf.function repeatedly in a loop, (2) passing tensors with different shapes, (3) passing Python objects instead of tensors. For (1), please define your @tf.function outside of the loop. For (2), @tf.function has reduce_retracing=True option that can avoid unnecessary retracing. For (3), please refer to https://www.tensorflow.org/guide/function#controlling_retracing and https://www.tensorflow.org/api_docs/python/tf/function for  more details.
15:26 dropout=0, hidden=20, activation=tanh: score 28.5701 (baseline 20.6273), 70 s
15:27 dropout=0.1, hidden=20, activation=tanh: score 124531 (baseline 20.6273), 70 s
  dropout hidden activation                                   label
1       0     20       tanh   dropout=0, hidden=20, activation=tanh
2     0.1     20       tanh dropout=0.1, hidden=20, activation=tanh
         score score_sd n_seeds score_baseline ratio_to_baseline mean_steps_15
1     28.57006       NA       1       20.62729          1.385061             5
2 124530.51513       NA       1       20.62729       6037.172329             5
  mean_steps_18
1             5
2             5
paper chosen: dropout=0, hidden=20, activation=tanh
              model   reserves true_reserves        bias     bias_pct   units
1         seed 2026  146082.48      17502.76  128579.728   734.625621 1000000
2         seed 2027 7842264.19      17502.76 7824761.439 44705.882704 1000000
3 nagging predictor  793530.86      17502.76  776028.109  4433.748156 1000000
4 Mack chain ladder   17968.07      17502.76     465.315     2.658524 1000000
