==== 2026-10-08 15:25:30 start long_reporting.nncl.search.early_stop slot 1
==== early_stop: successive search
WARNING: All log messages before absl::InitializeLog() is called are written to STDERR
I0000 00:00:1791465937.418615   17736 port.cc:153] oneDNN custom operations are on. You may see slightly different numerical results due to floating-point round-off errors from different computation orders. To turn them off, set the environment variable `TF_ENABLE_ONEDNN_OPTS=0`.
WARNING: All log messages before absl::InitializeLog() is called are written to STDERR
I0000 00:00:1791465940.870897   17736 port.cc:153] oneDNN custom operations are on. You may see slightly different numerical results due to floating-point round-off errors from different computation orders. To turn them off, set the environment variable `TF_ENABLE_ONEDNN_OPTS=0`.
WARNING:tensorflow:From C:\Users\26196425\Work\MASTER~3\env\Lib\site-packages\keras\src\backend\common\global_state.py:82: The name tf.reset_default_graph is deprecated. Please use tf.compat.v1.reset_default_graph instead.

WARNING:tensorflow:TensorFlow GPU support is not available on native Windows for TensorFlow >= 2.11. Even if CUDA/cuDNN are installed, GPU will not be used. Please use WSL2 or the TensorFlow-DirectML plugin.
WARNING:tensorflow:5 out of the last 7 calls to <function TensorFlowTrainer.make_predict_function.<locals>.one_step_on_data_distributed at 0x000001F3CB61BBA0> triggered tf.function retracing. Tracing is expensive and the excessive number of tracings could be due to (1) creating @tf.function repeatedly in a loop, (2) passing tensors with different shapes, (3) passing Python objects instead of tensors. For (1), please define your @tf.function outside of the loop. For (2), @tf.function has reduce_retracing=True option that can avoid unnecessary retracing. For (3), please refer to https://www.tensorflow.org/guide/function#controlling_retracing and https://www.tensorflow.org/api_docs/python/tf/function for  more details.
WARNING:tensorflow:6 out of the last 8 calls to <function TensorFlowTrainer.make_predict_function.<locals>.one_step_on_data_distributed at 0x000001F3CB61BBA0> triggered tf.function retracing. Tracing is expensive and the excessive number of tracings could be due to (1) creating @tf.function repeatedly in a loop, (2) passing tensors with different shapes, (3) passing Python objects instead of tensors. For (1), please define your @tf.function outside of the loop. For (2), @tf.function has reduce_retracing=True option that can avoid unnecessary retracing. For (3), please refer to https://www.tensorflow.org/guide/function#controlling_retracing and https://www.tensorflow.org/api_docs/python/tf/function for  more details.
15:27 dropout=0: score 28.5634 (baseline 20.6273), 97 s
15:28 dropout=0.1: score 119148 (baseline 20.6273), 101 s
  dropout       label        score score_sd n_seeds score_baseline
1       0   dropout=0     28.56343       NA       1       20.62729
2     0.1 dropout=0.1 119147.87242       NA       1       20.62729
  ratio_to_baseline mean_steps_15 mean_steps_18
1           1.38474            10            10
2        5776.22471            10            10
  step   tuned     label    score
1    0   start dropout=0 28.56343
2    1 dropout dropout=0 28.56343
early_stop chosen: dropout=0
              model   reserves true_reserves        bias     bias_pct   units
1         seed 2026  122948.96      17502.76  105446.201   602.454851 1000000
2         seed 2027 5558086.86      17502.76 5540584.100 31655.495804 1000000
3 nagging predictor  615892.57      17502.76  598389.819  3418.832034 1000000
4 Mack chain ladder   17968.07      17502.76     465.315     2.658524 1000000
