==== 2026-10-08 11:44:01 start long_reporting.simulation slot 3
                                    [,1]
n_claims                    3.995680e+05
n_payments                  1.931764e+06
total_claim_size_raw        6.685735e+10
total_claim_size_adj        6.685735e+10
median_size_raw             7.835482e+04
median_size_adj             4.987795e+04
mean_notidel                2.064985e+00
target_mean_notidel         2.000000e+00
mean_setldel                1.633422e+00
target_mean_setldel         1.643895e+00
mean_no_payment             4.834631e+00
triangle_total              8.819989e+10
pct_of_triangle_observed    7.869635e-01
share_no_observation        2.675089e-01
pct_paid_after_last_dev     1.535936e-02
ay1_claims                  2.007300e+04
ay1_unreported_at_last_dev  1.870000e+02
ay1_open_at_last_dev        6.200000e+01
ay1_pct_paid_after_last_dev 1.840834e-02
                  factor            level      n share mean_size_raw
                  <char>           <char>  <num> <num>         <num>
 1: Legal Representation                N  10564 0.026      165051.7
 2: Legal Representation                Y 389004 0.974      167385.8
 3:      Injury Severity                1 212308 0.531      167327.0
 4:      Injury Severity                2 119489 0.299      167238.2
 5:      Injury Severity                3  40018 0.100      167546.1
 6:      Injury Severity                4  19829 0.050      167878.9
 7:      Injury Severity                5   3905 0.010      168820.2
 8:      Injury Severity                6   4019 0.010      163323.4
 9:      Age of Claimant             0-15  73127 0.183      167051.6
10:      Age of Claimant            15-30  76623 0.192      166731.3
11:      Age of Claimant            30-50 109409 0.274      166911.1
12:      Age of Claimant            50-65  72002 0.180      168050.3
13:      Age of Claimant          over 65  68407 0.171      168175.5
14:         Vehicle type      Heavy goods    521 0.001      192170.0
15:         Vehicle type Light Commerical  27272 0.068      169789.5
16:         Vehicle type     Medium goods   1075 0.003      170359.5
17:         Vehicle type        Passenger 370700 0.928      167099.0
18:         Business use                N 344023 0.861      167371.5
19:         Business use                Y  55545 0.139      167030.3
    mean_size_adj mean_sev_relativity mean_notidel mean_notidel_mult
            <num>               <num>        <num>             <num>
 1:      39794.43               0.240        1.816             0.874
 2:     170787.34               1.013        2.072             1.030
 3:      77890.14               0.465        2.176             1.082
 4:     161347.00               0.956        2.003             0.994
 5:     332748.53               1.996        1.889             0.943
 6:     663605.72               3.939        1.808             0.894
 7:    1115185.07               6.213        1.653             0.847
 8:      52771.97               0.316        1.444             0.696
 9:     211790.06               1.247        2.229             1.109
10:     191203.82               1.140        2.012             1.008
11:     169310.73               1.009        2.050             1.008
12:     141830.28               0.838        2.017             1.007
13:     116698.36               0.689        2.024             1.008
14:    2951347.73              13.018        1.501             0.800
15:     467102.46               2.760        1.898             0.932
16:     668794.66               3.976        1.571             0.809
17:     139902.68               0.837        2.080             1.034
18:     147907.90               0.879        2.110             1.049
19:     287579.96               1.691        1.784             0.882
    mean_setldel mean_setldel_mult mean_no_payment mean_payment_size
           <num>             <num>           <num>             <num>
 1:        0.853             0.528           3.593          10901.50
 2:        1.655             1.006           4.868          38425.02
 3:        1.416             0.863           4.322          19195.40
 4:        1.702             1.037           5.093          36680.07
 5:        2.053             1.244           5.855          72198.19
 6:        2.484             1.500           6.497         139819.36
 7:        3.012             1.822           6.851         227464.02
 8:        1.363             0.828           3.907          13559.99
 9:        2.062             1.256           5.093          47266.00
10:        1.578             0.964           4.983          42719.48
11:        1.589             0.967           4.873          37999.33
12:        1.516             0.917           4.689          32085.72
13:        1.431             0.869           4.484          27266.65
14:        1.885             1.144           6.631         563631.14
15:        1.667             1.008           5.946          99968.45
16:        1.732             1.078           6.343         142130.47
17:        1.630             0.992           4.746          32074.10
18:        1.621             0.987           4.768          33733.73
19:        1.712             1.038           5.249          62246.35
    share_settled_by_2yrs
                    <num>
 1:                 0.479
 2:                 0.319
 3:                 0.344
 4:                 0.314
 5:                 0.278
 6:                 0.251
 7:                 0.229
 8:                 0.408
 9:                 0.267
10:                 0.329
11:                 0.328
12:                 0.341
13:                 0.350
14:                 0.324
15:                 0.334
16:                 0.357
17:                 0.322
18:                 0.322
19:                 0.333
