==== 2026-10-08 15:25:20 start long_reporting.nncl.search.cl_start slot 8
==== cl_start: successive search
WARNING: All log messages before absl::InitializeLog() is called are written to STDERR
I0000 00:00:1791465927.292160   10468 port.cc:153] oneDNN custom operations are on. You may see slightly different numerical results due to floating-point round-off errors from different computation orders. To turn them off, set the environment variable `TF_ENABLE_ONEDNN_OPTS=0`.
WARNING: All log messages before absl::InitializeLog() is called are written to STDERR
I0000 00:00:1791465930.782107   10468 port.cc:153] oneDNN custom operations are on. You may see slightly different numerical results due to floating-point round-off errors from different computation orders. To turn them off, set the environment variable `TF_ENABLE_ONEDNN_OPTS=0`.
WARNING:tensorflow:From C:\Users\26196425\Work\MASTER~3\env\Lib\site-packages\keras\src\backend\common\global_state.py:82: The name tf.reset_default_graph is deprecated. Please use tf.compat.v1.reset_default_graph instead.

WARNING:tensorflow:TensorFlow GPU support is not available on native Windows for TensorFlow >= 2.11. Even if CUDA/cuDNN are installed, GPU will not be used. Please use WSL2 or the TensorFlow-DirectML plugin.
WARNING:tensorflow:5 out of the last 7 calls to <function TensorFlowTrainer.make_predict_function.<locals>.one_step_on_data_distributed at 0x000001BE86127B00> triggered tf.function retracing. Tracing is expensive and the excessive number of tracings could be due to (1) creating @tf.function repeatedly in a loop, (2) passing tensors with different shapes, (3) passing Python objects instead of tensors. For (1), please define your @tf.function outside of the loop. For (2), @tf.function has reduce_retracing=True option that can avoid unnecessary retracing. For (3), please refer to https://www.tensorflow.org/guide/function#controlling_retracing and https://www.tensorflow.org/api_docs/python/tf/function for  more details.
WARNING:tensorflow:6 out of the last 8 calls to <function TensorFlowTrainer.make_predict_function.<locals>.one_step_on_data_distributed at 0x000001BE86127B00> triggered tf.function retracing. Tracing is expensive and the excessive number of tracings could be due to (1) creating @tf.function repeatedly in a loop, (2) passing tensors with different shapes, (3) passing Python objects instead of tensors. For (1), please define your @tf.function outside of the loop. For (2), @tf.function has reduce_retracing=True option that can avoid unnecessary retracing. For (3), please refer to https://www.tensorflow.org/guide/function#controlling_retracing and https://www.tensorflow.org/api_docs/python/tf/function for  more details.
WARNING:tensorflow:5 out of the last 17 calls to <function TensorFlowTrainer._make_function.<locals>.multi_step_on_iterator at 0x000001BE86FE5E40> triggered tf.function retracing. Tracing is expensive and the excessive number of tracings could be due to (1) creating @tf.function repeatedly in a loop, (2) passing tensors with different shapes, (3) passing Python objects instead of tensors. For (1), please define your @tf.function outside of the loop. For (2), @tf.function has reduce_retracing=True option that can avoid unnecessary retracing. For (3), please refer to https://www.tensorflow.org/guide/function#controlling_retracing and https://www.tensorflow.org/api_docs/python/tf/function for  more details.
WARNING:tensorflow:5 out of the last 13 calls to <function TensorFlowTrainer._make_function.<locals>.multi_step_on_iterator at 0x000001BE8C19C860> triggered tf.function retracing. Tracing is expensive and the excessive number of tracings could be due to (1) creating @tf.function repeatedly in a loop, (2) passing tensors with different shapes, (3) passing Python objects instead of tensors. For (1), please define your @tf.function outside of the loop. For (2), @tf.function has reduce_retracing=True option that can avoid unnecessary retracing. For (3), please refer to https://www.tensorflow.org/guide/function#controlling_retracing and https://www.tensorflow.org/api_docs/python/tf/function for  more details.
15:26 dropout=0: score 20.5729 (baseline 20.6273), 83 s
15:28 dropout=0.1: score 20.5768 (baseline 20.6273), 85 s
  dropout       label    score score_sd n_seeds score_baseline
1       0   dropout=0 20.57289       NA       1       20.62729
2     0.1 dropout=0.1 20.57678       NA       1       20.62729
  ratio_to_baseline mean_steps_15 mean_steps_18
1         0.9973625      5.285714      4.529412
2         0.9975513      5.142857      4.235294
  step   tuned     label    score
1    0   start dropout=0 20.57289
2    1 dropout dropout=0 20.57289
cl_start chosen: dropout=0
              model reserves true_reserves     bias bias_pct   units
1         seed 2026 18121.43      17502.76 618.6732 3.534719 1000000
2         seed 2027 18018.57      17502.76 515.8124 2.947035 1000000
3 nagging predictor 18067.01      17502.76 564.2534 3.223797 1000000
4 Mack chain ladder 17968.07      17502.76 465.3150 2.658524 1000000
