==== 2026-10-08 15:33:07 start long_reporting.nncl.age_coding slot 10
              true reserves         of the part-1 cells 
                   17502.76                    17312.17 
       zero claims reserves      error of Mack's CL (%) 
                     268.63                        2.66 
sqrt(msep) of Mack's CL (%) 
                       3.29 
   0-15   15-30   30-50   50-65 over 65 
 4541.2  3715.4  4690.6  2471.7  1893.3 
runs fitted under both codings 
                            23 
cl_grid    grid 
      2       2 
                                       run    coding parameters error_pct
                                    <char>    <char>      <int>     <num>
 1:                 homogeneous CL factors benchmark         NA       3.6
 2: CL factors log-linear in the age score benchmark         NA       3.8
 3:             CL factors of the age band benchmark         NA       3.9
 4:                               paper_q5     dummy         81     857.8
 5:                               paper_q5   numeric         66    1170.9
 6:                              paper_q10     dummy        161  218197.3
 7:                              paper_q10   numeric        131    1888.6
 8:                              paper_q20     dummy        321     734.6
 9:                              paper_q20   numeric        261    1822.3
10:                                s1_adam     dummy        321    1374.9
11:                                s1_adam   numeric        261    5001.7
12:                          s2_early_stop     dummy        321     602.5
13:                          s2_early_stop   numeric        261    1448.0
14:                            s3_cl_start     dummy        321       3.5
15:                            s3_cl_start   numeric        261       3.3
16:                             s4_balance     dummy        321       2.9
17:                             s4_balance   numeric        261       3.0
    band_abs_error ay_band_rmse band_0_15 band_15_30 band_30_50 band_50_65
             <num>        <num>     <num>      <num>      <num>      <num>
 1:         2150.3         49.0     -17.5        8.7        5.1       15.4
 2:         1031.7         43.2      -2.8       17.6        2.7        1.2
 3:          668.9         41.2       9.4        0.3       -0.3        8.3
 4:       213194.5       5826.4    -282.0      376.2     -328.8     6782.7
 5:       204856.5       3742.4    1026.1     1491.1     1264.8      990.0
 6:     38190459.1    1694044.9   18455.5   992257.9     8260.4     3462.1
 7:       344215.3      10893.5    -151.2      130.5      731.9     2974.8
 8:       140324.7       2753.6     552.1     1512.3      897.1     -239.2
 9:       318870.3       6176.3     656.7     1538.2     2458.8     2986.0
10:       253105.6       5536.9     833.9     3301.3     1539.1     -253.5
11:       875355.3      17889.5    1440.4     3367.2     6528.2     9237.1
12:       118547.2       2344.5     509.4     1210.7      754.5     -266.6
13:       253364.2       5000.4     521.1     1257.4     1977.1     2347.0
14:          781.5         38.8      -2.5       -0.2        3.6        9.1
15:         1085.5         42.5      -6.4       15.1        2.6        4.1
16:          770.2         38.5      -3.0       -0.8        3.0        8.5
17:         1057.8         42.2      -6.7       14.8        2.3        3.8
    band_over_65
           <num>
 1:         21.6
 2:         -4.9
 3:         -0.7
 4:       -176.5
 5:       1006.8
 6:        667.2
 7:      11865.3
 8:        584.7
 9:       2258.8
10:        746.1
11:       7939.1
12:        446.4
13:       1702.5
14:         14.1
15:          0.2
16:         13.4
17:         -0.1
        j dummy numeric  both
    <num> <num>   <num> <num>
 1:     1  1.00    0.75  0.75
 2:     2  0.00    0.00  0.00
 3:     3  0.00    0.00  0.00
 4:     4  0.50    0.50  0.50
 5:     5  0.00    0.00  0.00
 6:     6  0.00    0.50  0.00
 7:     7  0.00    0.00  0.00
 8:     8  0.00    0.00  0.00
 9:     9  0.25    0.00  0.00
10:    10  0.00    0.00  0.00
11:    11  0.00    0.00  0.00
12:    12  1.00    0.75  0.75
13:    13  1.00    1.00  1.00
14:    14  0.00    0.00  0.00
15:    15  0.00    0.50  0.00
16:    16  0.00    0.00  0.00
17:    17  0.25    0.00  0.00
18:    18  0.25    0.25  0.00
19:    19  0.00    0.25  0.00
   hidden optimizer   training diverged_dummy diverged_numeric
   <char>    <char>     <char>          <int>            <int>
1:     20   rmsprop   cl_paper              0                0
2:     20       sgd   cl_paper              0                0
3:     20   rmsprop   cl_start              0                0
4:     20       sgd   cl_start              0                0
5:     20   rmsprop early_stop              0                0
6:     20       sgd early_stop              0                0
7:     20   rmsprop      paper              0                0
8:     20       sgd      paper              0                0
   band_abs_error_dummy band_abs_error_numeric ay_band_rmse_dummy
                  <num>                  <num>              <num>
1:                822.3                 1177.5               39.9
2:               2008.3                 1958.5               47.9
3:                815.8                 1179.8               38.5
4:               1969.9                 1924.2               47.6
5:            1466930.3            611683104.1            56427.1
6:            2405510.1             12606525.9            94065.0
7:            3982504.1           4447953849.0           164048.8
8:            4866281.7             54928610.9           196357.6
   ay_band_rmse_numeric error_abs_dummy error_abs_numeric
                  <num>           <num>             <num>
1:                 46.5             5.1               6.2
2:                 46.8             3.0               3.2
3:                 43.3             4.4               3.1
4:                 46.6             2.9               3.2
5:           34876308.3          8351.8         3494780.0
6:             589455.2         13684.6           72008.0
7:          258367865.6         22720.3        25412877.8
8:            2742583.8         27767.6          313809.4
   hidden optimizer seeds mean_diff   lower  upper numeric_smaller p_holm
   <char>    <char> <int>     <num>   <num>  <num>           <int>  <num>
1:     20   rmsprop     2     363.9 -2226.9 2954.8               0      1
2:     20       sgd     2     -45.7  -101.8   10.3               2      1
combinations with the CL start 
                             2 
            measure mean_dummy mean_numeric mean_diff    lower   upper seeds
             <char>      <num>        <num>     <num>    <num>   <num> <int>
1:   band_abs_error    1392.88      1551.98    159.10 -1108.29 1426.49     2
2:     ay_band_rmse      43.05        44.95      1.90    -0.07    3.87     2
3:        error_abs       3.67         3.16     -0.51   -13.46   12.45     2
4:    abs_band_0_15       9.15        11.85      2.70    -8.63   14.03     2
5:   abs_band_15_30       5.07        11.90      6.83   -21.98   35.65     2
6:   abs_band_30_50       3.63         3.49     -0.14    -6.22    5.95     2
7:   abs_band_50_65      11.81         9.03     -2.79    -5.41   -0.16     2
8: abs_band_over_65      17.25         9.75     -7.50   -26.57   11.57     2
   numeric_smaller p_wilcoxon p_holm
             <int>      <num>  <num>
1:               0        0.5     NA
2:               0        0.5      1
3:               1        1.0      1
4:               0        0.5      1
5:               0        0.5      1
6:               1        1.0      1
7:               2        0.5      1
8:               2        0.5      1
    measure mean_dummy mean_numeric mean_diff   lower   upper seeds
     <char>      <num>        <num>     <num>   <num>   <num> <int>
 1:   low_2     0.9970       0.9969   -0.0001 -0.0015  0.0012     2
 2:   low_3     0.9952       0.9946   -0.0006 -0.0016  0.0003     2
 3:   low_4     0.9977       0.9980    0.0003 -0.0032  0.0037     2
 4:   low_5     0.9962       0.9972    0.0010 -0.0036  0.0055     2
 5:   low_6     0.9975       0.9991    0.0016 -0.0235  0.0267     2
 6:   low_7     0.9914       0.9901   -0.0013 -0.0797  0.0771     2
 7:   low_8     0.9994       0.9991   -0.0003 -0.0004 -0.0001     2
 8:  loss_2     0.9980       0.9980   -0.0001 -0.0016  0.0015     2
 9:  loss_3     0.9965       0.9964   -0.0001 -0.0042  0.0040     2
10:  loss_4     0.9994       0.9995    0.0001 -0.0010  0.0012     2
11:  loss_5     0.9981       0.9988    0.0007  0.0003  0.0010     2
12:  loss_6     0.9987       0.9995    0.0007 -0.0110  0.0124     2
13:  loss_7     0.9975       0.9975    0.0000 -0.0141  0.0141     2
14:  loss_8     0.9960       0.9956   -0.0003 -0.0101  0.0094     2
    numeric_smaller p_holm
              <int>  <num>
 1:               2      1
 2:               2      1
 3:               0      1
 4:               0      1
 5:               1      1
 6:               1      1
 7:               2      1
 8:               1      1
 9:               1      1
10:               0      1
11:               0      1
12:               1      1
13:               1      1
14:               1      1
Key: <training, coding>
     training  coding      0-15    15-30   30-50  50-65 over 65
       <char>  <char>     <num>    <num>   <num>  <num>   <num>
1:   cl_paper   dummy      -6.6      5.6     4.3   10.8    15.8
2:   cl_paper numeric      -8.6     14.7     4.6    8.9     8.0
3:   cl_start   dummy      -9.8      5.5     4.1   12.4    18.2
4:   cl_start numeric     -13.1     10.5     4.3    9.9    10.1
5: early_stop   dummy     213.6   9635.4 24164.4  -77.3  2116.7
6: early_stop numeric  226245.5  49364.3  7916.7 3343.4   325.9
7:      paper   dummy     429.4  26211.3 64170.1   85.0  3484.9
8:      paper numeric 1040203.8 178788.4 16942.1 6678.0  1326.8
   hidden optimizer   training block seeds error_pct_dummy error_pct_numeric
   <char>    <char>     <char> <num> <num>           <num>             <num>
1:     20   rmsprop   cl_paper     1     2             5.1               6.2
2:     20       sgd   cl_paper     1     2             3.0               3.2
3:     20   rmsprop   cl_start     1     2             4.4               3.1
4:     20       sgd   cl_start     1     2             2.9               3.2
5:     20   rmsprop early_stop     1     2          2015.9           59017.9
6:     20       sgd early_stop     1     2          3984.6           10000.7
7:     20   rmsprop      paper     1     2          4433.7          273767.5
8:     20       sgd      paper     1     2          6782.9           27371.6
   band_abs_error_dummy band_abs_error_numeric
                  <num>                  <num>
1:                819.8                 1176.3
2:               2008.3                 1958.5
3:                809.8                 1179.8
4:               1969.9                 1924.1
5:             353655.4             10329679.9
6:             708101.7              1750320.0
7:             775950.1             47916772.5
8:            1194042.0              4790706.9
Key: <j, training, coding>
        j  training             coding  0-15 15-30 30-50 50-65 over 65
    <int>    <char>             <char> <num> <num> <num> <num>   <num>
 1:     2 benchmark all accident years 1.568 1.551 1.573 1.573   1.530
 2:     2 benchmark        homogeneous 1.559 1.559 1.559 1.559   1.559
 3:     2 benchmark     learning cells 1.561 1.550 1.570 1.572   1.531
 4:     2 benchmark      training rows 1.558 1.548 1.575 1.584   1.538
 5:     2     paper              dummy 1.060 1.322 1.214 0.984   1.152
 6:     2     paper            numeric 1.467 1.357 1.231 1.103   1.003
 7:     3 benchmark all accident years 1.296 1.269 1.245 1.248   1.234
 8:     3 benchmark        homogeneous 1.259 1.259 1.259 1.259   1.259
 9:     3 benchmark     learning cells 1.295 1.264 1.248 1.245   1.232
10:     3 benchmark      training rows 1.296 1.261 1.249 1.246   1.233
11:     3     paper              dummy 1.012 1.205 1.165 0.948   1.101
12:     3     paper            numeric 1.333 1.239 1.125 1.021   0.938
13:     4 benchmark all accident years 1.178 1.143 1.150 1.139   1.131
14:     4 benchmark        homogeneous 1.150 1.150 1.150 1.150   1.150
15:     4 benchmark     learning cells 1.177 1.145 1.151 1.137   1.133
16:     4 benchmark      training rows 1.177 1.147 1.148 1.136   1.135
17:     4     paper              dummy 0.975 1.128 1.130 0.918   1.059
18:     4     paper            numeric 1.307 1.213 1.105 1.003   0.920
19:     5 benchmark all accident years 1.118 1.089 1.090 1.088   1.087
20:     5 benchmark        homogeneous 1.095 1.095 1.095 1.095   1.095
21:     5 benchmark     learning cells 1.121 1.088 1.090 1.086   1.086
22:     5 benchmark      training rows 1.117 1.086 1.088 1.088   1.088
23:     5     paper              dummy 0.942 1.078 1.097 0.891   1.013
24:     5     paper            numeric 1.279 1.183 1.078 0.979   0.900
        j  training             coding  0-15 15-30 30-50 50-65 over 65
    <int>    <char>             <char> <num> <num> <num> <num>   <num>
