==== 2026-10-08 15:25:04 start si_calendar.nncl.search.cl_start slot 9
==== cl_start: successive search
WARNING: All log messages before absl::InitializeLog() is called are written to STDERR
I0000 00:00:1791465911.473412   17228 port.cc:153] oneDNN custom operations are on. You may see slightly different numerical results due to floating-point round-off errors from different computation orders. To turn them off, set the environment variable `TF_ENABLE_ONEDNN_OPTS=0`.
WARNING: All log messages before absl::InitializeLog() is called are written to STDERR
I0000 00:00:1791465914.884359   17228 port.cc:153] oneDNN custom operations are on. You may see slightly different numerical results due to floating-point round-off errors from different computation orders. To turn them off, set the environment variable `TF_ENABLE_ONEDNN_OPTS=0`.
WARNING:tensorflow:From C:\Users\26196425\Work\MASTER~3\env\Lib\site-packages\keras\src\backend\common\global_state.py:82: The name tf.reset_default_graph is deprecated. Please use tf.compat.v1.reset_default_graph instead.

WARNING:tensorflow:TensorFlow GPU support is not available on native Windows for TensorFlow >= 2.11. Even if CUDA/cuDNN are installed, GPU will not be used. Please use WSL2 or the TensorFlow-DirectML plugin.
WARNING:tensorflow:5 out of the last 7 calls to <function TensorFlowTrainer.make_predict_function.<locals>.one_step_on_data_distributed at 0x000001EE6F827B00> triggered tf.function retracing. Tracing is expensive and the excessive number of tracings could be due to (1) creating @tf.function repeatedly in a loop, (2) passing tensors with different shapes, (3) passing Python objects instead of tensors. For (1), please define your @tf.function outside of the loop. For (2), @tf.function has reduce_retracing=True option that can avoid unnecessary retracing. For (3), please refer to https://www.tensorflow.org/guide/function#controlling_retracing and https://www.tensorflow.org/api_docs/python/tf/function for  more details.
WARNING:tensorflow:6 out of the last 8 calls to <function TensorFlowTrainer.make_predict_function.<locals>.one_step_on_data_distributed at 0x000001EE6F827B00> triggered tf.function retracing. Tracing is expensive and the excessive number of tracings could be due to (1) creating @tf.function repeatedly in a loop, (2) passing tensors with different shapes, (3) passing Python objects instead of tensors. For (1), please define your @tf.function outside of the loop. For (2), @tf.function has reduce_retracing=True option that can avoid unnecessary retracing. For (3), please refer to https://www.tensorflow.org/guide/function#controlling_retracing and https://www.tensorflow.org/api_docs/python/tf/function for  more details.
WARNING:tensorflow:5 out of the last 27 calls to <function TensorFlowTrainer._make_function.<locals>.multi_step_on_iterator at 0x000001EE6FEEE520> triggered tf.function retracing. Tracing is expensive and the excessive number of tracings could be due to (1) creating @tf.function repeatedly in a loop, (2) passing tensors with different shapes, (3) passing Python objects instead of tensors. For (1), please define your @tf.function outside of the loop. For (2), @tf.function has reduce_retracing=True option that can avoid unnecessary retracing. For (3), please refer to https://www.tensorflow.org/guide/function#controlling_retracing and https://www.tensorflow.org/api_docs/python/tf/function for  more details.
WARNING:tensorflow:5 out of the last 21 calls to <function TensorFlowTrainer._make_function.<locals>.multi_step_on_iterator at 0x000001EE755236A0> triggered tf.function retracing. Tracing is expensive and the excessive number of tracings could be due to (1) creating @tf.function repeatedly in a loop, (2) passing tensors with different shapes, (3) passing Python objects instead of tensors. For (1), please define your @tf.function outside of the loop. For (2), @tf.function has reduce_retracing=True option that can avoid unnecessary retracing. For (3), please refer to https://www.tensorflow.org/guide/function#controlling_retracing and https://www.tensorflow.org/api_docs/python/tf/function for  more details.
15:26 dropout=0: score 105.97 (baseline 106.659), 86 s
15:28 dropout=0.1: score 106.015 (baseline 106.659), 90 s
  dropout       label    score score_sd n_seeds score_baseline
1       0   dropout=0 105.9703       NA       1        106.659
2     0.1 dropout=0.1 106.0146       NA       1        106.659
  ratio_to_baseline mean_steps_15 mean_steps_18
1         0.9935434      5.571429      6.705882
2         0.9939585      5.571429      6.823529
  step   tuned     label    score
1    0   start dropout=0 105.9703
2    1 dropout dropout=0 105.9703
cl_start chosen: dropout=0
              model reserves true_reserves       bias    bias_pct   units
1         seed 2026 223543.4      224063.2  -519.7739 -0.23197647 1000000
2         seed 2027 223849.0      224063.2  -214.2087 -0.09560192 1000000
3 nagging predictor 223589.9      224063.2  -473.2652 -0.21121955 1000000
4 Mack chain ladder 222254.2      224063.2 -1809.0179 -0.80736954 1000000
