==== 2026-10-08 11:55:36 start si_calendar.odp slot 1
         ODP           CL 
222254164520 222254164520 
               latest     ultimate         ibnr         se cv         true
formula   4.74726e+11 696980174695 222254164520 5851157533  0 224063182394
bootstrap 4.74726e+11 696980174695 222254164520 7354619437  0 224063182394
                 bias       tail
formula   -1809017874 5404132805
bootstrap -1809017874 5404132805
                                                     quantity        value
1                                        observed cells |D_I|          210
2                                            parameters I + J           39
3                          degrees of freedom |D_I| - (I + J)          171
4                                           Pearson statistic    3487.7165
5                                 Poisson deviance (unscaled)    3394.0784
6                          phi Pearson (glmReserve, E&V 1999)       20.396
7                              phi deviance (Paper C eq. (5))      19.8484
8                                  phi deviance / phi Pearson       0.9732
9  glmReserve residual factor sqrt(|D_I| / (|D_I| - (I + J)))       1.1082
10                       glmReserve pseudo triangles kept (%)       1.2697
11                      glmReserve draws per bootstrap sample      78.7571
12         E&V 1999 pseudo triangles with a negative cell (%)      97.5298
13                                        amounts in units of      1000000
                  method    phi  reserve boot_mean process_sd estimation_sd
1  analytic, phi pearson 20.396 222254.2        NA   2129.107      5450.041
2 analytic, phi deviance 19.848 222254.2        NA   2100.331      5376.382
3   glmReserve bootstrap 19.774 222254.2  224502.7   2108.083      6994.398
4               E&V 1999 20.396 222254.2  222984.0   2129.107      5640.415
5     E&V 1999 x n/(n-p) 20.396 222254.2  222984.0   2129.107      6250.613
6   Paper C, phi pearson 20.396 222254.2  222176.1   2129.107      5961.391
7  Paper C, phi deviance 19.848 222254.2  221841.4   2100.331      5782.687
     rmsep   mc_se    cv     true      bias
1 5851.157      NA 0.026 224063.2 -1809.018
2 5772.077      NA 0.026 224063.2 -1809.018
3 7354.619 827.835 0.033 224063.2 -1809.018
4 6028.878 483.267 0.027 224063.2 -1809.018
5 6603.276 541.861 0.030 224063.2 -1809.018
6 6330.188 500.207 0.028 224063.2 -1809.018
7 6152.305 461.723 0.028 224063.2 -1809.018
       method
origin  analytic, phi pearson analytic, phi deviance glmReserve bootstrap
  2                      6.27                   6.18                13.72
  3                      7.96                   7.85                12.88
  4                     46.55                  45.92                48.42
  5                     59.16                  58.36                54.55
  6                     75.89                  74.86                74.94
  7                     90.76                  89.54                97.64
  8                    111.69                 110.18               133.48
  9                    141.95                 140.03               157.84
  10                   176.25                 173.87               198.48
  11                   223.38                 220.36               208.91
  12                   269.34                 265.70               282.77
  13                   336.86                 332.31               361.23
  14                   420.73                 415.04               406.95
  15                   519.84                 512.82               533.42
  16                   656.19                 647.32               670.94
  17                   870.97                 859.20              1011.78
  18                  1185.00                1168.99              1239.12
  19                  1789.97                1765.77              1944.48
  20                  3661.55                3612.06              4735.95
  total               5851.16                5772.08              7354.62
       method
origin  E&V 1999 E&V 1999 x n/(n-p) Paper C, phi pearson Paper C, phi deviance
  2         5.32               5.53                 4.25                  6.13
  3         6.60               6.88                 5.87                  8.30
  4        44.33              45.64                49.38                 45.07
  5        55.96              57.50                62.02                 57.98
  6        72.35              74.70                77.96                 72.37
  7        87.54              90.62                95.41                 88.81
  8       109.85             113.97               117.26                108.23
  9       133.23             137.40               148.03                140.11
  10      165.07             170.67               186.00                168.03
  11      215.66             223.62               234.61                220.84
  12      259.24             268.97               293.31                273.07
  13      314.05             324.79               339.77                339.82
  14      404.69             421.12               424.24                416.20
  15      487.96             507.06               577.96                533.10
  16      658.85             692.05               658.41                669.65
  17      816.79             855.20               834.59                859.64
  18     1098.11            1156.96              1236.86               1113.64
  19     1859.58            2001.05              1729.98               1972.94
  20     3582.81            3919.34              3875.74               4128.00
  total  6028.88            6603.28              6330.19               6152.31
