==== 2026-10-08 11:59:36 start si_calendar.nncl.main.analysis slot 4
runs of the grids
   grid cl_grid 
      0       0 
nagging predictors 
                 0 
       AY   dev_0   dev_1   dev_2   dev_3   dev_4   dev_5   dev_6   dev_7
    <int>   <num>   <num>   <num>   <num>   <num>   <num>   <num>   <num>
 1:     1   871.5  2363.8  3216.9  3848.7  4177.7  4444.4  4635.1  4799.6
 2:     2   940.6  2658.0  3709.2  4372.8  4798.7  5098.7  5344.2  5530.5
 3:     3  1164.2  3636.6  4868.2  5765.1  6403.3  6793.8  7016.8  7252.1
 4:     4  1368.1  3612.0  5047.7  5967.1  6648.9  7232.1  7521.0  7825.9
 5:     5  1599.3  4161.5  5799.2  6827.1  7600.5  8063.7  8361.3  8627.9
 6:     6  1924.0  5064.4  7149.6  8376.1  9351.2  9958.2 10394.4 10678.9
 7:     7  2283.4  6056.6  8358.8  9765.3 10859.5 11752.4 12379.7 12717.3
 8:     8  2589.5  6886.0  9484.5 11235.5 12396.2 13520.2 14012.2 14362.8
 9:     9  2988.5  7915.6 11028.6 13475.0 14914.3 15969.1 16487.1 17144.0
10:    10  3460.9  9381.4 13393.1 15759.5 17683.1 18838.0 19667.6 20154.3
11:    11  4177.4 11279.4 15762.6 18529.3 20802.0 22018.7 23011.1 23812.5
12:    12  4862.6 13201.1 18679.8 21907.3 24298.0 25789.5 26625.2 27373.9
13:    13  5871.9 15617.7 21725.2 25480.4 28208.8 29866.7 31145.1 32205.1
14:    14  6225.4 18162.5 24715.7 29313.7 32514.8 35256.1 36745.4      NA
15:    15  7605.0 20982.9 29973.8 35228.6 38617.3 40881.9      NA      NA
16:    16  8837.0 23739.8 33389.6 39898.9 43776.7      NA      NA      NA
17:    17 10687.1 29236.1 40365.5 47146.6      NA      NA      NA      NA
18:    18 12694.3 33634.3 46823.3      NA      NA      NA      NA      NA
19:    19 14997.4 39918.9      NA      NA      NA      NA      NA      NA
20:    20 16525.5      NA      NA      NA      NA      NA      NA      NA
       AY   dev_0   dev_1   dev_2   dev_3   dev_4   dev_5   dev_6   dev_7
    <int>   <num>   <num>   <num>   <num>   <num>   <num>   <num>   <num>
      dev_8   dev_9  dev_10  dev_11  dev_12  dev_13  dev_14 dev_15 dev_16
      <num>   <num>   <num>   <num>   <num>   <num>   <num>  <num>  <num>
 1:  4861.3  4990.8  5061.4  5112.1  5162.6  5193.6  5203.0 5215.6 5260.9
 2:  5620.6  5729.5  5810.6  5894.8  5951.8  5987.3  6030.0 6036.9 6056.1
 3:  7381.3  7468.7  7559.0  7628.1  7643.9  7671.4  7683.9 7686.7 7715.6
 4:  8058.7  8303.2  8483.2  8522.7  8660.4  8672.1  8707.2 8795.4 8816.0
 5:  8873.3  9024.7  9220.3  9315.5  9385.3  9458.0  9493.8 9499.8     NA
 6: 11089.5 11301.2 11476.0 11539.3 11668.2 11810.7 11854.2     NA     NA
 7: 12902.2 13075.1 13224.2 13322.6 13405.2 13496.6      NA     NA     NA
 8: 14617.8 14732.9 14989.5 15088.8 15207.6      NA      NA     NA     NA
 9: 17528.8 17833.6 17992.7 18073.6      NA      NA      NA     NA     NA
10: 20860.7 21252.9 22061.4      NA      NA      NA      NA     NA     NA
11: 24417.7 24596.0      NA      NA      NA      NA      NA     NA     NA
12: 27914.0      NA      NA      NA      NA      NA      NA     NA     NA
13:      NA      NA      NA      NA      NA      NA      NA     NA     NA
14:      NA      NA      NA      NA      NA      NA      NA     NA     NA
15:      NA      NA      NA      NA      NA      NA      NA     NA     NA
16:      NA      NA      NA      NA      NA      NA      NA     NA     NA
17:      NA      NA      NA      NA      NA      NA      NA     NA     NA
18:      NA      NA      NA      NA      NA      NA      NA     NA     NA
19:      NA      NA      NA      NA      NA      NA      NA     NA     NA
20:      NA      NA      NA      NA      NA      NA      NA     NA     NA
      dev_8   dev_9  dev_10  dev_11  dev_12  dev_13  dev_14 dev_15 dev_16
      <num>   <num>   <num>   <num>   <num>   <num>   <num>  <num>  <num>
    dev_17 dev_18 dev_19 ultimate
     <num>  <num>  <num>    <num>
 1: 5263.9 5264.2   5265   5265.0
 2: 6201.3 6201.3     NA   6206.6
 3: 7717.2     NA     NA   7723.2
 4:     NA     NA     NA   8837.0
 5:     NA     NA     NA   9557.2
 6:     NA     NA     NA  11900.3
 7:     NA     NA     NA  13630.7
 8:     NA     NA     NA  15420.1
 9:     NA     NA     NA  18274.0
10:     NA     NA     NA  23038.2
11:     NA     NA     NA  25597.3
12:     NA     NA     NA  30350.3
13:     NA     NA     NA  34789.7
14:     NA     NA     NA  42712.3
15:     NA     NA     NA  49813.8
16:     NA     NA     NA  56980.8
17:     NA     NA     NA  65850.2
18:     NA     NA     NA  77493.0
19:     NA     NA     NA  89944.2
20:     NA     NA     NA 105405.2
    dev_17 dev_18 dev_19 ultimate
     <num>  <num>  <num>    <num>
        AY     true        NN NN_zero_claims       CL msep_sqrt
    <char>    <num>     <num>          <num>    <num>     <num>
 1:      1      0.0       0.0            0.0      0.0       0.0
 2:      2      5.3    -135.1            0.0      0.9       0.0
 3:      3      6.0    -175.9            0.0      1.3       0.4
 4:      4     21.0     304.4            0.0     70.9     121.9
 5:      5     57.3     528.6            0.0    115.8     130.9
 6:      6     46.1    2198.4            0.0    182.2     159.7
 7:      7    134.2    3011.7            0.0    257.7     176.4
 8:      8    212.5    6294.2            0.0    393.6     198.7
 9:      9    200.4    8784.1            0.0    628.2     233.6
10:     10    976.8   16528.9            0.0    932.3     276.5
11:     11   1001.4   22541.6            0.0   1527.7     364.7
12:     12   2436.3   44752.1            0.0   2190.1     429.0
13:     13   2584.6   62752.9            0.0   3360.3     518.7
14:     14   5966.9   87028.2            0.0   5113.7     600.5
15:     15   8931.9  117527.7            0.0   7587.0     692.7
16:     16  13204.0  173341.6            0.0  11640.1     859.8
17:     17  18703.6  308566.0            0.0  18907.1    1036.0
18:     18  30669.7  407586.9          188.9  30593.0    1272.7
19:     19  50025.3  508278.5          159.1  52138.0    1659.4
20:     20  88879.6  208344.1         1726.0  86614.2    2656.3
21:  total 224063.2 1978058.7         2074.1 222254.2    7188.2
        AY     true        NN NN_zero_claims       CL msep_sqrt
    <char>    <num>     <num>          <num>    <num>     <num>
Key: <i>
        i cells zero_cells zero_claims  true NN_zero_claims
    <int> <int>      <int>       <int> <num>          <num>
 1:     2   163          0           0   0.0            0.0
 2:     3   164          0           0   0.0            0.0
 3:     4   169          0           0   0.0            0.0
 4:     5   166          0           0   0.0            0.0
 5:     6   163          0           0   0.0            0.0
 6:     7   173          0           0   0.0            0.0
 7:     8   172          0           0   0.0            0.0
 8:     9   167          0           0   0.0            0.0
 9:    10   168          0           0   0.0            0.0
10:    11   162          0           0   0.0            0.0
11:    12   172          0           0   0.0            0.0
12:    13   167          0           0   0.0            0.0
13:    14   172          0           0   0.0            0.0
14:    15   166          0           0   0.0            0.0
15:    16   169          0           0   0.0            0.0
16:    17   161          0           0   0.0            0.0
17:    18   172          0           0   0.0          188.9
18:    19   173          3           4 627.7          159.1
19:    20   164         13          19 814.2         1726.0
Key: <model>
         model        1        2       3       4       5       6       7
        <fctr>    <num>    <num>   <num>   <num>   <num>   <num>   <num>
1: homogeneous 621667.5  70406.3 38814.9 32425.6 40826.1 20526.8  5576.8
2:    paper_q5 919766.2 125841.2 65208.3 50988.9 54726.4 31128.6 14540.8
3:   paper_q10 822388.9  98473.2 60845.3 53857.8 60777.7 38060.4 20296.6
4:   paper_q20 842668.6  88501.6 45482.5 37576.6 45091.0 24681.6  9161.1
         8       9      10     11     12     13     14     15     16     17
     <num>   <num>   <num>  <num>  <num>  <num>  <num>  <num>  <num>  <num>
1:  2404.7  2426.7  2752.4  551.9  611.6  444.4  204.5   94.3   16.2 2594.2
2:  9837.2  8316.9  7836.9 4364.6 3798.6 3079.2 2197.6 1620.3 1177.2 3418.5
3: 15079.2 13285.9 11808.5 7762.8 6435.8 5154.6 3923.3 2915.6 2130.4 4180.3
4:  5451.3  4933.2  4856.4 2304.5 2032.3 1633.3 1147.0  824.5  553.8 3017.2
      18    19
   <num> <num>
1:   0.0   0.0
2: 448.3 210.4
3: 928.6 428.2
4: 232.3 109.5
             run     true       CL      reserve zero_claims zero_claims_pooled
          <char>    <num>    <num>        <num>       <num>              <num>
1:      paper_q5 224063.2 222254.2    2837119.6      2074.1                  0
2:     paper_q10 224063.2 222254.2 1437819527.4      2074.1                  0
3:     paper_q20 224063.2 222254.2    1978058.7      2074.1                  0
4:       s1_adam 224063.2 222254.2    3787183.3      2074.1                  0
5: s2_early_stop 224063.2 222254.2    1618953.7      2074.1                  0
6:   s3_cl_start 224063.2 222254.2     223536.5      2074.1                  0
7:    s4_balance 224063.2 222254.2     222103.5      2074.1                  0
        loss loss_vali bias_pct bias_cl_pct
       <num>     <num>    <num>       <num>
1: 1308506.1  361523.8   1166.2        -0.8
2: 1228733.1  334731.0 641602.7        -0.8
3: 1120258.3  314976.6    782.8        -0.8
4: 1177859.6  329596.1   1590.2        -0.8
5: 1125149.1  316205.6    622.5        -0.8
6:  841086.0  243750.4     -0.2        -0.8
7:  841086.1  243750.7     -0.9        -0.8
