==== 2026-10-08 15:39:23 start si_calendar.nncl_numeric.search.early_stop slot 6
==== early_stop: successive search
15:39 dropout=0: score 155.942 (baseline 106.659), 98 s
WARNING: All log messages before absl::InitializeLog() is called are written to STDERR
I0000 00:00:1791466770.102526   14384 port.cc:153] oneDNN custom operations are on. You may see slightly different numerical results due to floating-point round-off errors from different computation orders. To turn them off, set the environment variable `TF_ENABLE_ONEDNN_OPTS=0`.
WARNING: All log messages before absl::InitializeLog() is called are written to STDERR
I0000 00:00:1791466773.855129   14384 port.cc:153] oneDNN custom operations are on. You may see slightly different numerical results due to floating-point round-off errors from different computation orders. To turn them off, set the environment variable `TF_ENABLE_ONEDNN_OPTS=0`.
WARNING:tensorflow:From C:\Users\26196425\Work\MASTER~3\env\Lib\site-packages\keras\src\backend\common\global_state.py:82: The name tf.reset_default_graph is deprecated. Please use tf.compat.v1.reset_default_graph instead.

WARNING:tensorflow:TensorFlow GPU support is not available on native Windows for TensorFlow >= 2.11. Even if CUDA/cuDNN are installed, GPU will not be used. Please use WSL2 or the TensorFlow-DirectML plugin.
WARNING:tensorflow:5 out of the last 7 calls to <function TensorFlowTrainer.make_predict_function.<locals>.one_step_on_data_distributed at 0x0000024C8FA98360> triggered tf.function retracing. Tracing is expensive and the excessive number of tracings could be due to (1) creating @tf.function repeatedly in a loop, (2) passing tensors with different shapes, (3) passing Python objects instead of tensors. For (1), please define your @tf.function outside of the loop. For (2), @tf.function has reduce_retracing=True option that can avoid unnecessary retracing. For (3), please refer to https://www.tensorflow.org/guide/function#controlling_retracing and https://www.tensorflow.org/api_docs/python/tf/function for  more details.
WARNING:tensorflow:6 out of the last 8 calls to <function TensorFlowTrainer.make_predict_function.<locals>.one_step_on_data_distributed at 0x0000024C8FA98360> triggered tf.function retracing. Tracing is expensive and the excessive number of tracings could be due to (1) creating @tf.function repeatedly in a loop, (2) passing tensors with different shapes, (3) passing Python objects instead of tensors. For (1), please define your @tf.function outside of the loop. For (2), @tf.function has reduce_retracing=True option that can avoid unnecessary retracing. For (3), please refer to https://www.tensorflow.org/guide/function#controlling_retracing and https://www.tensorflow.org/api_docs/python/tf/function for  more details.
WARNING:tensorflow:5 out of the last 27 calls to <function TensorFlowTrainer._make_function.<locals>.multi_step_on_iterator at 0x0000024C95F459E0> triggered tf.function retracing. Tracing is expensive and the excessive number of tracings could be due to (1) creating @tf.function repeatedly in a loop, (2) passing tensors with different shapes, (3) passing Python objects instead of tensors. For (1), please define your @tf.function outside of the loop. For (2), @tf.function has reduce_retracing=True option that can avoid unnecessary retracing. For (3), please refer to https://www.tensorflow.org/guide/function#controlling_retracing and https://www.tensorflow.org/api_docs/python/tf/function for  more details.
15:41 dropout=0.1: score 213676 (baseline 106.659), 103 s
  dropout       label       score score_sd n_seeds score_baseline
1       0   dropout=0    155.9416       NA       1        106.659
2     0.1 dropout=0.1 213675.9046       NA       1        106.659
  ratio_to_baseline mean_steps_15 mean_steps_18
1          1.462057     10.000000     10.000000
2       2003.355742      9.357143      9.470588
  step   tuned     label    score
1    0   start dropout=0 155.9416
2    1 dropout dropout=0 155.9416
early_stop chosen: dropout=0
WARNING:tensorflow:5 out of the last 27 calls to <function TensorFlowTrainer._make_function.<locals>.multi_step_on_iterator at 0x0000024CA1BBCFE0> triggered tf.function retracing. Tracing is expensive and the excessive number of tracings could be due to (1) creating @tf.function repeatedly in a loop, (2) passing tensors with different shapes, (3) passing Python objects instead of tensors. For (1), please define your @tf.function outside of the loop. For (2), @tf.function has reduce_retracing=True option that can avoid unnecessary retracing. For (3), please refer to https://www.tensorflow.org/guide/function#controlling_retracing and https://www.tensorflow.org/api_docs/python/tf/function for  more details.
              model     reserves true_reserves          bias      bias_pct
1         seed 2026 4.337746e+06      224063.2  4.113683e+06  1.835948e+03
2         seed 2027 2.379783e+11      224063.2  2.379781e+11  1.062103e+08
3 nagging predictor 9.529645e+08      224063.2  9.527404e+08  4.252106e+05
4 Mack chain ladder 2.222542e+05      224063.2 -1.809018e+03 -8.073695e-01
    units
1 1000000
2 1000000
3 1000000
4 1000000
