==== 2026-10-08 12:00:16 start si_calendar.nncl.partition slot 1
    j learning train validation ay_train ay_validation test ay_test
1   1     2895  2605        290     1-18         18-19  151   20-20
2   2     2952  2656        296     1-17         17-18  321   19-20
3   3     2817  2535        282     1-16         16-17  493   18-20
4   4     2670  2403        267     1-15         15-16  654   17-20
5   5     2502  2251        251     1-14         14-15  823   16-20
6   6     2336  2102        234     1-13         13-14  989   15-20
7   7     2164  1947        217     1-12         12-13 1161   14-20
8   8     1997  1797        200     1-11         11-12 1328   13-20
9   9     1826  1643        183     1-10         10-11 1500   12-20
10 10     1664  1497        167     1-10         10-10 1662   11-20
11 11     1496  1346        150      1-9           9-9 1830   10-20
12 12     1329  1196        133      1-8           8-8 1997    9-20
13 13     1157  1041        116      1-7           7-7 2169    8-20
14 14      984   885         99      1-6           6-6 2342    7-20
15 15      821   738         83      1-5           5-5 2505    6-20
16 16      655   589         66      1-4           4-4 2671    5-20
17 17      486   437         49      1-3           3-3 2840    4-20
18 18      322   289         33      1-2           2-2 3004    3-20
19 19      159   143         16      1-1           1-1 3167    2-20
