==== 2026-10-08 15:39:22 start si_calendar.nncl_numeric.search.paper slot 5
==== paper: grid search
15:39 dropout=0, hidden=20, activation=tanh: score 158.37 (baseline 106.659), 70 s
15:39 dropout=0.1, hidden=20, activation=tanh: score 211448 (baseline 106.659), 72 s
  dropout hidden activation                                   label       score
1       0     20       tanh   dropout=0, hidden=20, activation=tanh    158.3699
2     0.1     20       tanh dropout=0.1, hidden=20, activation=tanh 211448.2290
  score_sd n_seeds score_baseline ratio_to_baseline mean_steps_15 mean_steps_18
1       NA       1        106.659          1.484824             5             5
2       NA       1        106.659       1982.469780             5             5
paper chosen: dropout=0, hidden=20, activation=tanh
WARNING: All log messages before absl::InitializeLog() is called are written to STDERR
I0000 00:00:1791466769.741942    8808 port.cc:153] oneDNN custom operations are on. You may see slightly different numerical results due to floating-point round-off errors from different computation orders. To turn them off, set the environment variable `TF_ENABLE_ONEDNN_OPTS=0`.
WARNING: All log messages before absl::InitializeLog() is called are written to STDERR
I0000 00:00:1791466773.568001    8808 port.cc:153] oneDNN custom operations are on. You may see slightly different numerical results due to floating-point round-off errors from different computation orders. To turn them off, set the environment variable `TF_ENABLE_ONEDNN_OPTS=0`.
WARNING:tensorflow:From C:\Users\26196425\Work\MASTER~3\env\Lib\site-packages\keras\src\backend\common\global_state.py:82: The name tf.reset_default_graph is deprecated. Please use tf.compat.v1.reset_default_graph instead.

WARNING:tensorflow:TensorFlow GPU support is not available on native Windows for TensorFlow >= 2.11. Even if CUDA/cuDNN are installed, GPU will not be used. Please use WSL2 or the TensorFlow-DirectML plugin.
WARNING:tensorflow:5 out of the last 7 calls to <function TensorFlowTrainer.make_predict_function.<locals>.one_step_on_data_distributed at 0x000001BE64D83920> triggered tf.function retracing. Tracing is expensive and the excessive number of tracings could be due to (1) creating @tf.function repeatedly in a loop, (2) passing tensors with different shapes, (3) passing Python objects instead of tensors. For (1), please define your @tf.function outside of the loop. For (2), @tf.function has reduce_retracing=True option that can avoid unnecessary retracing. For (3), please refer to https://www.tensorflow.org/guide/function#controlling_retracing and https://www.tensorflow.org/api_docs/python/tf/function for  more details.
WARNING:tensorflow:6 out of the last 8 calls to <function TensorFlowTrainer.make_predict_function.<locals>.one_step_on_data_distributed at 0x000001BE64D83920> triggered tf.function retracing. Tracing is expensive and the excessive number of tracings could be due to (1) creating @tf.function repeatedly in a loop, (2) passing tensors with different shapes, (3) passing Python objects instead of tensors. For (1), please define your @tf.function outside of the loop. For (2), @tf.function has reduce_retracing=True option that can avoid unnecessary retracing. For (3), please refer to https://www.tensorflow.org/guide/function#controlling_retracing and https://www.tensorflow.org/api_docs/python/tf/function for  more details.
              model     reserves true_reserves          bias      bias_pct
1         seed 2026 5.347798e+06      224063.2  5.123735e+06  2.286737e+03
2         seed 2027 2.907613e+11      224063.2  2.907611e+11  1.297675e+08
3 nagging predictor 1.134596e+09      224063.2  1.134372e+09  5.062734e+05
4 Mack chain ladder 2.222542e+05      224063.2 -1.809018e+03 -8.073695e-01
    units
1 1000000
2 1000000
3 1000000
4 1000000
