==== 2026-10-08 11:55:11 start si_calendar.nncl.cells slot 1
                            cells                  feature values x 
                             3342                               226 
        observed cells with C < 0         diagonal cells with C = 0 
                                0                                16 
            claims of these cells payments after development year J 
                               23                              5404 
claims not reported at the end of year I (%) 
                                         0.7 
Legal Representation: 2 labels, reference label Y
Injury Severity: 6 labels, reference label 1
Age of Claimant: 5 labels, reference label 30-50
Vehicle type: 4 labels, reference label Passenger
Business use: 2 labels, reference label N
[1] 14
    j n_cells steps  f_hom loss_millions
1   1    2895     1 2.6951      621667.5
2   2    2952     1 1.3946       70406.3
3   3    2817     1 1.1801       38814.9
4   4    2670     1 1.1067       32425.6
5   5    2502     1 1.0677       40826.1
6   6    2336     1 1.0407       20526.8
7   7    2164     1 1.0315        5576.8
8   8    1997     1 1.0240        2404.7
9   9    1826     1 1.0154        2426.7
10 10    1664     1 1.0190        2752.4
11 11    1496     1 1.0073         551.9
12 12    1329     1 1.0087         611.6
13 13    1157     1 1.0067         444.4
14 14     984     1 1.0037         204.5
15 15     821     1 1.0031          94.3
16 16     655     1 1.0041          16.2
17 17     486     1 1.0079        2594.2
18 18     322     1 1.0000           0.0
19 19     159     1 1.0001           0.0
feature values x with C_{i,0}(x) > 0                 learning cells j = 1 
                                 219                                 2895 
[1] 18 19
    LoB  i j      num den        g pooled    pooled_over g_first
80    1 14 7 135038.3   0 1.022692   TRUE accident years       0
94    1 15 7 135038.3   0 1.022692   TRUE accident years       0
109   1 16 7 135038.3   0 1.022692   TRUE accident years       0
     [,1] [,2] [,3] [,4] [,5] [,6] [,7] [,8] [,9] [,10] [,11] [,12] [,13] [,14]
[1,]    0    0    0    0    0    0    0    0    0     0     0     0     0     0
     [,15] [,16] [,17] [,18] [,19] [,20]
[1,]     0     0     0 188.9 159.1  1726
zero claims factors              pooled pooled, g_first > 0 
                190                   3                   0 
                       zero claims reserve 
                                    2074.1 
of the accident years with a pooled factor 
                                       0.0 
