==== 2026-10-08 15:43:42 start si_calendar.timings.final slot 4
     model                                     task  runs  fits networks
    <char>                                   <char> <int> <int>    <num>
 1:  bccnn             bccnn.fit.claims_split_refit     1     2        2
 2:  bccnn       bccnn.fit.rolling_origin_partition     1     3        3
 3:  bccnn           bccnn.fit.rolling_origin_refit     1     6        6
 4:  bccnn       bccnn.bootstrap.claims_split_refit     2     8        8
 5:  bccnn bccnn.bootstrap.rolling_origin_partition     2     8        8
 6:  bccnn     bccnn.bootstrap.rolling_origin_refit     2     8        8
 7:  bccnn                            bccnn.masking     2     4        4
 8:  bccnn                             bccnn.search     4    20       20
 9:  bccnn                               bccnn.grid     8    75       75
10:   nncl                             nncl.cl_grid     8   152      152
11:   nncl                                nncl.grid     8   152      152
12:   nncl                                nncl.main     6   114      114
13:   nncl                     nncl.search.cl_start     4    42      100
14:   nncl                   nncl.search.early_stop     4    42      100
15:   nncl                        nncl.search.paper     4    42      100
16:   nncl                     nncl_numeric.cl_grid     8   152      152
17:   nncl                        nncl_numeric.grid     8   152      152
18:   nncl                        nncl_numeric.main     6   114      114
19:   nncl             nncl_numeric.search.cl_start     4    42      100
20:   nncl           nncl_numeric.search.early_stop     4    42      100
21:   nncl                nncl_numeric.search.paper     4    42      100
     model                                     task  runs  fits networks
    <char>                                   <char> <int> <int>    <num>
    hours_fit hours_run seconds_per_epoch
        <num>     <num>             <num>
 1:    0.0041    0.0068            0.0735
 2:    0.0058    0.0087            0.0693
 3:    0.0073    0.0104            0.0790
 4:    0.0146    0.0201            0.0663
 5:    0.0024    0.0076            1.0762
 6:    0.0025    0.0079            1.1147
 7:    0.0058    0.0106            0.0686
 8:    0.0229    0.0262            0.0736
 9:    0.1996    0.2280            0.0671
10:    0.0510    0.0772            0.1975
11:    0.0572    0.0835            0.1831
12:    0.0433    0.0635            0.2280
13:    0.0495    0.0786            0.2716
14:    0.0615    0.0909            0.2142
15:    0.0365    0.0634            0.2659
16:    0.0529    0.0810            0.2104
17:    0.0597    0.0872            0.1899
18:    0.0434    0.0633            0.2240
19:    0.0495    0.0747            0.2786
20:    0.0624    0.0910            0.2276
21:    0.0375    0.0628            0.2694
    hours_fit hours_run seconds_per_epoch
        <num>     <num>             <num>
      rows of timings_epochs rows of timings_epoch_blocks 
                        9318                          213 
