==== 2026-10-08 15:31:34 start si_calendar.nncl.age_coding slot 5
              true reserves         of the part-1 cells 
                  224063.18                   222621.31 
       zero claims reserves      error of Mack's CL (%) 
                    2074.07                       -0.81 
sqrt(msep) of Mack's CL (%) 
                       3.21 
   0-15   15-30   30-50   50-65 over 65 
68272.4 46230.3 58394.5 29298.5 20425.6 
runs fitted under both codings 
                            23 
cl_grid    grid 
      2       2 
                                       run    coding parameters error_pct
                                    <char>    <char>      <int>     <num>
 1:                 homogeneous CL factors benchmark         NA      -0.1
 2: CL factors log-linear in the age score benchmark         NA       0.3
 3:             CL factors of the age band benchmark         NA       0.3
 4:                               paper_q5     dummy         81    1166.2
 5:                               paper_q5   numeric         66    1596.3
 6:                              paper_q10     dummy        161  641602.7
 7:                              paper_q10   numeric        131    3931.4
 8:                              paper_q20     dummy        321     782.8
 9:                              paper_q20   numeric        261    2286.7
10:                                s1_adam     dummy        321    1590.2
11:                                s1_adam   numeric        261    6695.1
12:                          s2_early_stop     dummy        321     622.5
13:                          s2_early_stop   numeric        261    1835.9
14:                            s3_cl_start     dummy        321      -0.2
15:                            s3_cl_start   numeric        261       0.2
16:                             s4_balance     dummy        321      -0.9
17:                             s4_balance   numeric        261      -0.3
    band_abs_error ay_band_rmse band_0_15 band_15_30 band_30_50 band_50_65
             <num>        <num>     <num>      <num>      <num>      <num>
 1:        41318.9       1083.2     -30.9        6.4        6.7       18.0
 2:        21337.7        758.6     -10.7       20.3        2.2       -5.7
 3:         8988.2        620.7       3.2       -7.4        4.0       -2.1
 4:      3222542.4     113145.8    -200.6      457.0     -248.4     9236.7
 5:      3576035.3      74201.1    1243.4     2092.2     1794.9     1448.0
 6:   1437594832.0   82484301.7   54761.5  3012758.8     9409.8     5394.2
 7:      8957199.6     391395.7    -109.2      191.5     1043.2    14490.2
 8:      1854913.1      44040.0     453.6     1819.8      923.9     -173.3
 9:      5123102.4     117722.0     645.0     1883.8     3570.8     3555.3
10:      3665803.3      97674.6     717.3     4296.1     1682.4     -176.3
11:     15000592.4     354675.0    1375.0     4426.8    10116.7    11958.2
12:      1510610.8      35951.5     397.5     1426.7      756.1     -198.6
13:      4113050.6      96161.8     497.9     1524.5     2897.1     2863.3
14:        26535.1        827.1     -19.3       -1.5        5.7       11.6
15:        21016.0        792.3     -11.4       19.1        2.7       -4.2
16:        26375.8        829.3     -19.7       -2.2        5.0       10.8
17:        21000.8        790.5     -11.8       18.6        2.2       -4.7
    band_over_65
           <num>
 1:         39.8
 2:         -8.4
 3:         -2.1
 4:       -112.8
 5:       1408.0
 6:       1597.5
 7:      19287.2
 8:        556.1
 9:       3353.9
10:        763.0
11:      12749.5
12:        391.5
13:       2632.3
14:         29.3
15:         -7.7
16:         28.4
17:         -8.3
        j dummy numeric  both
    <num> <num>   <num> <num>
 1:     1  0.75    0.50  0.50
 2:     2  0.00    0.00  0.00
 3:     3  0.00    0.00  0.00
 4:     4  0.00    0.00  0.00
 5:     5  0.00    0.00  0.00
 6:     6  0.00    0.00  0.00
 7:     7  0.00    0.00  0.00
 8:     8  0.00    0.00  0.00
 9:     9  0.25    0.75  0.25
10:    10  0.25    0.25  0.00
11:    11  0.50    0.50  0.25
12:    12  0.00    0.00  0.00
13:    13  0.00    0.00  0.00
14:    14  0.75    1.00  0.75
15:    15  1.00    1.00  1.00
16:    16  1.00    0.75  0.75
17:    17  1.00    1.00  1.00
18:    18  0.50    0.50  0.50
19:    19  0.50    0.50  0.50
   hidden optimizer   training diverged_dummy diverged_numeric
   <char>    <char>     <char>          <int>            <int>
1:     20   rmsprop   cl_paper              0                0
2:     20       sgd   cl_paper              0                0
3:     20   rmsprop   cl_start              0                0
4:     20       sgd   cl_start              0                0
5:     20   rmsprop early_stop              0                0
6:     20       sgd early_stop              0                0
7:     20   rmsprop      paper              0                0
8:     20       sgd      paper              0                0
   band_abs_error_dummy band_abs_error_numeric ay_band_rmse_dummy
                  <num>                  <num>              <num>
1:              18322.6           2.417280e+04              722.6
2:              37042.9           3.300040e+04              975.6
3:              16041.7           2.063680e+04              698.2
4:              35351.8           3.087710e+04              950.2
5:           22176539.9           1.877539e+10           924303.4
6:           12463073.1           2.140474e+07           506223.3
7:           64510932.1           1.453831e+11          2846989.3
8:           19132156.8           4.390904e+07           732384.3
   ay_band_rmse_numeric error_abs_dummy error_abs_numeric
                  <num>           <num>             <num>
1:         8.532000e+02             3.9               6.2
2:         8.780000e+02             0.6               1.7
3:         8.166000e+02             0.4               1.2
4:         8.583000e+02             0.4               1.3
5:         1.371038e+09          9877.1         8379506.5
6:         7.583201e+05          5510.4            9553.3
7:         1.073164e+10         28769.0        64884871.6
8:         2.188080e+06          8487.1           19597.0
   hidden optimizer seeds mean_diff    lower   upper numeric_smaller p_holm
   <char>    <char> <int>     <num>    <num>   <num>           <int>  <num>
1:     20   rmsprop     2    4595.1 -43186.9 52377.0               0      1
2:     20       sgd     2   -4474.6 -27197.8 18248.5               2      1
combinations with the CL start 
                             2 
            measure mean_dummy mean_numeric mean_diff     lower    upper seeds
             <char>      <num>        <num>     <num>     <num>    <num> <int>
1:   band_abs_error   25696.73     25756.94     60.22 -35192.32 35312.76     2
2:     ay_band_rmse     824.24       837.43     13.19   -355.03   381.42     2
3:        error_abs       0.39         1.26      0.87      0.69     1.05     2
4:    abs_band_0_15      18.09        18.24      0.15    -33.30    33.61     2
5:   abs_band_15_30       3.57        15.26     11.69     -7.55    30.94     2
6:   abs_band_30_50       4.86         4.93      0.08    -22.90    23.06     2
7:   abs_band_50_65      11.70         4.64     -7.06    -10.79    -3.33     2
8: abs_band_over_65      26.61         9.83    -16.79    -50.07    16.50     2
   numeric_smaller p_wilcoxon p_holm
             <int>      <num>  <num>
1:               1        1.0     NA
2:               1        1.0      1
3:               0        0.5      1
4:               1        1.0      1
5:               0        0.5      1
6:               1        1.0      1
7:               2        0.5      1
8:               2        0.5      1
    measure mean_dummy mean_numeric mean_diff   lower  upper seeds
     <char>      <num>        <num>     <num>   <num>  <num> <int>
 1:   low_2     0.9912       0.9901   -0.0011 -0.0084 0.0061     2
 2:   low_3     0.9766       0.9763   -0.0003 -0.0044 0.0039     2
 3:   low_4     0.9898       0.9880   -0.0018 -0.0075 0.0039     2
 4:   low_5     0.9835       0.9801   -0.0034 -0.0074 0.0006     2
 5:   low_6     0.9944       0.9943   -0.0001 -0.0073 0.0071     2
 6:   low_7     0.9904       0.9892   -0.0012 -0.0116 0.0091     2
 7:   low_8     0.9960       0.9951   -0.0009 -0.0019 0.0001     2
 8:  loss_2     0.9932       0.9916   -0.0016 -0.0037 0.0006     2
 9:  loss_3     0.9935       0.9930   -0.0004 -0.0020 0.0011     2
10:  loss_4     0.9937       0.9929   -0.0007 -0.0061 0.0046     2
11:  loss_5     0.9966       0.9964   -0.0003 -0.0026 0.0021     2
12:  loss_6     0.9978       0.9977   -0.0001 -0.0019 0.0016     2
13:  loss_7     0.9923       0.9918   -0.0005 -0.0017 0.0007     2
14:  loss_8     0.9874       0.9872   -0.0002 -0.0043 0.0040     2
    numeric_smaller p_holm
              <int>  <num>
 1:               2      1
 2:               1      1
 3:               2      1
 4:               2      1
 5:               1      1
 6:               2      1
 7:               2      1
 8:               2      1
 9:               2      1
10:               2      1
11:               2      1
12:               1      1
13:               2      1
14:               1      1
Key: <training, coding>
     training  coding    0-15   15-30   30-50  50-65 over 65
       <char>  <char>   <num>   <num>   <num>  <num>   <num>
1:   cl_paper   dummy   -17.5     5.9     6.4   11.4    28.0
2:   cl_paper numeric   -14.6    19.2     8.2    7.2    12.0
3:   cl_start   dummy   -18.5     2.4     5.9   11.7    27.2
4:   cl_start numeric   -18.5    14.8     5.2    3.6     8.1
5: early_stop   dummy   219.9  6038.1 15445.9 -142.0  1898.3
6: early_stop numeric 19426.6  9349.5  5046.3 2121.6   962.2
7:      paper   dummy   428.0 10690.1 22763.6 -115.8  2704.6
8:      paper numeric 48397.2 13653.0  5796.3 3878.7  2169.9
   hidden optimizer   training block seeds error_pct_dummy error_pct_numeric
   <char>    <char>     <char> <num> <num>           <num>             <num>
1:     20   rmsprop   cl_paper     1     2             3.8               6.1
2:     20       sgd   cl_paper     1     2             0.5               1.7
3:     20   rmsprop   cl_start     1     2             0.3              -0.2
4:     20       sgd   cl_start     1     2             0.4               1.3
5:     20   rmsprop early_stop     1     2          2226.0          102057.6
6:     20       sgd early_stop     1     2          1822.3            2797.2
7:     20   rmsprop      paper     1     2          5161.7          506273.4
8:     20       sgd      paper     1     2          2865.7            5136.8
   band_abs_error_dummy band_abs_error_numeric
                  <num>                  <num>
1:              17615.8                23698.1
2:              37036.4                32968.9
3:              15484.4                20437.8
4:              35340.8                30838.0
5:            4987113.8            228672836.1
6:            4203146.4              6266789.0
7:           11564752.3           1134371719.0
8:            6528003.4             11509130.0
Key: <j, training, coding>
        j  training             coding  0-15 15-30 30-50 50-65 over 65
    <int>    <char>             <char> <num> <num> <num> <num>   <num>
 1:     2 benchmark all accident years 1.458 1.404 1.382 1.384   1.339
 2:     2 benchmark        homogeneous 1.395 1.395 1.395 1.395   1.395
 3:     2 benchmark     learning cells 1.455 1.400 1.386 1.378   1.330
 4:     2 benchmark      training rows 1.457 1.396 1.389 1.392   1.326
 5:     2     paper              dummy 1.053 1.270 1.188 0.962   1.122
 6:     2     paper            numeric 1.396 1.273 1.161 1.043   0.962
 7:     3 benchmark all accident years 1.240 1.177 1.175 1.183   1.149
 8:     3 benchmark        homogeneous 1.180 1.180 1.180 1.180   1.180
 9:     3 benchmark     learning cells 1.217 1.173 1.171 1.176   1.155
10:     3 benchmark      training rows 1.230 1.162 1.167 1.176   1.151
11:     3     paper              dummy 1.008 1.151 1.151 0.932   1.076
12:     3     paper            numeric 1.331 1.224 1.110 1.004   0.928
13:     4 benchmark all accident years 1.139 1.099 1.100 1.092   1.078
14:     4 benchmark        homogeneous 1.107 1.107 1.107 1.107   1.107
15:     4 benchmark     learning cells 1.136 1.099 1.108 1.090   1.089
16:     4 benchmark      training rows 1.138 1.100 1.108 1.088   1.090
17:     4     paper              dummy 0.961 1.095 1.113 0.903   1.020
18:     4     paper            numeric 1.298 1.194 1.087 0.987   0.905
19:     5 benchmark all accident years 1.087 1.064 1.065 1.069   1.050
20:     5 benchmark        homogeneous 1.068 1.068 1.068 1.068   1.068
21:     5 benchmark     learning cells 1.091 1.058 1.062 1.073   1.049
22:     5 benchmark      training rows 1.091 1.055 1.061 1.063   1.049
23:     5     paper              dummy 0.930 1.065 1.087 0.883   0.985
24:     5     paper            numeric 1.277 1.170 1.064 0.969   0.887
        j  training             coding  0-15 15-30 30-50 50-65 over 65
    <int>    <char>             <char> <num> <num> <num> <num>   <num>
