==== 2026-10-08 15:25:04 start si_calendar.nncl.search.paper slot 11
==== paper: grid search
WARNING: All log messages before absl::InitializeLog() is called are written to STDERR
I0000 00:00:1791465911.513602    4800 port.cc:153] oneDNN custom operations are on. You may see slightly different numerical results due to floating-point round-off errors from different computation orders. To turn them off, set the environment variable `TF_ENABLE_ONEDNN_OPTS=0`.
WARNING: All log messages before absl::InitializeLog() is called are written to STDERR
I0000 00:00:1791465914.898147    4800 port.cc:153] oneDNN custom operations are on. You may see slightly different numerical results due to floating-point round-off errors from different computation orders. To turn them off, set the environment variable `TF_ENABLE_ONEDNN_OPTS=0`.
WARNING:tensorflow:From C:\Users\26196425\Work\MASTER~3\env\Lib\site-packages\keras\src\backend\common\global_state.py:82: The name tf.reset_default_graph is deprecated. Please use tf.compat.v1.reset_default_graph instead.

WARNING:tensorflow:TensorFlow GPU support is not available on native Windows for TensorFlow >= 2.11. Even if CUDA/cuDNN are installed, GPU will not be used. Please use WSL2 or the TensorFlow-DirectML plugin.
WARNING:tensorflow:5 out of the last 7 calls to <function TensorFlowTrainer.make_predict_function.<locals>.one_step_on_data_distributed at 0x00000206EB13F920> triggered tf.function retracing. Tracing is expensive and the excessive number of tracings could be due to (1) creating @tf.function repeatedly in a loop, (2) passing tensors with different shapes, (3) passing Python objects instead of tensors. For (1), please define your @tf.function outside of the loop. For (2), @tf.function has reduce_retracing=True option that can avoid unnecessary retracing. For (3), please refer to https://www.tensorflow.org/guide/function#controlling_retracing and https://www.tensorflow.org/api_docs/python/tf/function for  more details.
WARNING:tensorflow:6 out of the last 8 calls to <function TensorFlowTrainer.make_predict_function.<locals>.one_step_on_data_distributed at 0x00000206EB13F920> triggered tf.function retracing. Tracing is expensive and the excessive number of tracings could be due to (1) creating @tf.function repeatedly in a loop, (2) passing tensors with different shapes, (3) passing Python objects instead of tensors. For (1), please define your @tf.function outside of the loop. For (2), @tf.function has reduce_retracing=True option that can avoid unnecessary retracing. For (3), please refer to https://www.tensorflow.org/guide/function#controlling_retracing and https://www.tensorflow.org/api_docs/python/tf/function for  more details.
15:26 dropout=0, hidden=20, activation=tanh: score 154.08 (baseline 106.659), 66 s
15:27 dropout=0.1, hidden=20, activation=tanh: score 593331 (baseline 106.659), 71 s
  dropout hidden activation                                   label       score
1       0     20       tanh   dropout=0, hidden=20, activation=tanh    154.0802
2     0.1     20       tanh dropout=0.1, hidden=20, activation=tanh 593330.8493
  score_sd n_seeds score_baseline ratio_to_baseline mean_steps_15 mean_steps_18
1       NA       1        106.659          1.444606             5             5
2       NA       1        106.659       5562.876948             5             5
paper chosen: dropout=0, hidden=20, activation=tanh
              model    reserves true_reserves          bias      bias_pct
1         seed 2026   1978058.7      224063.2   1753995.514   782.8129080
2         seed 2027 127391646.5      224063.2 127167583.302 56755.2339223
3 nagging predictor  11789447.7      224063.2  11565384.529  5161.6621730
4 Mack chain ladder    222254.2      224063.2     -1809.018    -0.8073695
    units
1 1000000
2 1000000
3 1000000
4 1000000
