==== 2026-10-08 15:18:28 start si_calendar.bccnn.fit.rolling_origin_refit slot 4
WARNING: All log messages before absl::InitializeLog() is called are written to STDERR
I0000 00:00:1791465514.497044   13988 port.cc:153] oneDNN custom operations are on. You may see slightly different numerical results due to floating-point round-off errors from different computation orders. To turn them off, set the environment variable `TF_ENABLE_ONEDNN_OPTS=0`.
WARNING: All log messages before absl::InitializeLog() is called are written to STDERR
I0000 00:00:1791465517.569167   13988 port.cc:153] oneDNN custom operations are on. You may see slightly different numerical results due to floating-point round-off errors from different computation orders. To turn them off, set the environment variable `TF_ENABLE_ONEDNN_OPTS=0`.
WARNING:tensorflow:From C:\Users\26196425\Work\MASTER~3\env\Lib\site-packages\keras\src\backend\common\global_state.py:82: The name tf.reset_default_graph is deprecated. Please use tf.compat.v1.reset_default_graph instead.

WARNING:tensorflow:TensorFlow GPU support is not available on native Windows for TensorFlow >= 2.11. Even if CUDA/cuDNN are installed, GPU will not be used. Please use WSL2 or the TensorFlow-DirectML plugin.
      early_stopping final_fit total
clock           35.9       1.6  37.5
keras           25.0       1.1  26.1
                                                    quantity         value
1                                              true reserves  2.240632e+05
2                                        CL reserves (ccODP)  2.222542e+05
3                                             bCCNN reserves  2.212817e+05
4                                                    bias CL -1.809018e+03
5                                                 bias bCCNN -2.781449e+03
6                                                bias CL (%) -8.073695e-01
7                                             bias bCCNN (%) -1.241368e+00
8                                       in-sample loss ccODP  3.394078e+03
9                                       in-sample loss bCCNN  3.400279e+03
10                                  out-of-sample loss ccODP  3.271193e+04
11                                  out-of-sample loss bCCNN  3.273316e+04
12                                          dispersion ccODP  1.984841e+01
13                                          dispersion bCCNN  1.978570e+01
14                                    gradient descent steps  1.000000e+00
15 payments after the last development period (not modelled)  5.404133e+03
16                                       amounts in units of  1.000000e+06
                                                      quantity        value
1                               validation run length (epochs)  100.0000000
2                             step with lowest validation loss    1.0000000
3                                 steps used for the final fit    1.0000000
4          in-sample deviance without dropout at start (ccODP) 1909.6950389
5         in-sample deviance without dropout at the steps used 1921.5009065
6                             validation loss at start (ccODP) 2030.5944097
7                            validation loss at the steps used 2024.1791793
8              decrease in-sample deviance without dropout (%)   -0.6182070
9  decrease in-sample training loss with dropout (%, Figure 2)   -1.7861318
10                  decrease out-of-sample validation loss (%)    0.3159287
         partition origin n_train n_vali n_test best_epoch test_actual
1                1     15      97     23     60          6    79483.12
2                2     18     142     29     33         24    79066.24
3            final     20     177     33      0          1          NA
4 test error (4.4)     NA      NA     NA     93         NA   158549.36
  test_ccODP test_ccODP_train test_bCCNN test_loss_ccODP test_loss_ccODP_train
1   81407.96         82141.47   81388.50        2256.893              2740.357
2   81692.36         81324.21   81490.01        2490.146              2399.081
3         NA               NA         NA              NA                    NA
4  163100.31        163465.68  162878.52        4747.039              5139.438
  test_loss_bCCNN time_build time_early_stop time_refit
1        2251.761  8.7620959        7.536351   1.390911
2        2466.592  0.3030879        6.833476   2.492897
3              NA  0.3195519        6.754523         NA
4        4718.353  9.0651839       14.369827   3.883808
  test_loss_per_cell_ccODP test_loss_per_cell_ccODP_train
1                 37.61489                       45.67262
2                 75.45897                       72.69941
3                       NA                             NA
4                 51.04343                       55.26277
  test_loss_per_cell_bCCNN
1                 37.52934
2                 74.74521
3                       NA
4                 50.73498
