==== 2026-10-08 12:00:51 start si_calendar.nncl_numeric.main.analysis slot 2
runs of the grids
   grid cl_grid 
      0       0 
nagging predictors 
                 0 
       AY   dev_0   dev_1   dev_2   dev_3   dev_4   dev_5   dev_6   dev_7
    <int>   <num>   <num>   <num>   <num>   <num>   <num>   <num>   <num>
 1:     1   871.5  2363.8  3216.9  3848.7  4177.7  4444.4  4635.1  4799.6
 2:     2   940.6  2658.0  3709.2  4372.8  4798.7  5098.7  5344.2  5530.5
 3:     3  1164.2  3636.6  4868.2  5765.1  6403.3  6793.8  7016.8  7252.1
 4:     4  1368.1  3612.0  5047.7  5967.1  6648.9  7232.1  7521.0  7825.9
 5:     5  1599.3  4161.5  5799.2  6827.1  7600.5  8063.7  8361.3  8627.9
 6:     6  1924.0  5064.4  7149.6  8376.1  9351.2  9958.2 10394.4 10678.9
 7:     7  2283.4  6056.6  8358.8  9765.3 10859.5 11752.4 12379.7 12717.3
 8:     8  2589.5  6886.0  9484.5 11235.5 12396.2 13520.2 14012.2 14362.8
 9:     9  2988.5  7915.6 11028.6 13475.0 14914.3 15969.1 16487.1 17144.0
10:    10  3460.9  9381.4 13393.1 15759.5 17683.1 18838.0 19667.6 20154.3
11:    11  4177.4 11279.4 15762.6 18529.3 20802.0 22018.7 23011.1 23812.5
12:    12  4862.6 13201.1 18679.8 21907.3 24298.0 25789.5 26625.2 27373.9
13:    13  5871.9 15617.7 21725.2 25480.4 28208.8 29866.7 31145.1 32205.1
14:    14  6225.4 18162.5 24715.7 29313.7 32514.8 35256.1 36745.4      NA
15:    15  7605.0 20982.9 29973.8 35228.6 38617.3 40881.9      NA      NA
16:    16  8837.0 23739.8 33389.6 39898.9 43776.7      NA      NA      NA
17:    17 10687.1 29236.1 40365.5 47146.6      NA      NA      NA      NA
18:    18 12694.3 33634.3 46823.3      NA      NA      NA      NA      NA
19:    19 14997.4 39918.9      NA      NA      NA      NA      NA      NA
20:    20 16525.5      NA      NA      NA      NA      NA      NA      NA
       AY   dev_0   dev_1   dev_2   dev_3   dev_4   dev_5   dev_6   dev_7
    <int>   <num>   <num>   <num>   <num>   <num>   <num>   <num>   <num>
      dev_8   dev_9  dev_10  dev_11  dev_12  dev_13  dev_14 dev_15 dev_16
      <num>   <num>   <num>   <num>   <num>   <num>   <num>  <num>  <num>
 1:  4861.3  4990.8  5061.4  5112.1  5162.6  5193.6  5203.0 5215.6 5260.9
 2:  5620.6  5729.5  5810.6  5894.8  5951.8  5987.3  6030.0 6036.9 6056.1
 3:  7381.3  7468.7  7559.0  7628.1  7643.9  7671.4  7683.9 7686.7 7715.6
 4:  8058.7  8303.2  8483.2  8522.7  8660.4  8672.1  8707.2 8795.4 8816.0
 5:  8873.3  9024.7  9220.3  9315.5  9385.3  9458.0  9493.8 9499.8     NA
 6: 11089.5 11301.2 11476.0 11539.3 11668.2 11810.7 11854.2     NA     NA
 7: 12902.2 13075.1 13224.2 13322.6 13405.2 13496.6      NA     NA     NA
 8: 14617.8 14732.9 14989.5 15088.8 15207.6      NA      NA     NA     NA
 9: 17528.8 17833.6 17992.7 18073.6      NA      NA      NA     NA     NA
10: 20860.7 21252.9 22061.4      NA      NA      NA      NA     NA     NA
11: 24417.7 24596.0      NA      NA      NA      NA      NA     NA     NA
12: 27914.0      NA      NA      NA      NA      NA      NA     NA     NA
13:      NA      NA      NA      NA      NA      NA      NA     NA     NA
14:      NA      NA      NA      NA      NA      NA      NA     NA     NA
15:      NA      NA      NA      NA      NA      NA      NA     NA     NA
16:      NA      NA      NA      NA      NA      NA      NA     NA     NA
17:      NA      NA      NA      NA      NA      NA      NA     NA     NA
18:      NA      NA      NA      NA      NA      NA      NA     NA     NA
19:      NA      NA      NA      NA      NA      NA      NA     NA     NA
20:      NA      NA      NA      NA      NA      NA      NA     NA     NA
      dev_8   dev_9  dev_10  dev_11  dev_12  dev_13  dev_14 dev_15 dev_16
      <num>   <num>   <num>   <num>   <num>   <num>   <num>  <num>  <num>
    dev_17 dev_18 dev_19 ultimate
     <num>  <num>  <num>    <num>
 1: 5263.9 5264.2   5265   5265.0
 2: 6201.3 6201.3     NA   6206.6
 3: 7717.2     NA     NA   7723.2
 4:     NA     NA     NA   8837.0
 5:     NA     NA     NA   9557.2
 6:     NA     NA     NA  11900.3
 7:     NA     NA     NA  13630.7
 8:     NA     NA     NA  15420.1
 9:     NA     NA     NA  18274.0
10:     NA     NA     NA  23038.2
11:     NA     NA     NA  25597.3
12:     NA     NA     NA  30350.3
13:     NA     NA     NA  34789.7
14:     NA     NA     NA  42712.3
15:     NA     NA     NA  49813.8
16:     NA     NA     NA  56980.8
17:     NA     NA     NA  65850.2
18:     NA     NA     NA  77493.0
19:     NA     NA     NA  89944.2
20:     NA     NA     NA 105405.2
    dev_17 dev_18 dev_19 ultimate
     <num>  <num>  <num>    <num>
        AY     true        NN NN_zero_claims       CL msep_sqrt
    <char>    <num>     <num>          <num>    <num>     <num>
 1:      1      0.0       0.0            0.0      0.0       0.0
 2:      2      5.3     102.7            0.0      0.9       0.0
 3:      3      6.0     355.5            0.0      1.3       0.4
 4:      4     21.0    1166.5            0.0     70.9     121.9
 5:      5     57.3    2133.0            0.0    115.8     130.9
 6:      6     46.1    3594.8            0.0    182.2     159.7
 7:      7    134.2    5929.9            0.0    257.7     176.4
 8:      8    212.5   14788.2            0.0    393.6     198.7
 9:      9    200.4   18134.8            0.0    628.2     233.6
10:     10    976.8   29257.1            0.0    932.3     276.5
11:     11   1001.4   60825.6            0.0   1527.7     364.7
12:     12   2436.3   70099.3            0.0   2190.1     429.0
13:     13   2584.6  114581.9            0.0   3360.3     518.7
14:     14   5966.9  288051.2            0.0   5113.7     600.5
15:     15   8931.9  241911.6            0.0   7587.0     692.7
16:     16  13204.0  463696.5            0.0  11640.1     859.8
17:     17  18703.6  636264.5            0.0  18907.1    1036.0
18:     18  30669.7  949807.2          188.9  30593.0    1272.7
19:     19  50025.3 1512807.8          159.1  52138.0    1659.4
20:     20  88879.6  934289.6         1726.0  86614.2    2656.3
21:  total 224063.2 5347797.8         2074.1 222254.2    7188.2
        AY     true        NN NN_zero_claims       CL msep_sqrt
    <char>    <num>     <num>          <num>    <num>     <num>
Key: <i>
        i cells zero_cells zero_claims  true NN_zero_claims
    <int> <int>      <int>       <int> <num>          <num>
 1:     2   163          0           0   0.0            0.0
 2:     3   164          0           0   0.0            0.0
 3:     4   169          0           0   0.0            0.0
 4:     5   166          0           0   0.0            0.0
 5:     6   163          0           0   0.0            0.0
 6:     7   173          0           0   0.0            0.0
 7:     8   172          0           0   0.0            0.0
 8:     9   167          0           0   0.0            0.0
 9:    10   168          0           0   0.0            0.0
10:    11   162          0           0   0.0            0.0
11:    12   172          0           0   0.0            0.0
12:    13   167          0           0   0.0            0.0
13:    14   172          0           0   0.0            0.0
14:    15   166          0           0   0.0            0.0
15:    16   169          0           0   0.0            0.0
16:    17   161          0           0   0.0            0.0
17:    18   172          0           0   0.0          188.9
18:    19   173          3           4 627.7          159.1
19:    20   164         13          19 814.2         1726.0
Key: <model>
         model        1        2       3       4       5       6       7      8
        <fctr>    <num>    <num>   <num>   <num>   <num>   <num>   <num>  <num>
1: homogeneous 621667.5  70406.3 38814.9 32425.6 40826.1 20526.8  5576.8 2404.7
2:    paper_q5 913955.5 120411.1 60477.0 46487.8 51393.0 28498.1 12016.5 7681.5
3:   paper_q10 886247.3 109619.8 56231.6 45003.2 50375.2 28060.7 12045.2 7854.1
4:   paper_q20 825971.6  85211.1 43217.3 36344.5 43928.7 23977.7  8636.2 4979.3
        9     10     11     12     13     14     15    16     17    18    19
    <num>  <num>  <num>  <num>  <num>  <num>  <num> <num>  <num> <num> <num>
1: 2426.7 2752.4  551.9  611.6  444.4  204.5   94.3  16.2 2594.2   0.0   0.0
2: 6709.9 6373.3 3292.5 2861.6 2196.7 1582.0 1160.3 799.0 3187.1 324.9 146.3
3: 6700.7 6800.2 3380.4 2994.0 2363.4 1647.4 1217.8 870.1 3219.0 342.7 156.1
4: 4788.5 4572.2 2286.5 1986.0 1550.5 1107.0  765.8 520.5 2890.8 213.9  97.5
             run     true       CL    reserve zero_claims zero_claims_pooled
          <char>    <num>    <num>      <num>       <num>              <num>
1:      paper_q5 224063.2 222254.2  3800730.7      2074.1                  0
2:     paper_q10 224063.2 222254.2  9032830.0      2074.1                  0
3:     paper_q20 224063.2 222254.2  5347797.8      2074.1                  0
4:       s1_adam 224063.2 222254.2 15225287.8      2074.1                  0
5: s2_early_stop 224063.2 222254.2  4337745.9      2074.1                  0
6:   s3_cl_start 224063.2 222254.2   224479.0      2074.1                  0
7:    s4_balance 224063.2 222254.2   223439.6      2074.1                  0
        loss loss_vali bias_pct bias_cl_pct
       <num>     <num>    <num>       <num>
1: 1269554.1  355294.5   1596.3        -0.8
2: 1225128.8  342940.6   3931.4        -0.8
3: 1093045.7  308754.9   2286.7        -0.8
4: 1143274.4  321430.2   6695.1        -0.8
5: 1096877.6  309747.8   1835.9        -0.8
6:  840211.8  243645.8      0.2        -0.8
7:  840206.0  243640.0     -0.3        -0.8
