==== 2026-10-08 12:13:37 start baseline.description slot 4
                                                 quantity       value
1                                                  claims  399568.000
2                                                payments 1931764.000
3                claim cost in constant values (millions)   66857.348
4                             nominal ultimate (millions)   85104.068
5                   paid to the valuation date (millions)   75438.774
6          paid to the valuation date (% of the ultimate)      88.643
7                             true outstanding (millions)    9665.294
8  true outstanding, development years 1 to 20 (millions)    9626.776
9  true outstanding, after development year 20 (millions)      38.518
10                                          claims closed  364112.000
11                                            claims open   32855.000
12                                claims not yet reported    2601.000
13                         payments to the valuation date 1816596.000
14                      payments after the valuation date  115168.000
15                      mean claim size (constant values)  167324.080
16                    median claim size (constant values)   49877.948
17                        mean notification delay (years)       0.127
18                          mean settlement delay (years)       1.633
19                                mean number of payments       4.835
20               amount-weighted mean payment lag (years)       1.971
        AY claims claim_cost mean_size median_size max_size ultimate    paid
    <char>  <int>      <num>     <num>       <num>    <num>    <num>   <num>
 1:      1  20073     3380.8  168425.9     50688.9     40.4   3545.0  3543.1
 2:      2  19847     3307.7  166657.8     49170.8     13.6   3542.0  3541.7
 3:      3  19723     3663.5  185748.4     50538.2    308.0   3994.0  3993.6
 4:      4  19905     3390.5  170334.1     49875.1     21.2   3784.4  3783.0
 5:      5  20070     3227.7  160822.2     48803.1     15.7   3664.9  3659.9
 6:      6  20145     3401.6  168856.2     51255.7     14.0   3942.7  3938.5
 7:      7  19948     3385.5  169715.5     50271.2     22.2   3996.1  3990.4
 8:      8  19932     3281.4  164631.9     50901.2     34.7   3951.5  3935.2
 9:      9  19942     3309.4  165952.1     50764.1     14.6   4065.8  4056.2
10:     10  19968     3401.3  170335.3     50000.3     38.6   4274.3  4228.4
11:     11  19847     3354.5  169018.0     50139.6     44.2   4286.5  4247.0
12:     12  20190     3343.8  165618.4     49992.1     33.0   4358.7  4271.0
13:     13  20087     3328.2  165687.3     49388.5     19.8   4422.2  4314.4
14:     14  20030     3350.0  167248.4     48412.1     28.7   4556.3  4300.2
15:     15  19886     3326.0  167253.0     49753.8     21.9   4608.7  4282.9
16:     16  19981     3256.2  162966.9     49017.5     26.1   4605.0  4071.6
17:     17  19976     3279.5  164174.5     50048.1     38.0   4721.9  3945.0
18:     18  19743     3304.0  167348.0     50134.0     22.2   4851.2  3534.7
19:     19  20006     3271.7  163536.9     49548.9     16.4   4896.9  2746.1
20:     20  20269     3294.0  162514.7     48950.1     18.8   5036.0  1055.8
21:  total 399568    66857.3  167324.1     49877.9    308.0  85104.1 75438.8
        AY claims claim_cost mean_size median_size max_size ultimate    paid
    <char>  <int>      <num>     <num>       <num>    <num>    <num>   <num>
    outstanding paid_pct nominal_to_constant
          <num>    <num>               <num>
 1:         1.9     99.9                 1.0
 2:         0.3    100.0                 1.1
 3:         0.3    100.0                 1.1
 4:         1.4    100.0                 1.1
 5:         5.0     99.9                 1.1
 6:         4.2     99.9                 1.2
 7:         5.7     99.9                 1.2
 8:        16.3     99.6                 1.2
 9:         9.5     99.8                 1.2
10:        46.0     98.9                 1.3
11:        39.6     99.1                 1.3
12:        87.6     98.0                 1.3
13:       107.8     97.6                 1.3
14:       256.0     94.4                 1.4
15:       325.8     92.9                 1.4
16:       533.4     88.4                 1.4
17:       777.0     83.5                 1.4
18:      1316.5     72.9                 1.5
19:      2150.8     56.1                 1.5
20:      3980.2     21.0                 1.5
21:      9665.3     88.6                 1.3
    outstanding paid_pct nominal_to_constant
          <num>    <num>               <num>
                  statistic         raw     adjusted      nominal
1                   minimum       30.07         4.86         4.95
2                        1%      270.69       157.88       197.86
3                        5%     2377.56      1364.66      1705.41
4                       25%    24169.28     14244.02     17756.01
5                    median    78354.82     49877.95     62535.58
6                       75%   204993.52    147939.47    186535.06
7                       95%   629266.82    650638.96    827888.44
8                       99%  1213031.87   1852561.76   2388531.82
9                     99.9%  2327865.68   5686468.29   7482216.27
10                  maximum 12646644.34 307951599.51 331752705.19
11                     mean   167324.08    167324.08    212990.20
12 coefficient of variation        1.52         4.15         3.88
                           statistic    raw adjusted
1 largest 0.1% of claims (% of cost)  1.776    6.159
2   largest 1% of claims (% of cost) 10.104   21.553
3   largest 5% of claims (% of cost) 30.029   45.956
4  largest 10% of claims (% of cost) 45.368   60.492
5  largest 50% of claims (% of cost) 91.358   94.726
6                   Gini coefficient  0.628    0.735
    claim_no    AY claim_size  ultimate claim_size_raw raw_rank sev_relativity
       <int> <int>      <num>     <num>          <num>    <num>          <num>
 1:    54892     3  307951600 331752705      3027273.9      129     101.725715
 2:   215608    11   44209979  55539224       869199.7     9768      50.862858
 3:     5833     1   40448759  41189859      3595919.4       50      11.248517
 4:   180224    10   38600519  49932572      1979774.9      772      19.497429
 5:   333474    17   38014817  53694454       597918.7    22099      63.578572
 6:   154390     8   34733674  44237085       682888.8    16922      50.862858
 7:    57288     3   34208897  38992275      2185856.6      518      15.650110
 8:     4407     1   33909783  35076258      1449327.1     2320      23.396914
 9:   235666    12   33024395  42858491      2705346.3      215      12.207086
10:     2701     1   29688206  31646543     12646644.3        1       2.347517
      setldel no_payment Legal Representation Injury Severity Age of Claimant
        <num>      <int>               <fctr>          <fctr>          <fctr>
 1: 0.9697739          9                    Y               5            0-15
 2: 0.9400922          8                    Y               4           30-50
 3: 0.7962547          9                    Y               4           15-30
 4: 3.5361174         16                    Y               4           15-30
 5: 0.5226635         11                    Y               4            0-15
 6: 4.5135922          5                    Y               4           30-50
 7: 4.2099347         11                    Y               5           30-50
 8: 1.6362562          6                    Y               5           15-30
 9: 2.2306564          5                    Y               2           30-50
10: 2.3315441          7                    Y               2           30-50
        Vehicle type Business use status
              <fctr>       <fctr> <fctr>
 1:      Heavy goods            Y closed
 2:      Heavy goods            Y closed
 3: Light Commerical            N closed
 4:     Medium goods            Y closed
 5:      Heavy goods            Y closed
 6:      Heavy goods            Y closed
 7: Light Commerical            N closed
 8: Light Commerical            Y closed
 9:      Heavy goods            Y closed
10: Light Commerical            N closed
                  statistic notification settlement occurrence_to_settlement
1                      mean       0.1273     1.6334                   1.7607
2  coefficient of variation       1.9306     1.0790                   1.0102
3                        1%       0.0000     0.0136                   0.0406
4                       25%       0.0082     0.4315                   0.5481
5                    median       0.0397     1.0736                   1.2141
6                       75%       0.1368     2.2194                   2.3692
7                       90%       0.3388     3.8231                   3.9746
8                       99%       1.1835     8.2456                   8.3831
9                   maximum       6.9511    27.7380                  27.7708
10            % over 1 year       1.5151    52.3616                  56.9755
11           % over 5 years       0.0023     5.2219                   5.6676
   AY    T0   T1  T2 T3 T4 T5 T6 T7 reported unreported
1   1 17650 2302 102 17  1  1  0  0    20073          0
2   2 17436 2286 106 17  2  0  0  0    19847          0
3   3 17353 2224 124 16  5  1  0  0    19723          0
4   4 17464 2306 113 18  3  0  1  0    19905          0
5   5 17731 2217 105 15  2  0  0  0    20070          0
6   6 17800 2217 107 13  6  1  0  1    20145          0
7   7 17554 2273 102 16  2  1  0  0    19948          0
8   8 17658 2143 115 14  1  0  1  0    19932          0
9   9 17463 2332 130 14  0  2  1  0    19942          0
10 10 17535 2322  88 16  4  3  0  0    19968          0
11 11 17515 2213  90 22  6  1  0  0    19847          0
12 12 17790 2271 111 14  4  0  0  0    20190          0
13 13 17719 2242 100 19  5  2  0  0    20087          0
14 14 17696 2223  84 23  4  0  0 NA    20030          0
15 15 17552 2215 105 11  1  2 NA NA    19886          0
16 16 17621 2213 119 19  7 NA NA NA    19979          2
17 17 17682 2181  98  9 NA NA NA NA    19970          6
18 18 17385 2225 110 NA NA NA NA NA    19720         23
19 19 17665 2229  NA NA NA NA NA NA    19894        112
20 20 17811   NA  NA NA NA NA NA NA    17811       2458
      AY reported CL_IBNYR msep_sqrt true_IBNYR
1      1    20073     0.00      0.00          0
2      2    19847     0.00      0.00          0
3      3    19723     0.00      0.00          0
4      4    19905     0.00      0.00          0
5      5    20070     0.00      0.00          0
6      6    20145     0.00      0.00          0
7      7    19948     0.00      0.00          0
8      8    19932     0.00      0.00          0
9      9    19942     0.00      0.00          0
10    10    19968     0.00      0.00          0
11    11    19847     0.00      0.00          0
12    12    20190     0.00      0.00          0
13    13    20087     0.00      0.00          0
14    14    20030     0.08      0.29          0
15    15    19886     0.29      0.53          0
16    16    19979     1.22      1.12          2
17    17    19970     4.54      2.46          6
18    18    19720    20.36      4.41         23
19    19    19894   127.02     13.35        112
20    20    17811  2399.91     60.88       2458
21 total   396967  2553.42     62.76       2601
        AY claims closed  open unreported open_no_payment os_open os_unreported
    <char>  <int>  <int> <int>      <int>           <int>   <num>         <num>
 1:      1  20073  20070     3          0               0     1.9           0.0
 2:      2  19847  19846     1          0               0     0.3           0.0
 3:      3  19723  19722     1          0               0     0.3           0.0
 4:      4  19905  19901     4          0               0     1.4           0.0
 5:      5  20070  20060    10          0               0     5.0           0.0
 6:      6  20145  20135    10          0               0     4.2           0.0
 7:      7  19948  19931    17          0               1     5.7           0.0
 8:      8  19932  19904    28          0               3    16.3           0.0
 9:      9  19942  19904    38          0               0     9.5           0.0
10:     10  19968  19904    64          0               3    46.0           0.0
11:     11  19847  19741   106          0               4    39.6           0.0
12:     12  20190  20001   189          0              14    87.6           0.0
13:     13  20087  19774   313          0              15   107.8           0.0
14:     14  20030  19494   536          0              40   256.0           0.0
15:     15  19886  19029   857          0              77   325.8           0.0
16:     16  19981  18399  1580          2             141   532.4           1.0
17:     17  19976  17327  2643          6             278   776.5           0.5
18:     18  19743  15085  4635         23             625  1310.5           6.0
19:     19  20006  11488  8406        112            1868  2122.3          28.4
20:     20  20269   4397 13414       2458            7122  3310.1         670.0
21:  total 399568 364112 32855       2601           10191  8959.4         705.9
        AY claims closed  open unreported open_no_payment os_open os_unreported
    <char>  <int>  <int> <int>      <int>           <int>   <num>         <num>
   accident_years     status claims mean_size mean_ultimate mean_notidel
           <char>     <fctr>  <int>     <num>         <num>        <num>
1:            all     closed 364112  164493.4      204288.0        0.124
2:            all       open  32855  198091.0      304808.2        0.124
3:            all unreported   2601  174945.4      271393.7        0.575
4:             20     closed   4397  137809.0      203358.5        0.067
5:             20       open  13414  168125.6      258818.8        0.079
6:             20 unreported   2458  176089.5      272592.9        0.484
   mean_setldel mean_no_payment
          <num>           <num>
1:        1.464           4.824
2:        3.514           4.957
3:        1.600           4.784
4:        0.273           4.682
5:        2.063           4.853
6:        1.595           4.794
Key: <rep_delay>
   rep_delay claims mean_size median_size mean_no_payment mean_setldel
       <num>  <num>     <num>       <num>           <num>        <num>
1:         0 352080 168520.98    50066.70            4.84         1.63
2:         1  44970 159017.54    48850.44            4.81         1.63
3:         2   2105 140089.60    42675.72            4.67         1.64
4:         3    318 194061.33    43688.66            4.75         1.59
5:         4     68 178886.73    47371.57            4.97         1.47
6:         5     23 186489.03    17193.44            3.70         1.59
7:         6      3 136106.97    84978.03            7.33         2.22
8:         7      1    192.67      192.67            2.00         0.05
Key: <no_payment>
    no_payment claims mean_size median_size mean_setldel cost_pct
         <num>  <num>     <num>       <num>        <num>    <num>
 1:          1  33092   3066.38     2750.13         1.51     0.15
 2:          2  45251   5293.50     4405.13         1.51     0.36
 3:          3  24793  11040.76    10934.02         1.51     0.41
 4:          4 123455 135701.25    49479.76         1.62    25.06
 5:          5  61820 195286.43    79989.65         1.66    18.06
 6:          6  36520 241227.49   106723.02         1.70    13.18
 7:          7  23042 287295.68   127540.04         1.73     9.90
 8:          8  15261 326008.19   154851.08         1.73     7.44
 9:          9  10205 394623.83   177130.38         1.75     6.02
10:         10   7154 404063.46   200340.90         1.78     4.32
11:         11   5020 442698.30   225848.30         1.81     3.32
12:         12   3645 486248.41   244288.26         1.84     2.65
13:         13   2646 489908.70   271705.79         1.91     1.94
14:         14   1887 542600.80   298473.25         1.85     1.53
15:         15   5777 654246.52   386342.52         1.91     5.65
Key: <size_band>
              size_band claims claims_pct cost_pct mean_notidel mean_setldel
                 <fctr>  <int>      <num>    <num>        <num>        <num>
1:          up to 7,500  65729      16.45     0.30         0.13         1.51
2:      7,500 to 15,000  37407       9.36     0.62         0.13         1.51
3:     15,000 to 50,000  96869      24.24     4.37         0.13         1.54
4:    50,000 to 150,000 100799      25.23    13.58         0.13         1.63
5:   150,000 to 500,000  70674      17.69    28.27         0.12         1.77
6: 500,000 to 2 million  24623       6.16    32.82         0.12         2.05
7:       over 2 million   3467       0.87    20.03         0.11         2.44
   mean_no_payment outstanding_pct paid_pct
             <num>           <num>    <num>
1:            1.50            0.24    90.78
2:            2.66            0.38    92.86
3:            4.64            2.97    92.21
4:            5.75           10.69    91.00
5:            6.84           25.08    89.89
6:            7.88           35.69    87.71
7:            8.04           24.95    85.93
      dev
origin      1      2     3     4     5     6     7    8    9   10   11   12
    1   793.2 1215.0 605.1 389.6 176.8 124.8  77.7 58.6 19.1 35.2 16.2 10.3
    2   744.9 1218.5 648.4 355.6 198.2 120.9  86.1 57.1 23.6 25.4 16.2 14.7
    3   801.4 1510.1 657.4 418.3 256.7 135.7  68.3 62.8 30.1 17.4 15.9 10.5
    4   820.8 1202.4 670.3 373.2 240.2 177.8  76.6 70.4 47.5 43.4 27.5  5.3
    5   833.6 1195.4 664.2 363.5 237.8 123.1  68.8 54.4 42.9 23.2 25.8 11.0
    6   872.1 1273.5 736.4 376.6 259.2 140.9  88.0 50.4 62.4 28.1 20.5  6.2
    7   898.2 1333.7 706.3 376.3 254.0 180.9 109.8 51.2 24.3 20.0 14.9  8.5
    8   886.1 1317.6 694.0 406.4 233.8 198.0  74.7 46.2 29.3 11.4 21.9  7.6
    9   891.7 1310.3 721.6 493.7 252.0 159.8  68.4 76.3 38.5 26.3 12.4  5.2
    10  897.8 1371.9 807.2 414.4 295.6 152.9  95.9 48.7 62.3 29.3 52.2   NA
    11  940.4 1431.1 786.8 421.1 302.0 139.9  98.9 69.1 45.7 11.9   NA   NA
    12  952.7 1464.7 835.4 427.6 275.2 150.7  72.7 56.6 35.5   NA   NA   NA
    13  999.6 1483.3 811.8 433.8 275.4 144.4  96.4 69.7   NA   NA   NA   NA
    14  921.2 1579.0 755.3 460.3 279.3 207.4  97.6   NA   NA   NA   NA   NA
    15  978.4 1540.3 900.5 459.3 255.3 149.1    NA   NA   NA   NA   NA   NA
    16  989.1 1495.2 839.1 493.5 254.7    NA    NA   NA   NA   NA   NA   NA
    17 1038.1 1615.9 843.8 447.1    NA    NA    NA   NA   NA   NA   NA   NA
    18 1072.4 1593.3 869.0    NA    NA    NA    NA   NA   NA   NA   NA   NA
    19 1103.0 1643.1    NA    NA    NA    NA    NA   NA   NA   NA   NA   NA
    20 1055.8     NA    NA    NA    NA    NA    NA   NA   NA   NA   NA   NA
      dev
origin   13   14  15  16  17   18 19  20
    1   9.2  4.7 1.3 1.5 4.6  0.3  0 0.1
    2   8.6  4.7 5.0 0.7 1.6 11.5  0  NA
    3   2.1  3.2 1.2 0.2 2.2  0.1 NA  NA
    4  15.4  1.2 3.0 6.6 1.4   NA NA  NA
    5   7.1  6.2 2.7 0.4  NA   NA NA  NA
    6  10.7 10.6 2.9  NA  NA   NA NA  NA
    7   6.4  5.9  NA  NA  NA   NA NA  NA
    8   8.2   NA  NA  NA  NA   NA NA  NA
    9    NA   NA  NA  NA  NA   NA NA  NA
    10   NA   NA  NA  NA  NA   NA NA  NA
    11   NA   NA  NA  NA  NA   NA NA  NA
    12   NA   NA  NA  NA  NA   NA NA  NA
    13   NA   NA  NA  NA  NA   NA NA  NA
    14   NA   NA  NA  NA  NA   NA NA  NA
    15   NA   NA  NA  NA  NA   NA NA  NA
    16   NA   NA  NA  NA  NA   NA NA  NA
    17   NA   NA  NA  NA  NA   NA NA  NA
    18   NA   NA  NA  NA  NA   NA NA  NA
    19   NA   NA  NA  NA  NA   NA NA  NA
    20   NA   NA  NA  NA  NA   NA NA  NA
   AY      1      2      3      4      5      6      7      8      9     10
1   1  793.2 2008.1 2613.2 3002.8 3179.6 3304.4 3382.1 3440.7 3459.8 3494.9
2   2  744.9 1963.4 2611.9 2967.5 3165.7 3286.6 3372.7 3429.8 3453.4 3478.8
3   3  801.4 2311.5 2968.9 3387.2 3643.9 3779.6 3847.9 3910.8 3940.9 3958.3
4   4  820.8 2023.2 2693.5 3066.7 3306.9 3484.7 3561.3 3631.7 3679.2 3722.5
5   5  833.6 2028.9 2693.1 3056.6 3294.3 3417.5 3486.3 3540.6 3583.6 3606.8
6   6  872.1 2145.6 2882.1 3258.6 3517.9 3658.8 3746.8 3797.2 3859.5 3887.6
7   7  898.2 2231.9 2938.2 3314.5 3568.5 3749.4 3859.2 3910.4 3934.7 3954.7
8   8  886.1 2203.7 2897.7 3304.1 3537.9 3736.0 3810.7 3856.9 3886.2 3897.6
9   9  891.7 2201.9 2923.5 3417.3 3669.3 3829.1 3897.5 3973.9 4012.4 4038.7
10 10  897.8 2269.8 3077.0 3491.4 3787.0 3939.9 4035.8 4084.5 4146.8 4176.1
11 11  940.4 2371.5 3158.3 3579.4 3881.4 4021.3 4120.2 4189.3 4235.0 4247.0
12 12  952.7 2417.4 3252.8 3680.4 3955.6 4106.2 4178.9 4235.5 4271.0     NA
13 13  999.6 2482.9 3294.7 3728.5 4003.9 4148.3 4244.7 4314.4     NA     NA
14 14  921.2 2500.2 3255.5 3715.9 3995.2 4202.6 4300.2     NA     NA     NA
15 15  978.4 2518.7 3419.1 3878.5 4133.8 4282.9     NA     NA     NA     NA
16 16  989.1 2484.3 3323.4 3816.9 4071.6     NA     NA     NA     NA     NA
17 17 1038.1 2654.1 3497.9 3945.0     NA     NA     NA     NA     NA     NA
18 18 1072.4 2665.6 3534.7     NA     NA     NA     NA     NA     NA     NA
19 19 1103.0 2746.1     NA     NA     NA     NA     NA     NA     NA     NA
20 20 1055.8     NA     NA     NA     NA     NA     NA     NA     NA     NA
       11     12     13     14     15     16     17     18     19     20
1  3511.2 3521.5 3530.7 3535.4 3536.7 3538.1 3542.7 3543.0 3543.0 3543.1
2  3495.0 3509.6 3518.2 3522.9 3527.9 3528.6 3530.2 3541.7 3541.7     NA
3  3974.2 3984.6 3986.7 3989.9 3991.1 3991.3 3993.5 3993.6     NA     NA
4  3750.1 3755.4 3770.8 3772.0 3775.0 3781.6 3783.0     NA     NA     NA
5  3632.6 3643.6 3650.7 3656.9 3659.5 3659.9     NA     NA     NA     NA
6  3908.1 3914.3 3925.0 3935.6 3938.5     NA     NA     NA     NA     NA
7  3969.7 3978.1 3984.5 3990.4     NA     NA     NA     NA     NA     NA
8  3919.4 3927.0 3935.2     NA     NA     NA     NA     NA     NA     NA
9  4051.1 4056.2     NA     NA     NA     NA     NA     NA     NA     NA
10 4228.4     NA     NA     NA     NA     NA     NA     NA     NA     NA
11     NA     NA     NA     NA     NA     NA     NA     NA     NA     NA
12     NA     NA     NA     NA     NA     NA     NA     NA     NA     NA
13     NA     NA     NA     NA     NA     NA     NA     NA     NA     NA
14     NA     NA     NA     NA     NA     NA     NA     NA     NA     NA
15     NA     NA     NA     NA     NA     NA     NA     NA     NA     NA
16     NA     NA     NA     NA     NA     NA     NA     NA     NA     NA
17     NA     NA     NA     NA     NA     NA     NA     NA     NA     NA
18     NA     NA     NA     NA     NA     NA     NA     NA     NA     NA
19     NA     NA     NA     NA     NA     NA     NA     NA     NA     NA
20     NA     NA     NA     NA     NA     NA     NA     NA     NA     NA
   ultimate
1    3543.1
2    3542.0
3    3994.0
4    3783.9
5    3663.0
6    3941.0
7    3995.6
8    3945.8
9    4065.8
10   4274.3
11   4284.8
12   4357.8
13   4421.4
14   4555.9
15   4607.0
16   4603.1
17   4721.5
18   4848.8
19   4896.9
20   5019.9
   dev cl_factor cl_factor_true link_min link_max paid_pct_cl paid_pct_true
2    1    2.5369         2.5393   2.4341   2.8844     21.7743       21.7267
3    2    1.3267         1.3277   1.2844   1.3575     55.2384       55.1704
4    3    1.1381         1.1404   1.1278   1.1689     73.2853       73.2515
5    4    1.0740         1.0729   1.0589   1.0847     83.4032       83.5332
6    5    1.0422         1.0426   1.0360   1.0560     89.5766       89.6259
7    6    1.0224         1.0223   1.0177   1.0293     93.3575       93.4478
8    7    1.0156         1.0150   1.0121   1.0198     95.4494       95.5309
9    8    1.0100         1.0101   1.0055   1.0164     96.9357       96.9666
10   9    1.0064         1.0065   1.0028   1.0118     97.9076       97.9482
11  10    1.0059         1.0051   1.0031   1.0125     98.5377       98.5803
12  11    1.0023         1.0025   1.0013   1.0042     99.1142       99.0871
13  12    1.0022         1.0022   1.0005   1.0041     99.3434       99.3365
14  13    1.0014         1.0014   1.0003   1.0027     99.5656       99.5594
15  14    1.0007         1.0009   1.0003   1.0014     99.7035       99.7036
16  15    1.0005         1.0007   1.0001   1.0017     99.7747       99.7932
17  16    1.0007         1.0003   1.0004   1.0013     99.8256       99.8639
18  17    1.0011         1.0005   1.0000   1.0032     99.8914       99.8898
19  18    1.0000         1.0001   1.0000   1.0000     99.9982       99.9391
20  19    1.0000         1.0001   1.0000   1.0000     99.9986       99.9471
    20        NA             NA       NA       NA    100.0000       99.9547
   incr_pct_true
2        21.7267
3        33.4436
4        18.0811
5        10.2818
6         6.0927
7         3.8219
8         2.0831
9         1.4358
10        0.9815
11        0.6322
12        0.5067
13        0.2494
14        0.2229
15        0.1443
16        0.0896
17        0.0707
18        0.0258
19        0.0493
20        0.0080
          0.0077
    calendar_year payments  nominal constant index outstanding_pct
           <char>    <int>    <num>    <num> <num>           <num>
 1:             1    34164  793.160  782.710 1.013              NA
 2:             2    70820 1959.882 1901.008 1.031              NA
 3:             3    83344 2625.008 2497.421 1.051              NA
 4:             4    89736 3368.924 3141.412 1.072              NA
 5:             5    93162 3225.753 2949.942 1.093              NA
 6:             6    95536 3479.176 3120.136 1.115              NA
 7:             7    96668 3664.325 3221.134 1.138              NA
 8:             8    96526 3840.340 3310.605 1.160              NA
 9:             9    96273 3852.134 3255.611 1.183              NA
10:            10    96631 3859.010 3197.128 1.207              NA
11:            11    96560 4046.212 3286.480 1.231              NA
12:            12    96840 4333.215 3450.871 1.256              NA
13:            13    97745 4401.780 3437.127 1.281              NA
14:            14    96177 4379.303 3351.960 1.306              NA
15:            15    95909 4457.749 3345.008 1.333              NA
16:            16    96338 4411.734 3245.633 1.359              NA
17:            17    96736 4553.507 3284.304 1.386              NA
18:            18    95208 4693.382 3318.297 1.414              NA
19:            19    95970 4784.253 3317.018 1.442              NA
20:            20    96253 4709.926 3200.867 1.471              NA
21:            21    63594 3832.147 2555.751 1.499          39.649
22:            22    25767 2272.074 1485.826 1.529          23.508
23:            23    11986 1342.336  860.461 1.560          13.888
24:            24     5953  720.474  452.956 1.591           7.454
25:            25     3348  540.743  333.068 1.624           5.595
26:            26     1860  322.502  194.892 1.655           3.337
27:            27     1001  168.877  100.037 1.688           1.747
28:            28      617  175.027  101.627 1.722           1.811
29:            29      389   93.128   52.948 1.759           0.964
30:            30      218   47.009   26.347 1.784           0.486
31:           31+      435  150.976   78.761 1.917           1.562
    calendar_year payments  nominal constant index outstanding_pct
           <char>    <int>    <num>    <num> <num>           <num>
Key: <AY>
       AY claims payments amount ultimate_pct
    <num>  <num>    <num>  <num>        <num>
 1:     1      3       11  1.890        0.053
 2:     2      1        1  0.030        0.001
 3:     4      2        3  0.516        0.014
 4:     5      3        5  1.878        0.051
 5:     6      3        6  1.649        0.042
 6:     7      3        4  0.507        0.013
 7:     8      3        7  5.703        0.144
 8:    11      3        4  1.778        0.041
 9:    12      2        4  0.832        0.019
10:    13      2        3  0.817        0.018
11:    14      3        5  0.363        0.008
12:    15      3        7  1.691        0.037
13:    16      4        8  1.920        0.042
14:    17      1        2  0.428        0.009
15:    18      5        7  2.372        0.049
16:    19      2        2  0.014        0.000
17:    20      4        9 16.132        0.320
      AY    paid CL_reserves msep_sqrt true_reserves  error
1      1  3543.1         0.0       0.0           0.0    0.0
2      2  3541.7         0.1       0.0           0.3   -0.3
3      3  3993.6         0.1       0.0           0.3   -0.2
4      4  3783.0         4.1       7.9           0.9    3.2
5      5  3659.9         6.4       7.9           3.1    3.3
6      6  3938.5         8.9       8.8           2.5    6.4
7      7  3990.4        11.9       9.1           5.2    6.7
8      8  3935.2        17.2       9.5          10.6    6.6
9      9  4056.2        26.8      10.6           9.5   17.3
10    10  4228.4        37.8      11.6          46.0   -8.2
11    11  4247.0        63.0      16.8          37.8   25.2
12    12  4271.0        91.3      20.6          86.8    4.5
13    13  4314.4       136.4      26.0         107.0   29.4
14    14  4300.2       205.0      28.5         255.7  -50.7
15    15  4282.9       304.7      32.3         324.1  -19.4
16    16  4071.6       473.8      44.1         531.5  -57.7
17    17  3945.0       785.0      53.5         776.5    8.5
18    18  3534.7      1288.5      67.5        1314.1  -25.6
19    19  2746.1      2225.3      95.7        2150.7   74.6
20    20  1055.8      3793.1     209.1        3964.0 -170.9
21 total 75438.8      9479.4     285.4        9626.8 -147.4
