==== 2026-10-08 12:13:52 start baseline.mack slot 3
MackChainLadder(Triangle = tri, est.sigma = "Mack")

     Latest Dev.To.Date Ultimate     IBNR Mack.S.E CV(IBNR)
1  3.54e+09       1.000 3.54e+09 0.00e+00 0.00e+00      NaN
2  3.54e+09       1.000 3.54e+09 5.11e+04 8.41e+01  0.00165
3  3.99e+09       1.000 3.99e+09 7.34e+04 2.63e+04  0.35816
4  3.78e+09       0.999 3.79e+09 4.11e+06 7.89e+06  1.91790
5  3.66e+09       0.998 3.67e+09 6.39e+06 7.93e+06  1.23955
6  3.94e+09       0.998 3.95e+09 8.89e+06 8.83e+06  0.99275
7  3.99e+09       0.997 4.00e+09 1.19e+07 9.06e+06  0.76326
8  3.94e+09       0.996 3.95e+09 1.72e+07 9.52e+06  0.55435
9  4.06e+09       0.993 4.08e+09 2.68e+07 1.06e+07  0.39694
10 4.23e+09       0.991 4.27e+09 3.78e+07 1.16e+07  0.30771
11 4.25e+09       0.985 4.31e+09 6.30e+07 1.68e+07  0.26681
12 4.27e+09       0.979 4.36e+09 9.13e+07 2.06e+07  0.22616
13 4.31e+09       0.969 4.45e+09 1.36e+08 2.60e+07  0.19057
14 4.30e+09       0.954 4.51e+09 2.05e+08 2.85e+07  0.13886
15 4.28e+09       0.934 4.59e+09 3.05e+08 3.23e+07  0.10610
16 4.07e+09       0.896 4.55e+09 4.74e+08 4.41e+07  0.09315
17 3.94e+09       0.834 4.73e+09 7.85e+08 5.35e+07  0.06818
18 3.53e+09       0.733 4.82e+09 1.29e+09 6.75e+07  0.05241
19 2.75e+09       0.552 4.97e+09 2.23e+09 9.57e+07  0.04300
20 1.06e+09       0.218 4.85e+09 3.79e+09 2.09e+08  0.05512

                     Totals
Latest:   75,438,773,652.64
Dev:                   0.89
Ultimate: 84,918,134,181.49
IBNR:      9,479,360,528.84
Mack.S.E     285,370,486.36
CV(IBNR):              0.03
     latest    ultimate        ibnr          se          cv        true 
75438773653 84918134181  9479360529   285370486           0  9626775937 
       bias        tail 
 -147415408    38518494 
