==== 2026-10-08 13:07:18 start long_reporting.nncl_numeric.main.analysis slot 1
runs of the grids
   grid cl_grid 
      0       0 
nagging predictors 
                 0 
       AY dev_0  dev_1  dev_2  dev_3  dev_4  dev_5  dev_6  dev_7  dev_8  dev_9
    <int> <num>  <num>  <num>  <num>  <num>  <num>  <num>  <num>  <num>  <num>
 1:     1 398.0 1162.7 1829.5 2260.5 2573.7 2832.5 3038.1 3183.6 3271.9 3350.3
 2:     2 335.9 1119.8 1789.0 2221.8 2592.5 2826.2 3022.0 3147.0 3242.0 3308.2
 3:     3 337.6 1492.4 2079.8 2619.8 2984.8 3259.6 3463.9 3612.3 3698.2 3761.3
 4:     4 378.4 1175.5 1822.6 2298.2 2640.6 2912.1 3132.2 3254.7 3405.1 3523.4
 5:     5 369.9 1198.3 1885.7 2371.3 2716.3 2948.7 3120.4 3252.8 3376.3 3455.6
 6:     6 376.5 1286.8 2030.3 2523.0 2883.3 3137.2 3342.7 3494.3 3615.1 3691.6
 7:     7 370.6 1297.9 2019.7 2530.3 2925.1 3221.0 3428.9 3576.2 3674.9 3752.0
 8:     8 375.1 1269.2 2033.3 2558.0 2929.7 3210.1 3394.8 3540.9 3644.9 3752.9
 9:     9 382.8 1284.4 2021.8 2621.8 2999.1 3315.7 3527.7 3711.3 3813.8 3879.9
10:    10 395.7 1348.5 2087.6 2660.2 3118.0 3428.7 3633.0 3789.9 3894.0 4001.8
11:    11 439.0 1440.8 2224.7 2799.0 3215.6 3497.2 3697.6 3858.8 3993.3 4089.2
12:    12 405.0 1383.0 2226.0 2762.4 3218.5 3510.4 3714.5 3908.8 4018.4     NA
13:    13 443.9 1433.1 2262.2 2879.2 3308.5 3599.8 3836.1 4010.8     NA     NA
14:    14 418.4 1455.3 2287.2 2824.4 3263.9 3586.3 3876.2     NA     NA     NA
15:    15 437.0 1429.4 2308.5 2983.3 3389.6 3734.7     NA     NA     NA     NA
16:    16 461.3 1467.4 2304.1 2908.1 3363.5     NA     NA     NA     NA     NA
17:    17 431.8 1533.3 2379.2 2988.0     NA     NA     NA     NA     NA     NA
18:    18 499.0 1615.8 2448.7     NA     NA     NA     NA     NA     NA     NA
19:    19 534.6 1652.5     NA     NA     NA     NA     NA     NA     NA     NA
20:    20 484.6     NA     NA     NA     NA     NA     NA     NA     NA     NA
       AY dev_0  dev_1  dev_2  dev_3  dev_4  dev_5  dev_6  dev_7  dev_8  dev_9
    <int> <num>  <num>  <num>  <num>  <num>  <num>  <num>  <num>  <num>  <num>
    dev_10 dev_11 dev_12 dev_13 dev_14 dev_15 dev_16 dev_17 dev_18 dev_19
     <num>  <num>  <num>  <num>  <num>  <num>  <num>  <num>  <num>  <num>
 1: 3408.7 3458.9 3488.7 3514.6 3546.2 3559.9 3577.1 3588.2 3600.0 3607.8
 2: 3365.1 3407.1 3454.5 3495.7 3527.5 3552.3 3566.2 3580.6 3599.3     NA
 3: 3821.4 3878.5 3909.4 3947.0 3969.2 4000.2 4026.0 4036.4     NA     NA
 4: 3626.4 3664.9 3740.5 3767.1 3793.4 3820.2 3832.8     NA     NA     NA
 5: 3505.0 3555.9 3604.3 3653.3 3675.8 3692.2     NA     NA     NA     NA
 6: 3776.9 3831.6 3865.0 3894.9 3933.3     NA     NA     NA     NA     NA
 7: 3817.4 3874.1 3936.2 3970.3     NA     NA     NA     NA     NA     NA
 8: 3814.3 3860.6 3900.2     NA     NA     NA     NA     NA     NA     NA
 9: 3946.3 3997.0     NA     NA     NA     NA     NA     NA     NA     NA
10: 4106.6     NA     NA     NA     NA     NA     NA     NA     NA     NA
11:     NA     NA     NA     NA     NA     NA     NA     NA     NA     NA
12:     NA     NA     NA     NA     NA     NA     NA     NA     NA     NA
13:     NA     NA     NA     NA     NA     NA     NA     NA     NA     NA
14:     NA     NA     NA     NA     NA     NA     NA     NA     NA     NA
15:     NA     NA     NA     NA     NA     NA     NA     NA     NA     NA
16:     NA     NA     NA     NA     NA     NA     NA     NA     NA     NA
17:     NA     NA     NA     NA     NA     NA     NA     NA     NA     NA
18:     NA     NA     NA     NA     NA     NA     NA     NA     NA     NA
19:     NA     NA     NA     NA     NA     NA     NA     NA     NA     NA
20:     NA     NA     NA     NA     NA     NA     NA     NA     NA     NA
    dev_10 dev_11 dev_12 dev_13 dev_14 dev_15 dev_16 dev_17 dev_18 dev_19
     <num>  <num>  <num>  <num>  <num>  <num>  <num>  <num>  <num>  <num>
    ultimate
       <num>
 1:   3607.8
 2:   3620.2
 3:   4060.8
 4:   3877.1
 5:   3753.7
 6:   4015.1
 7:   4074.4
 8:   4028.0
 9:   4154.0
10:   4372.4
11:   4363.0
12:   4452.8
13:   4518.4
14:   4642.7
15:   4713.2
16:   4683.8
17:   4825.1
18:   4961.0
19:   4993.4
20:   5128.2
    ultimate
       <num>
        AY    true      NN NN_zero_claims      CL msep_sqrt
    <char>   <num>   <num>          <num>   <num>     <num>
 1:      1     0.0     0.0            0.0     0.0       0.0
 2:      2    20.9    34.3            0.0     7.8       3.9
 3:      3    24.3   -22.9            0.0    25.9       7.7
 4:      4    44.4     6.9            0.0    37.0       8.2
 5:      5    61.4    51.4            0.0    53.0       9.9
 6:      6    81.8   122.6            0.0    80.8      12.8
 7:      7   104.1   109.4            0.1   113.0      15.0
 8:      8   127.8   133.6            0.0   148.7      18.1
 9:      9   157.0   232.0            0.0   204.0      26.4
10:     10   265.8   320.9            0.0   267.9      27.9
11:     11   273.8   444.0            0.2   351.7      35.4
12:     12   434.3   585.7            0.4   448.7      42.3
13:     13   507.6   734.7            7.4   586.6      50.4
14:     14   766.5  1030.7            3.7   766.3      53.5
15:     15   978.6  1320.5            3.7  1028.9      62.9
16:     16  1320.3  1610.2            9.7  1335.1      68.2
17:     17  1837.2  2085.9           14.3  1814.9      81.1
18:     18  2512.3  2887.0           19.8  2506.8     106.3
19:     19  3340.9  3979.5           46.8  3562.6     192.2
20:     20  4643.6  4479.9          162.5  4628.6     452.3
21:  total 17502.8 20146.5          268.6 17968.1     575.0
        AY    true      NN NN_zero_claims      CL msep_sqrt
    <char>   <num>   <num>          <num>   <num>     <num>
Key: <i>
        i cells zero_cells zero_claims  true NN_zero_claims
    <int> <int>      <int>       <int> <num>          <num>
 1:     2   163          0           0   0.0            0.0
 2:     3   164          0           0   0.0            0.0
 3:     4   169          1           1   0.0            0.0
 4:     5   166          1           1   0.0            0.0
 5:     6   163          0           0   0.0            0.0
 6:     7   173          0           0   0.0            0.1
 7:     8   172          1           1   0.0            0.0
 8:     9   167          0           0   0.0            0.0
 9:    10   168          0           0   0.0            0.0
10:    11   162          1           1   0.0            0.2
11:    12   172          1           1   0.0            0.4
12:    13   167          2           2   2.2            7.4
13:    14   172          1           1   7.9            3.7
14:    15   166          1           1   0.4            3.7
15:    16   169          0           0   0.0            9.7
16:    17   161          3           3   1.0           14.3
17:    18   172          7           8   9.2           19.8
18:    19   173         14          17  29.2           46.8
19:    20   164         30          69 140.5          162.5
Key: <model>
         model        1       2      3       4      5      6      7     8
        <fctr>    <num>   <num>  <num>   <num>  <num>  <num>  <num> <num>
1: homogeneous 192653.8 17404.3 6408.4 10807.3 4211.8 2888.6  939.7 370.9
2:    paper_q5 220568.2 19995.4 6954.1 11125.5 4458.0 3147.4 1170.4 582.4
3:   paper_q10 200264.2 17423.8 6373.7 10790.8 4234.7 2922.3  973.7 398.0
4:   paper_q20 194030.1 17190.2 6354.8 10777.1 4212.8 2888.6  947.7 380.5
        9    10    11    12    13    14    15    16    17    18    19
    <num> <num> <num> <num> <num> <num> <num> <num> <num> <num> <num>
1: 1594.7 190.4 417.5 547.6 152.6  15.5   7.1   5.0   0.8   3.1   0.1
2: 1781.4 353.3 560.8 670.6 262.2 111.6  86.2  66.8  46.3  33.2  14.9
3: 1612.6 226.8 447.3 569.8 174.3  34.7  22.8  17.2  10.0   8.9   3.4
4: 1600.8 199.3 427.5 554.1 159.6  22.0  12.6   9.6   5.5   5.7   1.4
             run    true      CL reserve zero_claims zero_claims_pooled
          <char>   <num>   <num>   <num>       <num>              <num>
1:      paper_q5 17502.8 17968.1 36648.0       268.6                  0
2:     paper_q10 17502.8 17968.1 22327.9       268.6                  0
3:     paper_q20 17502.8 17968.1 20146.5       268.6                  0
4:       s1_adam 17502.8 17968.1 18951.1       268.6                  0
5: s2_early_stop 17502.8 17968.1 18320.1       268.6                  0
6:   s3_cl_start 17502.8 17968.1 18125.9       268.6                  0
7:    s4_balance 17502.8 17968.1 18115.4       268.6                  0
       loss loss_vali bias_pct bias_cl_pct
      <num>     <num>    <num>       <num>
1: 271988.5   30970.0    109.4         2.7
2: 246508.8   28214.7     27.6         2.7
3: 239779.8   28066.7     15.1         2.7
4: 242746.0   28262.4      8.3         2.7
5: 241603.5   28202.3      4.7         2.7
6: 238225.5   27128.5      3.6         2.7
7: 238225.5   27128.5      3.5         2.7
