==== 2026-10-08 12:15:02 start long_reporting.odp slot 3
        ODP          CL 
17968070689 17968070689 
               latest    ultimate        ibnr        se cv        true
formula   69342436133 87310506822 17968070689 541649787  0 17502755713
bootstrap 69342436133 87310506822 17968070689 558190058  0 17502755713
               bias       tail
formula   465314976 1354693538
bootstrap 465314976 1354693538
                                                     quantity        value
1                                        observed cells |D_I|          210
2                                            parameters I + J           39
3                          degrees of freedom |D_I| - (I + J)          171
4                                           Pearson statistic     473.1485
5                                 Poisson deviance (unscaled)     460.6027
6                          phi Pearson (glmReserve, E&V 1999)        2.767
7                              phi deviance (Paper C eq. (5))       2.6936
8                                  phi deviance / phi Pearson       0.9735
9  glmReserve residual factor sqrt(|D_I| / (|D_I| - (I + J)))       1.1082
10                       glmReserve pseudo triangles kept (%)      91.3299
11                      glmReserve draws per bootstrap sample       1.0949
12         E&V 1999 pseudo triangles with a negative cell (%)       6.9096
13                                        amounts in units of      1000000
                  method   phi  reserve boot_mean process_sd estimation_sd
1  analytic, phi pearson 2.767 17968.07        NA    222.973       493.627
2 analytic, phi deviance 2.694 17968.07        NA    219.997       487.039
3   glmReserve bootstrap 2.696 17968.07  17986.93    220.255       517.749
4               E&V 1999 2.767 17968.07  17972.64    222.973       465.388
5     E&V 1999 x n/(n-p) 2.767 17968.07  17972.64    222.973       515.735
6   Paper C, phi pearson 2.767 17968.07  17962.89    222.973       508.454
7  Paper C, phi deviance 2.694 17968.07  17992.61    219.997       491.440
    rmsep  mc_se    cv     true    bias
1 541.650     NA 0.030 17502.76 465.315
2 534.420     NA 0.030 17502.76 465.315
3 558.190 16.097 0.031 17502.76 465.315
4 516.045 12.217 0.029 17502.76 465.315
5 561.871 13.780 0.031 17502.76 465.315
6 555.196  9.960 0.031 17502.76 465.315
7 538.435  9.648 0.030 17502.76 465.315
       method
origin  analytic, phi pearson analytic, phi deviance glmReserve bootstrap
  2                      6.58                   6.49                 6.70
  3                     11.25                  11.10                10.75
  4                     12.83                  12.66                12.63
  5                     14.77                  14.57                14.83
  6                     17.95                  17.71                17.65
  7                     20.86                  20.58                21.37
  8                     23.56                  23.24                22.53
  9                     27.41                  27.04                27.21
  10                    31.34                  30.92                31.15
  11                    35.83                  35.35                33.78
  12                    40.52                  39.98                40.81
  13                    46.69                  46.06                47.65
  14                    54.06                  53.34                55.57
  15                    64.18                  63.33                63.81
  16                    75.85                  74.84                74.33
  17                    94.30                  93.04                92.94
  18                   123.70                 122.05               121.45
  19                   183.35                 180.90               181.05
  20                   379.53                 374.47               402.37
  total                541.65                 534.42               558.19
       method
origin  E&V 1999 E&V 1999 x n/(n-p) Paper C, phi pearson Paper C, phi deviance
  2         6.03               6.30                 6.50                  6.62
  3        10.60              11.03                11.16                 11.19
  4        12.26              12.70                12.66                 12.74
  5        14.26              14.71                14.66                 14.56
  6        17.31              17.81                17.86                 17.70
  7        20.31              20.86                20.78                 20.38
  8        22.98              23.56                23.45                 23.16
  9        26.68              27.31                27.04                 26.75
  10       30.71              31.45                31.27                 30.92
  11       34.90              35.69                35.91                 35.18
  12       39.23              40.09                40.73                 39.91
  13       45.55              46.67                46.69                 46.17
  14       52.87              54.31                54.49                 53.82
  15       62.19              64.03                63.96                 63.53
  16       73.68              76.32                75.51                 74.94
  17       89.24              92.92                96.08                 92.61
  18      115.40             121.54               124.64                119.83
  19      170.78             183.22               178.72                178.94
  20      369.83             406.26               391.66                374.24
  total   516.04             561.87               555.20                538.43
