==== 2026-10-08 12:59:53 start long_reporting.nncl.partition slot 1
    j learning train validation ay_train ay_validation test ay_test
1   1     2538  2284        254     1-18         18-19  134   20-20
2   2     2793  2513        280     1-17         17-18  293   19-20
3   3     2713  2441        272     1-16         16-17  458   18-20
4   4     2597  2337        260     1-15         15-16  616   17-20
5   5     2451  2205        246     1-14         14-15  785   16-20
6   6     2300  2070        230     1-13         13-14  950   15-20
7   7     2137  1923        214     1-12         12-13 1121   14-20
8   8     1985  1786        199     1-11         11-12 1286   13-20
9   9     1816  1634        182     1-10         10-11 1457   12-20
10 10     1657  1491        166     1-10         10-10 1618   11-20
11 11     1491  1341        150      1-9           9-9 1786   10-20
12 12     1324  1191        133      1-8           8-8 1953    9-20
13 13     1153  1037        116      1-7           7-7 2124    8-20
14 14      980   882         98      1-6           6-6 2297    7-20
15 15      818   736         82      1-5           5-5 2460    6-20
16 16      653   587         66      1-4           4-4 2625    5-20
17 17      485   436         49      1-3           3-3 2793    4-20
18 18      321   288         33      1-2           2-2 2957    3-20
19 19      158   142         16      1-1           1-1 3120    2-20
