==== 2026-10-08 12:14:22 start si_calendar.description slot 2
                                                 quantity       value
1                                                  claims  399568.000
2                                                payments 1931764.000
3                claim cost in constant values (millions)   66857.348
4                             nominal ultimate (millions)  704193.325
5                   paid to the valuation date (millions)  474726.010
6          paid to the valuation date (% of the ultimate)      67.414
7                             true outstanding (millions)  229467.315
8  true outstanding, development years 1 to 20 (millions)  224063.182
9  true outstanding, after development year 20 (millions)    5404.133
10                                          claims closed  364112.000
11                                            claims open   32855.000
12                                claims not yet reported    2601.000
13                         payments to the valuation date 1816596.000
14                      payments after the valuation date  115168.000
15                      mean claim size (constant values)  167324.080
16                    median claim size (constant values)   49877.948
17                        mean notification delay (years)       0.127
18                          mean settlement delay (years)       1.633
19                                mean number of payments       4.835
20               amount-weighted mean payment lag (years)       3.033
        AY claims claim_cost mean_size median_size max_size ultimate     paid
    <char>  <int>      <num>     <num>       <num>    <num>    <num>    <num>
 1:      1  20073     3380.8  168425.9     50688.9     40.4   5295.9   5265.0
 2:      2  19847     3307.7  166657.8     49170.8     13.6   6207.2   6201.3
 3:      3  19723     3663.5  185748.4     50538.2    308.0   7723.2   7717.2
 4:      4  19905     3390.5  170334.1     49875.1     21.2   8849.9   8816.0
 5:      5  20070     3227.7  160822.2     48803.1     15.7   9610.9   9499.8
 6:      6  20145     3401.6  168856.2     51255.7     14.0  11954.5  11854.2
 7:      7  19948     3385.5  169715.5     50271.2     22.2  13649.9  13496.6
 8:      8  19932     3281.4  164631.9     50901.2     34.7  15668.4  15207.6
 9:      9  19942     3309.4  165952.1     50764.1     14.6  18274.0  18073.6
10:     10  19968     3401.3  170335.3     50000.3     38.6  23038.2  22061.4
11:     11  19847     3354.5  169018.0     50139.6     44.2  25715.1  24596.0
12:     12  20190     3343.8  165618.4     49992.1     33.0  30413.7  27914.0
13:     13  20087     3328.2  165687.3     49388.5     19.8  34861.2  32205.1
14:     14  20030     3350.0  167248.4     48412.1     28.7  42748.9  36745.4
15:     15  19886     3326.0  167253.0     49753.8     21.9  50009.6  40881.9
16:     16  19981     3256.2  162966.9     49017.5     26.1  57236.4  43776.7
17:     17  19976     3279.5  164174.5     50048.1     38.0  65915.7  47146.6
18:     18  19743     3304.0  167348.0     50134.0     22.2  77910.9  46823.3
19:     19  20006     3271.7  163536.9     49548.9     16.4  89947.0  39918.9
20:     20  20269     3294.0  162514.7     48950.1     18.8 109162.8  16525.5
21:  total 399568    66857.3  167324.1     49877.9    308.0 704193.3 474726.0
        AY claims claim_cost mean_size median_size max_size ultimate     paid
    <char>  <int>      <num>     <num>       <num>    <num>    <num>    <num>
    outstanding paid_pct nominal_to_constant
          <num>    <num>               <num>
 1:        30.9     99.4                 1.6
 2:         5.9     99.9                 1.9
 3:         6.0     99.9                 2.1
 4:        33.8     99.6                 2.6
 5:       111.1     98.8                 3.0
 6:       100.4     99.2                 3.5
 7:       153.4     98.9                 4.0
 8:       460.8     97.1                 4.8
 9:       200.4     98.9                 5.5
10:       976.8     95.8                 6.8
11:      1119.1     95.6                 7.7
12:      2499.7     91.8                 9.1
13:      2656.2     92.4                10.5
14:      6003.4     86.0                12.8
15:      9127.7     81.7                15.0
16:     13459.7     76.5                17.6
17:     18769.1     71.5                20.1
18:     31087.6     60.1                23.6
19:     50028.1     44.4                27.5
20:     92637.3     15.1                33.1
21:    229467.3     67.4                10.5
    outstanding paid_pct nominal_to_constant
          <num>    <num>               <num>
                  statistic         raw     adjusted      nominal
1                   minimum       30.07         4.86 5.650000e+00
2                        1%      270.69       157.88 7.396100e+02
3                        5%     2377.56      1364.66 6.267440e+03
4                       25%    24169.28     14244.02 7.087433e+04
5                    median    78354.82     49877.95 2.931500e+05
6                       75%   204993.52    147939.47 1.102408e+06
7                       95%   629266.82    650638.96 6.721782e+06
8                       99%  1213031.87   1852561.76 2.349373e+07
9                     99.9%  2327865.68   5686468.29 9.542989e+07
10                  maximum 12646644.34 307951599.51 3.069488e+09
11                     mean   167324.08    167324.08 1.762387e+06
12 coefficient of variation        1.52         4.15 5.700000e+00
                           statistic    raw adjusted
1 largest 0.1% of claims (% of cost)  1.776    6.159
2   largest 1% of claims (% of cost) 10.104   21.553
3   largest 5% of claims (% of cost) 30.029   45.956
4  largest 10% of claims (% of cost) 45.368   60.492
5  largest 50% of claims (% of cost) 91.358   94.726
6                   Gini coefficient  0.628    0.735
    claim_no    AY claim_size  ultimate claim_size_raw raw_rank sev_relativity
       <int> <int>      <num>     <num>          <num>    <num>          <num>
 1:    54892     3  307951600 561133792      3027273.9      129     101.725715
 2:   215608    11   44209979 277933205       869199.7     9768      50.862858
 3:     5833     1   40448759  46825839      3595919.4       50      11.248517
 4:   180224    10   38600519 307860980      1979774.9      772      19.497429
 5:   333474    17   38014817 614402209       597918.7    22099      63.578572
 6:   154390     8   34733674 244608128       682888.8    16922      50.862858
 7:    57288     3   34208897  98538965      2185856.6      518      15.650110
 8:     4407     1   33909783  44551029      1449327.1     2320      23.396914
 9:   235666    12   33024395 270125227      2705346.3      215      12.207086
10:     2701     1   29688206  49705647     12646644.3        1       2.347517
      setldel no_payment Legal Representation Injury Severity Age of Claimant
        <num>      <int>               <fctr>          <fctr>          <fctr>
 1: 0.9697739          9                    Y               5            0-15
 2: 0.9400922          8                    Y               4           30-50
 3: 0.7962547          9                    Y               4           15-30
 4: 3.5361174         16                    Y               4           15-30
 5: 0.5226635         11                    Y               4            0-15
 6: 4.5135922          5                    Y               4           30-50
 7: 4.2099347         11                    Y               5           30-50
 8: 1.6362562          6                    Y               5           15-30
 9: 2.2306564          5                    Y               2           30-50
10: 2.3315441          7                    Y               2           30-50
        Vehicle type Business use status
              <fctr>       <fctr> <fctr>
 1:      Heavy goods            Y closed
 2:      Heavy goods            Y closed
 3: Light Commerical            N closed
 4:     Medium goods            Y closed
 5:      Heavy goods            Y closed
 6:      Heavy goods            Y closed
 7: Light Commerical            N closed
 8: Light Commerical            Y closed
 9:      Heavy goods            Y closed
10: Light Commerical            N closed
                  statistic notification settlement occurrence_to_settlement
1                      mean       0.1273     1.6334                   1.7607
2  coefficient of variation       1.9306     1.0790                   1.0102
3                        1%       0.0000     0.0136                   0.0406
4                       25%       0.0082     0.4315                   0.5481
5                    median       0.0397     1.0736                   1.2141
6                       75%       0.1368     2.2194                   2.3692
7                       90%       0.3388     3.8231                   3.9746
8                       99%       1.1835     8.2456                   8.3831
9                   maximum       6.9511    27.7380                  27.7708
10            % over 1 year       1.5151    52.3616                  56.9755
11           % over 5 years       0.0023     5.2219                   5.6676
   AY    T0   T1  T2 T3 T4 T5 T6 T7 reported unreported
1   1 17650 2302 102 17  1  1  0  0    20073          0
2   2 17436 2286 106 17  2  0  0  0    19847          0
3   3 17353 2224 124 16  5  1  0  0    19723          0
4   4 17464 2306 113 18  3  0  1  0    19905          0
5   5 17731 2217 105 15  2  0  0  0    20070          0
6   6 17800 2217 107 13  6  1  0  1    20145          0
7   7 17554 2273 102 16  2  1  0  0    19948          0
8   8 17658 2143 115 14  1  0  1  0    19932          0
9   9 17463 2332 130 14  0  2  1  0    19942          0
10 10 17535 2322  88 16  4  3  0  0    19968          0
11 11 17515 2213  90 22  6  1  0  0    19847          0
12 12 17790 2271 111 14  4  0  0  0    20190          0
13 13 17719 2242 100 19  5  2  0  0    20087          0
14 14 17696 2223  84 23  4  0  0 NA    20030          0
15 15 17552 2215 105 11  1  2 NA NA    19886          0
16 16 17621 2213 119 19  7 NA NA NA    19979          2
17 17 17682 2181  98  9 NA NA NA NA    19970          6
18 18 17385 2225 110 NA NA NA NA NA    19720         23
19 19 17665 2229  NA NA NA NA NA NA    19894        112
20 20 17811   NA  NA NA NA NA NA NA    17811       2458
      AY reported CL_IBNYR msep_sqrt true_IBNYR
1      1    20073     0.00      0.00          0
2      2    19847     0.00      0.00          0
3      3    19723     0.00      0.00          0
4      4    19905     0.00      0.00          0
5      5    20070     0.00      0.00          0
6      6    20145     0.00      0.00          0
7      7    19948     0.00      0.00          0
8      8    19932     0.00      0.00          0
9      9    19942     0.00      0.00          0
10    10    19968     0.00      0.00          0
11    11    19847     0.00      0.00          0
12    12    20190     0.00      0.00          0
13    13    20087     0.00      0.00          0
14    14    20030     0.08      0.29          0
15    15    19886     0.29      0.53          0
16    16    19979     1.22      1.12          2
17    17    19970     4.54      2.46          6
18    18    19720    20.36      4.41         23
19    19    19894   127.02     13.35        112
20    20    17811  2399.91     60.88       2458
21 total   396967  2553.42     62.76       2601
        AY claims closed  open unreported open_no_payment  os_open
    <char>  <int>  <int> <int>      <int>           <int>    <num>
 1:      1  20073  20070     3          0               0     30.9
 2:      2  19847  19846     1          0               0      5.9
 3:      3  19723  19722     1          0               0      6.0
 4:      4  19905  19901     4          0               0     33.8
 5:      5  20070  20060    10          0               0    111.1
 6:      6  20145  20135    10          0               0    100.4
 7:      7  19948  19931    17          0               1    153.4
 8:      8  19932  19904    28          0               3    460.8
 9:      9  19942  19904    38          0               0    200.4
10:     10  19968  19904    64          0               3    976.8
11:     11  19847  19741   106          0               4   1119.1
12:     12  20190  20001   189          0              14   2499.7
13:     13  20087  19774   313          0              15   2656.2
14:     14  20030  19494   536          0              40   6003.4
15:     15  19886  19029   857          0              77   9127.7
16:     16  19981  18399  1580          2             141  13441.4
17:     17  19976  17327  2643          6             278  18759.3
18:     18  19743  15085  4635         23             625  30936.8
19:     19  20006  11488  8406        112            1868  48809.5
20:     20  20269   4397 13414       2458            7122  77252.4
21:  total 399568 364112 32855       2601           10191 212684.8
        AY claims closed  open unreported open_no_payment  os_open
    <char>  <int>  <int> <int>      <int>           <int>    <num>
    os_unreported
            <num>
 1:           0.0
 2:           0.0
 3:           0.0
 4:           0.0
 5:           0.0
 6:           0.0
 7:           0.0
 8:           0.0
 9:           0.0
10:           0.0
11:           0.0
12:           0.0
13:           0.0
14:           0.0
15:           0.0
16:          18.3
17:           9.9
18:         150.8
19:        1218.6
20:       15384.9
21:       16782.5
    os_unreported
            <num>
   accident_years     status claims mean_size mean_ultimate mean_notidel
           <char>     <fctr>  <int>     <num>         <num>        <num>
1:            all     closed 364112  164493.4       1260541        0.124
2:            all       open  32855  198091.0       6952754        0.124
3:            all unreported   2601  174945.4       6452323        0.575
4:             20     closed   4397  137809.0       3170730        0.067
5:             20       open  13414  168125.6       5951709        0.079
6:             20 unreported   2458  176089.5       6259116        0.484
   mean_setldel mean_no_payment
          <num>           <num>
1:        1.464           4.824
2:        3.514           4.957
3:        1.600           4.784
4:        0.273           4.682
5:        2.063           4.853
6:        1.595           4.794
Key: <rep_delay>
   rep_delay claims mean_size median_size mean_no_payment mean_setldel
       <num>  <num>     <num>       <num>           <num>        <num>
1:         0 352080 168520.98    50066.70            4.84         1.63
2:         1  44970 159017.54    48850.44            4.81         1.63
3:         2   2105 140089.60    42675.72            4.67         1.64
4:         3    318 194061.33    43688.66            4.75         1.59
5:         4     68 178886.73    47371.57            4.97         1.47
6:         5     23 186489.03    17193.44            3.70         1.59
7:         6      3 136106.97    84978.03            7.33         2.22
8:         7      1    192.67      192.67            2.00         0.05
Key: <no_payment>
    no_payment claims mean_size median_size mean_setldel cost_pct
         <num>  <num>     <num>       <num>        <num>    <num>
 1:          1  33092   3066.38     2750.13         1.51     0.15
 2:          2  45251   5293.50     4405.13         1.51     0.36
 3:          3  24793  11040.76    10934.02         1.51     0.41
 4:          4 123455 135701.25    49479.76         1.62    25.06
 5:          5  61820 195286.43    79989.65         1.66    18.06
 6:          6  36520 241227.49   106723.02         1.70    13.18
 7:          7  23042 287295.68   127540.04         1.73     9.90
 8:          8  15261 326008.19   154851.08         1.73     7.44
 9:          9  10205 394623.83   177130.38         1.75     6.02
10:         10   7154 404063.46   200340.90         1.78     4.32
11:         11   5020 442698.30   225848.30         1.81     3.32
12:         12   3645 486248.41   244288.26         1.84     2.65
13:         13   2646 489908.70   271705.79         1.91     1.94
14:         14   1887 542600.80   298473.25         1.85     1.53
15:         15   5777 654246.52   386342.52         1.91     5.65
Key: <size_band>
              size_band claims claims_pct cost_pct mean_notidel mean_setldel
                 <fctr>  <int>      <num>    <num>        <num>        <num>
1:          up to 7,500  65729      16.45     0.30         0.13         1.51
2:      7,500 to 15,000  37407       9.36     0.62         0.13         1.51
3:     15,000 to 50,000  96869      24.24     4.37         0.13         1.54
4:    50,000 to 150,000 100799      25.23    13.58         0.13         1.63
5:   150,000 to 500,000  70674      17.69    28.27         0.12         1.77
6: 500,000 to 2 million  24623       6.16    32.82         0.12         2.05
7:       over 2 million   3467       0.87    20.03         0.11         2.44
   mean_no_payment outstanding_pct paid_pct
             <num>           <num>    <num>
1:            1.50            0.22    74.43
2:            2.66            0.33    79.94
3:            4.64            2.56    78.31
4:            5.75            9.50    75.00
5:            6.84           23.72    71.31
6:            7.88           36.13    65.38
7:            8.04           27.54    59.23
      dev
origin       1       2       3      4      5      6      7      8     9    10
    1    871.5  1492.3   853.0  631.8  329.0  266.7  190.7  164.5  61.7 129.5
    2    940.6  1717.5  1051.2  663.6  425.9  300.0  245.4  186.4  90.1 108.9
    3   1164.2  2472.4  1231.6  896.9  638.2  390.4  223.0  235.3 129.2  87.4
    4   1368.1  2243.9  1435.7  919.5  681.7  583.2  288.9  305.0 232.8 244.4
    5   1599.3  2562.3  1637.6 1028.0  773.4  463.2  297.6  266.7 245.4 151.4
    6   1924.0  3140.4  2085.1 1226.5  975.1  607.0  436.1  284.5 410.7 211.6
    7   2283.4  3773.2  2302.2 1406.5 1094.2  892.9  627.3  337.6 184.9 172.9
    8   2589.5  4296.6  2598.5 1750.9 1160.7 1124.0  492.1  350.5 255.1 115.1
    9   2988.5  4927.1  3113.1 2446.4 1439.3 1054.8  517.9  656.9 384.8 304.8
    10  3460.9  5920.5  4011.7 2366.4 1923.6 1154.9  829.6  486.8 706.4 392.2
    11  4177.4  7102.0  4483.2 2766.7 2272.8 1216.7  992.4  801.4 605.3 178.2
    12  4862.6  8338.5  5478.7 3227.5 2390.7 1491.5  835.7  748.7 540.1    NA
    13  5871.9  9745.8  6107.5 3755.2 2728.5 1657.8 1278.4 1060.0    NA    NA
    14  6225.4 11937.1  6553.2 4598.1 3201.1 2741.3 1489.3     NA    NA    NA
    15  7605.0 13377.9  8990.9 5254.8 3388.7 2264.6     NA     NA    NA    NA
    16  8837.0 14902.8  9649.8 6509.3 3877.9     NA     NA     NA    NA    NA
    17 10687.1 18549.0 11129.4 6781.1     NA     NA     NA     NA    NA    NA
    18 12694.3 20940.1 13189.0     NA     NA     NA     NA     NA    NA    NA
    19 14997.4 24921.5      NA     NA     NA     NA     NA     NA    NA    NA
    20 16525.5      NA      NA     NA     NA     NA     NA     NA    NA    NA
      dev
origin    11   12    13    14   15   16   17    18  19  20
    1   70.7 50.7  50.5  31.0  9.4 12.6 45.4   2.9 0.3 0.8
    2   81.2 84.2  56.9  35.5 42.7  6.9 19.2 145.2 0.0  NA
    3   90.3 69.1  15.9  27.5 12.4  2.8 28.9   1.6  NA  NA
    4  180.1 39.4 137.8  11.6 35.1 88.2 20.7    NA  NA  NA
    5  195.6 95.2  69.8  72.7 35.7  6.1   NA    NA  NA  NA
    6  174.8 63.3 128.9 142.5 43.5   NA   NA    NA  NA  NA
    7  149.1 98.4  82.6  91.3   NA   NA   NA    NA  NA  NA
    8  256.5 99.3 118.8    NA   NA   NA   NA    NA  NA  NA
    9  159.2 80.8    NA    NA   NA   NA   NA    NA  NA  NA
    10 808.5   NA    NA    NA   NA   NA   NA    NA  NA  NA
    11    NA   NA    NA    NA   NA   NA   NA    NA  NA  NA
    12    NA   NA    NA    NA   NA   NA   NA    NA  NA  NA
    13    NA   NA    NA    NA   NA   NA   NA    NA  NA  NA
    14    NA   NA    NA    NA   NA   NA   NA    NA  NA  NA
    15    NA   NA    NA    NA   NA   NA   NA    NA  NA  NA
    16    NA   NA    NA    NA   NA   NA   NA    NA  NA  NA
    17    NA   NA    NA    NA   NA   NA   NA    NA  NA  NA
    18    NA   NA    NA    NA   NA   NA   NA    NA  NA  NA
    19    NA   NA    NA    NA   NA   NA   NA    NA  NA  NA
    20    NA   NA    NA    NA   NA   NA   NA    NA  NA  NA
   AY       1       2       3       4       5       6       7       8       9
1   1   871.5  2363.8  3216.9  3848.7  4177.7  4444.4  4635.1  4799.6  4861.3
2   2   940.6  2658.0  3709.2  4372.8  4798.7  5098.7  5344.2  5530.5  5620.6
3   3  1164.2  3636.6  4868.2  5765.1  6403.3  6793.8  7016.8  7252.1  7381.3
4   4  1368.1  3612.0  5047.7  5967.1  6648.9  7232.1  7521.0  7825.9  8058.7
5   5  1599.3  4161.5  5799.2  6827.1  7600.5  8063.7  8361.3  8627.9  8873.3
6   6  1924.0  5064.4  7149.6  8376.1  9351.2  9958.2 10394.4 10678.9 11089.5
7   7  2283.4  6056.6  8358.8  9765.3 10859.5 11752.4 12379.7 12717.3 12902.2
8   8  2589.5  6886.0  9484.5 11235.5 12396.2 13520.2 14012.2 14362.8 14617.8
9   9  2988.5  7915.6 11028.6 13475.0 14914.3 15969.1 16487.1 17144.0 17528.8
10 10  3460.9  9381.4 13393.1 15759.5 17683.1 18838.0 19667.6 20154.3 20860.7
11 11  4177.4 11279.4 15762.6 18529.3 20802.0 22018.7 23011.1 23812.5 24417.7
12 12  4862.6 13201.1 18679.8 21907.3 24298.0 25789.5 26625.2 27373.9 27914.0
13 13  5871.9 15617.7 21725.2 25480.4 28208.8 29866.7 31145.1 32205.1      NA
14 14  6225.4 18162.5 24715.7 29313.7 32514.8 35256.1 36745.4      NA      NA
15 15  7605.0 20982.9 29973.8 35228.6 38617.3 40881.9      NA      NA      NA
16 16  8837.0 23739.8 33389.6 39898.9 43776.7      NA      NA      NA      NA
17 17 10687.1 29236.1 40365.5 47146.6      NA      NA      NA      NA      NA
18 18 12694.3 33634.3 46823.3      NA      NA      NA      NA      NA      NA
19 19 14997.4 39918.9      NA      NA      NA      NA      NA      NA      NA
20 20 16525.5      NA      NA      NA      NA      NA      NA      NA      NA
        10      11      12      13      14      15     16     17     18     19
1   4990.8  5061.4  5112.1  5162.6  5193.6  5203.0 5215.6 5260.9 5263.9 5264.2
2   5729.5  5810.6  5894.8  5951.8  5987.3  6030.0 6036.9 6056.1 6201.3 6201.3
3   7468.7  7559.0  7628.1  7643.9  7671.4  7683.9 7686.7 7715.6 7717.2     NA
4   8303.2  8483.2  8522.7  8660.4  8672.1  8707.2 8795.4 8816.0     NA     NA
5   9024.7  9220.3  9315.5  9385.3  9458.0  9493.8 9499.8     NA     NA     NA
6  11301.2 11476.0 11539.3 11668.2 11810.7 11854.2     NA     NA     NA     NA
7  13075.1 13224.2 13322.6 13405.2 13496.6      NA     NA     NA     NA     NA
8  14732.9 14989.5 15088.8 15207.6      NA      NA     NA     NA     NA     NA
9  17833.6 17992.7 18073.6      NA      NA      NA     NA     NA     NA     NA
10 21252.9 22061.4      NA      NA      NA      NA     NA     NA     NA     NA
11 24596.0      NA      NA      NA      NA      NA     NA     NA     NA     NA
12      NA      NA      NA      NA      NA      NA     NA     NA     NA     NA
13      NA      NA      NA      NA      NA      NA     NA     NA     NA     NA
14      NA      NA      NA      NA      NA      NA     NA     NA     NA     NA
15      NA      NA      NA      NA      NA      NA     NA     NA     NA     NA
16      NA      NA      NA      NA      NA      NA     NA     NA     NA     NA
17      NA      NA      NA      NA      NA      NA     NA     NA     NA     NA
18      NA      NA      NA      NA      NA      NA     NA     NA     NA     NA
19      NA      NA      NA      NA      NA      NA     NA     NA     NA     NA
20      NA      NA      NA      NA      NA      NA     NA     NA     NA     NA
     20 ultimate
1  5265   5265.0
2    NA   6206.6
3    NA   7723.2
4    NA   8837.0
5    NA   9557.2
6    NA  11900.3
7    NA  13630.7
8    NA  15420.1
9    NA  18274.0
10   NA  23038.2
11   NA  25597.3
12   NA  30350.3
13   NA  34789.7
14   NA  42712.3
15   NA  49813.8
16   NA  56980.8
17   NA  65850.2
18   NA  77493.0
19   NA  89944.2
20   NA 105405.2
   dev cl_factor cl_factor_true link_min link_max paid_pct_cl paid_pct_true
2    1    2.7064         2.7146   2.6021   3.1237     16.0225       15.8584
3    2    1.3948         1.3971   1.3387   1.4285     43.3633       43.0485
4    3    1.1801         1.1872   1.1680   1.2218     60.4825       60.1427
5    4    1.1067         1.1042   1.0855   1.1227     71.3761       71.4040
6    5    1.0677         1.0686   1.0585   1.0907     78.9953       78.8447
7    6    1.0407         1.0411   1.0324   1.0534     84.3467       84.2529
8    7    1.0315         1.0289   1.0247   1.0406     87.7836       87.7147
9    8    1.0240         1.0232   1.0129   1.0385     90.5518       90.2478
10   9    1.0154         1.0171   1.0073   1.0303     92.7248       92.3406
11  10    1.0190         1.0143   1.0089   1.0380     94.1520       93.9170
12  11    1.0073         1.0086   1.0045   1.0145     95.9452       95.2574
13  12    1.0087         1.0086   1.0021   1.0162     96.6411       96.0777
14  13    1.0067         1.0066   1.0013   1.0122     97.4773       96.9038
15  14    1.0037         1.0051   1.0016   1.0071     98.1265       97.5458
16  15    1.0031         1.0055   1.0004   1.0101     98.4863       98.0428
17  16    1.0041         1.0011   1.0023   1.0087     98.7953       98.5779
18  17    1.0079         1.0041   1.0002   1.0240     99.2020       98.6870
19  18    1.0000         1.0009   1.0000   1.0001     99.9827       99.0903
20  19    1.0001         1.0006   1.0001   1.0001     99.9858       99.1752
    20        NA             NA       NA       NA    100.0000       99.2326
   incr_pct_true
2        15.8584
3        27.1902
4        17.0942
5        11.2613
6         7.4407
7         5.4083
8         3.4618
9         2.5331
10        2.0928
11        1.5764
12        1.3404
13        0.8203
14        0.8260
15        0.6420
16        0.4970
17        0.5351
18        0.1091
19        0.4032
20        0.0849
          0.0574
    calendar_year payments   nominal constant   index outstanding_pct
           <char>    <int>     <num>    <num>   <num>           <num>
 1:             1    34164   871.531  782.710   1.113              NA
 2:             2    70820  2432.838 1901.008   1.280              NA
 3:             3    83344  3734.718 2497.421   1.495              NA
 4:             4    89736  5523.507 3141.412   1.758              NA
 5:             5    93162  6067.346 2949.942   2.057              NA
 6:             6    95536  7511.456 3120.136   2.407              NA
 7:             7    96668  9109.880 3221.134   2.828              NA
 8:             8    96526 10957.908 3310.605   3.310              NA
 9:             9    96273 12641.405 3255.611   3.883              NA
10:            10    96631 14574.983 3197.128   4.559              NA
11:            11    96560 17574.405 3286.480   5.347              NA
12:            12    96840 21631.220 3450.871   6.268              NA
13:            13    97745 25249.901 3437.127   7.346              NA
14:            14    96177 28923.691 3351.960   8.629              NA
15:            15    95909 33865.542 3345.008  10.124              NA
16:            16    96338 38535.763 3245.633  11.873              NA
17:            17    96736 45736.320 3284.304  13.926              NA
18:            18    95208 54271.846 3318.297  16.355              NA
19:            19    95970 63512.505 3317.018  19.147              NA
20:            20    96253 71999.246 3200.867  22.494              NA
21:            21    63594 66904.759 2555.751  26.178          29.157
22:            22    25767 45565.402 1485.826  30.667          19.857
23:            23    11986 30997.952  860.461  36.025          13.509
24:            24     5953 19080.934  452.956  42.125           8.315
25:            25     3348 16547.083  333.068  49.681           7.211
26:            26     1860 11292.351  194.892  57.941           4.921
27:            27     1001  6808.226  100.037  68.057           2.967
28:            28      617  8145.491  101.627  80.151           3.550
29:            29      389  5018.636   52.948  94.784           2.187
30:            30      218  2813.483   26.347 106.787           1.226
31:           31+      435 16293.000   78.761 206.867           7.100
    calendar_year payments   nominal constant   index outstanding_pct
           <char>    <int>     <num>    <num>   <num>           <num>
Key: <AY>
       AY claims payments   amount ultimate_pct
    <num>  <num>    <num>    <num>        <num>
 1:     1      3       11   30.933        0.584
 2:     2      1        1    0.565        0.009
 3:     4      2        3   12.851        0.145
 4:     5      3        5   53.753        0.559
 5:     6      3        6   54.268        0.454
 6:     7      3        4   19.194        0.141
 7:     8      3        7  248.281        1.585
 8:    11      3        4  117.727        0.458
 9:    12      2        4   63.323        0.208
10:    13      2        3   71.540        0.205
11:    14      3        5   36.542        0.085
12:    15      3        7  195.775        0.391
13:    16      4        8  255.669        0.447
14:    17      1        2   65.485        0.099
15:    18      5        7  417.835        0.536
16:    19      2        2    2.749        0.003
17:    20      4        9 3757.643        3.442
      AY     paid CL_reserves msep_sqrt true_reserves   error
1      1   5265.0         0.0       0.0           0.0     0.0
2      2   6201.3         0.9       0.0           5.3    -4.5
3      3   7717.2         1.3       0.4           6.0    -4.6
4      4   8816.0        70.9     121.9          21.0    49.9
5      5   9499.8       115.8     130.9          57.3    58.5
6      6  11854.2       182.2     159.7          46.1   136.1
7      7  13496.6       257.7     176.4         134.2   123.5
8      8  15207.6       393.6     198.7         212.5   181.1
9      9  18073.6       628.2     233.6         200.4   427.7
10    10  22061.4       932.3     276.5         976.8   -44.4
11    11  24596.0      1527.7     364.7        1001.4   526.3
12    12  27914.0      2190.1     429.0        2436.3  -246.2
13    13  32205.1      3360.3     518.7        2584.6   775.7
14    14  36745.4      5113.7     600.5        5966.9  -853.2
15    15  40881.9      7587.0     692.7        8931.9 -1345.0
16    16  43776.7     11640.1     859.8       13204.0 -1563.9
17    17  47146.6     18907.1    1036.0       18703.6   203.5
18    18  46823.3     30593.0    1272.7       30669.7   -76.8
19    19  39918.9     52138.0    1659.4       50025.3  2112.7
20    20  16525.5     86614.2    2656.3       88879.6 -2265.4
21 total 474726.0    222254.2    7188.2      224063.2 -1809.0
