==== 2026-10-08 12:14:37 start si_calendar.mack slot 4
MackChainLadder(Triangle = tri, est.sigma = "Mack")

     Latest Dev.To.Date Ultimate     IBNR Mack.S.E CV(IBNR)
1  5.26e+09       1.000 5.26e+09 0.00e+00 0.00e+00      NaN
2  6.20e+09       1.000 6.20e+09 8.84e+05 1.35e+03  0.00152
3  7.72e+09       1.000 7.72e+09 1.33e+06 4.01e+05  0.30038
4  8.82e+09       0.992 8.89e+09 7.09e+07 1.22e+08  1.71947
5  9.50e+09       0.988 9.62e+09 1.16e+08 1.31e+08  1.12964
6  1.19e+10       0.985 1.20e+10 1.82e+08 1.60e+08  0.87655
7  1.35e+10       0.981 1.38e+10 2.58e+08 1.76e+08  0.68463
8  1.52e+10       0.975 1.56e+10 3.94e+08 1.99e+08  0.50474
9  1.81e+10       0.966 1.87e+10 6.28e+08 2.34e+08  0.37190
10 2.21e+10       0.959 2.30e+10 9.32e+08 2.77e+08  0.29659
11 2.46e+10       0.942 2.61e+10 1.53e+09 3.65e+08  0.23871
12 2.79e+10       0.927 3.01e+10 2.19e+09 4.29e+08  0.19587
13 3.22e+10       0.906 3.56e+10 3.36e+09 5.19e+08  0.15436
14 3.67e+10       0.878 4.19e+10 5.11e+09 6.01e+08  0.11744
15 4.09e+10       0.843 4.85e+10 7.59e+09 6.93e+08  0.09130
16 4.38e+10       0.790 5.54e+10 1.16e+10 8.60e+08  0.07387
17 4.71e+10       0.714 6.61e+10 1.89e+10 1.04e+09  0.05480
18 4.68e+10       0.605 7.74e+10 3.06e+10 1.27e+09  0.04160
19 3.99e+10       0.434 9.21e+10 5.21e+10 1.66e+09  0.03183
20 1.65e+10       0.160 1.03e+11 8.66e+10 2.66e+09  0.03067

                      Totals
Latest:   474,726,010,174.91
Dev:                    0.68
Ultimate: 696,980,174,695.13
IBNR:     222,254,164,520.22
Mack.S.E    7,188,164,133.06
CV(IBNR):               0.03
      latest     ultimate         ibnr           se           cv         true 
474726010175 696980174695 222254164520   7188164133            0 224063182394 
        bias         tail 
 -1809017874   5404132805 
