==== 2026-10-08 11:54:46 start baseline.odp slot 2
       ODP         CL 
9479360529 9479360529 
               latest    ultimate       ibnr        se cv       true       bias
formula   75438773653 84918134182 9479360529 290350043  0 9626775937 -147415408
bootstrap 75438773653 84918134182 9479360529 312360800  0 9626775937 -147415408
              tail
formula   38518494
bootstrap 38518494
                                                     quantity        value
1                                        observed cells |D_I|          210
2                                            parameters I + J           39
3                          degrees of freedom |D_I| - (I + J)          171
4                                           Pearson statistic     456.5032
5                                 Poisson deviance (unscaled)     444.7537
6                          phi Pearson (glmReserve, E&V 1999)       2.6696
7                              phi deviance (Paper C eq. (5))       2.6009
8                                  phi deviance / phi Pearson       0.9743
9  glmReserve residual factor sqrt(|D_I| / (|D_I| - (I + J)))       1.1082
10                       glmReserve pseudo triangles kept (%)       0.3743
11                      glmReserve draws per bootstrap sample     267.1337
12         E&V 1999 pseudo triangles with a negative cell (%)      99.0404
13                                        amounts in units of      1000000
                  method   phi  reserve boot_mean process_sd estimation_sd
1  analytic, phi pearson 2.670 9479.361        NA    159.079       242.893
2 analytic, phi deviance 2.601 9479.361        NA    157.019       239.747
3   glmReserve bootstrap 2.570 9479.361  9558.716    156.720       259.538
4               E&V 1999 2.670 9479.361  9513.457    159.079       245.274
5     E&V 1999 x n/(n-p) 2.670 9479.361  9513.457    159.079       271.809
6   Paper C, phi pearson 2.670 9479.361  9460.403    159.079       211.228
7  Paper C, phi deviance 2.601 9479.361  9458.826    157.019       246.919
    rmsep  mc_se    cv     true     bias
1 290.350     NA 0.031 9626.776 -147.415
2 286.589     NA 0.030 9626.776 -147.415
3 312.361 30.602 0.033 9626.776 -147.415
4 292.345 22.288 0.031 9626.776 -147.415
5 314.938 25.407 0.033 9626.776 -147.415
6 264.430 15.910 0.028 9626.776 -147.415
7 292.616 16.420 0.031 9626.776 -147.415
       method
origin  analytic, phi pearson analytic, phi deviance glmReserve bootstrap
  2                      0.52                   0.52                 0.64
  3                      0.63                   0.62                 1.19
  4                      3.86                   3.81                 3.21
  5                      4.72                   4.66                 4.73
  6                      5.57                   5.50                 6.37
  7                      6.37                   6.28                 6.63
  8                      7.53                   7.44                 6.87
  9                      9.32                   9.20                11.13
  10                    11.01                  10.86                11.41
  11                    14.07                  13.89                13.92
  12                    16.87                  16.65                18.27
  13                    20.60                  20.33                20.84
  14                    25.30                  24.97                25.51
  15                    31.04                  30.64                30.75
  16                    39.29                  38.78                35.11
  17                    52.25                  51.58                55.17
  18                    71.18                  70.26                89.88
  19                   107.43                 106.04               113.71
  20                   222.34                 219.46               193.51
  total                290.35                 286.59               312.36
       method
origin  E&V 1999 E&V 1999 x n/(n-p) Paper C, phi pearson Paper C, phi deviance
  2         0.44               0.46                 0.37                  0.36
  3         0.53               0.54                 0.44                  0.44
  4         3.75               3.84                 3.75                  3.79
  5         4.60               4.70                 4.57                  4.67
  6         5.46               5.58                 5.59                  5.46
  7         6.26               6.40                 6.34                  6.27
  8         7.42               7.56                 7.57                  7.48
  9         9.06               9.20                 9.33                  9.22
  10       10.73              10.88                10.93                 10.91
  11       14.08              14.33                13.95                 13.92
  12       16.88              17.16                16.67                 16.20
  13       20.58              20.90                20.91                 20.19
  14       25.37              25.80                25.30                 24.71
  15       30.81              31.31                30.93                 30.64
  16       40.25              41.24                37.98                 37.88
  17       50.59              51.62                50.51                 51.54
  18       69.38              71.60                68.30                 72.42
  19      105.29             110.73               112.85                102.66
  20      197.82             213.89               219.26                232.62
  total   292.34             314.94               264.43                292.62
