==== 2026-10-08 11:55:36 start long_reporting.odp slot 4
        ODP          CL 
17968070689 17968070689 
               latest    ultimate        ibnr        se cv        true
formula   69342436133 87310506822 17968070689 541649787  0 17502755713
bootstrap 69342436133 87310506822 17968070689 499724605  0 17502755713
               bias       tail
formula   465314976 1354693538
bootstrap 465314976 1354693538
                                                     quantity        value
1                                        observed cells |D_I|          210
2                                            parameters I + J           39
3                          degrees of freedom |D_I| - (I + J)          171
4                                           Pearson statistic     473.1485
5                                 Poisson deviance (unscaled)     460.6027
6                          phi Pearson (glmReserve, E&V 1999)        2.767
7                              phi deviance (Paper C eq. (5))       2.6936
8                                  phi deviance / phi Pearson       0.9735
9  glmReserve residual factor sqrt(|D_I| / (|D_I| - (I + J)))       1.1082
10                       glmReserve pseudo triangles kept (%)      91.3299
11                      glmReserve draws per bootstrap sample       1.0949
12         E&V 1999 pseudo triangles with a negative cell (%)       6.9096
13                                        amounts in units of      1000000
                  method   phi  reserve boot_mean process_sd estimation_sd
1  analytic, phi pearson 2.767 17968.07        NA    222.973       493.627
2 analytic, phi deviance 2.694 17968.07        NA    219.997       487.039
3   glmReserve bootstrap 2.660 17968.07  17920.01    218.283       447.671
4               E&V 1999 2.767 17968.07  17975.12    222.973       396.842
5     E&V 1999 x n/(n-p) 2.767 17968.07  17975.12    222.973       439.774
6   Paper C, phi pearson 2.767 17968.07  18092.09    222.973       460.512
7  Paper C, phi deviance 2.694 17968.07  18007.75    219.997       539.109
    rmsep  mc_se    cv     true    bias
1 541.650     NA 0.030 17502.76 465.315
2 534.420     NA 0.030 17502.76 465.315
3 499.725 42.537 0.028 17502.76 465.315
4 455.193 32.967 0.025 17502.76 465.315
5 493.070 37.376 0.027 17502.76 465.315
6 511.652 38.334 0.028 17502.76 465.315
7 582.269 42.056 0.032 17502.76 465.315
       method
origin  analytic, phi pearson analytic, phi deviance glmReserve bootstrap
  2                      6.58                   6.49                 6.52
  3                     11.25                  11.10                11.59
  4                     12.83                  12.66                14.42
  5                     14.77                  14.57                14.16
  6                     17.95                  17.71                18.63
  7                     20.86                  20.58                18.25
  8                     23.56                  23.24                20.23
  9                     27.41                  27.04                27.42
  10                    31.34                  30.92                29.49
  11                    35.83                  35.35                29.47
  12                    40.52                  39.98                30.19
  13                    46.69                  46.06                38.63
  14                    54.06                  53.34                58.78
  15                    64.18                  63.33                62.90
  16                    75.85                  74.84                71.20
  17                    94.30                  93.04                89.22
  18                   123.70                 122.05               109.53
  19                   183.35                 180.90               175.11
  20                   379.53                 374.47               398.94
  total                541.65                 534.42               499.72
       method
origin  E&V 1999 E&V 1999 x n/(n-p) Paper C, phi pearson Paper C, phi deviance
  2         5.57               5.76                 6.27                  6.60
  3        10.68              11.12                10.51                 11.34
  4        12.29              12.74                12.36                 12.81
  5        14.44              14.92                14.64                 14.59
  6        17.57              18.12                17.57                 17.94
  7        20.86              21.52                20.92                 20.44
  8        23.36              24.01                23.68                 23.50
  9        26.47              27.05                27.32                 27.20
  10       30.87              31.65                31.88                 32.42
  11       34.52              35.23                37.58                 36.09
  12       39.82              40.79                40.93                 40.19
  13       46.34              47.61                48.48                 45.32
  14       52.94              54.38                54.71                 53.15
  15       58.90              60.09                64.39                 62.01
  16       75.74              78.75                76.47                 70.75
  17       83.60              86.24                98.92                 96.45
  18      120.98             128.03               136.26                119.41
  19      166.61             178.45               159.52                171.90
  20      305.34             334.03               407.82                394.79
  total   455.19             493.07               511.65                582.27
