parts of this computer: data + nncl_main + nncl_grid + nncl_search 
              kind
part           queue single
  data             0     28
  bccnn_main       0      0
  nncl_main        6      9
  bccnn_search     0      0
  bootstrap        0      0
  masking          0      0
  nncl_grid       24     15
  nncl_search      0     18
  bccnn_grid       0      0
  run              0     10
     kind
stage queue single
    0     0     28
    1     6      9
    2    12      1
    3     0      3
    4     6      8
    5     0      9
    6     6      9
    7     0      9
    9     0      4
 tasks queues   runs 
   110     18    132 
